20:55:01.868 [error] enterprise_webhook_handler configure error: invalid_snapshot
20:55:02.117 [error] enterprise_webhook_handler configure error: invalid_snapshot
20:55:02.581 [error] enterprise_webhook_handler configure error: invalid_snapshot
20:55:03.044 [error] enterprise_webhook_handler configure error: invalid_snapshot
20:55:06.000 [error] enterprise_webhook_repo upsert error {error,error,<<"P0001">>,
                                      raise_exception,
                                      <<"synthetic webhook write failure">>,
                                      [{file,<<"pl_exec.c">>},
                                       {line,<<"3923">>},
                                       {routine,<<"exec_stmt_raise">>},
                                       {severity,<<"ERROR">>},
                                       {where,
                                        <<"PL/pgSQL function gate_skip_webhook_write() line 1 at RAISE">>}]}
======================== EUnit ========================
enterprise_app_credential_lifecycle_http_pg_tests: -cases/1-fun-5-...[0.030 s] ok
enterprise_app_credential_lifecycle_http_pg_tests: -cases/1-fun-4-...[0.018 s] ok
enterprise_app_credential_lifecycle_http_pg_tests: -cases/1-fun-3-...[0.007 s] ok
enterprise_app_credential_lifecycle_http_pg_tests: -cases/1-fun-2-...[0.024 s] ok
enterprise_app_credential_lifecycle_http_pg_tests: -cases/1-fun-1-...[0.024 s] ok
enterprise_app_credential_lifecycle_http_pg_tests: -cases/1-fun-0-...[0.001 s] ok
=======================================================
  All 6 tests passed.
