$ vite build --mode widget && vite build --mode widget-loader && vite build --mode seat && bun scripts/widget-manifest.mts
vite v8.1.4 building client environment for widget...
(node:18693) [DEP0205] DeprecationWarning: `module.register()` is deprecated. Use `module.registerHooks()` instead.
(Use `node --trace-deprecation ...` to show where the warning was created)
[2Ktransforming...✓ 15 modules transformed.
rendering chunks...
computing gzip size...
dist-widget/widget/index.html              1.30 kB │ gzip:  0.87 kB
dist-widget/assets/cs-widget-Bg_2DNCm.js  51.14 kB │ gzip: 16.06 kB

✓ built in 28ms
vite v8.1.4 building client environment for widget-loader...
(node:18695) [DEP0205] DeprecationWarning: `module.register()` is deprecated. Use `module.registerHooks()` instead.
(Use `node --trace-deprecation ...` to show where the warning was created)
[2Ktransforming...✓ 3 modules transformed.
rendering chunks...
computing gzip size...
dist-widget/loader.js  9.52 kB │ gzip: 3.75 kB

✓ built in 9ms
vite v8.1.4 building client environment for seat...
(node:18696) [DEP0205] DeprecationWarning: `module.register()` is deprecated. Use `module.registerHooks()` instead.
(Use `node --trace-deprecation ...` to show where the warning was created)
[2Ktransforming...✓ 1854 modules transformed.
rendering chunks...
computing gzip size...
dist-widget/seat/index.html                1.78 kB │ gzip:   1.16 kB
dist-widget/assets/cs-seat-_XZfiGXM.css   67.80 kB │ gzip:  12.04 kB
dist-widget/assets/cs-seat-BRUJeVdv.js   359.77 kB │ gzip: 110.76 kB

✓ built in 232ms
[widget-manifest] stable alias: widget-assets/cs-widget.v2.js ← assets/cs-widget-Bg_2DNCm.js (sha256=36cdff7ec710…, bytes=51147)
[widget-manifest] stable seat alias: seat-assets/cs-seat.v1.js ← assets/cs-seat-BRUJeVdv.js (sha256=e57ada5d1940…, bytes=359779)
[widget-manifest] stable seat alias: seat-assets/cs-seat.v1.css ← assets/cs-seat-_XZfiGXM.css (sha256=2547f6557d7b…, bytes=67804)
[widget-manifest] OK: 10 files (assets hashed: 3), source_head=54aeadc2989c, files_sha256=45aba71c2a01d87e…
