00:00 +0: loading /Users/leeyi/project/imboy.pub/imboyapp/test/unit_test/service/e2ee/retry_session_generation_test.dart
00:00 +0: (setUpAll)
00:00 +0: retry stage=manual-normal
🔍 [RETRY_SCAN] 开始扫描失败消息...
📊 [RETRY_SCAN] 扫描完成: 发现 0 条失败消息，添加 0 条到重试队列
message_repo/update msg_c2c ;
清除缓存: msg_c2c, 移除了 0 个缓存条目
消息加入重试队列: retry-synthetic, type=C2C
手动重试已提交，等待确认: retry-synthetic
message_repo/updateWithConditions msg_c2c ; where: id = ? AND status = ?
清除缓存: msg_c2c, 移除了 0 个缓存条目
⚠️ toTypeMessage: E2EE 解密失败，error=MissingPluginException
📊 [E2EE_METRICS] decrypt failure: decrypt_failed total=1
00:00 +1: retry stage=manual-stale
🔍 [RETRY_SCAN] 开始扫描失败消息...
📊 [RETRY_SCAN] 扫描完成: 发现 0 条失败消息，添加 0 条到重试队列
00:00 +2: retry stage=auto-normal
🔍 [RETRY_SCAN] 开始扫描失败消息...
📊 [RETRY_SCAN] 扫描完成: 发现 0 条失败消息，添加 0 条到重试队列
消息加入重试队列: retry-synthetic, type=C2C
message_repo/updateWithConditions msg_c2c ; where: id = ? AND status = ?
message_repo/updateWithConditions msg_c2c ; where: id = ? AND status IN (?, ?, ?)
清除缓存: msg_c2c, 移除了 0 个缓存条目
重试发送消息: retry-synthetic, 第1次重试
消息重试已提交，等待确认: retry-synthetic
⚠️ toTypeMessage: E2EE 解密失败，error=MissingPluginException
00:00 +3: retry stage=auto-queued
🔍 [RETRY_SCAN] 开始扫描失败消息...
📊 [RETRY_SCAN] 扫描完成: 发现 0 条失败消息，添加 0 条到重试队列
消息加入重试队列: retry-synthetic, type=C2C
message_repo/updateWithConditions msg_c2c ; where: id = ? AND status = ?
message_repo/updateWithConditions msg_c2c ; where: id = ? AND status IN (?, ?, ?)
清除缓存: msg_c2c, 移除了 0 个缓存条目
重试发送消息: retry-synthetic, 第1次重试
消息重试已提交，等待确认: retry-synthetic
⚠️ toTypeMessage: E2EE 解密失败，error=MissingPluginException
00:00 +3 -1: retry stage=auto-queued [E]
  Expected: empty
    Actual: [
              WebSocketMessageSendRequestEvent:WebSocketMessageSendRequestEvent({"id":"retry-synthetic","type":"C2C","from":100,"to":200,"msg_type":"text","action":"","e2ee":{"protocol":"olm","ciphertext":"synthetic"},"payload":"","created_at":1000}, retry-synthetic, 0)
            ]
  
  package:matcher                                                       expect
  package:flutter_test/src/widget_tester.dart 473:18                    expect
  test/unit_test/service/e2ee/retry_session_generation_test.dart 199:9  main.<fn>
  
00:00 +3 -1: retry stage=auto-inflight
🔍 [RETRY_SCAN] 开始扫描失败消息...
📊 [RETRY_SCAN] 扫描完成: 发现 0 条失败消息，添加 0 条到重试队列
消息加入重试队列: retry-synthetic, type=C2C
message_repo/updateWithConditions msg_c2c ; where: id = ? AND status = ?
message_repo/updateWithConditions msg_c2c ; where: id = ? AND status IN (?, ?, ?)
清除缓存: msg_c2c, 移除了 0 个缓存条目
重试发送消息: retry-synthetic, 第1次重试
消息重试已提交，等待确认: retry-synthetic
⚠️ toTypeMessage: E2EE 解密失败，error=MissingPluginException
00:00 +3 -2: retry stage=auto-inflight [E]
  Expected: empty
    Actual: [
              WebSocketMessageSendRequestEvent:WebSocketMessageSendRequestEvent({"id":"retry-synthetic","type":"C2C","from":100,"to":200,"msg_type":"text","action":"","e2ee":{"protocol":"olm","ciphertext":"synthetic"},"payload":"","created_at":1000}, retry-synthetic, 0)
            ]
  
  package:matcher                                                       expect
  package:flutter_test/src/widget_tester.dart 473:18                    expect
  test/unit_test/service/e2ee/retry_session_generation_test.dart 199:9  main.<fn>
  
00:00 +3 -2: retry stage=auto-clear
🔍 [RETRY_SCAN] 开始扫描失败消息...
📊 [RETRY_SCAN] 扫描完成: 发现 0 条失败消息，添加 0 条到重试队列
消息加入重试队列: retry-synthetic, type=C2C
message_repo/updateWithConditions msg_c2c ; where: id = ? AND status = ?
00:00 +3 -3: retry stage=auto-clear [E]
  Concurrent modification during iteration: _Map len:0.
  dart:_compact_hash                               _CompactIterator.moveNext
  package:imboy/service/message_retry.dart 408:36  MessageRetry._retryFailedMessagesLocked
  
00:00 +3 -3: (tearDownAll)
00:00 +3 -3: Some tests failed.

Failing tests:
  /Users/leeyi/project/imboy.pub/imboyapp/test/unit_test/service/e2ee/retry_session_generation_test.dart: retry stage=auto-clear
  /Users/leeyi/project/imboy.pub/imboyapp/test/unit_test/service/e2ee/retry_session_generation_test.dart: retry stage=auto-inflight
  /Users/leeyi/project/imboy.pub/imboyapp/test/unit_test/service/e2ee/retry_session_generation_test.dart: retry stage=auto-queued
