00:00 +0: loading /Users/leeyi/project/imboy.pub/imboyapp/test/unit_test/page/billing/billing_provider_test.dart
00:00 +0: BillingNotifier.subscribePlan 收银台回调 PaymentLaunchResult.success 返回前销毁不得轮询或更新状态
00:00 +0 -1: BillingNotifier.subscribePlan 收银台回调 PaymentLaunchResult.success 返回前销毁不得轮询或更新状态 [E]
  Cannot use the Ref of NotifierProvider<BillingNotifier, BillingState>#834df after it has been disposed. This typically happens if:
  - A provider rebuilt, but the previous "build" was still pending and is still performing operations.
    You should therefore either use `ref.onDispose` to cancel pending work, or
    check `ref.mounted` after async gaps or anything that could invalidate the provider.
  - You tried to use Ref inside `onDispose` or other life-cycles.
    This is not supported, as the provider is already being disposed.
  
  package:riverpod/src/core/ref.dart 240:7                        Ref._throwIfInvalidUsage
  package:riverpod/src/core/provider/notifier_provider.dart 83:9  AnyNotifier.state
  package:imboy/page/billing/billing_provider.dart 219:13         BillingNotifier._launchThirdParty
  
00:00 +0 -1: BillingNotifier.subscribePlan 收银台回调 PaymentLaunchResult.cancelled 返回前销毁不得轮询或更新状态
00:00 +0 -2: BillingNotifier.subscribePlan 收银台回调 PaymentLaunchResult.cancelled 返回前销毁不得轮询或更新状态 [E]
  Cannot use the Ref of NotifierProvider<BillingNotifier, BillingState>#834df after it has been disposed. This typically happens if:
  - A provider rebuilt, but the previous "build" was still pending and is still performing operations.
    You should therefore either use `ref.onDispose` to cancel pending work, or
    check `ref.mounted` after async gaps or anything that could invalidate the provider.
  - You tried to use Ref inside `onDispose` or other life-cycles.
    This is not supported, as the provider is already being disposed.
  
  package:riverpod/src/core/ref.dart 240:7                        Ref._throwIfInvalidUsage
  package:riverpod/src/core/provider/notifier_provider.dart 83:9  AnyNotifier.state
  package:imboy/page/billing/billing_provider.dart 219:13         BillingNotifier._launchThirdParty
  
00:00 +0 -2: BillingNotifier.subscribePlan 收银台回调 PaymentLaunchResult.failed 返回前销毁不得轮询或更新状态
00:00 +0 -3: BillingNotifier.subscribePlan 收银台回调 PaymentLaunchResult.failed 返回前销毁不得轮询或更新状态 [E]
  Cannot use the Ref of NotifierProvider<BillingNotifier, BillingState>#834df after it has been disposed. This typically happens if:
  - A provider rebuilt, but the previous "build" was still pending and is still performing operations.
    You should therefore either use `ref.onDispose` to cancel pending work, or
    check `ref.mounted` after async gaps or anything that could invalidate the provider.
  - You tried to use Ref inside `onDispose` or other life-cycles.
    This is not supported, as the provider is already being disposed.
  
  package:riverpod/src/core/ref.dart 240:7                        Ref._throwIfInvalidUsage
  package:riverpod/src/core/provider/notifier_provider.dart 83:9  AnyNotifier.state
  package:imboy/page/billing/billing_provider.dart 219:13         BillingNotifier._launchThirdParty
  
00:00 +0 -3: BillingNotifier.subscribePlan 收银台回调 PaymentLaunchResult.notConfigured 返回前销毁不得轮询或更新状态
00:00 +0 -4: BillingNotifier.subscribePlan 收银台回调 PaymentLaunchResult.notConfigured 返回前销毁不得轮询或更新状态 [E]
  Cannot use the Ref of NotifierProvider<BillingNotifier, BillingState>#834df after it has been disposed. This typically happens if:
  - A provider rebuilt, but the previous "build" was still pending and is still performing operations.
    You should therefore either use `ref.onDispose` to cancel pending work, or
    check `ref.mounted` after async gaps or anything that could invalidate the provider.
  - You tried to use Ref inside `onDispose` or other life-cycles.
    This is not supported, as the provider is already being disposed.
  
  package:riverpod/src/core/ref.dart 240:7                        Ref._throwIfInvalidUsage
  package:riverpod/src/core/provider/notifier_provider.dart 83:9  AnyNotifier.state
  package:imboy/page/billing/billing_provider.dart 219:13         BillingNotifier._launchThirdParty
  
00:00 +0 -4: Some tests failed.

Failing tests:
  /Users/leeyi/project/imboy.pub/imboyapp/test/unit_test/page/billing/billing_provider_test.dart: BillingNotifier.subscribePlan 收银台回调 PaymentLaunchResult.cancelled 返回前销毁不得轮询或更新状态
  /Users/leeyi/project/imboy.pub/imboyapp/test/unit_test/page/billing/billing_provider_test.dart: BillingNotifier.subscribePlan 收银台回调 PaymentLaunchResult.failed 返回前销毁不得轮询或更新状态
  /Users/leeyi/project/imboy.pub/imboyapp/test/unit_test/page/billing/billing_provider_test.dart: BillingNotifier.subscribePlan 收银台回调 PaymentLaunchResult.notConfigured 返回前销毁不得轮询或更新状态
  /Users/leeyi/project/imboy.pub/imboyapp/test/unit_test/page/billing/billing_provider_test.dart: BillingNotifier.subscribePlan 收银台回调 PaymentLaunchResult.success 返回前销毁不得轮询或更新状态
