00:00 +0: loading /Users/leeyi/project/imboy.pub/imboyapp/test/unit_test/page/billing/billing_provider_test.dart
00:00 +0: BillingNotifier.loadSubscription 无订阅响应清除此前的当前套餐
00:00 +1: BillingNotifier.loadSubscription 旧订阅响应不得覆盖较新的订阅
00:00 +2: BillingNotifier.loadSubscription 销毁后订阅响应完成不写入状态
00:00 +3: BillingState BP-S1 默认值与 copyWith 不可变
00:00 +4: BillingNotifier.loadPlans 较旧请求晚到不得覆盖较新请求的套餐列表
00:00 +5: BillingNotifier.loadPlans 容器销毁后请求完成不得更新已销毁状态
00:00 +6: BillingNotifier.loadPlans BP-1a 成功 → plans 填充、isLoading 复位、error 为空
00:00 +7: BillingNotifier.loadPlans BP-1b 失败 → error 非空（页面渲染错误态）
00:00 +8: BillingNotifier.subscribePlan 订阅请求期间销毁容器不得继续计费或更新销毁状态
00:00 +8 -1: BillingNotifier.subscribePlan 订阅请求期间销毁容器不得继续计费或更新销毁状态 [E]
  Cannot use the Ref of NotifierProvider<BillingNotifier, BillingState>#00971 after it has been disposed. This typically happens if:
  - A provider rebuilt, but the previous "build" was still pending and is still performing operations.
    You should therefore either use `ref.onDispose` to cancel pending work, or
    check `ref.mounted` after async gaps or anything that could invalidate the provider.
  - You tried to use Ref inside `onDispose` or other life-cycles.
    This is not supported, as the provider is already being disposed.
  
  package:riverpod/src/core/ref.dart 240:7                        Ref._throwIfInvalidUsage
  package:riverpod/src/core/provider/notifier_provider.dart 83:9  AnyNotifier.state
  package:imboy/page/billing/billing_provider.dart 178:15         BillingNotifier.subscribePlan
  
00:00 +8 -1: BillingNotifier.subscribePlan 账单查询失败不得视为已付清或订阅成功
00:00 +9 -1: BillingNotifier.subscribePlan 空账单列表不得视为已付清或订阅成功
00:00 +10 -1: BillingNotifier.subscribePlan 未知账单状态不得视为已付清或订阅成功
00:00 +11 -1: BillingNotifier.subscribePlan 未付账单缺账单号不得视为已付清或订阅成功
00:00 +12 -1: BillingNotifier.subscribePlan 已付账单缺账单号不得视为已付清或订阅成功
00:00 +13 -1: BillingNotifier.subscribePlan 有效待付后出现缺账单号不得视为已付清或订阅成功
00:00 +14 -1: BillingNotifier.subscribePlan BP-2 subscribe 失败 → false，后续步骤不执行
00:00 +15 -1: BillingNotifier.subscribePlan BP-3 generate 失败 → false，不取账单号不支付
00:00 +16 -1: BillingNotifier.subscribePlan BP-4 全成功（mock 即时入账，轮询首轮命中）→ true，payInvoice 收到 mock，刷新订阅
00:00 +17 -1: BillingNotifier.subscribePlan BP-5 无待支付账单 → 视为成功，不调 payInvoice
00:00 +18 -1: BillingNotifier.subscribePlan BP-6 第三方 success → 唤起后轮询入账 → true
00:00 +19 -1: BillingNotifier.subscribePlan BP-7 第三方第二拍才入账 → 轮询重试命中 → true
00:00 +20 -1: BillingNotifier.subscribePlan BP-8 第三方 cancelled → false 且不轮询
00:00 +21 -1: BillingNotifier.subscribePlan BP-9 第三方 notConfigured（后端未下发 pay_params）→ false、不轮询
00:00 +22 -1: BillingNotifier.subscribePlan BP-10 完成后 paying 复位；进行中重入直接 false
00:00 +23 -1: Some tests failed.

Failing tests:
  /Users/leeyi/project/imboy.pub/imboyapp/test/unit_test/page/billing/billing_provider_test.dart: BillingNotifier.subscribePlan 订阅请求期间销毁容器不得继续计费或更新销毁状态
