00:00 +0: loading /Users/leeyi/project/imboy.pub/imboyapp/test/unit_test/service/e2ee_registered_fixture_test.dart
00:00 +0: rejects empty duplicate or unregistered group members
00:00 +0 -1: rejects empty duplicate or unregistered group members [E]
  Expected: throws <Instance of 'FormatException'>
    Actual: <Closure: () => RegisteredFixture>
     Which: returned <Instance of 'RegisteredFixture'>
  
  package:matcher                                                expect
  package:flutter_test/src/widget_tester.dart 473:18             expect
  test/unit_test/service/e2ee_registered_fixture_test.dart 54:7  main.<fn>
  
00:00 +0 -1: keeps exact large IDs and snapshots immutable maps
00:00 +1 -1: rejects wrong run and incomplete binding
00:00 +2 -1: rejects unknown alias
00:00 +3 -1: rejects wrong owner
00:00 +4 -1: rejects platform mismatch
00:00 +5 -1: rejects simulated platform
00:00 +6 -1: rejects empty DID
00:00 +7 -1: rejects DID whitespace
00:00 +8 -1: rejects token value
00:00 +9 -1: rejects overflow ID
00:00 +10 -1: rejects leading zero ID
00:00 +11 -1: rejects alias as ID
00:00 +12 -1: rejects conflicting account
00:00 +13 -1: rejects duplicate DID
00:00 +14 -1: rejects reused account ID
00:00 +15 -1: rejects duplicate device and missing or unknown group
00:00 +16 -1: Some tests failed.

Failing tests:
  /Users/leeyi/project/imboy.pub/imboyapp/test/unit_test/service/e2ee_registered_fixture_test.dart: rejects empty duplicate or unregistered group members
