00:00 +0: loading /Users/leeyi/project/imboy.pub/imboyapp/test/unit_test/service/e2ee_release_socket_session_test.dart
00:00 +0: /Users/leeyi/project/imboy.pub/imboyapp/test/unit_test/service/e2ee_release_socket_session_test.dart: old pending connector failure cannot cancel new pending connector
00:00 +1: /Users/leeyi/project/imboy.pub/imboyapp/test/unit_test/service/e2ee_release_socket_session_test.dart: old pending connector failure cannot cancel new pending connector
00:00 +2: /Users/leeyi/project/imboy.pub/imboyapp/test/unit_test/service/e2ee_release_socket_session_test.dart: old pending connector failure cannot cancel new pending connector
00:00 +3: /Users/leeyi/project/imboy.pub/imboyapp/test/unit_test/service/e2ee_release_socket_session_test.dart: old pending connector failure cannot cancel new pending connector
00:00 +4: /Users/leeyi/project/imboy.pub/imboyapp/test/unit_test/service/e2ee_release_wire_codec_test.dart: round trip sip uses production framing
00:00 +5: /Users/leeyi/project/imboy.pub/imboyapp/test/unit_test/service/e2ee_release_socket_session_test.dart: late connector after timeout is closed
00:00 +6: /Users/leeyi/project/imboy.pub/imboyapp/test/unit_test/service/e2ee_release_socket_session_test.dart: late connector after timeout is closed
00:00 +7: /Users/leeyi/project/imboy.pub/imboyapp/test/unit_test/service/e2ee_release_socket_session_test.dart: late connector after timeout is closed
00:00 +8: /Users/leeyi/project/imboy.pub/imboyapp/test/unit_test/service/e2ee_release_socket_session_test.dart: late connector after timeout is closed
00:00 +9: /Users/leeyi/project/imboy.pub/imboyapp/test/unit_test/service/e2ee_release_socket_session_test.dart: late connector after timeout is closed
00:00 +10: /Users/leeyi/project/imboy.pub/imboyapp/test/unit_test/service/e2ee_release_socket_session_test.dart: late connector after timeout is closed
00:00 +11: /Users/leeyi/project/imboy.pub/imboyapp/test/unit_test/service/e2ee_release_socket_session_test.dart: late connector after timeout is closed
00:00 +12: /Users/leeyi/project/imboy.pub/imboyapp/test/unit_test/service/e2ee_release_socket_session_test.dart: late connector after timeout is closed
00:00 +13: /Users/leeyi/project/imboy.pub/imboyapp/test/unit_test/service/e2ee_release_wire_codec_test.dart: legacy heartbeat and bounded payload
00:00 +14: /Users/leeyi/project/imboy.pub/imboyapp/test/unit_test/service/e2ee_release_wire_codec_test.dart: legacy heartbeat and bounded payload
00:00 +15: /Users/leeyi/project/imboy.pub/imboyapp/test/unit_test/service/e2ee_release_wire_codec_test.dart: legacy heartbeat and bounded payload
00:00 +16: /Users/leeyi/project/imboy.pub/imboyapp/test/unit_test/service/e2ee_release_socket_session_test.dart: legacy negotiated protocol uses text heartbeat
00:00 +17: /Users/leeyi/project/imboy.pub/imboyapp/test/unit_test/service/e2ee_release_socket_session_test.dart: wrong pong never confirms and timeout closes channel
00:00 +18: /Users/leeyi/project/imboy.pub/imboyapp/test/unit_test/service/e2ee_release_socket_session_test.dart: early authentication error fails without leaking server payload
00:00 +19: /Users/leeyi/project/imboy.pub/imboyapp/test/unit_test/service/e2ee_release_socket_session_test.dart: close after validation invalidates session
00:00 +20: /Users/leeyi/project/imboy.pub/imboyapp/test/unit_test/service/e2ee_release_socket_session_test.dart: superseded connector is closed and cannot replace newer connection
00:00 +21: /Users/leeyi/project/imboy.pub/imboyapp/test/unit_test/service/e2ee_server_ack_tracker_test.dart: C2C ACK only completes exact matching request once
00:00 +22: /Users/leeyi/project/imboy.pub/imboyapp/test/unit_test/service/e2ee_server_ack_tracker_test.dart: C2G ACK only completes exact matching request once
00:00 +23: /Users/leeyi/project/imboy.pub/imboyapp/test/unit_test/service/e2ee_server_ack_tracker_test.dart: does not accept different ID
00:00 +24: /Users/leeyi/project/imboy.pub/imboyapp/test/unit_test/service/e2ee_server_ack_tracker_test.dart: does not accept different reply
00:00 +25: /Users/leeyi/project/imboy.pub/imboyapp/test/unit_test/service/e2ee_server_ack_tracker_test.dart: does not accept missing reply
00:00 +26: /Users/leeyi/project/imboy.pub/imboyapp/test/unit_test/service/e2ee_server_ack_tracker_test.dart: does not accept numeric ID
00:00 +27: /Users/leeyi/project/imboy.pub/imboyapp/test/unit_test/service/e2ee_server_ack_tracker_test.dart: does not accept wrong direction
00:00 +28: /Users/leeyi/project/imboy.pub/imboyapp/test/unit_test/service/e2ee_server_ack_tracker_test.dart: does not accept client confirmation
00:00 +29: /Users/leeyi/project/imboy.pub/imboyapp/test/unit_test/service/e2ee_server_ack_tracker_test.dart: does not accept business error
00:00 +30: /Users/leeyi/project/imboy.pub/imboyapp/test/unit_test/service/e2ee_server_ack_tracker_test.dart: other devices and stale connections cannot complete pending send
00:00 +31: /Users/leeyi/project/imboy.pub/imboyapp/test/unit_test/service/e2ee_server_ack_tracker_test.dart: deadline and late ACK remain unconfirmed
00:00 +32: /Users/leeyi/project/imboy.pub/imboyapp/test/unit_test/service/e2ee_server_ack_tracker_test.dart: expiry is exact and does not imply rejection or offline recipient
00:00 +33: /Users/leeyi/project/imboy.pub/imboyapp/test/unit_test/service/e2ee_server_ack_tracker_test.dart: disconnect drains only its generation and device
00:00 +34: /Users/leeyi/project/imboy.pub/imboyapp/test/unit_test/service/e2ee_server_ack_tracker_test.dart: rejects malformed registrations and negative clock
00:00 +35: /Users/leeyi/project/imboy.pub/imboyapp/test/unit_test/service/e2ee_registered_fixture_test.dart: keeps exact large IDs and snapshots immutable maps
00:00 +36: /Users/leeyi/project/imboy.pub/imboyapp/test/unit_test/service/e2ee_registered_fixture_test.dart: rejects wrong run and incomplete binding
00:00 +37: /Users/leeyi/project/imboy.pub/imboyapp/test/unit_test/service/e2ee_registered_fixture_test.dart: rejects unknown alias
00:00 +38: /Users/leeyi/project/imboy.pub/imboyapp/test/unit_test/service/e2ee_registered_fixture_test.dart: rejects wrong owner
00:00 +39: /Users/leeyi/project/imboy.pub/imboyapp/test/unit_test/service/e2ee_registered_fixture_test.dart: rejects platform mismatch
00:00 +40: /Users/leeyi/project/imboy.pub/imboyapp/test/unit_test/service/e2ee_registered_fixture_test.dart: rejects simulated platform
00:00 +41: /Users/leeyi/project/imboy.pub/imboyapp/test/unit_test/service/e2ee_registered_fixture_test.dart: rejects empty DID
00:00 +42: /Users/leeyi/project/imboy.pub/imboyapp/test/unit_test/service/e2ee_registered_fixture_test.dart: rejects DID whitespace
00:00 +43: /Users/leeyi/project/imboy.pub/imboyapp/test/unit_test/service/e2ee_registered_fixture_test.dart: rejects token value
00:00 +44: /Users/leeyi/project/imboy.pub/imboyapp/test/unit_test/service/e2ee_registered_fixture_test.dart: rejects overflow ID
00:00 +45: /Users/leeyi/project/imboy.pub/imboyapp/test/unit_test/service/e2ee_registered_fixture_test.dart: rejects leading zero ID
00:00 +46: /Users/leeyi/project/imboy.pub/imboyapp/test/unit_test/service/e2ee_registered_fixture_test.dart: rejects alias as ID
00:00 +47: /Users/leeyi/project/imboy.pub/imboyapp/test/unit_test/service/e2ee_registered_fixture_test.dart: rejects conflicting account
00:00 +48: /Users/leeyi/project/imboy.pub/imboyapp/test/unit_test/service/e2ee_registered_fixture_test.dart: rejects duplicate DID
00:00 +49: /Users/leeyi/project/imboy.pub/imboyapp/test/unit_test/service/e2ee_registered_fixture_test.dart: rejects reused account ID
00:00 +50: /Users/leeyi/project/imboy.pub/imboyapp/test/unit_test/service/e2ee_registered_fixture_test.dart: rejects duplicate device and missing or unknown group
00:00 +51: All tests passed!
