00:00 +0: loading /Users/leeyi/project/imboy.pub/imboyapp/test/unit_test/service/e2ee_registered_wire_binding_test.dart
00:00 +0: /Users/leeyi/project/imboy.pub/imboyapp/test/unit_test/service/e2ee_registered_wire_binding_test.dart: outgoing numeric context rejects equal floating point values
00:00 +1: /Users/leeyi/project/imboy.pub/imboyapp/test/unit_test/service/e2ee_registered_wire_binding_test.dart: received canonical IDs preserve raw body and outgoing ID contract
00:00 +2: /Users/leeyi/project/imboy.pub/imboyapp/test/unit_test/service/e2ee_registered_wire_binding_test.dart: received IDs require explicit integral identities
00:00 +3: /Users/leeyi/project/imboy.pub/imboyapp/test/unit_test/service/e2ee_registered_wire_binding_test.dart: received IDs reject aliases, rounding and noncanonical integers
00:00 +4: /Users/leeyi/project/imboy.pub/imboyapp/test/unit_test/service/e2ee_registered_wire_binding_test.dart: accepts actual outbound router header with protocol stub
00:00 +5: /Users/leeyi/project/imboy.pub/imboyapp/test/unit_test/service/e2ee_registered_wire_binding_test.dart: binds exact registered IDs without rewriting protected header
00:00 +6: /Users/leeyi/project/imboy.pub/imboyapp/test/unit_test/service/e2ee_registered_wire_binding_test.dart: rejects synthetic sender uid instead of rewriting cryptographic context
00:00 +7: /Users/leeyi/project/imboy.pub/imboyapp/test/unit_test/service/e2ee_registered_wire_binding_test.dart: rejects synthetic sender DID instead of rewriting cryptographic context
00:00 +8: /Users/leeyi/project/imboy.pub/imboyapp/test/unit_test/service/e2ee_registered_wire_binding_test.dart: rejects synthetic destination instead of rewriting cryptographic context
00:00 +9: /Users/leeyi/project/imboy.pub/imboyapp/test/unit_test/service/e2ee_registered_wire_binding_test.dart: rejects wrong conversation instead of rewriting cryptographic context
00:00 +10: /Users/leeyi/project/imboy.pub/imboyapp/test/unit_test/service/e2ee_registered_wire_binding_test.dart: rejects wrong protected ID instead of rewriting cryptographic context
00:00 +11: /Users/leeyi/project/imboy.pub/imboyapp/test/unit_test/service/e2ee_registered_wire_binding_test.dart: rejects conflicting outer fields
00:00 +12: /Users/leeyi/project/imboy.pub/imboyapp/test/unit_test/service/e2ee_registered_wire_binding_test.dart: rejects plaintext in the supposedly encrypted payload
00:00 +13: /Users/leeyi/project/imboy.pub/imboyapp/test/unit_test/service/e2ee_registered_wire_binding_test.dart: rejects legacy smoke destination and broken protocol session binding
00:00 +14: /Users/leeyi/project/imboy.pub/imboyapp/test/unit_test/service/e2ee_registered_wire_binding_test.dart: rejects bad hash unknown device and wrong message type
00:00 +15: /Users/leeyi/project/imboy.pub/imboyapp/test/unit_test/service/e2ee_registered_group_binding_test.dart: outgoing group numeric context rejects floating point values
00:00 +16: /Users/leeyi/project/imboy.pub/imboyapp/test/unit_test/service/e2ee_registered_group_binding_test.dart: binds group IDs and snapshots original encrypted envelope
00:00 +17: /Users/leeyi/project/imboy.pub/imboyapp/test/unit_test/service/e2ee_registered_group_binding_test.dart: rejects unregistered group and device aliases
00:00 +18: /Users/leeyi/project/imboy.pub/imboyapp/test/unit_test/service/e2ee_registered_group_binding_test.dart: rejects cross-group protected context and outer context mismatch
00:00 +19: /Users/leeyi/project/imboy.pub/imboyapp/test/unit_test/service/e2ee_registered_group_binding_test.dart: rejects mismatched sender session and empty ciphertext
00:00 +20: /Users/leeyi/project/imboy.pub/imboyapp/test/unit_test/service/e2ee_registered_group_binding_test.dart: rejects registered sender outside initial group membership
00:00 +21: /Users/leeyi/project/imboy.pub/imboyapp/test/unit_test/service/e2ee_registered_group_binding_test.dart: rejects C2C fanout and UTF8 message ID overflow
00:00 +22: /Users/leeyi/project/imboy.pub/imboyapp/test/unit_test/service/e2ee_registered_backend_transport_test.dart: configured real interface requires matching server ACK
00:00 +23: /Users/leeyi/project/imboy.pub/imboyapp/test/unit_test/service/e2ee_registered_backend_transport_test.dart: local send without server ACK stays unconfirmed
00:00 +24: /Users/leeyi/project/imboy.pub/imboyapp/test/unit_test/service/e2ee_registered_backend_transport_test.dart: disconnect completes pending delivery as unconfirmed
00:00 +25: /Users/leeyi/project/imboy.pub/imboyapp/test/unit_test/service/e2ee_registered_backend_transport_test.dart: inbound sender-did mismatch closes connection without queuing
00:00 +26: /Users/leeyi/project/imboy.pub/imboyapp/test/unit_test/service/e2ee_registered_backend_transport_test.dart: inbound sender-account mismatch closes connection without queuing
00:00 +27: /Users/leeyi/project/imboy.pub/imboyapp/test/unit_test/service/e2ee_registered_backend_transport_test.dart: inbound missing-device mismatch closes connection without queuing
00:00 +28: /Users/leeyi/project/imboy.pub/imboyapp/test/unit_test/service/e2ee_registered_backend_transport_test.dart: production string IDs are received and can be acknowledged
00:00 +29: /Users/leeyi/project/imboy.pub/imboyapp/test/unit_test/service/e2ee_registered_backend_transport_test.dart: actual received ciphertext queues once per drain
00:00 +30: /Users/leeyi/project/imboy.pub/imboyapp/test/unit_test/service/e2ee_registered_backend_transport_test.dart: receipt error cannot become success
00:00 +31: /Users/leeyi/project/imboy.pub/imboyapp/test/unit_test/service/e2ee_registered_backend_transport_test.dart: receipt disconnect cannot become success
00:00 +32: /Users/leeyi/project/imboy.pub/imboyapp/test/unit_test/service/e2ee_registered_backend_transport_test.dart: cannot acknowledge a locally generated outgoing frame
00:00 +33: /Users/leeyi/project/imboy.pub/imboyapp/test/unit_test/service/e2ee_registered_backend_transport_test.dart: receipt timeout and wrong confirmation remain unconfirmed
00:00 +34: /Users/leeyi/project/imboy.pub/imboyapp/test/unit_test/service/e2ee_registered_backend_transport_test.dart: synthetic protected identities fail before channel write
00:00 +35: /Users/leeyi/project/imboy.pub/imboyapp/test/unit_test/service/e2ee_registered_backend_transport_test.dart: disconnect during token resolution prevents later connection
00:01 +36: /Users/leeyi/project/imboy.pub/imboyapp/test/unit_test/service/e2ee_registered_group_transport_test.dart: registered C2G requires its matching server ACK
00:01 +37: /Users/leeyi/project/imboy.pub/imboyapp/test/unit_test/service/e2ee_registered_group_transport_test.dart: C2C ACK cannot confirm C2G even with matching message ID
00:01 +38: /Users/leeyi/project/imboy.pub/imboyapp/test/unit_test/service/e2ee_registered_group_transport_test.dart: no server ACK remains unconfirmed after local write
00:01 +39: /Users/leeyi/project/imboy.pub/imboyapp/test/unit_test/service/e2ee_registered_group_transport_test.dart: unknown group fails before writing a group frame
00:01 +40: All tests passed!
