00:00 +0: loading /Users/leeyi/project/imboy.pub/imboyapp/test/unit_test/service/e2ee_registered_group_transport_test.dart
00:00 +0: /Users/leeyi/project/imboy.pub/imboyapp/test/unit_test/service/e2ee_registered_group_transport_test.dart: C2G incoming ciphertext uses a separate group queue and retains raw time
00:00 +1: /Users/leeyi/project/imboy.pub/imboyapp/test/unit_test/service/e2ee_registered_group_transport_test.dart: C2G incoming ciphertext uses a separate group queue and retains raw time
00:00 +2: /Users/leeyi/project/imboy.pub/imboyapp/test/unit_test/service/e2ee_registered_backend_transport_test.dart: local send without server ACK stays unconfirmed
00:00 +3: /Users/leeyi/project/imboy.pub/imboyapp/test/unit_test/service/e2ee_registered_backend_transport_test.dart: local send without server ACK stays unconfirmed
00:00 +4: /Users/leeyi/project/imboy.pub/imboyapp/test/unit_test/service/e2ee_registered_backend_transport_test.dart: local send without server ACK stays unconfirmed
00:00 +5: /Users/leeyi/project/imboy.pub/imboyapp/test/unit_test/service/e2ee_registered_backend_transport_test.dart: local send without server ACK stays unconfirmed
00:00 +6: /Users/leeyi/project/imboy.pub/imboyapp/test/unit_test/service/e2ee_registered_group_transport_test.dart: timed-out group receipt retries only after a new connection
00:00 +7: /Users/leeyi/project/imboy.pub/imboyapp/test/unit_test/service/e2ee_registered_group_transport_test.dart: timed-out group receipt retries only after a new connection
00:00 +8: /Users/leeyi/project/imboy.pub/imboyapp/test/unit_test/service/e2ee_registered_group_transport_test.dart: timed-out group receipt retries only after a new connection
00:00 +9: /Users/leeyi/project/imboy.pub/imboyapp/test/unit_test/service/e2ee_registered_group_transport_test.dart: timed-out group receipt retries only after a new connection
00:00 +10: /Users/leeyi/project/imboy.pub/imboyapp/test/unit_test/service/e2ee_registered_group_transport_test.dart: timed-out group receipt retries only after a new connection
00:00 +11: /Users/leeyi/project/imboy.pub/imboyapp/test/unit_test/service/e2ee_registered_backend_transport_test.dart: production string IDs are received and can be acknowledged
00:00 +12: /Users/leeyi/project/imboy.pub/imboyapp/test/unit_test/service/e2ee_registered_group_transport_test.dart: wrong group confirmation id remains unconfirmed
00:00 +13: /Users/leeyi/project/imboy.pub/imboyapp/test/unit_test/service/e2ee_registered_group_transport_test.dart: wrong group confirmation id remains unconfirmed
00:00 +14: /Users/leeyi/project/imboy.pub/imboyapp/test/unit_test/service/e2ee_registered_group_transport_test.dart: wrong group confirmation id remains unconfirmed
00:00 +15: /Users/leeyi/project/imboy.pub/imboyapp/test/unit_test/service/e2ee_registered_group_transport_test.dart: wrong group confirmation id remains unconfirmed
00:00 +16: /Users/leeyi/project/imboy.pub/imboyapp/test/unit_test/service/e2ee_registered_group_transport_test.dart: wrong group confirmation id remains unconfirmed
00:00 +17: /Users/leeyi/project/imboy.pub/imboyapp/test/unit_test/service/e2ee_registered_backend_transport_test.dart: receipt timeout and wrong confirmation remain unconfirmed
00:00 +18: /Users/leeyi/project/imboy.pub/imboyapp/test/unit_test/service/e2ee_registered_group_transport_test.dart: wrong group confirmation in_reply_to remains unconfirmed
00:00 +19: /Users/leeyi/project/imboy.pub/imboyapp/test/unit_test/service/e2ee_registered_group_transport_test.dart: wrong group confirmation in_reply_to remains unconfirmed
00:00 +20: /Users/leeyi/project/imboy.pub/imboyapp/test/unit_test/service/e2ee_registered_group_transport_test.dart: wrong group confirmation in_reply_to remains unconfirmed
00:00 +21: /Users/leeyi/project/imboy.pub/imboyapp/test/unit_test/service/e2ee_registered_group_transport_test.dart: wrong group confirmation action remains unconfirmed
00:00 +22: /Users/leeyi/project/imboy.pub/imboyapp/test/unit_test/service/e2ee_registered_group_transport_test.dart: group consumer timeout remains unconfirmed
00:00 +23: /Users/leeyi/project/imboy.pub/imboyapp/test/unit_test/service/e2ee_registered_group_transport_test.dart: group consumer error remains unconfirmed
00:00 +24: /Users/leeyi/project/imboy.pub/imboyapp/test/unit_test/service/e2ee_registered_group_transport_test.dart: group consumer disconnect remains unconfirmed
00:00 +25: /Users/leeyi/project/imboy.pub/imboyapp/test/unit_test/service/e2ee_registered_group_transport_test.dart: C2G group mismatch closes without queuing
00:00 +26: /Users/leeyi/project/imboy.pub/imboyapp/test/unit_test/service/e2ee_registered_group_transport_test.dart: C2G sender mismatch closes without queuing
00:00 +27: /Users/leeyi/project/imboy.pub/imboyapp/test/unit_test/service/e2ee_registered_group_transport_test.dart: C2G timestamp mismatch closes without queuing
00:00 +28: /Users/leeyi/project/imboy.pub/imboyapp/test/unit_test/service/e2ee_registered_group_transport_test.dart: C2G float mismatch closes without queuing
00:00 +29: /Users/leeyi/project/imboy.pub/imboyapp/test/unit_test/service/e2ee_registered_group_transport_test.dart: registered C2G requires its matching server ACK
00:00 +30: /Users/leeyi/project/imboy.pub/imboyapp/test/unit_test/service/e2ee_registered_group_transport_test.dart: C2C ACK cannot confirm C2G even with matching message ID
00:00 +31: /Users/leeyi/project/imboy.pub/imboyapp/test/unit_test/service/e2ee_registered_group_transport_test.dart: no server ACK remains unconfirmed after local write
00:00 +32: /Users/leeyi/project/imboy.pub/imboyapp/test/unit_test/service/e2ee_registered_group_transport_test.dart: unknown group fails before writing a group frame
00:00 +33: All tests passed!
