00:00 +0: loading /Users/leeyi/project/imboy.pub/imboyapp/test/unit_test/page/mine/user_collect/user_collect_page_load_failed_test.dart
00:00 +0: BUG#128 请求失败必须置 loadFailed 标记（横幅可达） API 失败返 null → 空列表 + loadFailed == true
searchLeading_tag query executing
searchLeading_tag list 0
*** Request ***
uri: http://127.0.0.1:9800/api/v1/user_collect/page?page=1&size=10
method: GET
responseType: ResponseType.json
followRedirects: true
persistentConnection: true
connectTimeout: 0:01:00.000000
sendTimeout: 0:01:00.000000
receiveTimeout: 0:01:00.000000
transformTimeout: null
receiveDataWhenStatusError: true
extra: {}

*** Response ***
uri: http://127.0.0.1:9800/api/v1/user_collect/page?page=1&size=10

handleResponse_response /api/v1/user_collect/page : true ; 
00:00 +1: BUG#128 请求失败必须置 loadFailed 标记（横幅可达） 成功但空数据 {"list": []} → loadFailed == false
searchLeading_tag query executing
searchLeading_tag list 0
*** Request ***
uri: http://127.0.0.1:9800/api/v1/user_collect/page?page=1&size=10
method: GET
responseType: ResponseType.json
followRedirects: true
persistentConnection: true
connectTimeout: 0:01:00.000000
sendTimeout: 0:01:00.000000
receiveTimeout: 0:01:00.000000
transformTimeout: null
receiveDataWhenStatusError: true
extra: {}

*** Response ***
uri: http://127.0.0.1:9800/api/v1/user_collect/page?page=1&size=10

00:00 +2: BUG#128 请求失败必须置 loadFailed 标记（横幅可达） 失败后重试成功 → loadFailed 清 false（横幅消失）
searchLeading_tag query executing
searchLeading_tag list 0
*** Request ***
uri: http://127.0.0.1:9800/api/v1/user_collect/page?page=1&size=10
method: GET
responseType: ResponseType.json
followRedirects: true
persistentConnection: true
connectTimeout: 0:01:00.000000
sendTimeout: 0:01:00.000000
receiveTimeout: 0:01:00.000000
transformTimeout: null
receiveDataWhenStatusError: true
extra: {}

*** Response ***
uri: http://127.0.0.1:9800/api/v1/user_collect/page?page=1&size=10

handleResponse_response /api/v1/user_collect/page : true ; 
searchLeading_tag query executing
searchLeading_tag list 0
*** Request ***
uri: http://127.0.0.1:9800/api/v1/user_collect/page?page=1&size=10
method: GET
responseType: ResponseType.json
followRedirects: true
persistentConnection: true
connectTimeout: 0:01:00.000000
sendTimeout: 0:01:00.000000
receiveTimeout: 0:01:00.000000
transformTimeout: null
receiveDataWhenStatusError: true
extra: {}

*** Response ***
uri: http://127.0.0.1:9800/api/v1/user_collect/page?page=1&size=10

00:00 +3: BUG#128 本地缓存命中不误报失败 本地命中 → loadFailed == false 且不发网络请求
searchLeading_tag query executing
searchLeading_tag list 1
00:00 +4: All tests passed!
