00:00 +0: loading /Users/leeyi/project/imboy.pub/imboyapp/test/unit_test/page/mine/user_collect/user_collect_page_load_failed_test.dart
00:00 +0: BUG#128 请求失败必须置 loadFailed 标记（横幅可达） API 失败返 null → 空列表 + loadFailed == true
searchLeading_tag query executing
searchLeading_tag list 0
*** Request ***
uri: http://127.0.0.1:9800/api/v1/user_collect/page?page=1&size=10
method: GET
responseType: ResponseType.json
followRedirects: true
persistentConnection: true
connectTimeout: 0:01:00.000000
sendTimeout: 0:01:00.000000
receiveTimeout: 0:01:00.000000
transformTimeout: null
receiveDataWhenStatusError: true
extra: {}

*** Response ***
uri: http://127.0.0.1:9800/api/v1/user_collect/page?page=1&size=10

handleResponse_response /api/v1/user_collect/page : true ; 
00:00 +1: BUG#128 请求失败必须置 loadFailed 标记（横幅可达） 成功但空数据 {"list": []} → loadFailed == false
searchLeading_tag query executing
searchLeading_tag list 0
> quitLogin: Starting logout process
> quitLogin: User is not logged in
> quitLogin: Removing storage data
> quitLogin: Purging E2EE secret inventory
E2EE: 缓存已清理
[38;5;196m┌───────────────────────────────────────────────────────────────────────────────────────────────────────────────────────[0m
[38;5;196m│ E2eeSecretPurgeException: E2eeSecretPurgeException: artifact: MissingPluginException(No implementation found for method delete on channel plugins.it_nomads.com/flutter_secure_storage); storage: MissingPluginException(No implementation found for method readAll on channel plugins.it_nomads.com/flutter_secure_storage)[0m
[38;5;196m├┄┄┄┄┄┄┄┄┄┄┄┄┄┄┄┄┄┄┄┄┄┄┄┄┄┄┄┄┄┄┄┄┄┄┄┄┄┄┄┄┄┄┄┄┄┄┄┄┄┄┄┄┄┄┄┄┄┄┄┄┄┄┄┄┄┄┄┄┄┄┄┄┄┄┄┄┄┄┄┄┄┄┄┄┄┄┄┄┄┄┄┄┄┄┄┄┄┄┄┄┄┄┄┄┄┄┄┄┄┄┄┄┄┄┄┄┄┄┄[0m
[38;5;196m│ #0   E2eeSecretInventory.purgeAll (package:imboy/service/e2ee/e2ee_secret_inventory.dart:338:7)[0m
[38;5;196m│ #1   <asynchronous suspension>[0m
[38;5;196m│ #2   UserRepoLocal._clearLogin (package:imboy/store/repository/user_repo_local.dart:347:9)[0m
[38;5;196m│ #3   <asynchronous suspension>[0m
[38;5;196m│ #4   UserRepoLocal.quitLogin.<anonymous closure> (package:imboy/store/repository/user_repo_local.dart:292:16)[0m
[38;5;196m│ #5   <asynchronous suspension>[0m
[38;5;196m│ #6   HttpClient._handleTokenDecryptionFailure (package:imboy/component/http/http_client.dart:352:5)[0m
[38;5;196m│ #7   <asynchronous suspension>[0m
[38;5;196m├┄┄┄┄┄┄┄┄┄┄┄┄┄┄┄┄┄┄┄┄┄┄┄┄┄┄┄┄┄┄┄┄┄┄┄┄┄┄┄┄┄┄┄┄┄┄┄┄┄┄┄┄┄┄┄┄┄┄┄┄┄┄┄┄┄┄┄┄┄┄┄┄┄┄┄┄┄┄┄┄┄┄┄┄┄┄┄┄┄┄┄┄┄┄┄┄┄┄┄┄┄┄┄┄┄┄┄┄┄┄┄┄┄┄┄┄┄┄┄[0m
[38;5;196m│ ⛔ [user_repo_local] e2ee secret purge failed[0m
[38;5;196m└───────────────────────────────────────────────────────────────────────────────────────────────────────────────────────[0m
> quitLogin: Clearing secure tokens
> quitLogin: Closing WebSocket
🧹 [QUEUE] 启动定期清理 Timer
> ws: 手动关闭连接
> quitLogin: Closing database
00:00 +1 -1: BUG#128 请求失败必须置 loadFailed 标记（横幅可达） 成功但空数据 {"list": []} → loadFailed == false [E]
  Expected: false
    Actual: <true>
  服务端确实没数据不是加载失败
  
  package:matcher                                                                      expect
  package:flutter_test/src/widget_tester.dart 473:18                                   expect
  test/unit_test/page/mine/user_collect/user_collect_page_load_failed_test.dart 146:7  main.<fn>.<fn>
  
00:00 +1 -1: BUG#128 请求失败必须置 loadFailed 标记（横幅可达） 失败后重试成功 → loadFailed 清 false（横幅消失）
searchLeading_tag query executing
searchLeading_tag list 0
*** Request ***
uri: http://127.0.0.1:9800/api/v1/user_collect/page?page=1&size=10
method: GET
responseType: ResponseType.json
followRedirects: true
persistentConnection: true
connectTimeout: 0:01:00.000000
sendTimeout: 0:01:00.000000
receiveTimeout: 0:01:00.000000
transformTimeout: null
receiveDataWhenStatusError: true
extra: {}

*** Response ***
uri: http://127.0.0.1:9800/api/v1/user_collect/page?page=1&size=10

handleResponse_response /api/v1/user_collect/page : true ; 
searchLeading_tag query executing
searchLeading_tag list 0
> quitLogin: Starting logout process
> quitLogin: User is not logged in
> quitLogin: Removing storage data
> quitLogin: Purging E2EE secret inventory
E2EE: 缓存已清理
[38;5;196m┌───────────────────────────────────────────────────────────────────────────────────────────────────────────────────────[0m
[38;5;196m│ E2eeSecretPurgeException: E2eeSecretPurgeException: artifact: MissingPluginException(No implementation found for method delete on channel plugins.it_nomads.com/flutter_secure_storage); storage: MissingPluginException(No implementation found for method readAll on channel plugins.it_nomads.com/flutter_secure_storage)[0m
[38;5;196m├┄┄┄┄┄┄┄┄┄┄┄┄┄┄┄┄┄┄┄┄┄┄┄┄┄┄┄┄┄┄┄┄┄┄┄┄┄┄┄┄┄┄┄┄┄┄┄┄┄┄┄┄┄┄┄┄┄┄┄┄┄┄┄┄┄┄┄┄┄┄┄┄┄┄┄┄┄┄┄┄┄┄┄┄┄┄┄┄┄┄┄┄┄┄┄┄┄┄┄┄┄┄┄┄┄┄┄┄┄┄┄┄┄┄┄┄┄┄┄[0m
[38;5;196m│ #0   E2eeSecretInventory.purgeAll (package:imboy/service/e2ee/e2ee_secret_inventory.dart:338:7)[0m
[38;5;196m│ #1   <asynchronous suspension>[0m
[38;5;196m│ #2   UserRepoLocal._clearLogin (package:imboy/store/repository/user_repo_local.dart:347:9)[0m
[38;5;196m│ #3   <asynchronous suspension>[0m
[38;5;196m│ #4   UserRepoLocal.quitLogin.<anonymous closure> (package:imboy/store/repository/user_repo_local.dart:292:16)[0m
[38;5;196m│ #5   <asynchronous suspension>[0m
[38;5;196m│ #6   HttpClient._handleTokenDecryptionFailure (package:imboy/component/http/http_client.dart:352:5)[0m
[38;5;196m│ #7   <asynchronous suspension>[0m
[38;5;196m├┄┄┄┄┄┄┄┄┄┄┄┄┄┄┄┄┄┄┄┄┄┄┄┄┄┄┄┄┄┄┄┄┄┄┄┄┄┄┄┄┄┄┄┄┄┄┄┄┄┄┄┄┄┄┄┄┄┄┄┄┄┄┄┄┄┄┄┄┄┄┄┄┄┄┄┄┄┄┄┄┄┄┄┄┄┄┄┄┄┄┄┄┄┄┄┄┄┄┄┄┄┄┄┄┄┄┄┄┄┄┄┄┄┄┄┄┄┄┄[0m
[38;5;196m│ ⛔ [user_repo_local] e2ee secret purge failed[0m
[38;5;196m└───────────────────────────────────────────────────────────────────────────────────────────────────────────────────────[0m
> quitLogin: Clearing secure tokens
> quitLogin: Closing WebSocket
> ws: 手动关闭连接
> quitLogin: Closing database
[38;5;12m┌───────────────────────────────────────────────────────────────────────────────────────────────────────────────────────[0m
[38;5;12m│ #0   navigateToSignIn (package:imboy/config/init.dart:113:12)[0m
[38;5;12m│ #1   HttpClient._notifyAuthExpired (package:imboy/component/http/http_client.dart:213:5)[0m
[38;5;12m├┄┄┄┄┄┄┄┄┄┄┄┄┄┄┄┄┄┄┄┄┄┄┄┄┄┄┄┄┄┄┄┄┄┄┄┄┄┄┄┄┄┄┄┄┄┄┄┄┄┄┄┄┄┄┄┄┄┄┄┄┄┄┄┄┄┄┄┄┄┄┄┄┄┄┄┄┄┄┄┄┄┄┄┄┄┄┄┄┄┄┄┄┄┄┄┄┄┄┄┄┄┄┄┄┄┄┄┄┄┄┄┄┄┄┄┄┄┄┄[0m
[38;5;12m│ 💡 navigateToSignIn skipped (in-flight), source=http_client_auth_expired[0m
[38;5;12m└───────────────────────────────────────────────────────────────────────────────────────────────────────────────────────[0m
00:00 +1 -2: BUG#128 请求失败必须置 loadFailed 标记（横幅可达） 失败后重试成功 → loadFailed 清 false（横幅消失） [E]
  Expected: false
    Actual: <true>
  重试按钮链路：page() 成功 → loadFailed=false → _loadError=false → 横幅消失
  
  package:matcher                                                                      expect
  package:flutter_test/src/widget_tester.dart 473:18                                   expect
  test/unit_test/page/mine/user_collect/user_collect_page_load_failed_test.dart 164:7  main.<fn>.<fn>
  
00:00 +1 -2: BUG#128 本地缓存命中不误报失败 本地命中 → loadFailed == false 且不发网络请求
searchLeading_tag query executing
searchLeading_tag list 1
00:00 +2 -2: Some tests failed.

Failing tests:
  /Users/leeyi/project/imboy.pub/imboyapp/test/unit_test/page/mine/user_collect/user_collect_page_load_failed_test.dart: BUG#128 请求失败必须置 loadFailed 标记（横幅可达） 失败后重试成功 → loadFailed 清 false（横幅消失）
  /Users/leeyi/project/imboy.pub/imboyapp/test/unit_test/page/mine/user_collect/user_collect_page_load_failed_test.dart: BUG#128 请求失败必须置 loadFailed 标记（横幅可达） 成功但空数据 {"list": []} → loadFailed == false
