00:00 +0: loading /Users/leeyi/project/imboy.pub/imboyapp/test/customer_service/cs_governance_page_widget_test.dart
00:00 +0: 切换组织后旧额度响应晚到不能覆盖新组织事实
*** Request ***
uri: http://127.0.0.1:9800/api/v1/cs/organizations/7266418340025468901/seat-limit
method: GET
responseType: ResponseType.json
followRedirects: true
persistentConnection: true
connectTimeout: 0:01:00.000000
sendTimeout: 0:01:00.000000
receiveTimeout: 0:01:00.000000
transformTimeout: null
receiveDataWhenStatusError: true
extra: {}

*** Request ***
uri: http://127.0.0.1:9800/api/v1/cs/organizations/7266418340025468999/seat-limit
method: GET
responseType: ResponseType.json
followRedirects: true
persistentConnection: true
connectTimeout: 0:01:00.000000
sendTimeout: 0:01:00.000000
receiveTimeout: 0:01:00.000000
transformTimeout: null
receiveDataWhenStatusError: true
extra: {}

*** Response ***
uri: http://127.0.0.1:9800/api/v1/cs/organizations/7266418340025468999/seat-limit

*** Request ***
uri: http://127.0.0.1:9800/api/v1/cs/organizations/7266418340025468999/seats
method: GET
responseType: ResponseType.json
followRedirects: true
persistentConnection: true
connectTimeout: 0:01:00.000000
sendTimeout: 0:01:00.000000
receiveTimeout: 0:01:00.000000
transformTimeout: null
receiveDataWhenStatusError: true
extra: {}

*** Response ***
uri: http://127.0.0.1:9800/api/v1/cs/organizations/7266418340025468999/seats

*** Response ***
uri: http://127.0.0.1:9800/api/v1/cs/organizations/7266418340025468901/seat-limit

*** Request ***
uri: http://127.0.0.1:9800/api/v1/cs/organizations/7266418340025468999/seats
method: GET
responseType: ResponseType.json
followRedirects: true
persistentConnection: true
connectTimeout: 0:01:00.000000
sendTimeout: 0:01:00.000000
receiveTimeout: 0:01:00.000000
transformTimeout: null
receiveDataWhenStatusError: true
extra: {}

*** Response ***
uri: http://127.0.0.1:9800/api/v1/cs/organizations/7266418340025468999/seats

══╡ EXCEPTION CAUGHT BY FLUTTER TEST FRAMEWORK ╞════════════════════════════════════════════════════
The following TestFailure was thrown running a test:
Expected: exactly one matching candidate
  Actual: _TextWidgetFinder:<Found 0 widgets with text "不限": []>
   Which: means none were found but one was expected
旧组织响应不得覆盖当前组织额度

When the exception was thrown, this was the stack:
#4      main.<anonymous closure> (file:///Users/leeyi/project/imboy.pub/imboyapp/test/customer_service/cs_governance_page_widget_test.dart:477:5)
<asynchronous suspension>
#5      testWidgets.<anonymous closure>.<anonymous closure> (package:flutter_test/src/widget_tester.dart:192:15)
<asynchronous suspension>
#6      TestWidgetsFlutterBinding._runTestBody (package:flutter_test/src/binding.dart:1953:5)
<asynchronous suspension>
<asynchronous suspension>
(elided one frame from package:stack_trace)

This was caught by the test expectation on the following line:
  file:///Users/leeyi/project/imboy.pub/imboyapp/test/customer_service/cs_governance_page_widget_test.dart line 477
The test description was:
  切换组织后旧额度响应晚到不能覆盖新组织事实
════════════════════════════════════════════════════════════════════════════════════════════════════
00:00 +0 -1: 切换组织后旧额度响应晚到不能覆盖新组织事实 [E]
  Test failed. See exception logs above.
  The test description was: 切换组织后旧额度响应晚到不能覆盖新组织事实
  
00:00 +0 -1: Some tests failed.

Failing tests:
  /Users/leeyi/project/imboy.pub/imboyapp/test/customer_service/cs_governance_page_widget_test.dart: 切换组织后旧额度响应晚到不能覆盖新组织事实
