00:00 +0: loading /Users/leeyi/project/imboy.pub/imboyapp/test/customer_service/cs_governance_page_widget_test.dart
00:00 +0: 刷新期间禁止使用旧游标加载更多
*** Request ***
uri: http://127.0.0.1:9800/api/v1/cs/organizations/7266418340025468901/seat-limit
method: GET
responseType: ResponseType.json
followRedirects: true
persistentConnection: true
connectTimeout: 0:01:00.000000
sendTimeout: 0:01:00.000000
receiveTimeout: 0:01:00.000000
transformTimeout: null
receiveDataWhenStatusError: true
extra: {}

*** Response ***
uri: http://127.0.0.1:9800/api/v1/cs/organizations/7266418340025468901/seat-limit

*** Request ***
uri: http://127.0.0.1:9800/api/v1/cs/organizations/7266418340025468901/seats
method: GET
responseType: ResponseType.json
followRedirects: true
persistentConnection: true
connectTimeout: 0:01:00.000000
sendTimeout: 0:01:00.000000
receiveTimeout: 0:01:00.000000
transformTimeout: null
receiveDataWhenStatusError: true
extra: {}

*** Response ***
uri: http://127.0.0.1:9800/api/v1/cs/organizations/7266418340025468901/seats

══╡ EXCEPTION CAUGHT BY FLUTTER TEST FRAMEWORK ╞════════════════════════════════════════════════════
The following TestFailure was thrown running a test:
Expected: false
  Actual: <true>

When the exception was thrown, this was the stack:
#4      main.<anonymous closure> (file:///Users/leeyi/project/imboy.pub/imboyapp/test/customer_service/cs_governance_page_widget_test.dart:555:5)
<asynchronous suspension>
#5      testWidgets.<anonymous closure>.<anonymous closure> (package:flutter_test/src/widget_tester.dart:192:15)
<asynchronous suspension>
#6      TestWidgetsFlutterBinding._runTestBody (package:flutter_test/src/binding.dart:1953:5)
<asynchronous suspension>
<asynchronous suspension>
(elided one frame from package:stack_trace)

This was caught by the test expectation on the following line:
  file:///Users/leeyi/project/imboy.pub/imboyapp/test/customer_service/cs_governance_page_widget_test.dart line 555
The test description was:
  刷新期间禁止使用旧游标加载更多
════════════════════════════════════════════════════════════════════════════════════════════════════
00:00 +0 -1: 刷新期间禁止使用旧游标加载更多 [E]
  Test failed. See exception logs above.
  The test description was: 刷新期间禁止使用旧游标加载更多
  
00:00 +0 -1: Some tests failed.

Failing tests:
  /Users/leeyi/project/imboy.pub/imboyapp/test/customer_service/cs_governance_page_widget_test.dart: 刷新期间禁止使用旧游标加载更多
