00:00 +0: loading /Users/leeyi/project/imboy.pub/imboyapp/test/customer_service/cs_governance_pagination_race_test.dart
00:00 +0: 旧组织分页晚到不能混入新组织列表
*** Request ***
uri: http://127.0.0.1:9800/api/v1/cs/organizations/7266418340025468901/seat-limit
method: GET
responseType: ResponseType.json
followRedirects: true
persistentConnection: true
connectTimeout: 0:01:00.000000
sendTimeout: 0:01:00.000000
receiveTimeout: 0:01:00.000000
transformTimeout: null
receiveDataWhenStatusError: true
extra: {}

*** Response ***
uri: http://127.0.0.1:9800/api/v1/cs/organizations/7266418340025468901/seat-limit

*** Request ***
uri: http://127.0.0.1:9800/api/v1/cs/organizations/7266418340025468901/seats
method: GET
responseType: ResponseType.json
followRedirects: true
persistentConnection: true
connectTimeout: 0:01:00.000000
sendTimeout: 0:01:00.000000
receiveTimeout: 0:01:00.000000
transformTimeout: null
receiveDataWhenStatusError: true
extra: {}

*** Response ***
uri: http://127.0.0.1:9800/api/v1/cs/organizations/7266418340025468901/seats

*** Request ***
uri: http://127.0.0.1:9800/api/v1/cs/organizations/7266418340025468901/seats?after_id=7266418340025468902
method: GET
responseType: ResponseType.json
followRedirects: true
persistentConnection: true
connectTimeout: 0:01:00.000000
sendTimeout: 0:01:00.000000
receiveTimeout: 0:01:00.000000
transformTimeout: null
receiveDataWhenStatusError: true
extra: {}

*** Request ***
uri: http://127.0.0.1:9800/api/v1/cs/organizations/7266418340025468999/seat-limit
method: GET
responseType: ResponseType.json
followRedirects: true
persistentConnection: true
connectTimeout: 0:01:00.000000
sendTimeout: 0:01:00.000000
receiveTimeout: 0:01:00.000000
transformTimeout: null
receiveDataWhenStatusError: true
extra: {}

*** Response ***
uri: http://127.0.0.1:9800/api/v1/cs/organizations/7266418340025468999/seat-limit

*** Request ***
uri: http://127.0.0.1:9800/api/v1/cs/organizations/7266418340025468999/seats
method: GET
responseType: ResponseType.json
followRedirects: true
persistentConnection: true
connectTimeout: 0:01:00.000000
sendTimeout: 0:01:00.000000
receiveTimeout: 0:01:00.000000
transformTimeout: null
receiveDataWhenStatusError: true
extra: {}

*** Response ***
uri: http://127.0.0.1:9800/api/v1/cs/organizations/7266418340025468999/seats

*** Response ***
uri: http://127.0.0.1:9800/api/v1/cs/organizations/7266418340025468901/seats?after_id=7266418340025468902

══╡ EXCEPTION CAUGHT BY FLUTTER TEST FRAMEWORK ╞════════════════════════════════════════════════════
The following TestFailure was thrown running a test:
Expected: no matching candidates
  Actual: _KeyWidgetFinder:<Found 1 widget with key [<'cs-governance-seat-7266418340025468912'>]: [
            ListTile-[<'cs-governance-seat-7266418340025468912'>](dependencies: [Directionality,
InheritedCupertinoTheme, _InheritedTheme, _LocalizationsScope-[GlobalKey#354e3]]),
          ]>
   Which: means one was found but none were expected

When the exception was thrown, this was the stack:
#4      main.<anonymous closure> (file:///Users/leeyi/project/imboy.pub/imboyapp/test/customer_service/cs_governance_pagination_race_test.dart:92:9)
<asynchronous suspension>
#5      testWidgets.<anonymous closure>.<anonymous closure> (package:flutter_test/src/widget_tester.dart:192:15)
<asynchronous suspension>
#6      TestWidgetsFlutterBinding._runTestBody (package:flutter_test/src/binding.dart:1953:5)
<asynchronous suspension>
<asynchronous suspension>
(elided one frame from package:stack_trace)

This was caught by the test expectation on the following line:
  file:///Users/leeyi/project/imboy.pub/imboyapp/test/customer_service/cs_governance_pagination_race_test.dart line 92
The test description was:
  旧组织分页晚到不能混入新组织列表
════════════════════════════════════════════════════════════════════════════════════════════════════
00:01 +0 -1: 旧组织分页晚到不能混入新组织列表 [E]
  Test failed. See exception logs above.
  The test description was: 旧组织分页晚到不能混入新组织列表
  
00:01 +0 -1: Some tests failed.

Failing tests:
  /Users/leeyi/project/imboy.pub/imboyapp/test/customer_service/cs_governance_pagination_race_test.dart: 旧组织分页晚到不能混入新组织列表
