00:00 +0: loading /Users/leeyi/project/imboy.pub/imboyapp/test/unit_test/service/e2ee/c2c_fanout_suite_policy_wiring_test.dart
00:00 +0: /Users/leeyi/project/imboy.pub/imboyapp/test/unit_test/service/e2ee/c2c_fanout_suite_policy_wiring_test.dart: (setUpAll)
00:00 +0: /Users/leeyi/project/imboy.pub/imboyapp/test/unit_test/service/e2ee/c2c_fanout_suite_policy_wiring_test.dart: AC-06 生产调用链：encryptPayload 经过固定套件门卫 对端存在不支持 Olm 的活跃设备 → 显式 FixedSuiteIncompatibleException，且不落任何 outbox 密文
[38;5;196m┌───────────────────────────────────────────────────────────────────────────────────────────────────────────────────────[0m
[38;5;196m│ #0   AppLogger.error (package:imboy/service/app_logger.dart:115:18)[0m
[38;5;196m│ #1   SqliteService.query (package:imboy/service/sqlite.dart:894:17)[0m
[38;5;196m├┄┄┄┄┄┄┄┄┄┄┄┄┄┄┄┄┄┄┄┄┄┄┄┄┄┄┄┄┄┄┄┄┄┄┄┄┄┄┄┄┄┄┄┄┄┄┄┄┄┄┄┄┄┄┄┄┄┄┄┄┄┄┄┄┄┄┄┄┄┄┄┄┄┄┄┄┄┄┄┄┄┄┄┄┄┄┄┄┄┄┄┄┄┄┄┄┄┄┄┄┄┄┄┄┄┄┄┄┄┄┄┄┄┄┄┄┄┄┄[0m
[38;5;196m│ ⛔ SQL query error: table=contact, error=SqfliteFfiException(sqlite_error: 1, , SqliteException(1): while preparing statement, no such table: contact, SQL logic error (code 1)[0m
[38;5;196m│ ⛔   Causing statement: SELECT peer_id, nickname, avatar, account, status, remark, tag, region, sign, source, gender, is_friend, is_from, category_id, account_type, last_seen_at, updated_at FROM contact WHERE user_id = ? and peer_id = ?}) DatabaseException(SqliteException(1): while preparing statement, no such table: contact, SQL logic error (code 1)[0m
[38;5;196m│ ⛔   Causing statement: SELECT peer_id, nickname, avatar, account, status, remark, tag, region, sign, source, gender, is_friend, is_from, category_id, account_type, last_seen_at, updated_at FROM contact WHERE user_id = ? and peer_id = ?) sql 'SELECT peer_id, nickname, avatar, account, status, remark, tag, region, sign, source, gender, is_friend, is_from, category_id, account_type, last_seen_at, updated_at FROM contact WHERE user_id = ? and peer_id = ?' args [100, 200] {details: {database: {path: :memory:, id: 1, readOnly: false, singleInstance: false}}}[0m
[38;5;196m└───────────────────────────────────────────────────────────────────────────────────────────────────────────────────────[0m
00:00 +1: /Users/leeyi/project/imboy.pub/imboyapp/test/unit_test/service/e2ee/c2c_fanout_suite_policy_wiring_test.dart: AC-06 生产调用链：encryptPayload 经过固定套件门卫 对端全部设备支持 Olm → 门卫放行（不因门卫抛错）
00:00 +2: /Users/leeyi/project/imboy.pub/imboyapp/test/unit_test/service/e2ee/retry_downgrade_guard_test.dart: isDowngradedCipherRetryBlocked（AC-06 重试防降级） 加密必需 + C2C 行套件为 olm → 放行
00:00 +3: /Users/leeyi/project/imboy.pub/imboyapp/test/unit_test/service/e2ee/retry_downgrade_guard_test.dart: isDowngradedCipherRetryBlocked（AC-06 重试防降级） 加密必需 + C2C 行套件为 olm → 放行
00:00 +4: /Users/leeyi/project/imboy.pub/imboyapp/test/unit_test/service/e2ee/c2c_fanout_suite_policy_wiring_test.dart: AC-06 门卫单元语义（fail-closed 细节） 混合集合：不支持设备被点名（peerDeviceId 指向首个不兼容设备）
00:00 +5: /Users/leeyi/project/imboy.pub/imboyapp/test/unit_test/service/e2ee/retry_downgrade_guard_test.dart: isDowngradedCipherRetryBlocked（AC-06 重试防降级） 加密必需 + C2C 行套件为 RSA legacy（e2ee_ver 1 wire）→ 拦截
00:00 +6: /Users/leeyi/project/imboy.pub/imboyapp/test/unit_test/service/e2ee/c2c_fanout_suite_policy_wiring_test.dart: AC-06 门卫单元语义（fail-closed 细节）  幽灵设备（Olm 列表有、fan-out 集合没有）→ 告警事件而非崩溃
00:00 +7: /Users/leeyi/project/imboy.pub/imboyapp/test/unit_test/service/e2ee/c2c_fanout_suite_policy_wiring_test.dart: AC-06 门卫单元语义（fail-closed 细节）  幽灵设备（Olm 列表有、fan-out 集合没有）→ 告警事件而非崩溃
00:00 +8: /Users/leeyi/project/imboy.pub/imboyapp/test/unit_test/service/e2ee/c2c_fanout_suite_policy_wiring_test.dart: AC-06 门卫单元语义（fail-closed 细节）  幽灵设备（Olm 列表有、fan-out 集合没有）→ 告警事件而非崩溃
[E2EE][AC-15] ghost devices detected: peer=200 ghost={b-ghost} fanout={b-1}
00:00 +9: /Users/leeyi/project/imboy.pub/imboyapp/test/unit_test/service/e2ee/c2c_fanout_suite_policy_wiring_test.dart: AC-06 门卫单元语义（fail-closed 细节）  幽灵设备（Olm 列表有、fan-out 集合没有）→ 告警事件而非崩溃
00:00 +10: /Users/leeyi/project/imboy.pub/imboyapp/test/unit_test/service/e2ee/c2c_fanout_suite_policy_wiring_test.dart: AC-06 门卫单元语义（fail-closed 细节）  幽灵设备（Olm 列表有、fan-out 集合没有）→ 告警事件而非崩溃
00:00 +11: /Users/leeyi/project/imboy.pub/imboyapp/test/unit_test/service/e2ee/c2c_fanout_suite_policy_wiring_test.dart: AC-06 门卫单元语义（fail-closed 细节）  幽灵设备（Olm 列表有、fan-out 集合没有）→ 告警事件而非崩溃
00:00 +12: /Users/leeyi/project/imboy.pub/imboyapp/test/unit_test/service/e2ee/c2c_fanout_suite_policy_wiring_test.dart: AC-06 门卫单元语义（fail-closed 细节）  幽灵设备（Olm 列表有、fan-out 集合没有）→ 告警事件而非崩溃
00:00 +13: /Users/leeyi/project/imboy.pub/imboyapp/test/unit_test/service/e2ee/c2c_fanout_suite_policy_wiring_test.dart: json 编码的 fan-out 信封在 outbox 断言中可被识别
00:00 +14: /Users/leeyi/project/imboy.pub/imboyapp/test/unit_test/service/e2ee/c2c_fanout_suite_policy_wiring_test.dart: AC-06 用户可见错误映射（稳定错误码 → 专属 i18n 文案） FixedSuiteIncompatibleException 路由到 e2eeErrPeerSuiteUnsupported 而非兜底
00:00 +15: /Users/leeyi/project/imboy.pub/imboyapp/test/unit_test/service/e2ee/c2c_fanout_suite_policy_wiring_test.dart: AC-06 用户可见错误映射（稳定错误码 → 专属 i18n 文案） 空能力集（能力未知=不支持）同样路由到专用键
00:00 +16: /Users/leeyi/project/imboy.pub/imboyapp/test/unit_test/service/e2ee/c2c_fanout_suite_policy_wiring_test.dart: (tearDownAll)
00:00 +16: /Users/leeyi/project/imboy.pub/imboyapp/test/unit_test/service/e2ee/retry_plaintext_guard_integration_test.dart: (setUpAll)
🔍 [RETRY_SCAN] 开始扫描失败消息...
[38;5;196m┌───────────────────────────────────────────────────────────────────────────────────────────────────────────────────────[0m
[38;5;196m│ #0   AppLogger.error (package:imboy/service/app_logger.dart:115:18)[0m
[38;5;196m│ #1   SqliteService.query (package:imboy/service/sqlite.dart:894:17)[0m
[38;5;196m├┄┄┄┄┄┄┄┄┄┄┄┄┄┄┄┄┄┄┄┄┄┄┄┄┄┄┄┄┄┄┄┄┄┄┄┄┄┄┄┄┄┄┄┄┄┄┄┄┄┄┄┄┄┄┄┄┄┄┄┄┄┄┄┄┄┄┄┄┄┄┄┄┄┄┄┄┄┄┄┄┄┄┄┄┄┄┄┄┄┄┄┄┄┄┄┄┄┄┄┄┄┄┄┄┄┄┄┄┄┄┄┄┄┄┄┄┄┄┄[0m
[38;5;196m│ ⛔ SQL query error: table=msg_c2g, error=SqfliteFfiException(sqlite_error: 1, , SqliteException(1): while preparing statement, no such table: msg_c2g, SQL logic error (code 1)[0m
[38;5;196m│ ⛔   Causing statement: SELECT auto_id, id, type, from_id, to_id, payload, created_at, is_author, status, conversation_uk3, topic_id, msg_type, "action", e2ee FROM msg_c2g WHERE status IN (?,?) AND is_author=? ORDER BY created_at DESC, auto_id DESC LIMIT 100}) DatabaseException(SqliteException(1): while preparing statement, no such table: msg_c2g, SQL logic error (code 1)[0m
[38;5;196m│ ⛔   Causing statement: SELECT auto_id, id, type, from_id, to_id, payload, created_at, is_author, status, conversation_uk3, topic_id, msg_type, "action", e2ee FROM msg_c2g WHERE status IN (?,?) AND is_author=? ORDER BY created_at DESC, auto_id DESC LIMIT 100) sql 'SELECT auto_id, id, type, from_id, to_id, payload, created_at, is_author, status, conversation_uk3, topic_id, msg_type, "action", e2ee FROM msg_c2g WHERE status IN (?,?) AND is_author=? ORDER BY created_at DESC, auto_id DESC LIMIT 100' args [10, 12, 1] {details: {database: {path: :memory:, id: 1, readOnly: false, singleInstance: false}}}[0m
[38;5;196m└───────────────────────────────────────────────────────────────────────────────────────────────────────────────────────[0m
⚠️ [RETRY_SCAN] 扫描表 c2g 失败: SqfliteFfiException(sqlite_error: 1, , SqliteException(1): while preparing statement, no such table: msg_c2g, SQL logic error (code 1)
  Causing statement: SELECT auto_id, id, type, from_id, to_id, payload, created_at, is_author, status, conversation_uk3, topic_id, msg_type, "action", e2ee FROM msg_c2g WHERE status IN (?,?) AND is_author=? ORDER BY created_at DESC, auto_id DESC LIMIT 100}) DatabaseException(SqliteException(1): while preparing statement, no such table: msg_c2g, SQL logic error (code 1)
  Causing statement: SELECT auto_id, id, type, from_id, to_id, payload, created_at, is_author, status, conversation_uk3, topic_id, msg_type, "action", e2ee FROM msg_c2g WHERE status IN (?,?) AND is_author=? ORDER BY created_at DESC, auto_id DESC LIMIT 100) sql 'SELECT auto_id, id, type, from_id, to_id, payload, created_at, is_author, status, conversation_uk3, topic_id, msg_type, "action", e2ee FROM msg_c2g WHERE status IN (?,?) AND is_author=? ORDER BY created_at DESC, auto_id DESC LIMIT 100' args [10, 12, 1] {details: {database: {path: :memory:, id: 1, readOnly: false, singleInstance: false}}}
[38;5;196m┌───────────────────────────────────────────────────────────────────────────────────────────────────────────────────────[0m
[38;5;196m│ #0   AppLogger.error (package:imboy/service/app_logger.dart:115:18)[0m
[38;5;196m│ #1   SqliteService.query (package:imboy/service/sqlite.dart:894:17)[0m
[38;5;196m├┄┄┄┄┄┄┄┄┄┄┄┄┄┄┄┄┄┄┄┄┄┄┄┄┄┄┄┄┄┄┄┄┄┄┄┄┄┄┄┄┄┄┄┄┄┄┄┄┄┄┄┄┄┄┄┄┄┄┄┄┄┄┄┄┄┄┄┄┄┄┄┄┄┄┄┄┄┄┄┄┄┄┄┄┄┄┄┄┄┄┄┄┄┄┄┄┄┄┄┄┄┄┄┄┄┄┄┄┄┄┄┄┄┄┄┄┄┄┄[0m
[38;5;196m│ ⛔ SQL query error: table=msg_c2s, error=SqfliteFfiException(sqlite_error: 1, , SqliteException(1): while preparing statement, no such table: msg_c2s, SQL logic error (code 1)[0m
[38;5;196m│ ⛔   Causing statement: SELECT auto_id, id, type, from_id, to_id, payload, created_at, is_author, status, conversation_uk3, topic_id, msg_type, "action", e2ee FROM msg_c2s WHERE status IN (?,?) AND is_author=? ORDER BY created_at DESC, auto_id DESC LIMIT 100}) DatabaseException(SqliteException(1): while preparing statement, no such table: msg_c2s, SQL logic error (code 1)[0m
[38;5;196m│ ⛔   Causing statement: SELECT auto_id, id, type, from_id, to_id, payload, created_at, is_author, status, conversation_uk3, topic_id, msg_type, "action", e2ee FROM msg_c2s WHERE status IN (?,?) AND is_author=? ORDER BY created_at DESC, auto_id DESC LIMIT 100) sql 'SELECT auto_id, id, type, from_id, to_id, payload, created_at, is_author, status, conversation_uk3, topic_id, msg_type, "action", e2ee FROM msg_c2s WHERE status IN (?,?) AND is_author=? ORDER BY created_at DESC, auto_id DESC LIMIT 100' args [10, 12, 1] {details: {database: {path: :memory:, id: 1, readOnly: false, singleInstance: false}}}[0m
[38;5;196m└───────────────────────────────────────────────────────────────────────────────────────────────────────────────────────[0m
⚠️ [RETRY_SCAN] 扫描表 c2s 失败: SqfliteFfiException(sqlite_error: 1, , SqliteException(1): while preparing statement, no such table: msg_c2s, SQL logic error (code 1)
  Causing statement: SELECT auto_id, id, type, from_id, to_id, payload, created_at, is_author, status, conversation_uk3, topic_id, msg_type, "action", e2ee FROM msg_c2s WHERE status IN (?,?) AND is_author=? ORDER BY created_at DESC, auto_id DESC LIMIT 100}) DatabaseException(SqliteException(1): while preparing statement, no such table: msg_c2s, SQL logic error (code 1)
  Causing statement: SELECT auto_id, id, type, from_id, to_id, payload, created_at, is_author, status, conversation_uk3, topic_id, msg_type, "action", e2ee FROM msg_c2s WHERE status IN (?,?) AND is_author=? ORDER BY created_at DESC, auto_id DESC LIMIT 100) sql 'SELECT auto_id, id, type, from_id, to_id, payload, created_at, is_author, status, conversation_uk3, topic_id, msg_type, "action", e2ee FROM msg_c2s WHERE status IN (?,?) AND is_author=? ORDER BY created_at DESC, auto_id DESC LIMIT 100' args [10, 12, 1] {details: {database: {path: :memory:, id: 1, readOnly: false, singleInstance: false}}}
📊 [RETRY_SCAN] 扫描完成: 发现 0 条失败消息，添加 0 条到重试队列
00:00 +16: /Users/leeyi/project/imboy.pub/imboyapp/test/unit_test/service/e2ee/retry_plaintext_guard_integration_test.dart: 重发路径明文闸门（真 SQLite + 真事件总线） 对照组：部署本就明文 → 明文行必须照常重投
清除缓存: msg_c2c, 移除了 0 个缓存条目
消息加入重试队列: gd0000000000000pt01, type=C2C
[38;5;196m┌───────────────────────────────────────────────────────────────────────────────────────────────────────────────────────[0m
[38;5;196m│ #0   AppLogger.error (package:imboy/service/app_logger.dart:115:18)[0m
[38;5;196m│ #1   SqliteService.execute.<anonymous closure> (package:imboy/service/sqlite.dart:831:21)[0m
[38;5;196m├┄┄┄┄┄┄┄┄┄┄┄┄┄┄┄┄┄┄┄┄┄┄┄┄┄┄┄┄┄┄┄┄┄┄┄┄┄┄┄┄┄┄┄┄┄┄┄┄┄┄┄┄┄┄┄┄┄┄┄┄┄┄┄┄┄┄┄┄┄┄┄┄┄┄┄┄┄┄┄┄┄┄┄┄┄┄┄┄┄┄┄┄┄┄┄┄┄┄┄┄┄┄┄┄┄┄┄┄┄┄┄┄┄┄┄┄┄┄┄[0m
[38;5;196m│ ⛔ Execute error: SqfliteFfiException(sqlite_error: 1, , SqliteException(1): while preparing statement, no such table: msg_c2c_fts, SQL logic error (code 1)[0m
[38;5;196m│ ⛔   Causing statement: DELETE FROM msg_c2c_fts WHERE id = ?}) DatabaseException(SqliteException(1): while preparing statement, no such table: msg_c2c_fts, SQL logic error (code 1)[0m
[38;5;196m│ ⛔   Causing statement: DELETE FROM msg_c2c_fts WHERE id = ?) sql 'DELETE FROM msg_c2c_fts WHERE id = ?' args [gd0000000000000pt01] {details: {database: {path: :memory:, id: 1, readOnly: false, singleInstance: false}}}[0m
[38;5;196m└───────────────────────────────────────────────────────────────────────────────────────────────────────────────────────[0m
[FTS] C2C 索引写入失败: SqfliteFfiException(sqlite_error: 1, , SqliteException(1): while preparing statement, no such table: msg_c2c_fts, SQL logic error (code 1)
  Causing statement: DELETE FROM msg_c2c_fts WHERE id = ?}) DatabaseException(SqliteException(1): while preparing statement, no such table: msg_c2c_fts, SQL logic error (code 1)
  Causing statement: DELETE FROM msg_c2c_fts WHERE id = ?) sql 'DELETE FROM msg_c2c_fts WHERE id = ?' args [gd0000000000000pt01] {details: {database: {path: :memory:, id: 1, readOnly: false, singleInstance: false}}}
message_repo/updateWithConditions msg_c2c ; where: id = ? AND status = ?
message_repo/updateWithConditions msg_c2c ; where: id = ? AND status IN (?, ?, ?)
清除缓存: msg_c2c, 移除了 0 个缓存条目
重试发送消息: gd0000000000000pt01, 第1次重试
消息重试已提交，等待确认: gd0000000000000pt01
✅ [MessageTypeNormalizer] 有效类型: text
00:00 +17: /Users/leeyi/project/imboy.pub/imboyapp/test/unit_test/service/e2ee/retry_plaintext_guard_integration_test.dart: 重发路径明文闸门（真 SQLite + 真事件总线） 部署要求加密 + 明文行 → 不得出网
清除缓存: msg_c2c, 移除了 0 个缓存条目
消息加入重试队列: gd0000000000000pt02, type=C2C
[38;5;196m┌───────────────────────────────────────────────────────────────────────────────────────────────────────────────────────[0m
[38;5;196m│ #0   AppLogger.error (package:imboy/service/app_logger.dart:115:18)[0m
[38;5;196m│ #1   SqliteService.execute.<anonymous closure> (package:imboy/service/sqlite.dart:831:21)[0m
[38;5;196m├┄┄┄┄┄┄┄┄┄┄┄┄┄┄┄┄┄┄┄┄┄┄┄┄┄┄┄┄┄┄┄┄┄┄┄┄┄┄┄┄┄┄┄┄┄┄┄┄┄┄┄┄┄┄┄┄┄┄┄┄┄┄┄┄┄┄┄┄┄┄┄┄┄┄┄┄┄┄┄┄┄┄┄┄┄┄┄┄┄┄┄┄┄┄┄┄┄┄┄┄┄┄┄┄┄┄┄┄┄┄┄┄┄┄┄┄┄┄┄[0m
[38;5;196m│ ⛔ Execute error: SqfliteFfiException(sqlite_error: 1, , SqliteException(1): while preparing statement, no such table: msg_c2c_fts, SQL logic error (code 1)[0m
[38;5;196m│ ⛔   Causing statement: DELETE FROM msg_c2c_fts WHERE id = ?}) DatabaseException(SqliteException(1): while preparing statement, no such table: msg_c2c_fts, SQL logic error (code 1)[0m
[38;5;196m│ ⛔   Causing statement: DELETE FROM msg_c2c_fts WHERE id = ?) sql 'DELETE FROM msg_c2c_fts WHERE id = ?' args [gd0000000000000pt02] {details: {database: {path: :memory:, id: 1, readOnly: false, singleInstance: false}}}[0m
[38;5;196m└───────────────────────────────────────────────────────────────────────────────────────────────────────────────────────[0m
[FTS] C2C 索引写入失败: SqfliteFfiException(sqlite_error: 1, , SqliteException(1): while preparing statement, no such table: msg_c2c_fts, SQL logic error (code 1)
  Causing statement: DELETE FROM msg_c2c_fts WHERE id = ?}) DatabaseException(SqliteException(1): while preparing statement, no such table: msg_c2c_fts, SQL logic error (code 1)
  Causing statement: DELETE FROM msg_c2c_fts WHERE id = ?) sql 'DELETE FROM msg_c2c_fts WHERE id = ?' args [gd0000000000000pt02] {details: {database: {path: :memory:, id: 1, readOnly: false, singleInstance: false}}}
message_repo/updateWithConditions msg_c2c ; where: id = ? AND status = ?
🚫 [RETRY] 未加密消息不得重发，已拦下: gd0000000000000pt02
message_repo/update msg_c2c ;
清除缓存: msg_c2c, 移除了 0 个缓存条目
✅ [MessageTypeNormalizer] 有效类型: text
❌ [RETRY] 达到最大重试次数，标记消息失败: gd0000000000000pt02
00:00 +18: /Users/leeyi/project/imboy.pub/imboyapp/test/unit_test/service/e2ee/retry_plaintext_guard_integration_test.dart: 重发路径明文闸门（真 SQLite + 真事件总线） 正向可用性：部署要求加密 + 已加密行 → 必须照常重投
清除缓存: msg_c2c, 移除了 0 个缓存条目
消息加入重试队列: gd0000000000000pt03, type=C2C
[38;5;196m┌───────────────────────────────────────────────────────────────────────────────────────────────────────────────────────[0m
[38;5;196m│ #0   AppLogger.error (package:imboy/service/app_logger.dart:115:18)[0m
[38;5;196m│ #1   SqliteService.execute.<anonymous closure> (package:imboy/service/sqlite.dart:831:21)[0m
[38;5;196m├┄┄┄┄┄┄┄┄┄┄┄┄┄┄┄┄┄┄┄┄┄┄┄┄┄┄┄┄┄┄┄┄┄┄┄┄┄┄┄┄┄┄┄┄┄┄┄┄┄┄┄┄┄┄┄┄┄┄┄┄┄┄┄┄┄┄┄┄┄┄┄┄┄┄┄┄┄┄┄┄┄┄┄┄┄┄┄┄┄┄┄┄┄┄┄┄┄┄┄┄┄┄┄┄┄┄┄┄┄┄┄┄┄┄┄┄┄┄┄[0m
[38;5;196m│ ⛔ Execute error: SqfliteFfiException(sqlite_error: 1, , SqliteException(1): while preparing statement, no such table: msg_c2c_fts, SQL logic error (code 1)[0m
[38;5;196m│ ⛔   Causing statement: DELETE FROM msg_c2c_fts WHERE id = ?}) DatabaseException(SqliteException(1): while preparing statement, no such table: msg_c2c_fts, SQL logic error (code 1)[0m
[38;5;196m│ ⛔   Causing statement: DELETE FROM msg_c2c_fts WHERE id = ?) sql 'DELETE FROM msg_c2c_fts WHERE id = ?' args [gd0000000000000pt03] {details: {database: {path: :memory:, id: 1, readOnly: false, singleInstance: false}}}[0m
[38;5;196m└───────────────────────────────────────────────────────────────────────────────────────────────────────────────────────[0m
[FTS] C2C 索引写入失败: SqfliteFfiException(sqlite_error: 1, , SqliteException(1): while preparing statement, no such table: msg_c2c_fts, SQL logic error (code 1)
  Causing statement: DELETE FROM msg_c2c_fts WHERE id = ?}) DatabaseException(SqliteException(1): while preparing statement, no such table: msg_c2c_fts, SQL logic error (code 1)
  Causing statement: DELETE FROM msg_c2c_fts WHERE id = ?) sql 'DELETE FROM msg_c2c_fts WHERE id = ?' args [gd0000000000000pt03] {details: {database: {path: :memory:, id: 1, readOnly: false, singleInstance: false}}}
message_repo/updateWithConditions msg_c2c ; where: id = ? AND status = ?
message_repo/updateWithConditions msg_c2c ; where: id = ? AND status IN (?, ?, ?)
清除缓存: msg_c2c, 移除了 0 个缓存条目
重试发送消息: gd0000000000000pt03, 第1次重试
消息重试已提交，等待确认: gd0000000000000pt03
✅ [MessageTypeNormalizer] 有效类型: text
00:00 +19: /Users/leeyi/project/imboy.pub/imboyapp/test/unit_test/service/e2ee/retry_plaintext_guard_integration_test.dart: 重发路径明文闸门（真 SQLite + 真事件总线） 对照组：允许重投的行，状态必须被 CAS 翻成 sending
清除缓存: msg_c2c, 移除了 0 个缓存条目
消息加入重试队列: gd0000000000000pt05, type=C2C
[38;5;196m┌───────────────────────────────────────────────────────────────────────────────────────────────────────────────────────[0m
[38;5;196m│ #0   AppLogger.error (package:imboy/service/app_logger.dart:115:18)[0m
[38;5;196m│ #1   SqliteService.execute.<anonymous closure> (package:imboy/service/sqlite.dart:831:21)[0m
[38;5;196m├┄┄┄┄┄┄┄┄┄┄┄┄┄┄┄┄┄┄┄┄┄┄┄┄┄┄┄┄┄┄┄┄┄┄┄┄┄┄┄┄┄┄┄┄┄┄┄┄┄┄┄┄┄┄┄┄┄┄┄┄┄┄┄┄┄┄┄┄┄┄┄┄┄┄┄┄┄┄┄┄┄┄┄┄┄┄┄┄┄┄┄┄┄┄┄┄┄┄┄┄┄┄┄┄┄┄┄┄┄┄┄┄┄┄┄┄┄┄┄[0m
[38;5;196m│ ⛔ Execute error: SqfliteFfiException(sqlite_error: 1, , SqliteException(1): while preparing statement, no such table: msg_c2c_fts, SQL logic error (code 1)[0m
[38;5;196m│ ⛔   Causing statement: DELETE FROM msg_c2c_fts WHERE id = ?}) DatabaseException(SqliteException(1): while preparing statement, no such table: msg_c2c_fts, SQL logic error (code 1)[0m
[38;5;196m│ ⛔   Causing statement: DELETE FROM msg_c2c_fts WHERE id = ?) sql 'DELETE FROM msg_c2c_fts WHERE id = ?' args [gd0000000000000pt05] {details: {database: {path: :memory:, id: 1, readOnly: false, singleInstance: false}}}[0m
[38;5;196m└───────────────────────────────────────────────────────────────────────────────────────────────────────────────────────[0m
[FTS] C2C 索引写入失败: SqfliteFfiException(sqlite_error: 1, , SqliteException(1): while preparing statement, no such table: msg_c2c_fts, SQL logic error (code 1)
  Causing statement: DELETE FROM msg_c2c_fts WHERE id = ?}) DatabaseException(SqliteException(1): while preparing statement, no such table: msg_c2c_fts, SQL logic error (code 1)
  Causing statement: DELETE FROM msg_c2c_fts WHERE id = ?) sql 'DELETE FROM msg_c2c_fts WHERE id = ?' args [gd0000000000000pt05] {details: {database: {path: :memory:, id: 1, readOnly: false, singleInstance: false}}}
message_repo/updateWithConditions msg_c2c ; where: id = ? AND status = ?
message_repo/updateWithConditions msg_c2c ; where: id = ? AND status IN (?, ?, ?)
清除缓存: msg_c2c, 移除了 0 个缓存条目
重试发送消息: gd0000000000000pt05, 第1次重试
消息重试已提交，等待确认: gd0000000000000pt05
✅ [MessageTypeNormalizer] 有效类型: text
00:00 +20: /Users/leeyi/project/imboy.pub/imboyapp/test/unit_test/service/e2ee/retry_plaintext_guard_integration_test.dart: 重发路径明文闸门（真 SQLite + 真事件总线） 被拦下时不得改动 DB 状态（闸门必须排在 CAS 之前）
清除缓存: msg_c2c, 移除了 0 个缓存条目
消息加入重试队列: gd0000000000000pt06, type=C2C
[38;5;196m┌───────────────────────────────────────────────────────────────────────────────────────────────────────────────────────[0m
[38;5;196m│ #0   AppLogger.error (package:imboy/service/app_logger.dart:115:18)[0m
[38;5;196m│ #1   SqliteService.execute.<anonymous closure> (package:imboy/service/sqlite.dart:831:21)[0m
[38;5;196m├┄┄┄┄┄┄┄┄┄┄┄┄┄┄┄┄┄┄┄┄┄┄┄┄┄┄┄┄┄┄┄┄┄┄┄┄┄┄┄┄┄┄┄┄┄┄┄┄┄┄┄┄┄┄┄┄┄┄┄┄┄┄┄┄┄┄┄┄┄┄┄┄┄┄┄┄┄┄┄┄┄┄┄┄┄┄┄┄┄┄┄┄┄┄┄┄┄┄┄┄┄┄┄┄┄┄┄┄┄┄┄┄┄┄┄┄┄┄┄[0m
[38;5;196m│ ⛔ Execute error: SqfliteFfiException(sqlite_error: 1, , SqliteException(1): while preparing statement, no such table: msg_c2c_fts, SQL logic error (code 1)[0m
[38;5;196m│ ⛔   Causing statement: DELETE FROM msg_c2c_fts WHERE id = ?}) DatabaseException(SqliteException(1): while preparing statement, no such table: msg_c2c_fts, SQL logic error (code 1)[0m
[38;5;196m│ ⛔   Causing statement: DELETE FROM msg_c2c_fts WHERE id = ?) sql 'DELETE FROM msg_c2c_fts WHERE id = ?' args [gd0000000000000pt06] {details: {database: {path: :memory:, id: 1, readOnly: false, singleInstance: false}}}[0m
[38;5;196m└───────────────────────────────────────────────────────────────────────────────────────────────────────────────────────[0m
[FTS] C2C 索引写入失败: SqfliteFfiException(sqlite_error: 1, , SqliteException(1): while preparing statement, no such table: msg_c2c_fts, SQL logic error (code 1)
  Causing statement: DELETE FROM msg_c2c_fts WHERE id = ?}) DatabaseException(SqliteException(1): while preparing statement, no such table: msg_c2c_fts, SQL logic error (code 1)
  Causing statement: DELETE FROM msg_c2c_fts WHERE id = ?) sql 'DELETE FROM msg_c2c_fts WHERE id = ?' args [gd0000000000000pt06] {details: {database: {path: :memory:, id: 1, readOnly: false, singleInstance: false}}}
message_repo/updateWithConditions msg_c2c ; where: id = ? AND status = ?
🚫 [RETRY] 未加密消息不得重发，已拦下: gd0000000000000pt06
message_repo/update msg_c2c ;
清除缓存: msg_c2c, 移除了 0 个缓存条目
✅ [MessageTypeNormalizer] 有效类型: text
❌ [RETRY] 达到最大重试次数，标记消息失败: gd0000000000000pt06
00:00 +21: /Users/leeyi/project/imboy.pub/imboyapp/test/unit_test/service/e2ee/retry_plaintext_guard_integration_test.dart: 重发路径明文闸门（真 SQLite + 真事件总线） 策略未就绪（未知）+ 明文行 → 不得出网（未知即拦）
清除缓存: msg_c2c, 移除了 0 个缓存条目
消息加入重试队列: gd0000000000000pt04, type=C2C
[38;5;196m┌───────────────────────────────────────────────────────────────────────────────────────────────────────────────────────[0m
[38;5;196m│ #0   AppLogger.error (package:imboy/service/app_logger.dart:115:18)[0m
[38;5;196m│ #1   SqliteService.execute.<anonymous closure> (package:imboy/service/sqlite.dart:831:21)[0m
[38;5;196m├┄┄┄┄┄┄┄┄┄┄┄┄┄┄┄┄┄┄┄┄┄┄┄┄┄┄┄┄┄┄┄┄┄┄┄┄┄┄┄┄┄┄┄┄┄┄┄┄┄┄┄┄┄┄┄┄┄┄┄┄┄┄┄┄┄┄┄┄┄┄┄┄┄┄┄┄┄┄┄┄┄┄┄┄┄┄┄┄┄┄┄┄┄┄┄┄┄┄┄┄┄┄┄┄┄┄┄┄┄┄┄┄┄┄┄┄┄┄┄[0m
[38;5;196m│ ⛔ Execute error: SqfliteFfiException(sqlite_error: 1, , SqliteException(1): while preparing statement, no such table: msg_c2c_fts, SQL logic error (code 1)[0m
[38;5;196m│ ⛔   Causing statement: DELETE FROM msg_c2c_fts WHERE id = ?}) DatabaseException(SqliteException(1): while preparing statement, no such table: msg_c2c_fts, SQL logic error (code 1)[0m
[38;5;196m│ ⛔   Causing statement: DELETE FROM msg_c2c_fts WHERE id = ?) sql 'DELETE FROM msg_c2c_fts WHERE id = ?' args [gd0000000000000pt04] {details: {database: {path: :memory:, id: 1, readOnly: false, singleInstance: false}}}[0m
[38;5;196m└───────────────────────────────────────────────────────────────────────────────────────────────────────────────────────[0m
[FTS] C2C 索引写入失败: SqfliteFfiException(sqlite_error: 1, , SqliteException(1): while preparing statement, no such table: msg_c2c_fts, SQL logic error (code 1)
  Causing statement: DELETE FROM msg_c2c_fts WHERE id = ?}) DatabaseException(SqliteException(1): while preparing statement, no such table: msg_c2c_fts, SQL logic error (code 1)
  Causing statement: DELETE FROM msg_c2c_fts WHERE id = ?) sql 'DELETE FROM msg_c2c_fts WHERE id = ?' args [gd0000000000000pt04] {details: {database: {path: :memory:, id: 1, readOnly: false, singleInstance: false}}}
message_repo/updateWithConditions msg_c2c ; where: id = ? AND status = ?
🚫 [RETRY] 未加密消息不得重发，已拦下: gd0000000000000pt04
message_repo/update msg_c2c ;
清除缓存: msg_c2c, 移除了 0 个缓存条目
✅ [MessageTypeNormalizer] 有效类型: text
❌ [RETRY] 达到最大重试次数，标记消息失败: gd0000000000000pt04
00:00 +22: /Users/leeyi/project/imboy.pub/imboyapp/test/unit_test/service/e2ee/retry_plaintext_guard_integration_test.dart: (tearDownAll)
00:00 +22: /Users/leeyi/project/imboy.pub/imboyapp/test/unit_test/service/e2ee/retry_plaintext_guard_c2g_test.dart: (setUpAll)
🔍 [RETRY_SCAN] 开始扫描失败消息...
[38;5;196m┌───────────────────────────────────────────────────────────────────────────────────────────────────────────────────────[0m
[38;5;196m│ #0   AppLogger.error (package:imboy/service/app_logger.dart:115:18)[0m
[38;5;196m│ #1   SqliteService.query (package:imboy/service/sqlite.dart:894:17)[0m
[38;5;196m├┄┄┄┄┄┄┄┄┄┄┄┄┄┄┄┄┄┄┄┄┄┄┄┄┄┄┄┄┄┄┄┄┄┄┄┄┄┄┄┄┄┄┄┄┄┄┄┄┄┄┄┄┄┄┄┄┄┄┄┄┄┄┄┄┄┄┄┄┄┄┄┄┄┄┄┄┄┄┄┄┄┄┄┄┄┄┄┄┄┄┄┄┄┄┄┄┄┄┄┄┄┄┄┄┄┄┄┄┄┄┄┄┄┄┄┄┄┄┄[0m
[38;5;196m│ ⛔ SQL query error: table=msg_c2c, error=SqfliteFfiException(sqlite_error: 1, , SqliteException(1): while preparing statement, no such table: msg_c2c, SQL logic error (code 1)[0m
[38;5;196m│ ⛔   Causing statement: SELECT auto_id, id, type, from_id, to_id, payload, created_at, is_author, status, conversation_uk3, topic_id, msg_type, "action", e2ee, sender_did FROM msg_c2c WHERE status IN (?,?) AND is_author=? ORDER BY created_at DESC, auto_id DESC LIMIT 100}) DatabaseException(SqliteException(1): while preparing statement, no such table: msg_c2c, SQL logic error (code 1)[0m
[38;5;196m│ ⛔   Causing statement: SELECT auto_id, id, type, from_id, to_id, payload, created_at, is_author, status, conversation_uk3, topic_id, msg_type, "action", e2ee, sender_did FROM msg_c2c WHERE status IN (?,?) AND is_author=? ORDER BY created_at DESC, auto_id DESC LIMIT 100) sql 'SELECT auto_id, id, type, from_id, to_id, payload, created_at, is_author, status, conversation_uk3, topic_id, msg_type, "action", e2ee, sender_did FROM msg_c2c WHERE status IN (?,?) AND is_author=? ORDER BY created_at DESC, auto_id DESC LIMIT 100' args [10, 12, 1] {details: {database: {path: :memory:, id: 1, readOnly: false, singleInstance: false}}}[0m
[38;5;196m└───────────────────────────────────────────────────────────────────────────────────────────────────────────────────────[0m
⚠️ [RETRY_SCAN] 扫描表 c2c 失败: SqfliteFfiException(sqlite_error: 1, , SqliteException(1): while preparing statement, no such table: msg_c2c, SQL logic error (code 1)
  Causing statement: SELECT auto_id, id, type, from_id, to_id, payload, created_at, is_author, status, conversation_uk3, topic_id, msg_type, "action", e2ee, sender_did FROM msg_c2c WHERE status IN (?,?) AND is_author=? ORDER BY created_at DESC, auto_id DESC LIMIT 100}) DatabaseException(SqliteException(1): while preparing statement, no such table: msg_c2c, SQL logic error (code 1)
  Causing statement: SELECT auto_id, id, type, from_id, to_id, payload, created_at, is_author, status, conversation_uk3, topic_id, msg_type, "action", e2ee, sender_did FROM msg_c2c WHERE status IN (?,?) AND is_author=? ORDER BY created_at DESC, auto_id DESC LIMIT 100) sql 'SELECT auto_id, id, type, from_id, to_id, payload, created_at, is_author, status, conversation_uk3, topic_id, msg_type, "action", e2ee, sender_did FROM msg_c2c WHERE status IN (?,?) AND is_author=? ORDER BY created_at DESC, auto_id DESC LIMIT 100' args [10, 12, 1] {details: {database: {path: :memory:, id: 1, readOnly: false, singleInstance: false}}}
[38;5;196m┌───────────────────────────────────────────────────────────────────────────────────────────────────────────────────────[0m
[38;5;196m│ #0   AppLogger.error (package:imboy/service/app_logger.dart:115:18)[0m
[38;5;196m│ #1   SqliteService.query (package:imboy/service/sqlite.dart:894:17)[0m
[38;5;196m├┄┄┄┄┄┄┄┄┄┄┄┄┄┄┄┄┄┄┄┄┄┄┄┄┄┄┄┄┄┄┄┄┄┄┄┄┄┄┄┄┄┄┄┄┄┄┄┄┄┄┄┄┄┄┄┄┄┄┄┄┄┄┄┄┄┄┄┄┄┄┄┄┄┄┄┄┄┄┄┄┄┄┄┄┄┄┄┄┄┄┄┄┄┄┄┄┄┄┄┄┄┄┄┄┄┄┄┄┄┄┄┄┄┄┄┄┄┄┄[0m
[38;5;196m│ ⛔ SQL query error: table=msg_c2s, error=SqfliteFfiException(sqlite_error: 1, , SqliteException(1): while preparing statement, no such table: msg_c2s, SQL logic error (code 1)[0m
[38;5;196m│ ⛔   Causing statement: SELECT auto_id, id, type, from_id, to_id, payload, created_at, is_author, status, conversation_uk3, topic_id, msg_type, "action", e2ee FROM msg_c2s WHERE status IN (?,?) AND is_author=? ORDER BY created_at DESC, auto_id DESC LIMIT 100}) DatabaseException(SqliteException(1): while preparing statement, no such table: msg_c2s, SQL logic error (code 1)[0m
[38;5;196m│ ⛔   Causing statement: SELECT auto_id, id, type, from_id, to_id, payload, created_at, is_author, status, conversation_uk3, topic_id, msg_type, "action", e2ee FROM msg_c2s WHERE status IN (?,?) AND is_author=? ORDER BY created_at DESC, auto_id DESC LIMIT 100) sql 'SELECT auto_id, id, type, from_id, to_id, payload, created_at, is_author, status, conversation_uk3, topic_id, msg_type, "action", e2ee FROM msg_c2s WHERE status IN (?,?) AND is_author=? ORDER BY created_at DESC, auto_id DESC LIMIT 100' args [10, 12, 1] {details: {database: {path: :memory:, id: 1, readOnly: false, singleInstance: false}}}[0m
[38;5;196m└───────────────────────────────────────────────────────────────────────────────────────────────────────────────────────[0m
⚠️ [RETRY_SCAN] 扫描表 c2s 失败: SqfliteFfiException(sqlite_error: 1, , SqliteException(1): while preparing statement, no such table: msg_c2s, SQL logic error (code 1)
  Causing statement: SELECT auto_id, id, type, from_id, to_id, payload, created_at, is_author, status, conversation_uk3, topic_id, msg_type, "action", e2ee FROM msg_c2s WHERE status IN (?,?) AND is_author=? ORDER BY created_at DESC, auto_id DESC LIMIT 100}) DatabaseException(SqliteException(1): while preparing statement, no such table: msg_c2s, SQL logic error (code 1)
  Causing statement: SELECT auto_id, id, type, from_id, to_id, payload, created_at, is_author, status, conversation_uk3, topic_id, msg_type, "action", e2ee FROM msg_c2s WHERE status IN (?,?) AND is_author=? ORDER BY created_at DESC, auto_id DESC LIMIT 100) sql 'SELECT auto_id, id, type, from_id, to_id, payload, created_at, is_author, status, conversation_uk3, topic_id, msg_type, "action", e2ee FROM msg_c2s WHERE status IN (?,?) AND is_author=? ORDER BY created_at DESC, auto_id DESC LIMIT 100' args [10, 12, 1] {details: {database: {path: :memory:, id: 1, readOnly: false, singleInstance: false}}}
📊 [RETRY_SCAN] 扫描完成: 发现 0 条失败消息，添加 0 条到重试队列
00:01 +22: /Users/leeyi/project/imboy.pub/imboyapp/test/unit_test/service/e2ee/retry_plaintext_guard_c2g_test.dart: 重发明文闸门 · C2G 群级 E2EE 分支 实际发送入口：群已开 E2EE 时不受全局 plaintext 绕过
[group_session] 群 90210 E2EE 已开启
00:01 +23: /Users/leeyi/project/imboy.pub/imboyapp/test/unit_test/service/e2ee/retry_plaintext_guard_c2g_test.dart: 重发明文闸门 · C2G 群级 E2EE 分支 对照组：群未开 E2EE + 全局 plaintext → 明文行必须照常重投
清除缓存: msg_c2g, 移除了 0 个缓存条目
消息加入重试队列: gg0000000000000ct01, type=C2G
[38;5;196m┌───────────────────────────────────────────────────────────────────────────────────────────────────────────────────────[0m
[38;5;196m│ #0   AppLogger.error (package:imboy/service/app_logger.dart:115:18)[0m
[38;5;196m│ #1   SqliteService.execute.<anonymous closure> (package:imboy/service/sqlite.dart:831:21)[0m
[38;5;196m├┄┄┄┄┄┄┄┄┄┄┄┄┄┄┄┄┄┄┄┄┄┄┄┄┄┄┄┄┄┄┄┄┄┄┄┄┄┄┄┄┄┄┄┄┄┄┄┄┄┄┄┄┄┄┄┄┄┄┄┄┄┄┄┄┄┄┄┄┄┄┄┄┄┄┄┄┄┄┄┄┄┄┄┄┄┄┄┄┄┄┄┄┄┄┄┄┄┄┄┄┄┄┄┄┄┄┄┄┄┄┄┄┄┄┄┄┄┄┄[0m
[38;5;196m│ ⛔ Execute error: SqfliteFfiException(sqlite_error: 1, , SqliteException(1): while preparing statement, no such table: msg_c2g_fts, SQL logic error (code 1)[0m
[38;5;196m│ ⛔   Causing statement: DELETE FROM msg_c2g_fts WHERE id = ?}) DatabaseException(SqliteException(1): while preparing statement, no such table: msg_c2g_fts, SQL logic error (code 1)[0m
[38;5;196m│ ⛔   Causing statement: DELETE FROM msg_c2g_fts WHERE id = ?) sql 'DELETE FROM msg_c2g_fts WHERE id = ?' args [gg0000000000000ct01] {details: {database: {path: :memory:, id: 1, readOnly: false, singleInstance: false}}}[0m
[38;5;196m└───────────────────────────────────────────────────────────────────────────────────────────────────────────────────────[0m
[FTS] C2G 索引写入失败: SqfliteFfiException(sqlite_error: 1, , SqliteException(1): while preparing statement, no such table: msg_c2g_fts, SQL logic error (code 1)
  Causing statement: DELETE FROM msg_c2g_fts WHERE id = ?}) DatabaseException(SqliteException(1): while preparing statement, no such table: msg_c2g_fts, SQL logic error (code 1)
  Causing statement: DELETE FROM msg_c2g_fts WHERE id = ?) sql 'DELETE FROM msg_c2g_fts WHERE id = ?' args [gg0000000000000ct01] {details: {database: {path: :memory:, id: 1, readOnly: false, singleInstance: false}}}
message_repo/updateWithConditions msg_c2g ; where: id = ? AND status = ?
message_repo/updateWithConditions msg_c2g ; where: id = ? AND status IN (?, ?, ?)
清除缓存: msg_c2g, 移除了 0 个缓存条目
重试发送消息: gg0000000000000ct01, 第1次重试
消息重试已提交，等待确认: gg0000000000000ct01
✅ [MessageTypeNormalizer] 有效类型: text
*** Request ***
uri: http://127.0.0.1:9800/api/v1/user/show?id=1001
method: GET
responseType: ResponseType.json
followRedirects: true
persistentConnection: true
connectTimeout: 0:01:00.000000
sendTimeout: 0:01:00.000000
receiveTimeout: 0:01:00.000000
transformTimeout: null
receiveDataWhenStatusError: true
extra: {}

*** Response ***
uri: http://127.0.0.1:9800/api/v1/user/show?id=1001

00:01 +24: /Users/leeyi/project/imboy.pub/imboyapp/test/unit_test/service/e2ee/retry_plaintext_guard_c2g_test.dart: 重发明文闸门 · C2G 群级 E2EE 分支 群已开 E2EE + 全局 plaintext + 明文行 → 不得出网
[group_session] 群 90210 E2EE 已开启
清除缓存: msg_c2g, 移除了 0 个缓存条目
消息加入重试队列: gg0000000000000ct02, type=C2G
[38;5;196m┌───────────────────────────────────────────────────────────────────────────────────────────────────────────────────────[0m
[38;5;196m│ #0   AppLogger.error (package:imboy/service/app_logger.dart:115:18)[0m
[38;5;196m│ #1   SqliteService.execute.<anonymous closure> (package:imboy/service/sqlite.dart:831:21)[0m
[38;5;196m├┄┄┄┄┄┄┄┄┄┄┄┄┄┄┄┄┄┄┄┄┄┄┄┄┄┄┄┄┄┄┄┄┄┄┄┄┄┄┄┄┄┄┄┄┄┄┄┄┄┄┄┄┄┄┄┄┄┄┄┄┄┄┄┄┄┄┄┄┄┄┄┄┄┄┄┄┄┄┄┄┄┄┄┄┄┄┄┄┄┄┄┄┄┄┄┄┄┄┄┄┄┄┄┄┄┄┄┄┄┄┄┄┄┄┄┄┄┄┄[0m
[38;5;196m│ ⛔ Execute error: SqfliteFfiException(sqlite_error: 1, , SqliteException(1): while preparing statement, no such table: msg_c2g_fts, SQL logic error (code 1)[0m
[38;5;196m│ ⛔   Causing statement: DELETE FROM msg_c2g_fts WHERE id = ?}) DatabaseException(SqliteException(1): while preparing statement, no such table: msg_c2g_fts, SQL logic error (code 1)[0m
[38;5;196m│ ⛔   Causing statement: DELETE FROM msg_c2g_fts WHERE id = ?) sql 'DELETE FROM msg_c2g_fts WHERE id = ?' args [gg0000000000000ct02] {details: {database: {path: :memory:, id: 1, readOnly: false, singleInstance: false}}}[0m
[38;5;196m└───────────────────────────────────────────────────────────────────────────────────────────────────────────────────────[0m
[FTS] C2G 索引写入失败: SqfliteFfiException(sqlite_error: 1, , SqliteException(1): while preparing statement, no such table: msg_c2g_fts, SQL logic error (code 1)
  Causing statement: DELETE FROM msg_c2g_fts WHERE id = ?}) DatabaseException(SqliteException(1): while preparing statement, no such table: msg_c2g_fts, SQL logic error (code 1)
  Causing statement: DELETE FROM msg_c2g_fts WHERE id = ?) sql 'DELETE FROM msg_c2g_fts WHERE id = ?' args [gg0000000000000ct02] {details: {database: {path: :memory:, id: 1, readOnly: false, singleInstance: false}}}
message_repo/updateWithConditions msg_c2g ; where: id = ? AND status = ?
🚫 [RETRY] 未加密消息不得重发，已拦下: gg0000000000000ct02
message_repo/update msg_c2g ;
清除缓存: msg_c2g, 移除了 0 个缓存条目
✅ [MessageTypeNormalizer] 有效类型: text
*** Request ***
uri: http://127.0.0.1:9800/api/v1/user/show?id=1001
method: GET
responseType: ResponseType.json
followRedirects: true
persistentConnection: true
connectTimeout: 0:01:00.000000
sendTimeout: 0:01:00.000000
receiveTimeout: 0:01:00.000000
transformTimeout: null
receiveDataWhenStatusError: true
extra: {}

*** Response ***
uri: http://127.0.0.1:9800/api/v1/user/show?id=1001

❌ [RETRY] 达到最大重试次数，标记消息失败: gg0000000000000ct02
00:01 +25: /Users/leeyi/project/imboy.pub/imboyapp/test/unit_test/service/e2ee/retry_plaintext_guard_c2g_test.dart: 重发明文闸门 · C2G 群级 E2EE 分支 手动重试：群已开 E2EE + 明文行 → 不得出网
[group_session] 群 90210 E2EE 已开启
清除缓存: msg_c2g, 移除了 0 个缓存条目
[38;5;196m┌───────────────────────────────────────────────────────────────────────────────────────────────────────────────────────[0m
[38;5;196m│ #0   AppLogger.error (package:imboy/service/app_logger.dart:115:18)[0m
[38;5;196m│ #1   SqliteService.execute.<anonymous closure> (package:imboy/service/sqlite.dart:831:21)[0m
[38;5;196m├┄┄┄┄┄┄┄┄┄┄┄┄┄┄┄┄┄┄┄┄┄┄┄┄┄┄┄┄┄┄┄┄┄┄┄┄┄┄┄┄┄┄┄┄┄┄┄┄┄┄┄┄┄┄┄┄┄┄┄┄┄┄┄┄┄┄┄┄┄┄┄┄┄┄┄┄┄┄┄┄┄┄┄┄┄┄┄┄┄┄┄┄┄┄┄┄┄┄┄┄┄┄┄┄┄┄┄┄┄┄┄┄┄┄┄┄┄┄┄[0m
[38;5;196m│ ⛔ Execute error: SqfliteFfiException(sqlite_error: 1, , SqliteException(1): while preparing statement, no such table: msg_c2g_fts, SQL logic error (code 1)[0m
[38;5;196m│ ⛔   Causing statement: DELETE FROM msg_c2g_fts WHERE id = ?}) DatabaseException(SqliteException(1): while preparing statement, no such table: msg_c2g_fts, SQL logic error (code 1)[0m
[38;5;196m│ ⛔   Causing statement: DELETE FROM msg_c2g_fts WHERE id = ?) sql 'DELETE FROM msg_c2g_fts WHERE id = ?' args [gg0000000000000ct04] {details: {database: {path: :memory:, id: 1, readOnly: false, singleInstance: false}}}[0m
[38;5;196m└───────────────────────────────────────────────────────────────────────────────────────────────────────────────────────[0m
[FTS] C2G 索引写入失败: SqfliteFfiException(sqlite_error: 1, , SqliteException(1): while preparing statement, no such table: msg_c2g_fts, SQL logic error (code 1)
  Causing statement: DELETE FROM msg_c2g_fts WHERE id = ?}) DatabaseException(SqliteException(1): while preparing statement, no such table: msg_c2g_fts, SQL logic error (code 1)
  Causing statement: DELETE FROM msg_c2g_fts WHERE id = ?) sql 'DELETE FROM msg_c2g_fts WHERE id = ?' args [gg0000000000000ct04] {details: {database: {path: :memory:, id: 1, readOnly: false, singleInstance: false}}}
🚫 [MANUAL_RETRY] 未加密消息不得重发，已拦下: gg0000000000000ct04
00:01 +26: /Users/leeyi/project/imboy.pub/imboyapp/test/unit_test/service/e2ee/retry_plaintext_guard_c2g_test.dart: 重发明文闸门 · C2G 群级 E2EE 分支 正向可用性：群已开 E2EE + 已加密行 → 必须照常重投
[group_session] 群 90210 E2EE 已开启
清除缓存: msg_c2g, 移除了 0 个缓存条目
消息加入重试队列: gg0000000000000ct03, type=C2G
[38;5;196m┌───────────────────────────────────────────────────────────────────────────────────────────────────────────────────────[0m
[38;5;196m│ #0   AppLogger.error (package:imboy/service/app_logger.dart:115:18)[0m
[38;5;196m│ #1   SqliteService.execute.<anonymous closure> (package:imboy/service/sqlite.dart:831:21)[0m
[38;5;196m├┄┄┄┄┄┄┄┄┄┄┄┄┄┄┄┄┄┄┄┄┄┄┄┄┄┄┄┄┄┄┄┄┄┄┄┄┄┄┄┄┄┄┄┄┄┄┄┄┄┄┄┄┄┄┄┄┄┄┄┄┄┄┄┄┄┄┄┄┄┄┄┄┄┄┄┄┄┄┄┄┄┄┄┄┄┄┄┄┄┄┄┄┄┄┄┄┄┄┄┄┄┄┄┄┄┄┄┄┄┄┄┄┄┄┄┄┄┄┄[0m
[38;5;196m│ ⛔ Execute error: SqfliteFfiException(sqlite_error: 1, , SqliteException(1): while preparing statement, no such table: msg_c2g_fts, SQL logic error (code 1)[0m
[38;5;196m│ ⛔   Causing statement: DELETE FROM msg_c2g_fts WHERE id = ?}) DatabaseException(SqliteException(1): while preparing statement, no such table: msg_c2g_fts, SQL logic error (code 1)[0m
[38;5;196m│ ⛔   Causing statement: DELETE FROM msg_c2g_fts WHERE id = ?) sql 'DELETE FROM msg_c2g_fts WHERE id = ?' args [gg0000000000000ct03] {details: {database: {path: :memory:, id: 1, readOnly: false, singleInstance: false}}}[0m
[38;5;196m└───────────────────────────────────────────────────────────────────────────────────────────────────────────────────────[0m
[FTS] C2G 索引写入失败: SqfliteFfiException(sqlite_error: 1, , SqliteException(1): while preparing statement, no such table: msg_c2g_fts, SQL logic error (code 1)
  Causing statement: DELETE FROM msg_c2g_fts WHERE id = ?}) DatabaseException(SqliteException(1): while preparing statement, no such table: msg_c2g_fts, SQL logic error (code 1)
  Causing statement: DELETE FROM msg_c2g_fts WHERE id = ?) sql 'DELETE FROM msg_c2g_fts WHERE id = ?' args [gg0000000000000ct03] {details: {database: {path: :memory:, id: 1, readOnly: false, singleInstance: false}}}
message_repo/updateWithConditions msg_c2g ; where: id = ? AND status = ?
message_repo/updateWithConditions msg_c2g ; where: id = ? AND status IN (?, ?, ?)
清除缓存: msg_c2g, 移除了 0 个缓存条目
重试发送消息: gg0000000000000ct03, 第1次重试
消息重试已提交，等待确认: gg0000000000000ct03
✅ [MessageTypeNormalizer] 有效类型: text
*** Request ***
uri: http://127.0.0.1:9800/api/v1/user/show?id=1001
method: GET
responseType: ResponseType.json
followRedirects: true
persistentConnection: true
connectTimeout: 0:01:00.000000
sendTimeout: 0:01:00.000000
receiveTimeout: 0:01:00.000000
transformTimeout: null
receiveDataWhenStatusError: true
extra: {}

*** Response ***
uri: http://127.0.0.1:9800/api/v1/user/show?id=1001

00:01 +27: /Users/leeyi/project/imboy.pub/imboyapp/test/unit_test/service/e2ee/retry_plaintext_guard_c2g_test.dart: (tearDownAll)
00:01 +27: All tests passed!
