00:00 +0: loading /Users/leeyi/project/imboy.pub/imboyapp/test/unit_test/page/billing/plan_list_page_test.dart
00:00 +0: /Users/leeyi/project/imboy.pub/imboyapp/test/unit_test/page/billing/plan_list_page_test.dart: PL-7 订阅等待期间按钮禁用，失败后恢复可用
00:00 +1: /Users/leeyi/project/imboy.pub/imboyapp/test/unit_test/page/billing/plan_list_page_test.dart: PL-7 订阅等待期间按钮禁用，失败后恢复可用
00:00 +2: /Users/leeyi/project/imboy.pub/imboyapp/test/unit_test/page/billing/plan_list_page_test.dart: PL-7 订阅等待期间按钮禁用，失败后恢复可用
00:00 +3: /Users/leeyi/project/imboy.pub/imboyapp/test/unit_test/page/billing/plan_list_page_test.dart: PL-7 订阅等待期间按钮禁用，失败后恢复可用
00:00 +4: /Users/leeyi/project/imboy.pub/imboyapp/test/unit_test/page/billing/plan_list_page_test.dart: PL-7 订阅等待期间按钮禁用，失败后恢复可用
00:00 +5: /Users/leeyi/project/imboy.pub/imboyapp/test/unit_test/page/billing/plan_list_page_test.dart: PL-7 订阅等待期间按钮禁用，失败后恢复可用
00:00 +6: /Users/leeyi/project/imboy.pub/imboyapp/test/unit_test/page/billing/plan_list_page_test.dart: PL-7 订阅等待期间按钮禁用，失败后恢复可用
00:00 +7: /Users/leeyi/project/imboy.pub/imboyapp/test/unit_test/page/billing/plan_list_page_test.dart: PL-7 订阅等待期间按钮禁用，失败后恢复可用
00:00 +8: /Users/leeyi/project/imboy.pub/imboyapp/test/unit_test/page/billing/plan_list_page_test.dart: PL-7 订阅等待期间按钮禁用，失败后恢复可用
00:00 +9: /Users/leeyi/project/imboy.pub/imboyapp/test/unit_test/page/billing/plan_list_page_test.dart: PL-7 订阅等待期间按钮禁用，失败后恢复可用
00:00 +10: /Users/leeyi/project/imboy.pub/imboyapp/test/unit_test/page/billing/plan_list_page_test.dart: PL-7 订阅等待期间按钮禁用，失败后恢复可用
00:00 +11: /Users/leeyi/project/imboy.pub/imboyapp/test/unit_test/page/billing/plan_list_page_test.dart: PL-7 订阅等待期间按钮禁用，失败后恢复可用
00:00 +12: /Users/leeyi/project/imboy.pub/imboyapp/test/unit_test/page/billing/plan_list_page_test.dart: PL-7 订阅等待期间按钮禁用，失败后恢复可用
00:00 +13: /Users/leeyi/project/imboy.pub/imboyapp/test/unit_test/page/billing/plan_list_page_test.dart: PL-7 订阅等待期间按钮禁用，失败后恢复可用
00:00 +14: /Users/leeyi/project/imboy.pub/imboyapp/test/unit_test/page/billing/plan_list_page_test.dart: PL-7 订阅等待期间按钮禁用，失败后恢复可用
00:00 +15: /Users/leeyi/project/imboy.pub/imboyapp/test/unit_test/page/billing/plan_list_page_test.dart: PL-7 订阅等待期间按钮禁用，失败后恢复可用
00:00 +16: /Users/leeyi/project/imboy.pub/imboyapp/test/unit_test/page/billing/plan_list_page_test.dart: PL-7 订阅等待期间按钮禁用，失败后恢复可用
00:00 +17: /Users/leeyi/project/imboy.pub/imboyapp/test/unit_test/page/billing/plan_list_page_test.dart: PL-7 订阅等待期间按钮禁用，失败后恢复可用
00:00 +18: /Users/leeyi/project/imboy.pub/imboyapp/test/unit_test/page/billing/plan_list_page_test.dart: PL-7 订阅等待期间按钮禁用，失败后恢复可用
00:00 +19: /Users/leeyi/project/imboy.pub/imboyapp/test/unit_test/page/billing/plan_list_page_test.dart: PL-7 订阅等待期间按钮禁用，失败后恢复可用
00:00 +20: /Users/leeyi/project/imboy.pub/imboyapp/test/unit_test/page/billing/plan_list_page_test.dart: PL-7 订阅等待期间按钮禁用，失败后恢复可用
00:00 +21: /Users/leeyi/project/imboy.pub/imboyapp/test/unit_test/page/billing/plan_list_page_test.dart: PL-7 订阅等待期间按钮禁用，失败后恢复可用
00:00 +22: /Users/leeyi/project/imboy.pub/imboyapp/test/unit_test/page/billing/plan_list_page_test.dart: PL-7 订阅等待期间按钮禁用，失败后恢复可用
00:00 +23: /Users/leeyi/project/imboy.pub/imboyapp/test/unit_test/page/billing/plan_list_page_test.dart: PL-7 订阅等待期间按钮禁用，失败后恢复可用
00:00 +24: /Users/leeyi/project/imboy.pub/imboyapp/test/unit_test/page/billing/plan_list_page_test.dart: PL-7 订阅等待期间按钮禁用，失败后恢复可用
00:00 +25: /Users/leeyi/project/imboy.pub/imboyapp/test/unit_test/page/billing/plan_list_page_test.dart: PL-7 订阅等待期间按钮禁用，失败后恢复可用
00:00 +26: /Users/leeyi/project/imboy.pub/imboyapp/test/unit_test/page/billing/plan_list_page_test.dart: PL-7 订阅等待期间按钮禁用，失败后恢复可用
00:00 +27: /Users/leeyi/project/imboy.pub/imboyapp/test/unit_test/page/billing/plan_list_page_test.dart: PL-7 订阅等待期间按钮禁用，失败后恢复可用
00:00 +28: /Users/leeyi/project/imboy.pub/imboyapp/test/unit_test/page/billing/billing_provider_test.dart: BillingNotifier.subscribePlan BP-6 第三方 success → 唤起后轮询入账 → true
00:00 +29: /Users/leeyi/project/imboy.pub/imboyapp/test/unit_test/page/billing/plan_list_page_test.dart: PL-8 订阅异常结束加载并恢复按钮
[38;5;196m┌───────────────────────────────────────────────────────────────────────────────────────────────────────────────────────[0m
[38;5;196m│ #0   AppLogger.error (package:imboy/service/app_logger.dart:115:18)[0m
[38;5;196m│ #1   _PlanListPageState._doSubscribe (package:imboy/page/billing/plan_list_page.dart:86:17)[0m
[38;5;196m├┄┄┄┄┄┄┄┄┄┄┄┄┄┄┄┄┄┄┄┄┄┄┄┄┄┄┄┄┄┄┄┄┄┄┄┄┄┄┄┄┄┄┄┄┄┄┄┄┄┄┄┄┄┄┄┄┄┄┄┄┄┄┄┄┄┄┄┄┄┄┄┄┄┄┄┄┄┄┄┄┄┄┄┄┄┄┄┄┄┄┄┄┄┄┄┄┄┄┄┄┄┄┄┄┄┄┄┄┄┄┄┄┄┄┄┄┄┄┄[0m
[38;5;196m│ ⛔ [billing] subscription failed: _Exception[0m
[38;5;196m└───────────────────────────────────────────────────────────────────────────────────────────────────────────────────────[0m
00:00 +30: /Users/leeyi/project/imboy.pub/imboyapp/test/unit_test/page/billing/billing_provider_test.dart: BillingNotifier.subscribePlan BP-7 第三方第二拍才入账 → 轮询重试命中 → true
00:00 +31: /Users/leeyi/project/imboy.pub/imboyapp/test/unit_test/page/billing/billing_provider_test.dart: BillingNotifier.subscribePlan BP-7 第三方第二拍才入账 → 轮询重试命中 → true
00:00 +32: /Users/leeyi/project/imboy.pub/imboyapp/test/unit_test/page/billing/billing_provider_test.dart: BillingNotifier.subscribePlan BP-7 第三方第二拍才入账 → 轮询重试命中 → true
00:00 +33: /Users/leeyi/project/imboy.pub/imboyapp/test/unit_test/page/billing/billing_provider_test.dart: BillingNotifier.subscribePlan BP-7 第三方第二拍才入账 → 轮询重试命中 → true
00:00 +34: /Users/leeyi/project/imboy.pub/imboyapp/test/unit_test/page/billing/billing_provider_test.dart: BillingNotifier.subscribePlan BP-7 第三方第二拍才入账 → 轮询重试命中 → true
00:00 +35: /Users/leeyi/project/imboy.pub/imboyapp/test/unit_test/page/billing/billing_provider_test.dart: BillingNotifier.subscribePlan BP-7 第三方第二拍才入账 → 轮询重试命中 → true
00:00 +35: /Users/leeyi/project/imboy.pub/imboyapp/test/unit_test/page/billing/plan_list_page_test.dart: PL-5 请求异常后结束加载，重试可恢复空态
[BillingNotifier] plan load failed: _Exception
00:00 +36: /Users/leeyi/project/imboy.pub/imboyapp/test/unit_test/page/billing/billing_provider_test.dart: BillingNotifier.subscribePlan BP-7 第三方第二拍才入账 → 轮询重试命中 → true
00:00 +36: /Users/leeyi/project/imboy.pub/imboyapp/test/unit_test/service/payment_launcher_test.dart: 支付宝 SDK 异常日志不输出错误原文或签名参数
[38;5;196m┌───────────────────────────────────────────────────────────────────────────────────────────────────────────────────────[0m
[38;5;196m│ #0   AppLogger.error (package:imboy/service/app_logger.dart:115:18)[0m
[38;5;196m│ #1   PaymentLauncher.launchAlipay (package:imboy/service/payment_launcher.dart:84:17)[0m
[38;5;196m├┄┄┄┄┄┄┄┄┄┄┄┄┄┄┄┄┄┄┄┄┄┄┄┄┄┄┄┄┄┄┄┄┄┄┄┄┄┄┄┄┄┄┄┄┄┄┄┄┄┄┄┄┄┄┄┄┄┄┄┄┄┄┄┄┄┄┄┄┄┄┄┄┄┄┄┄┄┄┄┄┄┄┄┄┄┄┄┄┄┄┄┄┄┄┄┄┄┄┄┄┄┄┄┄┄┄┄┄┄┄┄┄┄┄┄┄┄┄┄[0m
[38;5;196m│ ⛔ [PaymentLauncher] alipay launch failed: StateError[0m
[38;5;196m└───────────────────────────────────────────────────────────────────────────────────────────────────────────────────────[0m
00:00 +37: /Users/leeyi/project/imboy.pub/imboyapp/test/unit_test/page/billing/billing_provider_test.dart: BillingNotifier.subscribePlan BP-7 第三方第二拍才入账 → 轮询重试命中 → true
00:00 +38: /Users/leeyi/project/imboy.pub/imboyapp/test/unit_test/page/billing/billing_provider_test.dart: BillingNotifier.subscribePlan BP-7 第三方第二拍才入账 → 轮询重试命中 → true
00:00 +39: /Users/leeyi/project/imboy.pub/imboyapp/test/unit_test/page/billing/billing_provider_test.dart: BillingNotifier.subscribePlan BP-7 第三方第二拍才入账 → 轮询重试命中 → true
00:00 +40: /Users/leeyi/project/imboy.pub/imboyapp/test/unit_test/page/billing/billing_provider_test.dart: BillingNotifier.subscribePlan BP-7 第三方第二拍才入账 → 轮询重试命中 → true
00:00 +41: /Users/leeyi/project/imboy.pub/imboyapp/test/unit_test/page/billing/billing_provider_test.dart: BillingNotifier.subscribePlan BP-7 第三方第二拍才入账 → 轮询重试命中 → true
00:00 +42: /Users/leeyi/project/imboy.pub/imboyapp/test/unit_test/page/billing/billing_provider_test.dart: BillingNotifier.subscribePlan BP-7 第三方第二拍才入账 → 轮询重试命中 → true
00:00 +43: /Users/leeyi/project/imboy.pub/imboyapp/test/unit_test/page/billing/billing_provider_test.dart: BillingNotifier.subscribePlan BP-7 第三方第二拍才入账 → 轮询重试命中 → true
00:00 +44: /Users/leeyi/project/imboy.pub/imboyapp/test/unit_test/page/billing/billing_provider_test.dart: BillingNotifier.subscribePlan BP-7 第三方第二拍才入账 → 轮询重试命中 → true
00:00 +45: /Users/leeyi/project/imboy.pub/imboyapp/test/unit_test/page/billing/billing_provider_test.dart: BillingNotifier.subscribePlan BP-7 第三方第二拍才入账 → 轮询重试命中 → true
00:00 +46: /Users/leeyi/project/imboy.pub/imboyapp/test/unit_test/page/billing/billing_provider_test.dart: BillingNotifier.subscribePlan BP-7 第三方第二拍才入账 → 轮询重试命中 → true
00:00 +47: /Users/leeyi/project/imboy.pub/imboyapp/test/unit_test/page/billing/billing_provider_test.dart: BillingNotifier.subscribePlan BP-7 第三方第二拍才入账 → 轮询重试命中 → true
00:00 +48: /Users/leeyi/project/imboy.pub/imboyapp/test/unit_test/page/billing/billing_provider_test.dart: BillingNotifier.subscribePlan BP-7 第三方第二拍才入账 → 轮询重试命中 → true
00:00 +49: /Users/leeyi/project/imboy.pub/imboyapp/test/unit_test/page/billing/billing_provider_test.dart: BillingNotifier.subscribePlan BP-7 第三方第二拍才入账 → 轮询重试命中 → true
00:00 +50: /Users/leeyi/project/imboy.pub/imboyapp/test/unit_test/page/billing/billing_provider_test.dart: BillingNotifier.subscribePlan BP-7 第三方第二拍才入账 → 轮询重试命中 → true
00:00 +51: /Users/leeyi/project/imboy.pub/imboyapp/test/unit_test/page/billing/billing_provider_test.dart: BillingNotifier.subscribePlan BP-7 第三方第二拍才入账 → 轮询重试命中 → true
00:00 +52: /Users/leeyi/project/imboy.pub/imboyapp/test/unit_test/page/billing/billing_provider_test.dart: BillingNotifier.subscribePlan BP-7 第三方第二拍才入账 → 轮询重试命中 → true
00:00 +53: /Users/leeyi/project/imboy.pub/imboyapp/test/unit_test/page/billing/billing_provider_test.dart: BillingNotifier.subscribePlan BP-7 第三方第二拍才入账 → 轮询重试命中 → true
00:00 +54: /Users/leeyi/project/imboy.pub/imboyapp/test/unit_test/page/billing/billing_provider_test.dart: BillingNotifier.subscribePlan BP-7 第三方第二拍才入账 → 轮询重试命中 → true
00:00 +55: /Users/leeyi/project/imboy.pub/imboyapp/test/unit_test/page/billing/billing_provider_test.dart: BillingNotifier.subscribePlan BP-7 第三方第二拍才入账 → 轮询重试命中 → true
00:00 +56: /Users/leeyi/project/imboy.pub/imboyapp/test/unit_test/page/billing/billing_provider_test.dart: BillingNotifier.subscribePlan BP-7 第三方第二拍才入账 → 轮询重试命中 → true
00:00 +57: /Users/leeyi/project/imboy.pub/imboyapp/test/unit_test/page/billing/billing_provider_test.dart: BillingNotifier.subscribePlan BP-7 第三方第二拍才入账 → 轮询重试命中 → true
00:00 +58: /Users/leeyi/project/imboy.pub/imboyapp/test/unit_test/page/billing/billing_provider_test.dart: BillingNotifier.subscribePlan BP-7 第三方第二拍才入账 → 轮询重试命中 → true
00:00 +59: /Users/leeyi/project/imboy.pub/imboyapp/test/unit_test/page/billing/billing_provider_test.dart: BillingNotifier.subscribePlan BP-7 第三方第二拍才入账 → 轮询重试命中 → true
00:00 +60: /Users/leeyi/project/imboy.pub/imboyapp/test/unit_test/page/billing/billing_provider_test.dart: BillingNotifier.subscribePlan BP-7 第三方第二拍才入账 → 轮询重试命中 → true
00:00 +61: /Users/leeyi/project/imboy.pub/imboyapp/test/unit_test/page/billing/billing_provider_test.dart: BillingNotifier.subscribePlan BP-7 第三方第二拍才入账 → 轮询重试命中 → true
00:01 +62: /Users/leeyi/project/imboy.pub/imboyapp/test/unit_test/page/billing/billing_provider_test.dart: BillingNotifier.subscribePlan BP-7 第三方第二拍才入账 → 轮询重试命中 → true
00:01 +63: /Users/leeyi/project/imboy.pub/imboyapp/test/unit_test/page/billing/billing_provider_test.dart: BillingNotifier.subscribePlan BP-7 第三方第二拍才入账 → 轮询重试命中 → true
00:01 +64: /Users/leeyi/project/imboy.pub/imboyapp/test/unit_test/page/billing/billing_provider_test.dart: BillingNotifier.subscribePlan BP-7 第三方第二拍才入账 → 轮询重试命中 → true
00:01 +65: /Users/leeyi/project/imboy.pub/imboyapp/test/unit_test/page/billing/billing_provider_test.dart: BillingNotifier.subscribePlan BP-7 第三方第二拍才入账 → 轮询重试命中 → true
00:01 +66: /Users/leeyi/project/imboy.pub/imboyapp/test/unit_test/page/billing/billing_provider_test.dart: BillingNotifier.subscribePlan BP-7 第三方第二拍才入账 → 轮询重试命中 → true
00:01 +67: /Users/leeyi/project/imboy.pub/imboyapp/test/unit_test/page/billing/billing_provider_test.dart: BillingNotifier.subscribePlan BP-7 第三方第二拍才入账 → 轮询重试命中 → true
00:01 +68: /Users/leeyi/project/imboy.pub/imboyapp/test/unit_test/page/billing/billing_provider_test.dart: BillingNotifier.subscribePlan BP-7 第三方第二拍才入账 → 轮询重试命中 → true
00:01 +69: /Users/leeyi/project/imboy.pub/imboyapp/test/unit_test/page/billing/billing_provider_test.dart: BillingNotifier.subscribePlan BP-7 第三方第二拍才入账 → 轮询重试命中 → true
00:01 +70: /Users/leeyi/project/imboy.pub/imboyapp/test/unit_test/page/billing/billing_provider_test.dart: BillingNotifier.subscribePlan BP-7 第三方第二拍才入账 → 轮询重试命中 → true
00:01 +71: /Users/leeyi/project/imboy.pub/imboyapp/test/unit_test/page/billing/billing_provider_test.dart: BillingNotifier.subscribePlan BP-7 第三方第二拍才入账 → 轮询重试命中 → true
00:01 +72: /Users/leeyi/project/imboy.pub/imboyapp/test/unit_test/page/billing/billing_provider_test.dart: BillingNotifier.subscribePlan BP-7 第三方第二拍才入账 → 轮询重试命中 → true
00:01 +73: /Users/leeyi/project/imboy.pub/imboyapp/test/unit_test/page/billing/billing_provider_test.dart: BillingNotifier.subscribePlan BP-7 第三方第二拍才入账 → 轮询重试命中 → true
00:01 +74: /Users/leeyi/project/imboy.pub/imboyapp/test/unit_test/page/billing/billing_provider_test.dart: BillingNotifier.subscribePlan BP-7 第三方第二拍才入账 → 轮询重试命中 → true
00:01 +75: /Users/leeyi/project/imboy.pub/imboyapp/test/unit_test/page/billing/billing_provider_test.dart: BillingNotifier.subscribePlan BP-7 第三方第二拍才入账 → 轮询重试命中 → true
00:01 +76: /Users/leeyi/project/imboy.pub/imboyapp/test/unit_test/page/billing/billing_provider_test.dart: BillingNotifier.subscribePlan BP-7 第三方第二拍才入账 → 轮询重试命中 → true
00:01 +77: /Users/leeyi/project/imboy.pub/imboyapp/test/unit_test/page/billing/billing_provider_test.dart: BillingNotifier.subscribePlan BP-7 第三方第二拍才入账 → 轮询重试命中 → true
00:01 +78: /Users/leeyi/project/imboy.pub/imboyapp/test/unit_test/page/billing/billing_provider_test.dart: BillingNotifier.subscribePlan BP-7 第三方第二拍才入账 → 轮询重试命中 → true
00:01 +79: /Users/leeyi/project/imboy.pub/imboyapp/test/unit_test/page/billing/billing_provider_test.dart: BillingNotifier.subscribePlan BP-8 第三方 cancelled → false 且不轮询
00:01 +80: /Users/leeyi/project/imboy.pub/imboyapp/test/unit_test/page/billing/billing_provider_test.dart: BillingNotifier.subscribePlan BP-9 第三方 notConfigured（后端未下发 pay_params）→ false、不轮询
00:01 +81: /Users/leeyi/project/imboy.pub/imboyapp/test/unit_test/page/billing/billing_provider_test.dart: BillingNotifier.subscribePlan BP-10 完成后 paying 复位；进行中重入直接 false
00:01 +82: /Users/leeyi/project/imboy.pub/imboyapp/test/unit_test/service/e2ee/logging_privacy_guard_test.dart: 消息链路日志不得记录原始帧、明文 payload 或完整会话对象
00:01 +83: /Users/leeyi/project/imboy.pub/imboyapp/test/unit_test/service/e2ee/logging_privacy_guard_test.dart: E2EE 服务异常日志保留稳定标识（异常 runtimeType）用于诊断
00:01 +84: All tests passed!
