00:00 +0: loading /Users/leeyi/project/imboy.pub/imboyapp/test/unit_test/service/e2ee/logging_privacy_guard_test.dart
00:00 +0: 消息链路日志不得记录原始帧、明文 payload 或完整会话对象
00:00 +0 -1: 消息链路日志不得记录原始帧、明文 payload 或完整会话对象 [E]
  Expected: not contains 'DeviceExt/detail Web: $deviceId'
    Actual: 'import \'dart:convert\';\n'
              'import \'dart:io\';\n'
              '\n'
              'import \'package:device_info_plus/device_info_plus.dart\';\n'
              'import \'package:flutter/foundation.dart\' show kIsWeb;\n'
              'import \'package:imboy/component/helper/func.dart\';\n'
              '\n'
              '// 条件导入：在非 Web 平台使用存根，避免 dart:js_interop 错误\n'
              'import \'device_ext_web_stub.dart\' if (dart.library.html) \'device_ext_web.dart\';\n'
              '\n'
              '/// 设备信息扩展\n'
              '///\n'
              '/// 迁移说明：\n'
              '/// - 已移除 GetX 依赖\n'
              '/// - 使用单例模式替代 Get.find()\n'
              '/// - 支持 Web 平台\n'
              'class DeviceExt extends DeviceInfoPlugin {\n'
              '  static DeviceExt? _instance;\n'
              '  static DeviceExt get to {\n'
              '    _instance ??= DeviceExt();\n'
              '    return _instance!;\n'
              '  }\n'
              '\n'
              '  static Future<String> get did async {\n'
              '    final Map<String, dynamic>? info = await to.detail;\n'
              '    return info!["did"] as String;\n'
              '  }\n'
              '\n'
              '  Future<Map<String, dynamic>?> get detail async {\n'
              '    // 👇 Web 平台设备信息\n'
              '    if (kIsWeb) {\n'
              '      final browser = webBrowser;\n'
              '      final userAgent = browser.userAgent;\n'
              '      final screenWidth = browser.screenWidth;\n'
              '      final screenHeight = browser.screenHeight;\n'
              '      final language = browser.language;\n'
              '\n'
              '      // 生成唯一的设备 ID（使用 localStorage 持久化）\n'
              '      String? deviceId = browser.getItem(\'web_device_id\');\n'
              '      if (deviceId == null || deviceId.isEmpty) {\n'
              '        final newDeviceId =\n'
              '            \'web_${DateTime.now().millisecondsSinceEpoch}_${_generateRandomString(8)}\';\n'
              '        browser.setItem(\'web_device_id\', newDeviceId);\n'
              '        deviceId = newDeviceId;\n'
              '      }\n'
              '\n'
              '      iPrint("DeviceExt/detail Web: $deviceId");\n'
              '\n'
              '      return {\n'
              '        "cos": "web",\n'
              '        "did": deviceId,\n'
              '        "id": deviceId, // 👈 后端期望的 id 字段\n'
              '        "deviceName": "Web Browser",\n'
              '        "deviceVersion": json.encode({\n'
              '          \'userAgent\': userAgent,\n'
              '          \'language\': language,\n'
              '          \'screenWidth\': screenWidth,\n'
              '          \'screenHeight\': screenHeight,\n'
              '          \'platform\': browser.platform,\n'
              '          \'vendor\': browser.vendor,\n'
              '          \'cookieEnabled\': browser.cookieEnabled,\n'
              '          \'onLine\': browser.onLine,\n'
              '        }),\n'
              '      };\n'
              '    }\n'
              '\n'
              '    // 👇 移动端/桌面端设备信息\n'
              '    if (Platform.isAndroid) {\n'
              '      var data = await androidInfo;\n'
              '      iPrint("DeviceExt/detail ${data.id}, ${data.toString()}");\n'
              '      return {\n'
              '        "cos": "android",\n'
              '        "did": data.id,\n'
              '        "deviceName": data.model,\n'
              '        "deviceVersion": json.encode({\n'
              '          \'version.securityPatch\': data.version.securityPatch,\n'
              '          \'version.sdkInt\': data.version.sdkInt,\n'
              '          \'version.release\': data.version.release,\n'
              '          \'version.previewSdkInt\': data.version.previewSdkInt,\n'
              '          \'version.incremental\': data.version.incremental,\n'
              '          \'version.codename\': data.version.codename,\n'
              '          \'version.baseOS\': data.version.baseOS,\n'
              '          \'board\': data.board,\n'
              '          \'bootloader\': data.bootloader,\n'
              '          \'brand\': data.brand,\n'
              '          \'device\': data.device,\n'
              '          \'display\': data.display,\n'
              '          \'fingerprint\': data.fingerprint,\n'
              '          \'hardware\': data.hardware,\n'
              '          \'host\': data.host,\n'
              '          \'id\': data.id,\n'
              '          \'manufacturer\': data.manufacturer,\n'
              '          \'model\': data.model,\n'
              '          \'product\': data.product,\n'
              '          \'supported32BitAbis\': data.supported32BitAbis,\n'
              '          \'supported64BitAbis\': data.supported64BitAbis,\n'
              '          \'supportedAbis\': data.supportedAbis,\n'
              '          \'tags\': data.tags,\n'
              '          \'type\': data.type,\n'
              '          \'isPhysicalDevice\': data.isPhysicalDevice,\n'
              '          \'systemFeatures\': data.systemFeatures,\n'
              '        }),\n'
              '      };\n'
              '\n'
              '      //UUID for Android\n'
              '    } else if (Platform.isIOS) {\n'
              '      var data = await iosInfo;\n'
              '      return {\n'
              '        "cos": "ios",\n'
              '        "did": data.identifierForVendor,\n'
              '        "deviceName": data.name,\n'
              '        "deviceVersion": json.encode({\n'
              '          \'systemVersion\': data.systemVersion,\n'
              '          \'model\': data.model,\n'
              '          \'localizedModel\': data.localizedModel,\n'
              '          \'identifierForVendor\': data.identifierForVendor,\n'
              '          \'isPhysicalDevice\': data.isPhysicalDevice,\n'
              '          \'utsname.sysname:\': data.utsname.sysname,\n'
              '          \'utsname.nodename:\': data.utsname.nodename,\n'
              '          \'utsname.release:\': data.utsname.release,\n'
              '          \'utsname.version:\': data.utsname.version,\n'
              '          \'utsname.machine:\': data.utsname.machine,\n'
              '        }),\n'
              '      };\n'
              '    } else if (Platform.isMacOS) {\n'
              '      var data = await macOsInfo;\n'
              '      return {\n'
              '        "cos": "macos",\n'
              '        "did": data.systemGUID,\n'
              '        "deviceName": data.model,\n'
              '        "deviceVersion": json.encode({\n'
              '          \'kernelVersion\': data.kernelVersion,\n'
              '          \'computerName\': data.computerName,\n'
              '          \'hostName\': data.hostName,\n'
              '          \'arch\': data.arch,\n'
              '          \'osRelease\': data.osRelease,\n'
              '          \'activeCPUs\': data.activeCPUs,\n'
              '          \'memorySize\': data.memorySize,\n'
              '          \'cpuFrequency\': data.cpuFrequency,\n'
              '          \'systemGUID\': data.systemGUID,\n'
              '        }),\n'
              '      };\n'
              '    } else if (Platform.isLinux) {\n'
              '      var data = await linuxInfo;\n'
              '      return {\n'
              '        "cos": "linux",\n'
              '        "did": data.id,\n'
              '        "deviceName": data.name,\n'
              '        "deviceVersion": json.encode({\n'
              '          \'version\': data.version,\n'
              '          \'idLike\': data.idLike,\n'
              '          \'versionCodename\': data.versionCodename,\n'
              '          \'versionId\': data.versionId,\n'
              '          \'prettyName\': data.prettyName,\n'
              '          \'buildId\': data.buildId,\n'
              '          \'variant\': data.variant,\n'
              '          \'variantId\': data.variantId,\n'
              '          \'machineId\': data.machineId,\n'
              '        }),\n'
              '      };\n'
              '    } else if (Platform.isWindows) {\n'
              '      var data = await windowsInfo;\n'
              '      return {\n'
              '        "cos": "windows",\n'
              '        "did": data.deviceId,\n'
              '        "deviceName": data.productName,\n'
              '        "deviceVersion": json.encode({\n'
              '          \'computerName\': data.computerName,\n'
              '          \'numberOfCores\': data.numberOfCores,\n'
              '          \'systemMemoryInMegabytes\': data.systemMemoryInMegabytes,\n'
              '          \'userName\': data.userName,\n'
              '          \'majorVersion\': data.majorVersion,\n'
              '          \'minorVersion\': data.minorVersion,\n'
              '          \'buildNumber\': data.buildNumber,\n'
              '          \'platformId\': data.platformId,\n'
              '          \'csdVersion\': data.csdVersion,\n'
              '          \'servicePackMajor\': data.servicePackMajor,\n'
              '          \'servicePackMinor\': data.servicePackMinor,\n'
              '          \'suitMask\': data.suitMask,\n'
              '          \'productType\': data.productType,\n'
              '          \'reserved\': data.reserved,\n'
              '          \'buildLab\': data.buildLab,\n'
              '          \'buildLabEx\': data.buildLabEx,\n'
              '          \'digitalProductId\': data.digitalProductId,\n'
              '          \'displayVersion\': data.displayVersion,\n'
              '          \'editionId\': data.editionId,\n'
              '          \'installDate\': data.installDate,\n'
              '          \'productId\': data.productId,\n'
              '          \'productName\': data.productName,\n'
              '          \'registeredOwner\': data.registeredOwner,\n'
              '          \'releaseId\': data.releaseId,\n'
              '          \'deviceId\': data.deviceId,\n'
              '        }),\n'
              '      };\n'
              '    }\n'
              '    return {};\n'
              '  }\n'
              '\n'
              '  /// 生成随机字符串（用于 Web 设备 ID）\n'
              '  String _generateRandomString(int length) {\n'
              '    const chars = \'abcdefghijklmnopqrstuvwxyz0123456789\';\n'
              '    final random = DateTime.now().millisecondsSinceEpoch;\n'
              '    final sb = StringBuffer();\n'
              '    for (int i = 0; i < length; i++) {\n'
              '      sb.write(chars[(random + i) % chars.length]);\n'
              '    }\n'
              '    return sb.toString();\n'
              '  }\n'
              '}\n'
              ''
  lib/component/extension/device_ext.dart 重新引入了敏感日志: DeviceExt/detail Web: $deviceId
  
  package:matcher                                                   expect
  package:flutter_test/src/widget_tester.dart 473:18                expect
  test/unit_test/service/e2ee/logging_privacy_guard_test.dart 90:9  main.<fn>
  
00:00 +0 -1: E2EE 服务异常日志保留稳定标识（异常 runtimeType）用于诊断
00:00 +1 -1: Some tests failed.

Failing tests:
  /Users/leeyi/project/imboy.pub/imboyapp/test/unit_test/service/e2ee/logging_privacy_guard_test.dart: 消息链路日志不得记录原始帧、明文 payload 或完整会话对象
