00:00 +0: loading /Users/leeyi/project/imboy.pub/imboyapp/test/unit_test/service/e2ee/e2ee_bootstrap_test.dart
00:00 +0: /Users/leeyi/project/imboy.pub/imboyapp/test/unit_test/service/e2ee/e2ee_bootstrap_test.dart: 后台信任失效失败不输出异常原文且不打断事件流
00:00 +0 -1: /Users/leeyi/project/imboy.pub/imboyapp/test/unit_test/service/e2ee/e2ee_bootstrap_test.dart: 后台信任失效失败不输出异常原文且不打断事件流 [E]
  Expected: contains '[E2eeBootstrap] trust invalidation failed: StateError'
    Actual: [
              '[E2eeBootstrap] trust invalidation failed: Bad state: synthetic-private-trust-user-key'
            ]
     Which: does not contain '[E2eeBootstrap] trust invalidation failed: StateError'
  
  package:matcher                                            expect
  package:flutter_test/src/widget_tester.dart 473:18         expect
  test/unit_test/service/e2ee/e2ee_bootstrap_test.dart 30:5  main.<fn>
  
00:00 +0 -1: /Users/leeyi/project/imboy.pub/imboyapp/test/unit_test/service/e2ee/e2ee_bootstrap_test.dart: BUG#72 ensureReady 必须初始化所有已注册协议 每个注册实现都收到 initialize（含 userId / deviceId）
00:00 +1 -1: /Users/leeyi/project/imboy.pub/imboyapp/test/unit_test/service/e2ee/e2ee_bootstrap_test.dart: E2eeBootstrap.ensureRegistered 注册 olm/megolm/rsa-oaep 三套件，不含 mls（ADR 02 §8 占位）
00:00 +2 -1: /Users/leeyi/project/imboy.pub/imboyapp/test/unit_test/service/e2ee/e2ee_bootstrap_test.dart: E2eeBootstrap.ensureRegistered 幂等：重复 ensureRegistered 不抛（不重复注册）
00:00 +3 -1: /Users/leeyi/project/imboy.pub/imboyapp/test/unit_test/service/e2ee/e2ee_bootstrap_test.dart: E2eeBootstrap.ensureRegistered 3 种 v1 legacy 字符串各路由到正确协议实现
00:00 +4 -1: /Users/leeyi/project/imboy.pub/imboyapp/test/unit_test/service/e2ee/e2ee_bootstrap_test.dart: E2eeBootstrap.ensureRegistered v2 三元组路由（双写消息优先按 protocol）
00:00 +5 -1: /Users/leeyi/project/imboy.pub/imboyapp/test/unit_test/service/e2ee/e2ee_bootstrap_test.dart: E2eeBootstrap.ensureRegistered 未知套件抛 FormatException（不静默 fallback，ADR 02 §4.3）
00:00 +6 -1: /Users/leeyi/project/imboy.pub/imboyapp/test/unit_test/service/e2ee/e2ee_bootstrap_test.dart: E2eeBootstrap.ensureRegistered RsaLegacyProtocol.encrypt 抛 UnsupportedError（ADR 02 §5.2 防降级）
00:00 +7 -1: /Users/leeyi/project/imboy.pub/imboyapp/test/unit_test/service/e2ee/logging_privacy_guard_test.dart: 消息链路日志不得记录原始帧、明文 payload 或完整会话对象
00:00 +7 -2: /Users/leeyi/project/imboy.pub/imboyapp/test/unit_test/service/e2ee/logging_privacy_guard_test.dart: 消息链路日志不得记录原始帧、明文 payload 或完整会话对象 [E]
  Expected: not contains 'failed: $e'
    Actual: '/// E2EE 协议注册引导（ADR 02 §2.2）。\n'
              '///\n'
              '/// 这是唯一 import 具体协议实现的地方——业务层（E2EEService）只跟\n'
              '/// [E2eeProtocolRegistry] 抽象对话。[ensureRegistered] 幂等，可在启动序列\n'
              '/// （AppInitializer）或首次 encrypt/decrypt 前调用，保证 resolve 前已注册。\n'
              '///\n'
              '/// MLS 不注册（ADR 02 §8 占位；`all()` 因此不含 mls）。\n'
              'library;\n'
              '\n'
              'import \'dart:async\';\n'
              '\n'
              'import \'package:flutter/foundation.dart\';\n'
              '\n'
              'import \'package:imboy/component/extension/device_ext.dart\';\n'
              'import \'package:imboy/store/repository/user_repo_local.dart\';\n'
              'import \'package:imboy/service/e2ee/e2ee_protocol.dart\';\n'
              'import \'package:imboy/service/e2ee/megolm_protocol.dart\';\n'
              'import \'package:imboy/service/e2ee/olm_protocol.dart\';\n'
              'import \'package:imboy/service/e2ee/rsa_legacy_protocol.dart\';\n'
              'import \'package:imboy/service/events/events.dart\';\n'
              'import \'package:imboy/service/safety_number_service.dart\';\n'
              '\n'
              'class E2eeBootstrap {\n'
              '  const E2eeBootstrap._();\n'
              '\n'
              '  static bool _registered = false;\n'
              '\n'
              '  /// AC-15 信任生命周期常驻接线的安装标志。\n'
              '  static bool _trustWiringInstalled = false;\n'
              '  static List<StreamSubscription<void>>? _trustSubscriptions;\n'
              '\n'
              '  /// 幂等注册 olm / megolm / rsa-oaep 三套件。重复调用无副作用。\n'
              '  static void ensureRegistered() {\n'
              '    if (_registered) return;\n'
              '    E2eeProtocolRegistry.register(OlmProtocol());\n'
              '    E2eeProtocolRegistry.register(MegolmProtocol());\n'
              '    E2eeProtocolRegistry.register(RsaLegacyProtocol()); // 仅 decrypt\n'
              '    _registered = true;\n'
              '  }\n'
              '\n'
              '  /// AC-15：安装信任生命周期常驻订阅（幂等）。\n'
              '  ///\n'
              '  /// 对端身份换钥 / 信任撤销的 S2C 事件在 `message_s2c` 已被转换为\n'
              '  /// AppEventBus 事件（E2EEPeerKeyChangedEvent / E2EETrustChangedEvent），\n'
              '  /// 并完成密钥缓存清理与 Olm 会话驱逐；本接线补上**本地安全码信任标记**\n'
              '  /// 的同步失效——否则「已验证」标记会在换钥后静默沿用（C01 后端\n'
              '  /// identity_version 推进 → 客户端本地信任必须跟着过期）。\n'
              '  static Future<void> ensureTrustWiring() async {\n'
              '    if (_trustWiringInstalled) return;\n'
              '    _trustWiringInstalled = true;\n'
              '\n'
              '    final subs = <StreamSubscription<void>>[];\n'
              '\n'
              '    // 换钥（e2ee_key_changed）：对端某设备 identity key 变更。\n'
              '    // 语义：该 peer 的聚合安全码必然变化，旧「已验证」立即失效。\n'
              '    subs.add(\n'
              '      AppEventBus.on<E2EEPeerKeyChangedEvent>().listen((event) {\n'
              '        unawaitedFn(\n'
              '          SafetyNumberService.invalidateTrust(event.uid, \'peer_key_changed\'),\n'
              '        );\n'
              '      }),\n'
              '    );\n'
              '\n'
              '    // 信任撤销（e2ee_trust_changed → revoked/unverified）：只有本机是\n'
              '    // actor、目标是其他用户时，本地对该 peer 的验证标记才随之失效\n'
              '    // （与 message_s2c._handleE2EETrustChanged 的驱逐范围判定一致）。\n'
              '    subs.add(\n'
              '      AppEventBus.on<E2EETrustChangedEvent>().listen((event) {\n'
              '        if (event.toState == \'verified\') return;\n'
              '        final currentUid = _currentUidOrEmpty();\n'
              '        if (currentUid.isEmpty) return;\n'
              '        if (event.actorUid == currentUid && event.targetUid != currentUid) {\n'
              '          unawaitedFn(\n'
              '            SafetyNumberService.invalidateTrust(\n'
              '              event.targetUid,\n'
              '              \'trust_${event.toState}\',\n'
              '            ),\n'
              '          );\n'
              '        }\n'
              '      }),\n'
              '    );\n'
              '\n'
              '    _trustSubscriptions = subs;\n'
              '  }\n'
              '\n'
              '  static String _currentUidOrEmpty() {\n'
              '    try {\n'
              '      return UserRepoLocal.to.currentUid;\n'
              '    } on Object {\n'
              '      return \'\';\n'
              '    }\n'
              '  }\n'
              '\n'
              '  /// fire-and-forget 辅助：后台信任失效失败只留痕，不打断事件流。\n'
              '  static void unawaitedFn(Future<void> future) {\n'
              '    future.catchError((Object e) {\n'
              '      debugPrint(\'[E2eeBootstrap] trust invalidation failed: $e\');\n'
              '    });\n'
              '  }\n'
              '\n'
              '  /// 仅测试用：拆除信任接线订阅。\n'
              '  static void resetTrustWiringForTest() {\n'
              '    _trustWiringInstalled = false;\n'
              '    final subs = _trustSubscriptions;\n'
              '    _trustSubscriptions = null;\n'
              '    if (subs != null) {\n'
              '      for (final s in subs) {\n'
              '        // cancel 返回 Future，测试拆卸无需等待（进程内事件流即将销毁）\n'
              '        s.cancel();\n'
              '      }\n'
              '    }\n'
              '  }\n'
              '\n'
              '  /// 已完成 [E2eeSessionProtocol.initialize] 的用户；换账号时需重新初始化。\n'
              '  static String? _initializedUid;\n'
              '\n'
              '  /// 注册 **并** 初始化三套件（BUG#72）。\n'
              '  ///\n'
              '  /// `initialize` 此前在整个项目里**零调用点**——三个实现都写好了，但没人调。\n'
              '  /// 后果是 `OlmProtocol._selfUid` 永远为 null，一旦服务端把\n'
              '  /// `e2ee_mode` 打开，第一条单聊消息就抛\n'
              '  /// `Bad state: OlmProtocol not initialized (missing self uid)`，\n'
              '  /// 全站单聊直接不可用（2026-08-04 生产实测）。\n'
              '  ///\n'
              '  /// 幂等：同一 uid 只初始化一次；换账号（uid 变化）会重新初始化。\n'
              '  static Future<void> ensureReady() async {\n'
              '    ensureRegistered();\n'
              '    // AC-15：协议引导的同时安装信任生命周期常驻接线（幂等）。\n'
              '    unawaitedFn(Future.sync(ensureTrustWiring));\n'
              '\n'
              '    final String uid = UserRepoLocal.to.currentUid;\n'
              '    if (uid.isEmpty) return; // 未登录：没有身份可初始化，留给登录后再调\n'
              '    if (_initializedUid == uid) return;\n'
              '\n'
              '    final String deviceId = await DeviceExt.did;\n'
              '    for (final impl in E2eeProtocolRegistry.registered()) {\n'
              '      try {\n'
              '        await impl.initialize(userId: uid, deviceId: deviceId);\n'
              '      } on Object catch (e) {\n'
              '        // 单个套件初始化失败不应拖垮其它套件（如 Megolm 失败不该挡住 Olm）；\n'
              '        // 真正的失败会在 encrypt 时以明确异常暴露，这里只留痕。\n'
              '        debugPrint(\n'
              '          \'[E2eeBootstrap] initialize ${impl.suite.protocol} failed: $e\',\n'
              '        );\n'
              '      }\n'
              '    }\n'
              '    _initializedUid = uid;\n'
              '  }\n'
              '\n'
              '  /// 仅测试用：标记指定用户已完成协议初始化，避免平台集成测试触发网络注册。\n'
              '  ///\n'
              '  /// 这只跳过 Olm identity 的远端注册，不替代协议注册；需要实际验证 Olm\n'
              '  /// 初始化的测试仍应调用 [ensureReady]，而不应使用此入口。\n'
              '  static void debugMarkReadyForTest(String uid) {\n'
              '    ensureRegistered();\n'
              '    for (final impl in E2eeProtocolRegistry.registered()) {\n'
              '      if (impl is OlmProtocol) {\n'
              '        impl.debugMarkReadyForTest(uid);\n'
              '      }\n'
              '    }\n'
              '    _initializedUid = uid;\n'
              '  }\n'
              '\n'
              '  /// 仅测试用：重置引导标志 + 清空注册表。\n'
              '  static void resetForTest() {\n'
              '    _registered = false;\n'
              '    _initializedUid = null;\n'
              '    resetTrustWiringForTest();\n'
              '    E2eeProtocolRegistry.resetForTest();\n'
              '  }\n'
              '}\n'
              ''
  lib/service/e2ee/e2ee_bootstrap.dart 重新引入了敏感日志: failed: $e
  
  package:matcher                                                   expect
  package:flutter_test/src/widget_tester.dart 473:18                expect
  test/unit_test/service/e2ee/logging_privacy_guard_test.dart 86:9  main.<fn>
  
00:00 +7 -2: /Users/leeyi/project/imboy.pub/imboyapp/test/unit_test/service/e2ee/logging_privacy_guard_test.dart: E2EE 服务异常日志保留稳定标识（异常 runtimeType）用于诊断
00:00 +8 -2: Some tests failed.

Failing tests:
  /Users/leeyi/project/imboy.pub/imboyapp/test/unit_test/service/e2ee/e2ee_bootstrap_test.dart: 后台信任失效失败不输出异常原文且不打断事件流
  /Users/leeyi/project/imboy.pub/imboyapp/test/unit_test/service/e2ee/logging_privacy_guard_test.dart: 消息链路日志不得记录原始帧、明文 payload 或完整会话对象
