======================== EUnit ========================
module 'e2ee_logic_tests'
  e2ee_logic_tests:22: -group_failure_log_case/3-fun-6-...*failed*
in function e2ee_logic_tests:'-group_failure_log_case/3-fun-6-'/1 (test/logic/e2ee_logic_tests.erl, line 30)
in call from eunit_test:run_testfun/1 (eunit_test.erl, line 83)
in call from eunit_proc:run_test/1 (eunit_proc.erl, line 558)
in call from eunit_proc:with_timeout/3 (eunit_proc.erl, line 382)
in call from eunit_proc:handle_test/2 (eunit_proc.erl, line 541)
in call from eunit_proc:tests_inorder/3 (eunit_proc.erl, line 483)
in call from eunit_proc:with_timeout/3 (eunit_proc.erl, line 372)
in call from eunit_proc:run_group/2 (eunit_proc.erl, line 597)
**error:{assertEqual,[{module,e2ee_logic_tests},
              {line,30},
              {expression,"meck : num_calls ( elib_log , internal_log , [ '_' , { Event , failure } , '_' , '_' ] )"},
              {expected,1},
              {value,0}]}
  output:<<"">>

  e2ee_logic_tests:22: -group_failure_log_case/3-fun-6-...*failed*
in function e2ee_logic_tests:'-group_failure_log_case/3-fun-6-'/1 (test/logic/e2ee_logic_tests.erl, line 30)
in call from eunit_test:run_testfun/1 (eunit_test.erl, line 83)
in call from eunit_proc:run_test/1 (eunit_proc.erl, line 558)
in call from eunit_proc:with_timeout/3 (eunit_proc.erl, line 382)
in call from eunit_proc:handle_test/2 (eunit_proc.erl, line 541)
in call from eunit_proc:tests_inorder/3 (eunit_proc.erl, line 483)
in call from eunit_proc:with_timeout/3 (eunit_proc.erl, line 372)
in call from eunit_proc:run_group/2 (eunit_proc.erl, line 597)
**error:{assertEqual,[{module,e2ee_logic_tests},
              {line,30},
              {expression,"meck : num_calls ( elib_log , internal_log , [ '_' , { Event , failure } , '_' , '_' ] )"},
              {expected,1},
              {value,0}]}
  output:<<"">>

  e2ee_logic_tests:22: -group_failure_log_case/3-fun-6-...*failed*
in function e2ee_logic_tests:'-group_failure_log_case/3-fun-6-'/1 (test/logic/e2ee_logic_tests.erl, line 30)
in call from eunit_test:run_testfun/1 (eunit_test.erl, line 83)
in call from eunit_proc:run_test/1 (eunit_proc.erl, line 558)
in call from eunit_proc:with_timeout/3 (eunit_proc.erl, line 382)
in call from eunit_proc:handle_test/2 (eunit_proc.erl, line 541)
in call from eunit_proc:tests_inorder/3 (eunit_proc.erl, line 483)
in call from eunit_proc:with_timeout/3 (eunit_proc.erl, line 372)
in call from eunit_proc:run_group/2 (eunit_proc.erl, line 597)
**error:{assertEqual,[{module,e2ee_logic_tests},
              {line,30},
              {expression,"meck : num_calls ( elib_log , internal_log , [ '_' , { Event , failure } , '_' , '_' ] )"},
              {expected,1},
              {value,0}]}
  output:<<"">>

  e2ee_logic_tests:83: -user_keys_same_user_success_test_/0-fun-2-...ok
  e2ee_logic_tests:116: -user_keys_friend_success_test_/0-fun-2-...ok
  e2ee_logic_tests:145: -user_keys_non_friend_still_returns_public_keys_test_/0-fun-2-...ok
  e2ee_logic_tests:174: -user_keys_in_denylist_still_returns_public_keys_test_/0-fun-2-...ok
  e2ee_logic_tests:203: -user_keys_database_error_returns_500_test_/0-fun-2-...[0.006 s] ok
  e2ee_logic_tests:221: -user_keys_with_multiple_devices_test_/0-fun-3-...ok
  e2ee_logic_tests:266: -group_member_keys_member_success_test_/0-fun-3-...ok
  e2ee_logic_tests:300: -group_member_keys_non_member_forbidden_test_/0-fun-2-...ok
  e2ee_logic_tests:318: -group_member_keys_database_error_returns_500_test_/0-fun-2-...ok
  e2ee_logic_tests:332: -group_member_keys_authorized_without_keys_returns_empty_test_/0-fun-2-...ok
  e2ee_logic_tests:348: -group_member_keys_limit_boundary_test_/0-fun-2-...[0.001 s] ok
  e2ee_logic_tests:364: -group_member_keys_limit_plus_one_fails_closed_test_/0-fun-2-...ok
  e2ee_logic_tests:380: -group_member_keys_member_limit_fails_closed_test_/0-fun-2-...ok
  e2ee_logic_tests:396: -group_history_grant_returns_authoritative_range_test_/0-fun-2-...ok
  e2ee_logic_tests:419: -group_history_grant_denied_test_/0-fun-2-...ok
  e2ee_logic_tests:431: -group_history_grant_invalid_boundary_fails_closed_test_/0-fun-2-...ok
  e2ee_logic_tests:447: -group_history_grant_open_end_fails_closed_test_/0-fun-2-...ok
  e2ee_logic_tests:473: -group_by_uid_single_device_test_/0-fun-4-...ok
  e2ee_logic_tests:494: -group_by_uid_multiple_devices_same_user_test_/0-fun-3-...ok
  e2ee_logic_tests:522: -group_by_uid_multiple_users_test_/0-fun-3-...ok
  e2ee_logic_tests:536: -group_by_uid_removes_user_id_field_test_/0-fun-2-...ok
  e2ee_logic_tests:549: -user_keys_with_no_devices_test_/0-fun-2-...ok
  e2ee_logic_tests:572: -group_member_keys_sorts_by_uid_test_/0-fun-3-...ok
  e2ee_logic_tests:620: -pull_key_notifications_clamps_limit_test_/0-fun-4-...[0.005 s] ok
  [done in 1.003 s]
=======================================================
  Failed: 3.  Skipped: 0.  Passed: 24.
