======================== EUnit ========================
module 'olm_identity_log_privacy_tests'
  olm_identity_log_privacy_tests:53: -database_failure_logs_do_not_expose_identity_or_reason_test_/0-fun-11-...*failed*
in function olm_identity_log_privacy_tests:check_failure_log/4 (test/logic/olm_identity_log_privacy_tests.erl, line 71)
in call from eunit_test:run_testfun/1 (eunit_test.erl, line 83)
in call from eunit_proc:run_test/1 (eunit_proc.erl, line 558)
in call from eunit_proc:with_timeout/3 (eunit_proc.erl, line 382)
in call from eunit_proc:handle_test/2 (eunit_proc.erl, line 541)
in call from eunit_proc:tests_inorder/3 (eunit_proc.erl, line 483)
in call from eunit_proc:with_timeout/3 (eunit_proc.erl, line 372)
in call from eunit_proc:run_group/2 (eunit_proc.erl, line 597)
**error:{assertEqual,[{module,olm_identity_log_privacy_tests},
              {line,71},
              {expression,"meck : num_calls ( elib_log , internal_log , [ error , Event , '_' , '_' ] )"},
              {expected,1},
              {value,0}]}
  output:<<"">>

  olm_identity_log_privacy_tests:53: -database_failure_logs_do_not_expose_identity_or_reason_test_/0-fun-11-...*failed*
in function olm_identity_log_privacy_tests:check_failure_log/4 (test/logic/olm_identity_log_privacy_tests.erl, line 71)
in call from eunit_test:run_testfun/1 (eunit_test.erl, line 83)
in call from eunit_proc:run_test/1 (eunit_proc.erl, line 558)
in call from eunit_proc:with_timeout/3 (eunit_proc.erl, line 382)
in call from eunit_proc:handle_test/2 (eunit_proc.erl, line 541)
in call from eunit_proc:tests_inorder/3 (eunit_proc.erl, line 483)
in call from eunit_proc:with_timeout/3 (eunit_proc.erl, line 372)
in call from eunit_proc:run_group/2 (eunit_proc.erl, line 597)
**error:{assertEqual,[{module,olm_identity_log_privacy_tests},
              {line,71},
              {expression,"meck : num_calls ( elib_log , internal_log , [ error , Event , '_' , '_' ] )"},
              {expected,1},
              {value,0}]}
  output:<<"">>

  olm_identity_log_privacy_tests:53: -database_failure_logs_do_not_expose_identity_or_reason_test_/0-fun-11-...*failed*
in function olm_identity_log_privacy_tests:check_failure_log/4 (test/logic/olm_identity_log_privacy_tests.erl, line 71)
in call from eunit_test:run_testfun/1 (eunit_test.erl, line 83)
in call from eunit_proc:run_test/1 (eunit_proc.erl, line 558)
in call from eunit_proc:with_timeout/3 (eunit_proc.erl, line 382)
in call from eunit_proc:handle_test/2 (eunit_proc.erl, line 541)
in call from eunit_proc:tests_inorder/3 (eunit_proc.erl, line 483)
in call from eunit_proc:with_timeout/3 (eunit_proc.erl, line 372)
in call from eunit_proc:run_group/2 (eunit_proc.erl, line 597)
**error:{assertEqual,[{module,olm_identity_log_privacy_tests},
              {line,71},
              {expression,"meck : num_calls ( elib_log , internal_log , [ error , Event , '_' , '_' ] )"},
              {expected,1},
              {value,0}]}
  output:<<"">>

  olm_identity_log_privacy_tests:53: -database_failure_logs_do_not_expose_identity_or_reason_test_/0-fun-11-...[0.018 s] ok
  olm_identity_log_privacy_tests:53: -database_failure_logs_do_not_expose_identity_or_reason_test_/0-fun-11-...[0.018 s] ok
  olm_identity_log_privacy_tests:53: -database_failure_logs_do_not_expose_identity_or_reason_test_/0-fun-11-...[0.018 s] ok
  olm_identity_log_privacy_tests:53: -database_failure_logs_do_not_expose_identity_or_reason_test_/0-fun-11-...[0.017 s] ok
  olm_identity_log_privacy_tests:53: -database_failure_logs_do_not_expose_identity_or_reason_test_/0-fun-11-...[0.017 s] ok
  olm_identity_log_privacy_tests:53: -database_failure_logs_do_not_expose_identity_or_reason_test_/0-fun-11-...[0.018 s] ok
  olm_identity_log_privacy_tests:53: -database_failure_logs_do_not_expose_identity_or_reason_test_/0-fun-11-...[0.022 s] ok
  olm_identity_log_privacy_tests:79: -identity_write_failure_logs_do_not_expose_identity_or_reason_test_/0-fun-1-...*failed*
in function olm_identity_log_privacy_tests:check_identity_write_log/2 (test/logic/olm_identity_log_privacy_tests.erl, line 97)
in call from eunit_test:run_testfun/1 (eunit_test.erl, line 83)
in call from eunit_proc:run_test/1 (eunit_proc.erl, line 558)
in call from eunit_proc:with_timeout/3 (eunit_proc.erl, line 382)
in call from eunit_proc:handle_test/2 (eunit_proc.erl, line 541)
in call from eunit_proc:tests_inorder/3 (eunit_proc.erl, line 483)
in call from eunit_proc:with_timeout/3 (eunit_proc.erl, line 372)
in call from eunit_proc:run_group/2 (eunit_proc.erl, line 597)
**error:{assertEqual,[{module,olm_identity_log_privacy_tests},
              {line,97},
              {expression,"meck : num_calls ( elib_log , internal_log , [ error , Event , '_' , '_' ] )"},
              {expected,1},
              {value,0}]}
  output:<<"">>

  olm_identity_log_privacy_tests:79: -identity_write_failure_logs_do_not_expose_identity_or_reason_test_/0-fun-1-...*failed*
in function olm_identity_log_privacy_tests:check_identity_write_log/2 (test/logic/olm_identity_log_privacy_tests.erl, line 97)
in call from eunit_test:run_testfun/1 (eunit_test.erl, line 83)
in call from eunit_proc:run_test/1 (eunit_proc.erl, line 558)
in call from eunit_proc:with_timeout/3 (eunit_proc.erl, line 382)
in call from eunit_proc:handle_test/2 (eunit_proc.erl, line 541)
in call from eunit_proc:tests_inorder/3 (eunit_proc.erl, line 483)
in call from eunit_proc:with_timeout/3 (eunit_proc.erl, line 372)
in call from eunit_proc:run_group/2 (eunit_proc.erl, line 597)
**error:{assertEqual,[{module,olm_identity_log_privacy_tests},
              {line,97},
              {expression,"meck : num_calls ( elib_log , internal_log , [ error , Event , '_' , '_' ] )"},
              {expected,1},
              {value,0}]}
  output:<<"">>

  olm_identity_log_privacy_tests:79: -identity_write_failure_logs_do_not_expose_identity_or_reason_test_/0-fun-1-...*failed*
in function olm_identity_log_privacy_tests:check_identity_write_log/2 (test/logic/olm_identity_log_privacy_tests.erl, line 97)
in call from eunit_test:run_testfun/1 (eunit_test.erl, line 83)
in call from eunit_proc:run_test/1 (eunit_proc.erl, line 558)
in call from eunit_proc:with_timeout/3 (eunit_proc.erl, line 382)
in call from eunit_proc:handle_test/2 (eunit_proc.erl, line 541)
in call from eunit_proc:tests_inorder/3 (eunit_proc.erl, line 483)
in call from eunit_proc:with_timeout/3 (eunit_proc.erl, line 372)
in call from eunit_proc:run_group/2 (eunit_proc.erl, line 597)
**error:{assertEqual,[{module,olm_identity_log_privacy_tests},
              {line,97},
              {expression,"meck : num_calls ( elib_log , internal_log , [ error , Event , '_' , '_' ] )"},
              {expected,1},
              {value,0}]}
  output:<<"">>

  [done in 0.605 s]
=======================================================
  Failed: 6.  Skipped: 0.  Passed: 7.
