00:00 +0: loading /Users/leeyi/project/imboy.pub/imboyapp/test/unit_test/service/e2ee/logging_privacy_guard_test.dart
00:00 +0: /Users/leeyi/project/imboy.pub/imboyapp/test/unit_test/service/e2ee/logging_privacy_guard_test.dart: 消息链路日志不得记录原始帧、明文 payload 或完整会话对象
00:00 +1: /Users/leeyi/project/imboy.pub/imboyapp/test/unit_test/service/e2ee/logging_privacy_guard_test.dart: E2EE 服务异常日志保留稳定标识（异常 runtimeType）用于诊断
00:00 +2: /Users/leeyi/project/imboy.pub/imboyapp/test/unit_test/store/model/message_model_test.dart: MessageModel TDD Tests - 字段名统一 应该正确解析包含 uri 字段的 payload
00:00 +3: /Users/leeyi/project/imboy.pub/imboyapp/test/unit_test/store/model/message_model_test.dart: MessageModel TDD Tests - 字段名统一 应该正确解析包含 source 字段的 payload（向后兼容）
00:00 +4: /Users/leeyi/project/imboy.pub/imboyapp/test/unit_test/store/model/message_model_test.dart: MessageModel TDD Tests - 字段名统一 toJson 应该使用 uri 字段（新规范）
00:00 +5: /Users/leeyi/project/imboy.pub/imboyapp/test/unit_test/store/model/message_model_test.dart: MessageModel TDD Tests - voice 命名规范 应该正确识别 voice 消息类型（新规范）
00:00 +6: /Users/leeyi/project/imboy.pub/imboyapp/test/unit_test/store/model/message_model_test.dart: MessageModel TDD Tests - 撤回状态处理 应该正确解析撤回状态（peer_revoked）
00:00 +7: /Users/leeyi/project/imboy.pub/imboyapp/test/unit_test/store/model/message_model_test.dart: MessageModel TDD Tests - 撤回状态处理 应该正确保留撤回消息的原始 msg_type
00:00 +8: /Users/leeyi/project/imboy.pub/imboyapp/test/unit_test/store/model/message_model_test.dart: MessageModel TDD Tests - conversationSubtitleFromModel 应该正确显示文本消息的副标题
00:00 +9: /Users/leeyi/project/imboy.pub/imboyapp/test/unit_test/store/model/message_model_test.dart: MessageModel TDD Tests - conversationSubtitleFromModel 应该正确显示语音消息的副标题（voice 类型）
00:00 +10: /Users/leeyi/project/imboy.pub/imboyapp/test/unit_test/store/model/message_model_test.dart: MessageModel TDD Tests - conversationSubtitleFromModel 应该正确显示视频消息的副标题
00:00 +11: /Users/leeyi/project/imboy.pub/imboyapp/test/unit_test/store/model/message_model_test.dart: MessageModel TDD Tests - conversationSubtitleFromModel 应该正确显示文件消息的副标题（带文件名）
00:00 +12: /Users/leeyi/project/imboy.pub/imboyapp/test/unit_test/store/model/message_model_test.dart: MessageModel TDD Tests - conversationSubtitleFromModel 应该正确显示位置消息的副标题
00:00 +13: /Users/leeyi/project/imboy.pub/imboyapp/test/unit_test/store/model/message_model_test.dart: MessageModel TDD Tests - mixed primitive parsing fromJson should parse mixed primitive types without cast errors
00:00 +14: /Users/leeyi/project/imboy.pub/imboyapp/test/unit_test/store/model/message_model_test.dart: MessageModel TDD Tests - E2EE 密文 payload 往返 非 JSON 密文 payload 保留为 String
00:00 +15: /Users/leeyi/project/imboy.pub/imboyapp/test/unit_test/store/model/message_model_test.dart: MessageModel TDD Tests - E2EE 密文 payload 往返 PFv3 空外层 payload 保留为空字符串，不转换成空 Map
00:00 +16: /Users/leeyi/project/imboy.pub/imboyapp/test/unit_test/message_model_msg_type_test.dart: (setUpAll)
00:00 +16: /Users/leeyi/project/imboy.pub/imboyapp/test/unit_test/message_model_msg_type_test.dart: TDD: MessageModel.toTypeMessage() - S2C msg_type 验证 S2C 消息 - action 有效时 msg_type 可以为空 应该接受 S2C 消息的空 msg_type 当 action 为 pull_offline_msg 时
Database path: currentEnv=dev, uid=user1, dbName=dev_user1.db
Creating new database
┌───────────────────────────────────────────────────────────────────────────────────────────────────────────────────────
│ #0   AppLogger.debug (package:imboy/service/app_logger.dart:87:20)
│ #1   SqliteService._onConfigure (package:imboy/service/sqlite.dart:357:15)
├┄┄┄┄┄┄┄┄┄┄┄┄┄┄┄┄┄┄┄┄┄┄┄┄┄┄┄┄┄┄┄┄┄┄┄┄┄┄┄┄┄┄┄┄┄┄┄┄┄┄┄┄┄┄┄┄┄┄┄┄┄┄┄┄┄┄┄┄┄┄┄┄┄┄┄┄┄┄┄┄┄┄┄┄┄┄┄┄┄┄┄┄┄┄┄┄┄┄┄┄┄┄┄┄┄┄┄┄┄┄┄┄┄┄┄┄┄┄┄
│ 🐛 SqliteService_onConfigure 1 /var/folders/8m/wbjj0qmn4ml0mgn56wm56j2m0000gn/T/dev_user1.db
└───────────────────────────────────────────────────────────────────────────────────────────────────────────────────────
SqliteService_onCreate version=32
[38;5;12m┌───────────────────────────────────────────────────────────────────────────────────────────────────────────────────────[0m
[38;5;12m│ #0   MigrationService.init (package:imboy/service/migration_service.dart:110:13)[0m
[38;5;12m│ #1   MigrationService.migrate (package:imboy/service/migration_service.dart:198:13)[0m
[38;5;12m├┄┄┄┄┄┄┄┄┄┄┄┄┄┄┄┄┄┄┄┄┄┄┄┄┄┄┄┄┄┄┄┄┄┄┄┄┄┄┄┄┄┄┄┄┄┄┄┄┄┄┄┄┄┄┄┄┄┄┄┄┄┄┄┄┄┄┄┄┄┄┄┄┄┄┄┄┄┄┄┄┄┄┄┄┄┄┄┄┄┄┄┄┄┄┄┄┄┄┄┄┄┄┄┄┄┄┄┄┄┄┄┄┄┄┄┄┄┄┄[0m
[38;5;12m│ 💡 Initializing MigrationService...[0m
[38;5;12m└───────────────────────────────────────────────────────────────────────────────────────────────────────────────────────[0m
[38;5;12m┌───────────────────────────────────────────────────────────────────────────────────────────────────────────────────────[0m
[38;5;12m│ #0   MigrationService.init (package:imboy/service/migration_service.dart:132:15)[0m
[38;5;12m│ #1   MigrationService.migrate (package:imboy/service/migration_service.dart:198:13)[0m
[38;5;12m├┄┄┄┄┄┄┄┄┄┄┄┄┄┄┄┄┄┄┄┄┄┄┄┄┄┄┄┄┄┄┄┄┄┄┄┄┄┄┄┄┄┄┄┄┄┄┄┄┄┄┄┄┄┄┄┄┄┄┄┄┄┄┄┄┄┄┄┄┄┄┄┄┄┄┄┄┄┄┄┄┄┄┄┄┄┄┄┄┄┄┄┄┄┄┄┄┄┄┄┄┄┄┄┄┄┄┄┄┄┄┄┄┄┄┄┄┄┄┄[0m
[38;5;12m│ 💡 MigrationService initialized[0m
[38;5;12m└───────────────────────────────────────────────────────────────────────────────────────────────────────────────────────[0m
[38;5;12m┌───────────────────────────────────────────────────────────────────────────────────────────────────────────────────────[0m
[38;5;12m│ #0   MigrationService.init (package:imboy/service/migration_service.dart:133:15)[0m
[38;5;12m│ #1   MigrationService.migrate (package:imboy/service/migration_service.dart:198:13)[0m
[38;5;12m├┄┄┄┄┄┄┄┄┄┄┄┄┄┄┄┄┄┄┄┄┄┄┄┄┄┄┄┄┄┄┄┄┄┄┄┄┄┄┄┄┄┄┄┄┄┄┄┄┄┄┄┄┄┄┄┄┄┄┄┄┄┄┄┄┄┄┄┄┄┄┄┄┄┄┄┄┄┄┄┄┄┄┄┄┄┄┄┄┄┄┄┄┄┄┄┄┄┄┄┄┄┄┄┄┄┄┄┄┄┄┄┄┄┄┄┄┄┄┄[0m
[38;5;12m│ 💡 Loaded 22 upgrade scripts[0m
[38;5;12m└───────────────────────────────────────────────────────────────────────────────────────────────────────────────────────[0m
[38;5;12m┌───────────────────────────────────────────────────────────────────────────────────────────────────────────────────────[0m
[38;5;12m│ #0   MigrationService.init (package:imboy/service/migration_service.dart:134:15)[0m
[38;5;12m│ #1   MigrationService.migrate (package:imboy/service/migration_service.dart:198:13)[0m
[38;5;12m├┄┄┄┄┄┄┄┄┄┄┄┄┄┄┄┄┄┄┄┄┄┄┄┄┄┄┄┄┄┄┄┄┄┄┄┄┄┄┄┄┄┄┄┄┄┄┄┄┄┄┄┄┄┄┄┄┄┄┄┄┄┄┄┄┄┄┄┄┄┄┄┄┄┄┄┄┄┄┄┄┄┄┄┄┄┄┄┄┄┄┄┄┄┄┄┄┄┄┄┄┄┄┄┄┄┄┄┄┄┄┄┄┄┄┄┄┄┄┄[0m
[38;5;12m│ 💡 Loaded 14 downgrade scripts[0m
[38;5;12m└───────────────────────────────────────────────────────────────────────────────────────────────────────────────────────[0m
[38;5;12m┌───────────────────────────────────────────────────────────────────────────────────────────────────────────────────────[0m
[38;5;12m│ #0   MigrationService.init (package:imboy/service/migration_service.dart:135:15)[0m
[38;5;12m│ #1   MigrationService.migrate (package:imboy/service/migration_service.dart:198:13)[0m
[38;5;12m├┄┄┄┄┄┄┄┄┄┄┄┄┄┄┄┄┄┄┄┄┄┄┄┄┄┄┄┄┄┄┄┄┄┄┄┄┄┄┄┄┄┄┄┄┄┄┄┄┄┄┄┄┄┄┄┄┄┄┄┄┄┄┄┄┄┄┄┄┄┄┄┄┄┄┄┄┄┄┄┄┄┄┄┄┄┄┄┄┄┄┄┄┄┄┄┄┄┄┄┄┄┄┄┄┄┄┄┄┄┄┄┄┄┄┄┄┄┄┄[0m
[38;5;12m│ 💡 Target version: 32[0m
[38;5;12m└───────────────────────────────────────────────────────────────────────────────────────────────────────────────────────[0m
[38;5;12m┌───────────────────────────────────────────────────────────────────────────────────────────────────────────────────────[0m
[38;5;12m│ #0   MigrationService.migrate (package:imboy/service/migration_service.dart:235:15)[0m
[38;5;12m│ #1   <asynchronous suspension>[0m
[38;5;12m├┄┄┄┄┄┄┄┄┄┄┄┄┄┄┄┄┄┄┄┄┄┄┄┄┄┄┄┄┄┄┄┄┄┄┄┄┄┄┄┄┄┄┄┄┄┄┄┄┄┄┄┄┄┄┄┄┄┄┄┄┄┄┄┄┄┄┄┄┄┄┄┄┄┄┄┄┄┄┄┄┄┄┄┄┄┄┄┄┄┄┄┄┄┄┄┄┄┄┄┄┄┄┄┄┄┄┄┄┄┄┄┄┄┄┄┄┄┄┄[0m
[38;5;12m│ 💡 Executing 16 migration scripts...[0m
[38;5;12m└───────────────────────────────────────────────────────────────────────────────────────────────────────────────────────[0m
[38;5;12m┌───────────────────────────────────────────────────────────────────────────────────────────────────────────────────────[0m
[38;5;12m│ #0   MigrationService.migrate (package:imboy/service/migration_service.dart:240:17)[0m
[38;5;12m│ #1   <asynchronous suspension>[0m
[38;5;12m├┄┄┄┄┄┄┄┄┄┄┄┄┄┄┄┄┄┄┄┄┄┄┄┄┄┄┄┄┄┄┄┄┄┄┄┄┄┄┄┄┄┄┄┄┄┄┄┄┄┄┄┄┄┄┄┄┄┄┄┄┄┄┄┄┄┄┄┄┄┄┄┄┄┄┄┄┄┄┄┄┄┄┄┄┄┄┄┄┄┄┄┄┄┄┄┄┄┄┄┄┄┄┄┄┄┄┄┄┄┄┄┄┄┄┄┄┄┄┄[0m
[38;5;12m│ 💡 Progress: 1/16 - v17 → v17[0m
[38;5;12m└───────────────────────────────────────────────────────────────────────────────────────────────────────────────────────[0m
┌───────────────────────────────────────────────────────────────────────────────────────────────────────────────────────
│ #0   MigrationService.migrate (package:imboy/service/migration_service.dart:256:19)
│ #1   <asynchronous suspension>
├┄┄┄┄┄┄┄┄┄┄┄┄┄┄┄┄┄┄┄┄┄┄┄┄┄┄┄┄┄┄┄┄┄┄┄┄┄┄┄┄┄┄┄┄┄┄┄┄┄┄┄┄┄┄┄┄┄┄┄┄┄┄┄┄┄┄┄┄┄┄┄┄┄┄┄┄┄┄┄┄┄┄┄┄┄┄┄┄┄┄┄┄┄┄┄┄┄┄┄┄┄┄┄┄┄┄┄┄┄┄┄┄┄┄┄┄┄┄┄
│ 🐛 Executed: ALTER TABLE conversation ADD COLUMN mention_unread...
└───────────────────────────────────────────────────────────────────────────────────────────────────────────────────────
┌───────────────────────────────────────────────────────────────────────────────────────────────────────────────────────
│ #0   MigrationService.migrate (package:imboy/service/migration_service.dart:256:19)
│ #1   <asynchronous suspension>
├┄┄┄┄┄┄┄┄┄┄┄┄┄┄┄┄┄┄┄┄┄┄┄┄┄┄┄┄┄┄┄┄┄┄┄┄┄┄┄┄┄┄┄┄┄┄┄┄┄┄┄┄┄┄┄┄┄┄┄┄┄┄┄┄┄┄┄┄┄┄┄┄┄┄┄┄┄┄┄┄┄┄┄┄┄┄┄┄┄┄┄┄┄┄┄┄┄┄┄┄┄┄┄┄┄┄┄┄┄┄┄┄┄┄┄┄┄┄┄
│ 🐛 Executed: PRAGMA user_version = 17;
└───────────────────────────────────────────────────────────────────────────────────────────────────────────────────────
[38;5;12m┌───────────────────────────────────────────────────────────────────────────────────────────────────────────────────────[0m
[38;5;12m│ #0   MigrationService.migrate (package:imboy/service/migration_service.dart:240:17)[0m
[38;5;12m│ #1   <asynchronous suspension>[0m
[38;5;12m├┄┄┄┄┄┄┄┄┄┄┄┄┄┄┄┄┄┄┄┄┄┄┄┄┄┄┄┄┄┄┄┄┄┄┄┄┄┄┄┄┄┄┄┄┄┄┄┄┄┄┄┄┄┄┄┄┄┄┄┄┄┄┄┄┄┄┄┄┄┄┄┄┄┄┄┄┄┄┄┄┄┄┄┄┄┄┄┄┄┄┄┄┄┄┄┄┄┄┄┄┄┄┄┄┄┄┄┄┄┄┄┄┄┄┄┄┄┄┄[0m
[38;5;12m│ 💡 Progress: 2/16 - v18 → v18[0m
[38;5;12m└───────────────────────────────────────────────────────────────────────────────────────────────────────────────────────[0m
┌───────────────────────────────────────────────────────────────────────────────────────────────────────────────────────
│ #0   MigrationService.migrate (package:imboy/service/migration_service.dart:256:19)
│ #1   <asynchronous suspension>
├┄┄┄┄┄┄┄┄┄┄┄┄┄┄┄┄┄┄┄┄┄┄┄┄┄┄┄┄┄┄┄┄┄┄┄┄┄┄┄┄┄┄┄┄┄┄┄┄┄┄┄┄┄┄┄┄┄┄┄┄┄┄┄┄┄┄┄┄┄┄┄┄┄┄┄┄┄┄┄┄┄┄┄┄┄┄┄┄┄┄┄┄┄┄┄┄┄┄┄┄┄┄┄┄┄┄┄┄┄┄┄┄┄┄┄┄┄┄┄
│ 🐛 Executed: ALTER TABLE conversation ADD COLUMN is_muted INTEG...
└───────────────────────────────────────────────────────────────────────────────────────────────────────────────────────
┌───────────────────────────────────────────────────────────────────────────────────────────────────────────────────────
│ #0   MigrationService.migrate (package:imboy/service/migration_service.dart:256:19)
│ #1   <asynchronous suspension>
├┄┄┄┄┄┄┄┄┄┄┄┄┄┄┄┄┄┄┄┄┄┄┄┄┄┄┄┄┄┄┄┄┄┄┄┄┄┄┄┄┄┄┄┄┄┄┄┄┄┄┄┄┄┄┄┄┄┄┄┄┄┄┄┄┄┄┄┄┄┄┄┄┄┄┄┄┄┄┄┄┄┄┄┄┄┄┄┄┄┄┄┄┄┄┄┄┄┄┄┄┄┄┄┄┄┄┄┄┄┄┄┄┄┄┄┄┄┄┄
│ 🐛 Executed: PRAGMA user_version = 18;
└───────────────────────────────────────────────────────────────────────────────────────────────────────────────────────
[38;5;12m┌───────────────────────────────────────────────────────────────────────────────────────────────────────────────────────[0m
[38;5;12m│ #0   MigrationService.migrate (package:imboy/service/migration_service.dart:240:17)[0m
[38;5;12m│ #1   <asynchronous suspension>[0m
[38;5;12m├┄┄┄┄┄┄┄┄┄┄┄┄┄┄┄┄┄┄┄┄┄┄┄┄┄┄┄┄┄┄┄┄┄┄┄┄┄┄┄┄┄┄┄┄┄┄┄┄┄┄┄┄┄┄┄┄┄┄┄┄┄┄┄┄┄┄┄┄┄┄┄┄┄┄┄┄┄┄┄┄┄┄┄┄┄┄┄┄┄┄┄┄┄┄┄┄┄┄┄┄┄┄┄┄┄┄┄┄┄┄┄┄┄┄┄┄┄┄┄[0m
[38;5;12m│ 💡 Progress: 3/16 - v19 → v19[0m
[38;5;12m└───────────────────────────────────────────────────────────────────────────────────────────────────────────────────────[0m
┌───────────────────────────────────────────────────────────────────────────────────────────────────────────────────────
│ #0   MigrationService.migrate (package:imboy/service/migration_service.dart:256:19)
│ #1   <asynchronous suspension>
├┄┄┄┄┄┄┄┄┄┄┄┄┄┄┄┄┄┄┄┄┄┄┄┄┄┄┄┄┄┄┄┄┄┄┄┄┄┄┄┄┄┄┄┄┄┄┄┄┄┄┄┄┄┄┄┄┄┄┄┄┄┄┄┄┄┄┄┄┄┄┄┄┄┄┄┄┄┄┄┄┄┄┄┄┄┄┄┄┄┄┄┄┄┄┄┄┄┄┄┄┄┄┄┄┄┄┄┄┄┄┄┄┄┄┄┄┄┄┄
│ 🐛 Executed: ALTER TABLE group_member ADD COLUMN mute_until INT...
└───────────────────────────────────────────────────────────────────────────────────────────────────────────────────────
┌───────────────────────────────────────────────────────────────────────────────────────────────────────────────────────
│ #0   MigrationService.migrate (package:imboy/service/migration_service.dart:256:19)
│ #1   <asynchronous suspension>
├┄┄┄┄┄┄┄┄┄┄┄┄┄┄┄┄┄┄┄┄┄┄┄┄┄┄┄┄┄┄┄┄┄┄┄┄┄┄┄┄┄┄┄┄┄┄┄┄┄┄┄┄┄┄┄┄┄┄┄┄┄┄┄┄┄┄┄┄┄┄┄┄┄┄┄┄┄┄┄┄┄┄┄┄┄┄┄┄┄┄┄┄┄┄┄┄┄┄┄┄┄┄┄┄┄┄┄┄┄┄┄┄┄┄┄┄┄┄┄
│ 🐛 Executed: CREATE INDEX IF NOT EXISTS idx_group_member_mute_u...
└───────────────────────────────────────────────────────────────────────────────────────────────────────────────────────
┌───────────────────────────────────────────────────────────────────────────────────────────────────────────────────────
│ #0   MigrationService.migrate (package:imboy/service/migration_service.dart:256:19)
│ #1   <asynchronous suspension>
├┄┄┄┄┄┄┄┄┄┄┄┄┄┄┄┄┄┄┄┄┄┄┄┄┄┄┄┄┄┄┄┄┄┄┄┄┄┄┄┄┄┄┄┄┄┄┄┄┄┄┄┄┄┄┄┄┄┄┄┄┄┄┄┄┄┄┄┄┄┄┄┄┄┄┄┄┄┄┄┄┄┄┄┄┄┄┄┄┄┄┄┄┄┄┄┄┄┄┄┄┄┄┄┄┄┄┄┄┄┄┄┄┄┄┄┄┄┄┄
│ 🐛 Executed: PRAGMA user_version = 19;
└───────────────────────────────────────────────────────────────────────────────────────────────────────────────────────
[38;5;12m┌───────────────────────────────────────────────────────────────────────────────────────────────────────────────────────[0m
[38;5;12m│ #0   MigrationService.migrate (package:imboy/service/migration_service.dart:240:17)[0m
[38;5;12m│ #1   <asynchronous suspension>[0m
[38;5;12m├┄┄┄┄┄┄┄┄┄┄┄┄┄┄┄┄┄┄┄┄┄┄┄┄┄┄┄┄┄┄┄┄┄┄┄┄┄┄┄┄┄┄┄┄┄┄┄┄┄┄┄┄┄┄┄┄┄┄┄┄┄┄┄┄┄┄┄┄┄┄┄┄┄┄┄┄┄┄┄┄┄┄┄┄┄┄┄┄┄┄┄┄┄┄┄┄┄┄┄┄┄┄┄┄┄┄┄┄┄┄┄┄┄┄┄┄┄┄┄[0m
[38;5;12m│ 💡 Progress: 4/16 - v20 → v20[0m
[38;5;12m└───────────────────────────────────────────────────────────────────────────────────────────────────────────────────────[0m
┌───────────────────────────────────────────────────────────────────────────────────────────────────────────────────────
│ #0   MigrationService.migrate (package:imboy/service/migration_service.dart:256:19)
│ #1   <asynchronous suspension>
├┄┄┄┄┄┄┄┄┄┄┄┄┄┄┄┄┄┄┄┄┄┄┄┄┄┄┄┄┄┄┄┄┄┄┄┄┄┄┄┄┄┄┄┄┄┄┄┄┄┄┄┄┄┄┄┄┄┄┄┄┄┄┄┄┄┄┄┄┄┄┄┄┄┄┄┄┄┄┄┄┄┄┄┄┄┄┄┄┄┄┄┄┄┄┄┄┄┄┄┄┄┄┄┄┄┄┄┄┄┄┄┄┄┄┄┄┄┄┄
│ 🐛 Executed: CREATE TABLE IF NOT EXISTS moment_notify (
│ 🐛   id IN...
└───────────────────────────────────────────────────────────────────────────────────────────────────────────────────────
┌───────────────────────────────────────────────────────────────────────────────────────────────────────────────────────
│ #0   MigrationService.migrate (package:imboy/service/migration_service.dart:256:19)
│ #1   <asynchronous suspension>
├┄┄┄┄┄┄┄┄┄┄┄┄┄┄┄┄┄┄┄┄┄┄┄┄┄┄┄┄┄┄┄┄┄┄┄┄┄┄┄┄┄┄┄┄┄┄┄┄┄┄┄┄┄┄┄┄┄┄┄┄┄┄┄┄┄┄┄┄┄┄┄┄┄┄┄┄┄┄┄┄┄┄┄┄┄┄┄┄┄┄┄┄┄┄┄┄┄┄┄┄┄┄┄┄┄┄┄┄┄┄┄┄┄┄┄┄┄┄┄
│ 🐛 Executed: CREATE UNIQUE INDEX IF NOT EXISTS uq_moment_notify...
└───────────────────────────────────────────────────────────────────────────────────────────────────────────────────────
┌───────────────────────────────────────────────────────────────────────────────────────────────────────────────────────
│ #0   MigrationService.migrate (package:imboy/service/migration_service.dart:256:19)
│ #1   <asynchronous suspension>
├┄┄┄┄┄┄┄┄┄┄┄┄┄┄┄┄┄┄┄┄┄┄┄┄┄┄┄┄┄┄┄┄┄┄┄┄┄┄┄┄┄┄┄┄┄┄┄┄┄┄┄┄┄┄┄┄┄┄┄┄┄┄┄┄┄┄┄┄┄┄┄┄┄┄┄┄┄┄┄┄┄┄┄┄┄┄┄┄┄┄┄┄┄┄┄┄┄┄┄┄┄┄┄┄┄┄┄┄┄┄┄┄┄┄┄┄┄┄┄
│ 🐛 Executed: CREATE INDEX IF NOT EXISTS idx_moment_notify_user_...
└───────────────────────────────────────────────────────────────────────────────────────────────────────────────────────
┌───────────────────────────────────────────────────────────────────────────────────────────────────────────────────────
│ #0   MigrationService.migrate (package:imboy/service/migration_service.dart:256:19)
│ #1   <asynchronous suspension>
├┄┄┄┄┄┄┄┄┄┄┄┄┄┄┄┄┄┄┄┄┄┄┄┄┄┄┄┄┄┄┄┄┄┄┄┄┄┄┄┄┄┄┄┄┄┄┄┄┄┄┄┄┄┄┄┄┄┄┄┄┄┄┄┄┄┄┄┄┄┄┄┄┄┄┄┄┄┄┄┄┄┄┄┄┄┄┄┄┄┄┄┄┄┄┄┄┄┄┄┄┄┄┄┄┄┄┄┄┄┄┄┄┄┄┄┄┄┄┄
│ 🐛 Executed: PRAGMA user_version = 20;
└───────────────────────────────────────────────────────────────────────────────────────────────────────────────────────
[38;5;12m┌───────────────────────────────────────────────────────────────────────────────────────────────────────────────────────[0m
[38;5;12m│ #0   MigrationService.migrate (package:imboy/service/migration_service.dart:240:17)[0m
[38;5;12m│ #1   <asynchronous suspension>[0m
[38;5;12m├┄┄┄┄┄┄┄┄┄┄┄┄┄┄┄┄┄┄┄┄┄┄┄┄┄┄┄┄┄┄┄┄┄┄┄┄┄┄┄┄┄┄┄┄┄┄┄┄┄┄┄┄┄┄┄┄┄┄┄┄┄┄┄┄┄┄┄┄┄┄┄┄┄┄┄┄┄┄┄┄┄┄┄┄┄┄┄┄┄┄┄┄┄┄┄┄┄┄┄┄┄┄┄┄┄┄┄┄┄┄┄┄┄┄┄┄┄┄┄[0m
[38;5;12m│ 💡 Progress: 5/16 - v21 → v21[0m
[38;5;12m└───────────────────────────────────────────────────────────────────────────────────────────────────────────────────────[0m
┌───────────────────────────────────────────────────────────────────────────────────────────────────────────────────────
│ #0   MigrationService.migrate (package:imboy/service/migration_service.dart:256:19)
│ #1   <asynchronous suspension>
├┄┄┄┄┄┄┄┄┄┄┄┄┄┄┄┄┄┄┄┄┄┄┄┄┄┄┄┄┄┄┄┄┄┄┄┄┄┄┄┄┄┄┄┄┄┄┄┄┄┄┄┄┄┄┄┄┄┄┄┄┄┄┄┄┄┄┄┄┄┄┄┄┄┄┄┄┄┄┄┄┄┄┄┄┄┄┄┄┄┄┄┄┄┄┄┄┄┄┄┄┄┄┄┄┄┄┄┄┄┄┄┄┄┄┄┄┄┄┄
│ 🐛 Executed: DROP INDEX IF EXISTS uq_moment_notify_dedup;
└───────────────────────────────────────────────────────────────────────────────────────────────────────────────────────
┌───────────────────────────────────────────────────────────────────────────────────────────────────────────────────────
│ #0   MigrationService.migrate (package:imboy/service/migration_service.dart:256:19)
│ #1   <asynchronous suspension>
├┄┄┄┄┄┄┄┄┄┄┄┄┄┄┄┄┄┄┄┄┄┄┄┄┄┄┄┄┄┄┄┄┄┄┄┄┄┄┄┄┄┄┄┄┄┄┄┄┄┄┄┄┄┄┄┄┄┄┄┄┄┄┄┄┄┄┄┄┄┄┄┄┄┄┄┄┄┄┄┄┄┄┄┄┄┄┄┄┄┄┄┄┄┄┄┄┄┄┄┄┄┄┄┄┄┄┄┄┄┄┄┄┄┄┄┄┄┄┄
│ 🐛 Executed: CREATE UNIQUE INDEX IF NOT EXISTS uq_moment_notify...
└───────────────────────────────────────────────────────────────────────────────────────────────────────────────────────
┌───────────────────────────────────────────────────────────────────────────────────────────────────────────────────────
│ #0   MigrationService.migrate (package:imboy/service/migration_service.dart:256:19)
│ #1   <asynchronous suspension>
├┄┄┄┄┄┄┄┄┄┄┄┄┄┄┄┄┄┄┄┄┄┄┄┄┄┄┄┄┄┄┄┄┄┄┄┄┄┄┄┄┄┄┄┄┄┄┄┄┄┄┄┄┄┄┄┄┄┄┄┄┄┄┄┄┄┄┄┄┄┄┄┄┄┄┄┄┄┄┄┄┄┄┄┄┄┄┄┄┄┄┄┄┄┄┄┄┄┄┄┄┄┄┄┄┄┄┄┄┄┄┄┄┄┄┄┄┄┄┄
│ 🐛 Executed: PRAGMA user_version = 21;
└───────────────────────────────────────────────────────────────────────────────────────────────────────────────────────
[38;5;12m┌───────────────────────────────────────────────────────────────────────────────────────────────────────────────────────[0m
[38;5;12m│ #0   MigrationService.migrate (package:imboy/service/migration_service.dart:240:17)[0m
[38;5;12m│ #1   <asynchronous suspension>[0m
[38;5;12m├┄┄┄┄┄┄┄┄┄┄┄┄┄┄┄┄┄┄┄┄┄┄┄┄┄┄┄┄┄┄┄┄┄┄┄┄┄┄┄┄┄┄┄┄┄┄┄┄┄┄┄┄┄┄┄┄┄┄┄┄┄┄┄┄┄┄┄┄┄┄┄┄┄┄┄┄┄┄┄┄┄┄┄┄┄┄┄┄┄┄┄┄┄┄┄┄┄┄┄┄┄┄┄┄┄┄┄┄┄┄┄┄┄┄┄┄┄┄┄[0m
[38;5;12m│ 💡 Progress: 6/16 - v22 → v22[0m
[38;5;12m└───────────────────────────────────────────────────────────────────────────────────────────────────────────────────────[0m
┌───────────────────────────────────────────────────────────────────────────────────────────────────────────────────────
│ #0   MigrationService.migrate (package:imboy/service/migration_service.dart:256:19)
│ #1   <asynchronous suspension>
├┄┄┄┄┄┄┄┄┄┄┄┄┄┄┄┄┄┄┄┄┄┄┄┄┄┄┄┄┄┄┄┄┄┄┄┄┄┄┄┄┄┄┄┄┄┄┄┄┄┄┄┄┄┄┄┄┄┄┄┄┄┄┄┄┄┄┄┄┄┄┄┄┄┄┄┄┄┄┄┄┄┄┄┄┄┄┄┄┄┄┄┄┄┄┄┄┄┄┄┄┄┄┄┄┄┄┄┄┄┄┄┄┄┄┄┄┄┄┄
│ 🐛 Executed: CREATE TABLE user_collect_new (
│ 🐛     auto_id INTEGE...
└───────────────────────────────────────────────────────────────────────────────────────────────────────────────────────
┌───────────────────────────────────────────────────────────────────────────────────────────────────────────────────────
│ #0   MigrationService.migrate (package:imboy/service/migration_service.dart:256:19)
│ #1   <asynchronous suspension>
├┄┄┄┄┄┄┄┄┄┄┄┄┄┄┄┄┄┄┄┄┄┄┄┄┄┄┄┄┄┄┄┄┄┄┄┄┄┄┄┄┄┄┄┄┄┄┄┄┄┄┄┄┄┄┄┄┄┄┄┄┄┄┄┄┄┄┄┄┄┄┄┄┄┄┄┄┄┄┄┄┄┄┄┄┄┄┄┄┄┄┄┄┄┄┄┄┄┄┄┄┄┄┄┄┄┄┄┄┄┄┄┄┄┄┄┄┄┄┄
│ 🐛 Executed: INSERT INTO user_collect_new (
│ 🐛     auto_id, user_i...
└───────────────────────────────────────────────────────────────────────────────────────────────────────────────────────
┌───────────────────────────────────────────────────────────────────────────────────────────────────────────────────────
│ #0   MigrationService.migrate (package:imboy/service/migration_service.dart:256:19)
│ #1   <asynchronous suspension>
├┄┄┄┄┄┄┄┄┄┄┄┄┄┄┄┄┄┄┄┄┄┄┄┄┄┄┄┄┄┄┄┄┄┄┄┄┄┄┄┄┄┄┄┄┄┄┄┄┄┄┄┄┄┄┄┄┄┄┄┄┄┄┄┄┄┄┄┄┄┄┄┄┄┄┄┄┄┄┄┄┄┄┄┄┄┄┄┄┄┄┄┄┄┄┄┄┄┄┄┄┄┄┄┄┄┄┄┄┄┄┄┄┄┄┄┄┄┄┄
│ 🐛 Executed: DROP TABLE user_collect;
└───────────────────────────────────────────────────────────────────────────────────────────────────────────────────────
┌───────────────────────────────────────────────────────────────────────────────────────────────────────────────────────
│ #0   MigrationService.migrate (package:imboy/service/migration_service.dart:256:19)
│ #1   <asynchronous suspension>
├┄┄┄┄┄┄┄┄┄┄┄┄┄┄┄┄┄┄┄┄┄┄┄┄┄┄┄┄┄┄┄┄┄┄┄┄┄┄┄┄┄┄┄┄┄┄┄┄┄┄┄┄┄┄┄┄┄┄┄┄┄┄┄┄┄┄┄┄┄┄┄┄┄┄┄┄┄┄┄┄┄┄┄┄┄┄┄┄┄┄┄┄┄┄┄┄┄┄┄┄┄┄┄┄┄┄┄┄┄┄┄┄┄┄┄┄┄┄┄
│ 🐛 Executed: ALTER TABLE user_collect_new RENAME TO user_collec...
└───────────────────────────────────────────────────────────────────────────────────────────────────────────────────────
┌───────────────────────────────────────────────────────────────────────────────────────────────────────────────────────
│ #0   MigrationService.migrate (package:imboy/service/migration_service.dart:256:19)
│ #1   <asynchronous suspension>
├┄┄┄┄┄┄┄┄┄┄┄┄┄┄┄┄┄┄┄┄┄┄┄┄┄┄┄┄┄┄┄┄┄┄┄┄┄┄┄┄┄┄┄┄┄┄┄┄┄┄┄┄┄┄┄┄┄┄┄┄┄┄┄┄┄┄┄┄┄┄┄┄┄┄┄┄┄┄┄┄┄┄┄┄┄┄┄┄┄┄┄┄┄┄┄┄┄┄┄┄┄┄┄┄┄┄┄┄┄┄┄┄┄┄┄┄┄┄┄
│ 🐛 Executed: CREATE INDEX i_Source ON user_collect (source);
└───────────────────────────────────────────────────────────────────────────────────────────────────────────────────────
┌───────────────────────────────────────────────────────────────────────────────────────────────────────────────────────
│ #0   MigrationService.migrate (package:imboy/service/migration_service.dart:256:19)
│ #1   <asynchronous suspension>
├┄┄┄┄┄┄┄┄┄┄┄┄┄┄┄┄┄┄┄┄┄┄┄┄┄┄┄┄┄┄┄┄┄┄┄┄┄┄┄┄┄┄┄┄┄┄┄┄┄┄┄┄┄┄┄┄┄┄┄┄┄┄┄┄┄┄┄┄┄┄┄┄┄┄┄┄┄┄┄┄┄┄┄┄┄┄┄┄┄┄┄┄┄┄┄┄┄┄┄┄┄┄┄┄┄┄┄┄┄┄┄┄┄┄┄┄┄┄┄
│ 🐛 Executed: CREATE INDEX idx_user_collect_user_id_kind ON user...
└───────────────────────────────────────────────────────────────────────────────────────────────────────────────────────
┌───────────────────────────────────────────────────────────────────────────────────────────────────────────────────────
│ #0   MigrationService.migrate (package:imboy/service/migration_service.dart:256:19)
│ #1   <asynchronous suspension>
├┄┄┄┄┄┄┄┄┄┄┄┄┄┄┄┄┄┄┄┄┄┄┄┄┄┄┄┄┄┄┄┄┄┄┄┄┄┄┄┄┄┄┄┄┄┄┄┄┄┄┄┄┄┄┄┄┄┄┄┄┄┄┄┄┄┄┄┄┄┄┄┄┄┄┄┄┄┄┄┄┄┄┄┄┄┄┄┄┄┄┄┄┄┄┄┄┄┄┄┄┄┄┄┄┄┄┄┄┄┄┄┄┄┄┄┄┄┄┄
│ 🐛 Executed: PRAGMA user_version = 22;
└───────────────────────────────────────────────────────────────────────────────────────────────────────────────────────
[38;5;12m┌───────────────────────────────────────────────────────────────────────────────────────────────────────────────────────[0m
[38;5;12m│ #0   MigrationService.migrate (package:imboy/service/migration_service.dart:240:17)[0m
[38;5;12m│ #1   <asynchronous suspension>[0m
[38;5;12m├┄┄┄┄┄┄┄┄┄┄┄┄┄┄┄┄┄┄┄┄┄┄┄┄┄┄┄┄┄┄┄┄┄┄┄┄┄┄┄┄┄┄┄┄┄┄┄┄┄┄┄┄┄┄┄┄┄┄┄┄┄┄┄┄┄┄┄┄┄┄┄┄┄┄┄┄┄┄┄┄┄┄┄┄┄┄┄┄┄┄┄┄┄┄┄┄┄┄┄┄┄┄┄┄┄┄┄┄┄┄┄┄┄┄┄┄┄┄┄[0m
[38;5;12m│ 💡 Progress: 7/16 - v23 → v23[0m
[38;5;12m└───────────────────────────────────────────────────────────────────────────────────────────────────────────────────────[0m
┌───────────────────────────────────────────────────────────────────────────────────────────────────────────────────────
│ #0   MigrationService.migrate (package:imboy/service/migration_service.dart:256:19)
│ #1   <asynchronous suspension>
├┄┄┄┄┄┄┄┄┄┄┄┄┄┄┄┄┄┄┄┄┄┄┄┄┄┄┄┄┄┄┄┄┄┄┄┄┄┄┄┄┄┄┄┄┄┄┄┄┄┄┄┄┄┄┄┄┄┄┄┄┄┄┄┄┄┄┄┄┄┄┄┄┄┄┄┄┄┄┄┄┄┄┄┄┄┄┄┄┄┄┄┄┄┄┄┄┄┄┄┄┄┄┄┄┄┄┄┄┄┄┄┄┄┄┄┄┄┄┄
│ 🐛 Executed: ALTER TABLE channel_message ADD COLUMN my_reaction...
└───────────────────────────────────────────────────────────────────────────────────────────────────────────────────────
┌───────────────────────────────────────────────────────────────────────────────────────────────────────────────────────
│ #0   MigrationService.migrate (package:imboy/service/migration_service.dart:256:19)
│ #1   <asynchronous suspension>
├┄┄┄┄┄┄┄┄┄┄┄┄┄┄┄┄┄┄┄┄┄┄┄┄┄┄┄┄┄┄┄┄┄┄┄┄┄┄┄┄┄┄┄┄┄┄┄┄┄┄┄┄┄┄┄┄┄┄┄┄┄┄┄┄┄┄┄┄┄┄┄┄┄┄┄┄┄┄┄┄┄┄┄┄┄┄┄┄┄┄┄┄┄┄┄┄┄┄┄┄┄┄┄┄┄┄┄┄┄┄┄┄┄┄┄┄┄┄┄
│ 🐛 Executed: PRAGMA user_version = 23;
└───────────────────────────────────────────────────────────────────────────────────────────────────────────────────────
[38;5;12m┌───────────────────────────────────────────────────────────────────────────────────────────────────────────────────────[0m
[38;5;12m│ #0   MigrationService.migrate (package:imboy/service/migration_service.dart:240:17)[0m
[38;5;12m│ #1   <asynchronous suspension>[0m
[38;5;12m├┄┄┄┄┄┄┄┄┄┄┄┄┄┄┄┄┄┄┄┄┄┄┄┄┄┄┄┄┄┄┄┄┄┄┄┄┄┄┄┄┄┄┄┄┄┄┄┄┄┄┄┄┄┄┄┄┄┄┄┄┄┄┄┄┄┄┄┄┄┄┄┄┄┄┄┄┄┄┄┄┄┄┄┄┄┄┄┄┄┄┄┄┄┄┄┄┄┄┄┄┄┄┄┄┄┄┄┄┄┄┄┄┄┄┄┄┄┄┄[0m
[38;5;12m│ 💡 Progress: 8/16 - v24 → v24[0m
[38;5;12m└───────────────────────────────────────────────────────────────────────────────────────────────────────────────────────[0m
┌───────────────────────────────────────────────────────────────────────────────────────────────────────────────────────
│ #0   MigrationService.migrate (package:imboy/service/migration_service.dart:256:19)
│ #1   <asynchronous suspension>
├┄┄┄┄┄┄┄┄┄┄┄┄┄┄┄┄┄┄┄┄┄┄┄┄┄┄┄┄┄┄┄┄┄┄┄┄┄┄┄┄┄┄┄┄┄┄┄┄┄┄┄┄┄┄┄┄┄┄┄┄┄┄┄┄┄┄┄┄┄┄┄┄┄┄┄┄┄┄┄┄┄┄┄┄┄┄┄┄┄┄┄┄┄┄┄┄┄┄┄┄┄┄┄┄┄┄┄┄┄┄┄┄┄┄┄┄┄┄┄
│ 🐛 Executed: ALTER TABLE contact ADD COLUMN account_type INTEGE...
└───────────────────────────────────────────────────────────────────────────────────────────────────────────────────────
┌───────────────────────────────────────────────────────────────────────────────────────────────────────────────────────
│ #0   MigrationService.migrate (package:imboy/service/migration_service.dart:256:19)
│ #1   <asynchronous suspension>
├┄┄┄┄┄┄┄┄┄┄┄┄┄┄┄┄┄┄┄┄┄┄┄┄┄┄┄┄┄┄┄┄┄┄┄┄┄┄┄┄┄┄┄┄┄┄┄┄┄┄┄┄┄┄┄┄┄┄┄┄┄┄┄┄┄┄┄┄┄┄┄┄┄┄┄┄┄┄┄┄┄┄┄┄┄┄┄┄┄┄┄┄┄┄┄┄┄┄┄┄┄┄┄┄┄┄┄┄┄┄┄┄┄┄┄┄┄┄┄
│ 🐛 Executed: PRAGMA user_version = 24;
└───────────────────────────────────────────────────────────────────────────────────────────────────────────────────────
[38;5;12m┌───────────────────────────────────────────────────────────────────────────────────────────────────────────────────────[0m
[38;5;12m│ #0   MigrationService.migrate (package:imboy/service/migration_service.dart:240:17)[0m
[38;5;12m│ #1   <asynchronous suspension>[0m
[38;5;12m├┄┄┄┄┄┄┄┄┄┄┄┄┄┄┄┄┄┄┄┄┄┄┄┄┄┄┄┄┄┄┄┄┄┄┄┄┄┄┄┄┄┄┄┄┄┄┄┄┄┄┄┄┄┄┄┄┄┄┄┄┄┄┄┄┄┄┄┄┄┄┄┄┄┄┄┄┄┄┄┄┄┄┄┄┄┄┄┄┄┄┄┄┄┄┄┄┄┄┄┄┄┄┄┄┄┄┄┄┄┄┄┄┄┄┄┄┄┄┄[0m
[38;5;12m│ 💡 Progress: 9/16 - v25 → v25[0m
[38;5;12m└───────────────────────────────────────────────────────────────────────────────────────────────────────────────────────[0m
┌───────────────────────────────────────────────────────────────────────────────────────────────────────────────────────
│ #0   MigrationService.migrate (package:imboy/service/migration_service.dart:256:19)
│ #1   <asynchronous suspension>
├┄┄┄┄┄┄┄┄┄┄┄┄┄┄┄┄┄┄┄┄┄┄┄┄┄┄┄┄┄┄┄┄┄┄┄┄┄┄┄┄┄┄┄┄┄┄┄┄┄┄┄┄┄┄┄┄┄┄┄┄┄┄┄┄┄┄┄┄┄┄┄┄┄┄┄┄┄┄┄┄┄┄┄┄┄┄┄┄┄┄┄┄┄┄┄┄┄┄┄┄┄┄┄┄┄┄┄┄┄┄┄┄┄┄┄┄┄┄┄
│ 🐛 Executed: ALTER TABLE msg_c2c ADD COLUMN sender_did TEXT;
└───────────────────────────────────────────────────────────────────────────────────────────────────────────────────────
┌───────────────────────────────────────────────────────────────────────────────────────────────────────────────────────
│ #0   MigrationService.migrate (package:imboy/service/migration_service.dart:256:19)
│ #1   <asynchronous suspension>
├┄┄┄┄┄┄┄┄┄┄┄┄┄┄┄┄┄┄┄┄┄┄┄┄┄┄┄┄┄┄┄┄┄┄┄┄┄┄┄┄┄┄┄┄┄┄┄┄┄┄┄┄┄┄┄┄┄┄┄┄┄┄┄┄┄┄┄┄┄┄┄┄┄┄┄┄┄┄┄┄┄┄┄┄┄┄┄┄┄┄┄┄┄┄┄┄┄┄┄┄┄┄┄┄┄┄┄┄┄┄┄┄┄┄┄┄┄┄┄
│ 🐛 Executed: PRAGMA user_version = 25;
└───────────────────────────────────────────────────────────────────────────────────────────────────────────────────────
[38;5;12m┌───────────────────────────────────────────────────────────────────────────────────────────────────────────────────────[0m
[38;5;12m│ #0   MigrationService.migrate (package:imboy/service/migration_service.dart:240:17)[0m
[38;5;12m│ #1   <asynchronous suspension>[0m
[38;5;12m├┄┄┄┄┄┄┄┄┄┄┄┄┄┄┄┄┄┄┄┄┄┄┄┄┄┄┄┄┄┄┄┄┄┄┄┄┄┄┄┄┄┄┄┄┄┄┄┄┄┄┄┄┄┄┄┄┄┄┄┄┄┄┄┄┄┄┄┄┄┄┄┄┄┄┄┄┄┄┄┄┄┄┄┄┄┄┄┄┄┄┄┄┄┄┄┄┄┄┄┄┄┄┄┄┄┄┄┄┄┄┄┄┄┄┄┄┄┄┄[0m
[38;5;12m│ 💡 Progress: 10/16 - v26 → v26[0m
[38;5;12m└───────────────────────────────────────────────────────────────────────────────────────────────────────────────────────[0m
┌───────────────────────────────────────────────────────────────────────────────────────────────────────────────────────
│ #0   MigrationService.migrate (package:imboy/service/migration_service.dart:256:19)
│ #1   <asynchronous suspension>
├┄┄┄┄┄┄┄┄┄┄┄┄┄┄┄┄┄┄┄┄┄┄┄┄┄┄┄┄┄┄┄┄┄┄┄┄┄┄┄┄┄┄┄┄┄┄┄┄┄┄┄┄┄┄┄┄┄┄┄┄┄┄┄┄┄┄┄┄┄┄┄┄┄┄┄┄┄┄┄┄┄┄┄┄┄┄┄┄┄┄┄┄┄┄┄┄┄┄┄┄┄┄┄┄┄┄┄┄┄┄┄┄┄┄┄┄┄┄┄
│ 🐛 Executed: ALTER TABLE contact ADD COLUMN last_seen_at INTEGE...
└───────────────────────────────────────────────────────────────────────────────────────────────────────────────────────
┌───────────────────────────────────────────────────────────────────────────────────────────────────────────────────────
│ #0   MigrationService.migrate (package:imboy/service/migration_service.dart:256:19)
│ #1   <asynchronous suspension>
├┄┄┄┄┄┄┄┄┄┄┄┄┄┄┄┄┄┄┄┄┄┄┄┄┄┄┄┄┄┄┄┄┄┄┄┄┄┄┄┄┄┄┄┄┄┄┄┄┄┄┄┄┄┄┄┄┄┄┄┄┄┄┄┄┄┄┄┄┄┄┄┄┄┄┄┄┄┄┄┄┄┄┄┄┄┄┄┄┄┄┄┄┄┄┄┄┄┄┄┄┄┄┄┄┄┄┄┄┄┄┄┄┄┄┄┄┄┄┄
│ 🐛 Executed: PRAGMA user_version = 26;
└───────────────────────────────────────────────────────────────────────────────────────────────────────────────────────
[38;5;12m┌───────────────────────────────────────────────────────────────────────────────────────────────────────────────────────[0m
[38;5;12m│ #0   MigrationService.migrate (package:imboy/service/migration_service.dart:240:17)[0m
[38;5;12m│ #1   <asynchronous suspension>[0m
[38;5;12m├┄┄┄┄┄┄┄┄┄┄┄┄┄┄┄┄┄┄┄┄┄┄┄┄┄┄┄┄┄┄┄┄┄┄┄┄┄┄┄┄┄┄┄┄┄┄┄┄┄┄┄┄┄┄┄┄┄┄┄┄┄┄┄┄┄┄┄┄┄┄┄┄┄┄┄┄┄┄┄┄┄┄┄┄┄┄┄┄┄┄┄┄┄┄┄┄┄┄┄┄┄┄┄┄┄┄┄┄┄┄┄┄┄┄┄┄┄┄┄[0m
[38;5;12m│ 💡 Progress: 11/16 - v27 → v27[0m
[38;5;12m└───────────────────────────────────────────────────────────────────────────────────────────────────────────────────────[0m
┌───────────────────────────────────────────────────────────────────────────────────────────────────────────────────────
│ #0   MigrationService.migrate (package:imboy/service/migration_service.dart:256:19)
│ #1   <asynchronous suspension>
├┄┄┄┄┄┄┄┄┄┄┄┄┄┄┄┄┄┄┄┄┄┄┄┄┄┄┄┄┄┄┄┄┄┄┄┄┄┄┄┄┄┄┄┄┄┄┄┄┄┄┄┄┄┄┄┄┄┄┄┄┄┄┄┄┄┄┄┄┄┄┄┄┄┄┄┄┄┄┄┄┄┄┄┄┄┄┄┄┄┄┄┄┄┄┄┄┄┄┄┄┄┄┄┄┄┄┄┄┄┄┄┄┄┄┄┄┄┄┄
│ 🐛 Executed: ALTER TABLE channel ADD COLUMN user_role INTEGER D...
└───────────────────────────────────────────────────────────────────────────────────────────────────────────────────────
┌───────────────────────────────────────────────────────────────────────────────────────────────────────────────────────
│ #0   MigrationService.migrate (package:imboy/service/migration_service.dart:256:19)
│ #1   <asynchronous suspension>
├┄┄┄┄┄┄┄┄┄┄┄┄┄┄┄┄┄┄┄┄┄┄┄┄┄┄┄┄┄┄┄┄┄┄┄┄┄┄┄┄┄┄┄┄┄┄┄┄┄┄┄┄┄┄┄┄┄┄┄┄┄┄┄┄┄┄┄┄┄┄┄┄┄┄┄┄┄┄┄┄┄┄┄┄┄┄┄┄┄┄┄┄┄┄┄┄┄┄┄┄┄┄┄┄┄┄┄┄┄┄┄┄┄┄┄┄┄┄┄
│ 🐛 Executed: ALTER TABLE channel ADD COLUMN is_subscribed INTEG...
└───────────────────────────────────────────────────────────────────────────────────────────────────────────────────────
┌───────────────────────────────────────────────────────────────────────────────────────────────────────────────────────
│ #0   MigrationService.migrate (package:imboy/service/migration_service.dart:256:19)
│ #1   <asynchronous suspension>
├┄┄┄┄┄┄┄┄┄┄┄┄┄┄┄┄┄┄┄┄┄┄┄┄┄┄┄┄┄┄┄┄┄┄┄┄┄┄┄┄┄┄┄┄┄┄┄┄┄┄┄┄┄┄┄┄┄┄┄┄┄┄┄┄┄┄┄┄┄┄┄┄┄┄┄┄┄┄┄┄┄┄┄┄┄┄┄┄┄┄┄┄┄┄┄┄┄┄┄┄┄┄┄┄┄┄┄┄┄┄┄┄┄┄┄┄┄┄┄
│ 🐛 Executed: PRAGMA user_version = 27;
└───────────────────────────────────────────────────────────────────────────────────────────────────────────────────────
[38;5;12m┌───────────────────────────────────────────────────────────────────────────────────────────────────────────────────────[0m
[38;5;12m│ #0   MigrationService.migrate (package:imboy/service/migration_service.dart:240:17)[0m
[38;5;12m│ #1   <asynchronous suspension>[0m
[38;5;12m├┄┄┄┄┄┄┄┄┄┄┄┄┄┄┄┄┄┄┄┄┄┄┄┄┄┄┄┄┄┄┄┄┄┄┄┄┄┄┄┄┄┄┄┄┄┄┄┄┄┄┄┄┄┄┄┄┄┄┄┄┄┄┄┄┄┄┄┄┄┄┄┄┄┄┄┄┄┄┄┄┄┄┄┄┄┄┄┄┄┄┄┄┄┄┄┄┄┄┄┄┄┄┄┄┄┄┄┄┄┄┄┄┄┄┄┄┄┄┄[0m
[38;5;12m│ 💡 Progress: 12/16 - v28 → v28[0m
[38;5;12m└───────────────────────────────────────────────────────────────────────────────────────────────────────────────────────[0m
┌───────────────────────────────────────────────────────────────────────────────────────────────────────────────────────
│ #0   MigrationService.migrate (package:imboy/service/migration_service.dart:256:19)
│ #1   <asynchronous suspension>
├┄┄┄┄┄┄┄┄┄┄┄┄┄┄┄┄┄┄┄┄┄┄┄┄┄┄┄┄┄┄┄┄┄┄┄┄┄┄┄┄┄┄┄┄┄┄┄┄┄┄┄┄┄┄┄┄┄┄┄┄┄┄┄┄┄┄┄┄┄┄┄┄┄┄┄┄┄┄┄┄┄┄┄┄┄┄┄┄┄┄┄┄┄┄┄┄┄┄┄┄┄┄┄┄┄┄┄┄┄┄┄┄┄┄┄┄┄┄┄
│ 🐛 Executed: CREATE TABLE IF NOT EXISTS channel_message_outbox ...
└───────────────────────────────────────────────────────────────────────────────────────────────────────────────────────
┌───────────────────────────────────────────────────────────────────────────────────────────────────────────────────────
│ #0   MigrationService.migrate (package:imboy/service/migration_service.dart:256:19)
│ #1   <asynchronous suspension>
├┄┄┄┄┄┄┄┄┄┄┄┄┄┄┄┄┄┄┄┄┄┄┄┄┄┄┄┄┄┄┄┄┄┄┄┄┄┄┄┄┄┄┄┄┄┄┄┄┄┄┄┄┄┄┄┄┄┄┄┄┄┄┄┄┄┄┄┄┄┄┄┄┄┄┄┄┄┄┄┄┄┄┄┄┄┄┄┄┄┄┄┄┄┄┄┄┄┄┄┄┄┄┄┄┄┄┄┄┄┄┄┄┄┄┄┄┄┄┄
│ 🐛 Executed: CREATE INDEX IF NOT EXISTS idx_channel_message_out...
└───────────────────────────────────────────────────────────────────────────────────────────────────────────────────────
┌───────────────────────────────────────────────────────────────────────────────────────────────────────────────────────
│ #0   MigrationService.migrate (package:imboy/service/migration_service.dart:256:19)
│ #1   <asynchronous suspension>
├┄┄┄┄┄┄┄┄┄┄┄┄┄┄┄┄┄┄┄┄┄┄┄┄┄┄┄┄┄┄┄┄┄┄┄┄┄┄┄┄┄┄┄┄┄┄┄┄┄┄┄┄┄┄┄┄┄┄┄┄┄┄┄┄┄┄┄┄┄┄┄┄┄┄┄┄┄┄┄┄┄┄┄┄┄┄┄┄┄┄┄┄┄┄┄┄┄┄┄┄┄┄┄┄┄┄┄┄┄┄┄┄┄┄┄┄┄┄┄
│ 🐛 Executed: PRAGMA user_version = 28;
└───────────────────────────────────────────────────────────────────────────────────────────────────────────────────────
[38;5;12m┌───────────────────────────────────────────────────────────────────────────────────────────────────────────────────────[0m
[38;5;12m│ #0   MigrationService.migrate (package:imboy/service/migration_service.dart:240:17)[0m
[38;5;12m│ #1   <asynchronous suspension>[0m
[38;5;12m├┄┄┄┄┄┄┄┄┄┄┄┄┄┄┄┄┄┄┄┄┄┄┄┄┄┄┄┄┄┄┄┄┄┄┄┄┄┄┄┄┄┄┄┄┄┄┄┄┄┄┄┄┄┄┄┄┄┄┄┄┄┄┄┄┄┄┄┄┄┄┄┄┄┄┄┄┄┄┄┄┄┄┄┄┄┄┄┄┄┄┄┄┄┄┄┄┄┄┄┄┄┄┄┄┄┄┄┄┄┄┄┄┄┄┄┄┄┄┄[0m
[38;5;12m│ 💡 Progress: 13/16 - v29 → v29[0m
[38;5;12m└───────────────────────────────────────────────────────────────────────────────────────────────────────────────────────[0m
┌───────────────────────────────────────────────────────────────────────────────────────────────────────────────────────
│ #0   MigrationService.migrate (package:imboy/service/migration_service.dart:256:19)
│ #1   <asynchronous suspension>
├┄┄┄┄┄┄┄┄┄┄┄┄┄┄┄┄┄┄┄┄┄┄┄┄┄┄┄┄┄┄┄┄┄┄┄┄┄┄┄┄┄┄┄┄┄┄┄┄┄┄┄┄┄┄┄┄┄┄┄┄┄┄┄┄┄┄┄┄┄┄┄┄┄┄┄┄┄┄┄┄┄┄┄┄┄┄┄┄┄┄┄┄┄┄┄┄┄┄┄┄┄┄┄┄┄┄┄┄┄┄┄┄┄┄┄┄┄┄┄
│ 🐛 Executed: CREATE TABLE IF NOT EXISTS channel_publish_outbox ...
└───────────────────────────────────────────────────────────────────────────────────────────────────────────────────────
┌───────────────────────────────────────────────────────────────────────────────────────────────────────────────────────
│ #0   MigrationService.migrate (package:imboy/service/migration_service.dart:256:19)
│ #1   <asynchronous suspension>
├┄┄┄┄┄┄┄┄┄┄┄┄┄┄┄┄┄┄┄┄┄┄┄┄┄┄┄┄┄┄┄┄┄┄┄┄┄┄┄┄┄┄┄┄┄┄┄┄┄┄┄┄┄┄┄┄┄┄┄┄┄┄┄┄┄┄┄┄┄┄┄┄┄┄┄┄┄┄┄┄┄┄┄┄┄┄┄┄┄┄┄┄┄┄┄┄┄┄┄┄┄┄┄┄┄┄┄┄┄┄┄┄┄┄┄┄┄┄┄
│ 🐛 Executed: CREATE INDEX IF NOT EXISTS idx_channel_publish_out...
└───────────────────────────────────────────────────────────────────────────────────────────────────────────────────────
┌───────────────────────────────────────────────────────────────────────────────────────────────────────────────────────
│ #0   MigrationService.migrate (package:imboy/service/migration_service.dart:256:19)
│ #1   <asynchronous suspension>
├┄┄┄┄┄┄┄┄┄┄┄┄┄┄┄┄┄┄┄┄┄┄┄┄┄┄┄┄┄┄┄┄┄┄┄┄┄┄┄┄┄┄┄┄┄┄┄┄┄┄┄┄┄┄┄┄┄┄┄┄┄┄┄┄┄┄┄┄┄┄┄┄┄┄┄┄┄┄┄┄┄┄┄┄┄┄┄┄┄┄┄┄┄┄┄┄┄┄┄┄┄┄┄┄┄┄┄┄┄┄┄┄┄┄┄┄┄┄┄
│ 🐛 Executed: PRAGMA user_version = 29;
└───────────────────────────────────────────────────────────────────────────────────────────────────────────────────────
[38;5;12m┌───────────────────────────────────────────────────────────────────────────────────────────────────────────────────────[0m
[38;5;12m│ #0   MigrationService.migrate (package:imboy/service/migration_service.dart:240:17)[0m
[38;5;12m│ #1   <asynchronous suspension>[0m
[38;5;12m├┄┄┄┄┄┄┄┄┄┄┄┄┄┄┄┄┄┄┄┄┄┄┄┄┄┄┄┄┄┄┄┄┄┄┄┄┄┄┄┄┄┄┄┄┄┄┄┄┄┄┄┄┄┄┄┄┄┄┄┄┄┄┄┄┄┄┄┄┄┄┄┄┄┄┄┄┄┄┄┄┄┄┄┄┄┄┄┄┄┄┄┄┄┄┄┄┄┄┄┄┄┄┄┄┄┄┄┄┄┄┄┄┄┄┄┄┄┄┄[0m
[38;5;12m│ 💡 Progress: 14/16 - v30 → v30[0m
[38;5;12m└───────────────────────────────────────────────────────────────────────────────────────────────────────────────────────[0m
┌───────────────────────────────────────────────────────────────────────────────────────────────────────────────────────
│ #0   MigrationService.migrate (package:imboy/service/migration_service.dart:256:19)
│ #1   <asynchronous suspension>
├┄┄┄┄┄┄┄┄┄┄┄┄┄┄┄┄┄┄┄┄┄┄┄┄┄┄┄┄┄┄┄┄┄┄┄┄┄┄┄┄┄┄┄┄┄┄┄┄┄┄┄┄┄┄┄┄┄┄┄┄┄┄┄┄┄┄┄┄┄┄┄┄┄┄┄┄┄┄┄┄┄┄┄┄┄┄┄┄┄┄┄┄┄┄┄┄┄┄┄┄┄┄┄┄┄┄┄┄┄┄┄┄┄┄┄┄┄┄┄
│ 🐛 Executed: ALTER TABLE channel ADD COLUMN has_purchased INTEG...
└───────────────────────────────────────────────────────────────────────────────────────────────────────────────────────
┌───────────────────────────────────────────────────────────────────────────────────────────────────────────────────────
│ #0   MigrationService.migrate (package:imboy/service/migration_service.dart:256:19)
│ #1   <asynchronous suspension>
├┄┄┄┄┄┄┄┄┄┄┄┄┄┄┄┄┄┄┄┄┄┄┄┄┄┄┄┄┄┄┄┄┄┄┄┄┄┄┄┄┄┄┄┄┄┄┄┄┄┄┄┄┄┄┄┄┄┄┄┄┄┄┄┄┄┄┄┄┄┄┄┄┄┄┄┄┄┄┄┄┄┄┄┄┄┄┄┄┄┄┄┄┄┄┄┄┄┄┄┄┄┄┄┄┄┄┄┄┄┄┄┄┄┄┄┄┄┄┄
│ 🐛 Executed: PRAGMA user_version = 30;
└───────────────────────────────────────────────────────────────────────────────────────────────────────────────────────
[38;5;12m┌───────────────────────────────────────────────────────────────────────────────────────────────────────────────────────[0m
[38;5;12m│ #0   MigrationService.migrate (package:imboy/service/migration_service.dart:240:17)[0m
[38;5;12m│ #1   <asynchronous suspension>[0m
[38;5;12m├┄┄┄┄┄┄┄┄┄┄┄┄┄┄┄┄┄┄┄┄┄┄┄┄┄┄┄┄┄┄┄┄┄┄┄┄┄┄┄┄┄┄┄┄┄┄┄┄┄┄┄┄┄┄┄┄┄┄┄┄┄┄┄┄┄┄┄┄┄┄┄┄┄┄┄┄┄┄┄┄┄┄┄┄┄┄┄┄┄┄┄┄┄┄┄┄┄┄┄┄┄┄┄┄┄┄┄┄┄┄┄┄┄┄┄┄┄┄┄[0m
[38;5;12m│ 💡 Progress: 15/16 - v31 → v31[0m
[38;5;12m└───────────────────────────────────────────────────────────────────────────────────────────────────────────────────────[0m
┌───────────────────────────────────────────────────────────────────────────────────────────────────────────────────────
│ #0   MigrationService.migrate (package:imboy/service/migration_service.dart:256:19)
│ #1   <asynchronous suspension>
├┄┄┄┄┄┄┄┄┄┄┄┄┄┄┄┄┄┄┄┄┄┄┄┄┄┄┄┄┄┄┄┄┄┄┄┄┄┄┄┄┄┄┄┄┄┄┄┄┄┄┄┄┄┄┄┄┄┄┄┄┄┄┄┄┄┄┄┄┄┄┄┄┄┄┄┄┄┄┄┄┄┄┄┄┄┄┄┄┄┄┄┄┄┄┄┄┄┄┄┄┄┄┄┄┄┄┄┄┄┄┄┄┄┄┄┄┄┄┄
│ 🐛 Executed: ALTER TABLE channel ADD COLUMN visibility INTEGER ...
└───────────────────────────────────────────────────────────────────────────────────────────────────────────────────────
┌───────────────────────────────────────────────────────────────────────────────────────────────────────────────────────
│ #0   MigrationService.migrate (package:imboy/service/migration_service.dart:256:19)
│ #1   <asynchronous suspension>
├┄┄┄┄┄┄┄┄┄┄┄┄┄┄┄┄┄┄┄┄┄┄┄┄┄┄┄┄┄┄┄┄┄┄┄┄┄┄┄┄┄┄┄┄┄┄┄┄┄┄┄┄┄┄┄┄┄┄┄┄┄┄┄┄┄┄┄┄┄┄┄┄┄┄┄┄┄┄┄┄┄┄┄┄┄┄┄┄┄┄┄┄┄┄┄┄┄┄┄┄┄┄┄┄┄┄┄┄┄┄┄┄┄┄┄┄┄┄┄
│ 🐛 Executed: ALTER TABLE channel ADD COLUMN access_type INTEGER...
└───────────────────────────────────────────────────────────────────────────────────────────────────────────────────────
┌───────────────────────────────────────────────────────────────────────────────────────────────────────────────────────
│ #0   MigrationService.migrate (package:imboy/service/migration_service.dart:256:19)
│ #1   <asynchronous suspension>
├┄┄┄┄┄┄┄┄┄┄┄┄┄┄┄┄┄┄┄┄┄┄┄┄┄┄┄┄┄┄┄┄┄┄┄┄┄┄┄┄┄┄┄┄┄┄┄┄┄┄┄┄┄┄┄┄┄┄┄┄┄┄┄┄┄┄┄┄┄┄┄┄┄┄┄┄┄┄┄┄┄┄┄┄┄┄┄┄┄┄┄┄┄┄┄┄┄┄┄┄┄┄┄┄┄┄┄┄┄┄┄┄┄┄┄┄┄┄┄
│ 🐛 Executed: ALTER TABLE channel ADD COLUMN join_policy INTEGER...
└───────────────────────────────────────────────────────────────────────────────────────────────────────────────────────
┌───────────────────────────────────────────────────────────────────────────────────────────────────────────────────────
│ #0   MigrationService.migrate (package:imboy/service/migration_service.dart:256:19)
│ #1   <asynchronous suspension>
├┄┄┄┄┄┄┄┄┄┄┄┄┄┄┄┄┄┄┄┄┄┄┄┄┄┄┄┄┄┄┄┄┄┄┄┄┄┄┄┄┄┄┄┄┄┄┄┄┄┄┄┄┄┄┄┄┄┄┄┄┄┄┄┄┄┄┄┄┄┄┄┄┄┄┄┄┄┄┄┄┄┄┄┄┄┄┄┄┄┄┄┄┄┄┄┄┄┄┄┄┄┄┄┄┄┄┄┄┄┄┄┄┄┄┄┄┄┄┄
│ 🐛 Executed: UPDATE channel SET visibility = 0, access_type = 0...
└───────────────────────────────────────────────────────────────────────────────────────────────────────────────────────
┌───────────────────────────────────────────────────────────────────────────────────────────────────────────────────────
│ #0   MigrationService.migrate (package:imboy/service/migration_service.dart:256:19)
│ #1   <asynchronous suspension>
├┄┄┄┄┄┄┄┄┄┄┄┄┄┄┄┄┄┄┄┄┄┄┄┄┄┄┄┄┄┄┄┄┄┄┄┄┄┄┄┄┄┄┄┄┄┄┄┄┄┄┄┄┄┄┄┄┄┄┄┄┄┄┄┄┄┄┄┄┄┄┄┄┄┄┄┄┄┄┄┄┄┄┄┄┄┄┄┄┄┄┄┄┄┄┄┄┄┄┄┄┄┄┄┄┄┄┄┄┄┄┄┄┄┄┄┄┄┄┄
│ 🐛 Executed: UPDATE channel SET visibility = 1, access_type = 0...
└───────────────────────────────────────────────────────────────────────────────────────────────────────────────────────
┌───────────────────────────────────────────────────────────────────────────────────────────────────────────────────────
│ #0   MigrationService.migrate (package:imboy/service/migration_service.dart:256:19)
│ #1   <asynchronous suspension>
├┄┄┄┄┄┄┄┄┄┄┄┄┄┄┄┄┄┄┄┄┄┄┄┄┄┄┄┄┄┄┄┄┄┄┄┄┄┄┄┄┄┄┄┄┄┄┄┄┄┄┄┄┄┄┄┄┄┄┄┄┄┄┄┄┄┄┄┄┄┄┄┄┄┄┄┄┄┄┄┄┄┄┄┄┄┄┄┄┄┄┄┄┄┄┄┄┄┄┄┄┄┄┄┄┄┄┄┄┄┄┄┄┄┄┄┄┄┄┄
│ 🐛 Executed: UPDATE channel SET visibility = 0, access_type = 1...
└───────────────────────────────────────────────────────────────────────────────────────────────────────────────────────
┌───────────────────────────────────────────────────────────────────────────────────────────────────────────────────────
│ #0   MigrationService.migrate (package:imboy/service/migration_service.dart:256:19)
│ #1   <asynchronous suspension>
├┄┄┄┄┄┄┄┄┄┄┄┄┄┄┄┄┄┄┄┄┄┄┄┄┄┄┄┄┄┄┄┄┄┄┄┄┄┄┄┄┄┄┄┄┄┄┄┄┄┄┄┄┄┄┄┄┄┄┄┄┄┄┄┄┄┄┄┄┄┄┄┄┄┄┄┄┄┄┄┄┄┄┄┄┄┄┄┄┄┄┄┄┄┄┄┄┄┄┄┄┄┄┄┄┄┄┄┄┄┄┄┄┄┄┄┄┄┄┄
│ 🐛 Executed: UPDATE channel SET visibility = -1, access_type = ...
└───────────────────────────────────────────────────────────────────────────────────────────────────────────────────────
┌───────────────────────────────────────────────────────────────────────────────────────────────────────────────────────
│ #0   MigrationService.migrate (package:imboy/service/migration_service.dart:256:19)
│ #1   <asynchronous suspension>
├┄┄┄┄┄┄┄┄┄┄┄┄┄┄┄┄┄┄┄┄┄┄┄┄┄┄┄┄┄┄┄┄┄┄┄┄┄┄┄┄┄┄┄┄┄┄┄┄┄┄┄┄┄┄┄┄┄┄┄┄┄┄┄┄┄┄┄┄┄┄┄┄┄┄┄┄┄┄┄┄┄┄┄┄┄┄┄┄┄┄┄┄┄┄┄┄┄┄┄┄┄┄┄┄┄┄┄┄┄┄┄┄┄┄┄┄┄┄┄
│ 🐛 Executed: DROP INDEX IF EXISTS idx_channel_type;
└───────────────────────────────────────────────────────────────────────────────────────────────────────────────────────
┌───────────────────────────────────────────────────────────────────────────────────────────────────────────────────────
│ #0   MigrationService.migrate (package:imboy/service/migration_service.dart:256:19)
│ #1   <asynchronous suspension>
├┄┄┄┄┄┄┄┄┄┄┄┄┄┄┄┄┄┄┄┄┄┄┄┄┄┄┄┄┄┄┄┄┄┄┄┄┄┄┄┄┄┄┄┄┄┄┄┄┄┄┄┄┄┄┄┄┄┄┄┄┄┄┄┄┄┄┄┄┄┄┄┄┄┄┄┄┄┄┄┄┄┄┄┄┄┄┄┄┄┄┄┄┄┄┄┄┄┄┄┄┄┄┄┄┄┄┄┄┄┄┄┄┄┄┄┄┄┄┄
│ 🐛 Executed: PRAGMA user_version = 31;
└───────────────────────────────────────────────────────────────────────────────────────────────────────────────────────
[38;5;12m┌───────────────────────────────────────────────────────────────────────────────────────────────────────────────────────[0m
[38;5;12m│ #0   MigrationService.migrate (package:imboy/service/migration_service.dart:240:17)[0m
[38;5;12m│ #1   <asynchronous suspension>[0m
[38;5;12m├┄┄┄┄┄┄┄┄┄┄┄┄┄┄┄┄┄┄┄┄┄┄┄┄┄┄┄┄┄┄┄┄┄┄┄┄┄┄┄┄┄┄┄┄┄┄┄┄┄┄┄┄┄┄┄┄┄┄┄┄┄┄┄┄┄┄┄┄┄┄┄┄┄┄┄┄┄┄┄┄┄┄┄┄┄┄┄┄┄┄┄┄┄┄┄┄┄┄┄┄┄┄┄┄┄┄┄┄┄┄┄┄┄┄┄┄┄┄┄[0m
[38;5;12m│ 💡 Progress: 16/16 - v32 → v32[0m
[38;5;12m└───────────────────────────────────────────────────────────────────────────────────────────────────────────────────────[0m
┌───────────────────────────────────────────────────────────────────────────────────────────────────────────────────────
│ #0   MigrationService.migrate (package:imboy/service/migration_service.dart:256:19)
│ #1   <asynchronous suspension>
├┄┄┄┄┄┄┄┄┄┄┄┄┄┄┄┄┄┄┄┄┄┄┄┄┄┄┄┄┄┄┄┄┄┄┄┄┄┄┄┄┄┄┄┄┄┄┄┄┄┄┄┄┄┄┄┄┄┄┄┄┄┄┄┄┄┄┄┄┄┄┄┄┄┄┄┄┄┄┄┄┄┄┄┄┄┄┄┄┄┄┄┄┄┄┄┄┄┄┄┄┄┄┄┄┄┄┄┄┄┄┄┄┄┄┄┄┄┄┄
│ 🐛 Executed: CREATE TABLE IF NOT EXISTS "group_v32" (
│ 🐛     id IN...
└───────────────────────────────────────────────────────────────────────────────────────────────────────────────────────
┌───────────────────────────────────────────────────────────────────────────────────────────────────────────────────────
│ #0   MigrationService.migrate (package:imboy/service/migration_service.dart:256:19)
│ #1   <asynchronous suspension>
├┄┄┄┄┄┄┄┄┄┄┄┄┄┄┄┄┄┄┄┄┄┄┄┄┄┄┄┄┄┄┄┄┄┄┄┄┄┄┄┄┄┄┄┄┄┄┄┄┄┄┄┄┄┄┄┄┄┄┄┄┄┄┄┄┄┄┄┄┄┄┄┄┄┄┄┄┄┄┄┄┄┄┄┄┄┄┄┄┄┄┄┄┄┄┄┄┄┄┄┄┄┄┄┄┄┄┄┄┄┄┄┄┄┄┄┄┄┄┄
│ 🐛 Executed: INSERT INTO "group_v32" (
│ 🐛     id, type, join_limit...
└───────────────────────────────────────────────────────────────────────────────────────────────────────────────────────
┌───────────────────────────────────────────────────────────────────────────────────────────────────────────────────────
│ #0   MigrationService.migrate (package:imboy/service/migration_service.dart:256:19)
│ #1   <asynchronous suspension>
├┄┄┄┄┄┄┄┄┄┄┄┄┄┄┄┄┄┄┄┄┄┄┄┄┄┄┄┄┄┄┄┄┄┄┄┄┄┄┄┄┄┄┄┄┄┄┄┄┄┄┄┄┄┄┄┄┄┄┄┄┄┄┄┄┄┄┄┄┄┄┄┄┄┄┄┄┄┄┄┄┄┄┄┄┄┄┄┄┄┄┄┄┄┄┄┄┄┄┄┄┄┄┄┄┄┄┄┄┄┄┄┄┄┄┄┄┄┄┄
│ 🐛 Executed: DROP TABLE "group";
└───────────────────────────────────────────────────────────────────────────────────────────────────────────────────────
┌───────────────────────────────────────────────────────────────────────────────────────────────────────────────────────
│ #0   MigrationService.migrate (package:imboy/service/migration_service.dart:256:19)
│ #1   <asynchronous suspension>
├┄┄┄┄┄┄┄┄┄┄┄┄┄┄┄┄┄┄┄┄┄┄┄┄┄┄┄┄┄┄┄┄┄┄┄┄┄┄┄┄┄┄┄┄┄┄┄┄┄┄┄┄┄┄┄┄┄┄┄┄┄┄┄┄┄┄┄┄┄┄┄┄┄┄┄┄┄┄┄┄┄┄┄┄┄┄┄┄┄┄┄┄┄┄┄┄┄┄┄┄┄┄┄┄┄┄┄┄┄┄┄┄┄┄┄┄┄┄┄
│ 🐛 Executed: ALTER TABLE "group_v32" RENAME TO "group";
└───────────────────────────────────────────────────────────────────────────────────────────────────────────────────────
┌───────────────────────────────────────────────────────────────────────────────────────────────────────────────────────
│ #0   MigrationService.migrate (package:imboy/service/migration_service.dart:256:19)
│ #1   <asynchronous suspension>
├┄┄┄┄┄┄┄┄┄┄┄┄┄┄┄┄┄┄┄┄┄┄┄┄┄┄┄┄┄┄┄┄┄┄┄┄┄┄┄┄┄┄┄┄┄┄┄┄┄┄┄┄┄┄┄┄┄┄┄┄┄┄┄┄┄┄┄┄┄┄┄┄┄┄┄┄┄┄┄┄┄┄┄┄┄┄┄┄┄┄┄┄┄┄┄┄┄┄┄┄┄┄┄┄┄┄┄┄┄┄┄┄┄┄┄┄┄┄┄
│ 🐛 Executed: PRAGMA user_version = 32;
└───────────────────────────────────────────────────────────────────────────────────────────────────────────────────────
[38;5;12m┌───────────────────────────────────────────────────────────────────────────────────────────────────────────────────────[0m
[38;5;12m│ #0   MigrationService.migrate (package:imboy/service/migration_service.dart:267:15)[0m
[38;5;12m│ #1   <asynchronous suspension>[0m
[38;5;12m├┄┄┄┄┄┄┄┄┄┄┄┄┄┄┄┄┄┄┄┄┄┄┄┄┄┄┄┄┄┄┄┄┄┄┄┄┄┄┄┄┄┄┄┄┄┄┄┄┄┄┄┄┄┄┄┄┄┄┄┄┄┄┄┄┄┄┄┄┄┄┄┄┄┄┄┄┄┄┄┄┄┄┄┄┄┄┄┄┄┄┄┄┄┄┄┄┄┄┄┄┄┄┄┄┄┄┄┄┄┄┄┄┄┄┄┄┄┄┄[0m
[38;5;12m│ 💡 Migration completed: v16 → v32[0m
[38;5;12m└───────────────────────────────────────────────────────────────────────────────────────────────────────────────────────[0m
error Bad state: No element during open, closing...
[38;5;196m┌───────────────────────────────────────────────────────────────────────────────────────────────────────────────────────[0m
[38;5;196m│ #0   AppLogger.error (package:imboy/service/app_logger.dart:115:18)[0m
[38;5;196m│ #1   SqliteService._initDatabase (package:imboy/service/sqlite.dart:321:17)[0m
[38;5;196m├┄┄┄┄┄┄┄┄┄┄┄┄┄┄┄┄┄┄┄┄┄┄┄┄┄┄┄┄┄┄┄┄┄┄┄┄┄┄┄┄┄┄┄┄┄┄┄┄┄┄┄┄┄┄┄┄┄┄┄┄┄┄┄┄┄┄┄┄┄┄┄┄┄┄┄┄┄┄┄┄┄┄┄┄┄┄┄┄┄┄┄┄┄┄┄┄┄┄┄┄┄┄┄┄┄┄┄┄┄┄┄┄┄┄┄┄┄┄┄[0m
[38;5;196m│ ⛔ Failed to open database (StateError)[0m
[38;5;196m└───────────────────────────────────────────────────────────────────────────────────────────────────────────────────────[0m
> quitLogin: Starting logout process
> quitLogin: User is logged in
> quitLogin: Removing storage data
> quitLogin: Purging E2EE secret inventory
E2EE: 缓存已清理
[olm] all state cleared
> quitLogin: E2EE secrets purged
> quitLogin: Clearing secure tokens
> quitLogin: Secure tokens cleared successfully
> quitLogin: Closing WebSocket
🧹 [QUEUE] 启动定期清理 Timer
> ws: 手动关闭连接
> quitLogin: Closing database
> quitLogin: Removing database for uid=user1
> quitLogin: Logout process completed successfully
00:01 +17: /Users/leeyi/project/imboy.pub/imboyapp/test/unit_test/message_model_msg_type_test.dart: TDD: MessageModel.toTypeMessage() - S2C msg_type 验证 S2C 消息 - action 有效时 msg_type 可以为空 应该接受 S2C 消息的空 msg_type 当 action 为 pull_offline_msg 时
00:01 +18: /Users/leeyi/project/imboy.pub/imboyapp/test/unit_test/message_model_msg_type_test.dart: TDD: MessageModel.toTypeMessage() - S2C msg_type 验证 S2C 消息 - action 有效时 msg_type 可以为空 应该接受 S2C 消息的空 msg_type 当 action 为 pull_offline_msg 时
00:01 +19: /Users/leeyi/project/imboy.pub/imboyapp/test/unit_test/message_model_msg_type_test.dart: TDD: MessageModel.toTypeMessage() - S2C msg_type 验证 S2C 消息 - action 有效时 msg_type 可以为空 应该接受 S2C 消息的空 msg_type 当 action 为 pull_offline_msg 时
00:01 +19: /Users/leeyi/project/imboy.pub/imboyapp/test/unit_test/service/e2ee_failure_metrics_test.dart: 不可信原因只持久化固定分类
📊 [E2EE_METRICS] decrypt failure: unknown total=1
📊 [E2EE_METRICS] decrypt failure: unknown total=2
00:01 +20: /Users/leeyi/project/imboy.pub/imboyapp/test/unit_test/message_model_msg_type_test.dart: TDD: MessageModel.toTypeMessage() - S2C msg_type 验证 S2C 消息 - action 有效时 msg_type 可以为空 应该接受 S2C 消息的空 msg_type 当 action 为 pull_offline_msg 时
00:01 +21: /Users/leeyi/project/imboy.pub/imboyapp/test/unit_test/message_model_msg_type_test.dart: TDD: MessageModel.toTypeMessage() - S2C msg_type 验证 S2C 消息 - action 有效时 msg_type 可以为空 应该接受 S2C 消息的空 msg_type 当 action 为 pull_offline_msg 时
00:01 +21: /Users/leeyi/project/imboy.pub/imboyapp/test/unit_test/service/e2ee_failure_metrics_test.dart: 历史不可信分类合并且下一次写入清除旧键
📊 [E2EE_METRICS] decrypt failure: decrypt_error total=2
00:01 +22: /Users/leeyi/project/imboy.pub/imboyapp/test/unit_test/message_model_msg_type_test.dart: TDD: MessageModel.toTypeMessage() - S2C msg_type 验证 S2C 消息 - action 有效时 msg_type 可以为空 应该接受 S2C 消息的空 msg_type 当 action 为 pull_offline_msg 时
00:01 +22: /Users/leeyi/project/imboy.pub/imboyapp/test/unit_test/service/e2ee_failure_metrics_test.dart: E2EEDecryptFailureMetrics 累计计数 按 reason 分桶累计且持久化
📊 [E2EE_METRICS] decrypt failure: decrypt_error total=1
📊 [E2EE_METRICS] decrypt failure: decrypt_error total=2
📊 [E2EE_METRICS] decrypt failure: no_device_envelope total=1
00:01 +23: /Users/leeyi/project/imboy.pub/imboyapp/test/unit_test/message_model_msg_type_test.dart: TDD: MessageModel.toTypeMessage() - S2C msg_type 验证 S2C 消息 - action 有效时 msg_type 可以为空 应该接受 S2C 消息的空 msg_type 当 action 为 pull_offline_msg 时
00:01 +23: /Users/leeyi/project/imboy.pub/imboyapp/test/unit_test/service/e2ee_failure_metrics_test.dart: E2EEDecryptFailureMetrics 累计计数 null / 空 reason 计入 unknown 桶
📊 [E2EE_METRICS] decrypt failure: unknown total=1
📊 [E2EE_METRICS] decrypt failure: unknown total=2
00:01 +24: /Users/leeyi/project/imboy.pub/imboyapp/test/unit_test/message_model_msg_type_test.dart: TDD: MessageModel.toTypeMessage() - S2C msg_type 验证 S2C 消息 - action 有效时 msg_type 可以为空 应该接受 S2C 消息的空 msg_type 当 action 为 pull_offline_msg 时
00:01 +24: /Users/leeyi/project/imboy.pub/imboyapp/test/unit_test/service/e2ee_failure_metrics_test.dart: E2EEDecryptFailureMetrics 累计计数 dedupKey 同 key 本次启动只计一次，不同 key 各计一次
📊 [E2EE_METRICS] decrypt failure: decrypt_failed total=1
📊 [E2EE_METRICS] decrypt failure: decrypt_failed total=2
📊 [E2EE_METRICS] decrypt failure: decrypt_failed total=3
00:01 +25: /Users/leeyi/project/imboy.pub/imboyapp/test/unit_test/message_model_msg_type_test.dart: TDD: MessageModel.toTypeMessage() - S2C msg_type 验证 S2C 消息 - action 有效时 msg_type 可以为空 应该接受 S2C 消息的空 msg_type 当 action 为 pull_offline_msg 时
00:01 +25: /Users/leeyi/project/imboy.pub/imboyapp/test/unit_test/service/e2ee_failure_metrics_test.dart: E2EEDecryptFailureMetrics 累计计数 resetForTest 清零计数与去重表
📊 [E2EE_METRICS] decrypt failure: decrypt_error total=1
📊 [E2EE_METRICS] decrypt failure: decrypt_error total=1
00:01 +26: /Users/leeyi/project/imboy.pub/imboyapp/test/unit_test/message_model_msg_type_test.dart: TDD: MessageModel.toTypeMessage() - S2C msg_type 验证 S2C 消息 - action 有效时 msg_type 可以为空 应该接受 S2C 消息的空 msg_type 当 action 为 pull_offline_msg 时
00:01 +27: /Users/leeyi/project/imboy.pub/imboyapp/test/unit_test/message_model_msg_type_test.dart: TDD: MessageModel.toTypeMessage() - S2C msg_type 验证 S2C 消息 - action 有效时 msg_type 可以为空 应该接受 S2C 消息的空 msg_type 当 action 为 pull_offline_msg 时
00:01 +28: /Users/leeyi/project/imboy.pub/imboyapp/test/unit_test/message_model_msg_type_test.dart: TDD: MessageModel.toTypeMessage() - S2C msg_type 验证 S2C 消息 - action 有效时 msg_type 可以为空 应该接受 S2C 消息的空 msg_type 当 action 为 pull_offline_msg 时
00:01 +29: /Users/leeyi/project/imboy.pub/imboyapp/test/unit_test/message_model_msg_type_test.dart: TDD: MessageModel.toTypeMessage() - S2C msg_type 验证 S2C 消息 - action 有效时 msg_type 可以为空 应该接受 S2C 消息的空 msg_type 当 action 为 pull_offline_msg 时
00:01 +30: /Users/leeyi/project/imboy.pub/imboyapp/test/unit_test/message_model_msg_type_test.dart: TDD: MessageModel.toTypeMessage() - S2C msg_type 验证 S2C 消息 - action 有效时 msg_type 可以为空 应该接受 S2C 消息的空 msg_type 当 action 为 pull_offline_msg 时
00:01 +31: /Users/leeyi/project/imboy.pub/imboyapp/test/unit_test/message_model_msg_type_test.dart: TDD: MessageModel.toTypeMessage() - S2C msg_type 验证 S2C 消息 - action 有效时 msg_type 可以为空 应该接受 S2C 消息的空 msg_type 当 action 为 pull_offline_msg 时
00:01 +32: /Users/leeyi/project/imboy.pub/imboyapp/test/unit_test/message_model_msg_type_test.dart: TDD: MessageModel.toTypeMessage() - S2C msg_type 验证 S2C 消息 - action 有效时 msg_type 可以为空 应该接受 S2C 消息的空 msg_type 当 action 为 pull_offline_msg 时
00:01 +33: /Users/leeyi/project/imboy.pub/imboyapp/test/unit_test/message_model_msg_type_test.dart: TDD: MessageModel.toTypeMessage() - S2C msg_type 验证 S2C 消息 - action 有效时 msg_type 可以为空 应该接受 S2C 消息的空 msg_type 当 action 为 pull_offline_msg 时
00:02 +34: /Users/leeyi/project/imboy.pub/imboyapp/test/unit_test/message_model_msg_type_test.dart: TDD: MessageModel.toTypeMessage() - S2C msg_type 验证 S2C 消息 - action 有效时 msg_type 可以为空 应该接受 S2C 消息的空 msg_type 当 action 为 c2c_revoke 时
*** Request ***
uri: http://127.0.0.1:9800/api/v1/user/show?id=8001
method: GET
responseType: ResponseType.json
followRedirects: true
persistentConnection: true
connectTimeout: 0:01:00.000000
sendTimeout: 0:01:00.000000
receiveTimeout: 0:01:00.000000
transformTimeout: null
receiveDataWhenStatusError: true
extra: {}

*** Response ***
uri: http://127.0.0.1:9800/api/v1/user/show?id=8001

00:02 +35: /Users/leeyi/project/imboy.pub/imboyapp/test/unit_test/message_model_msg_type_test.dart: TDD: MessageModel.toTypeMessage() - S2C msg_type 验证 S2C 消息 - action 有效时 msg_type 可以为空 应该接受 S2C 消息的空 msg_type 当 action 为 apply_friend 时
*** Request ***
uri: http://127.0.0.1:9800/api/v1/user/show?id=8001
method: GET
responseType: ResponseType.json
followRedirects: true
persistentConnection: true
connectTimeout: 0:01:00.000000
sendTimeout: 0:01:00.000000
receiveTimeout: 0:01:00.000000
transformTimeout: null
receiveDataWhenStatusError: true
extra: {}

*** Response ***
uri: http://127.0.0.1:9800/api/v1/user/show?id=8001

00:02 +36: /Users/leeyi/project/imboy.pub/imboyapp/test/unit_test/message_model_msg_type_test.dart: TDD: MessageModel.toTypeMessage() - S2C msg_type 验证 S2C 消息 - action 有效时 msg_type 可以为空 应该接受 S2C 消息的空 msg_type 当 action 为 group_member_join 时
*** Request ***
uri: http://127.0.0.1:9800/api/v1/user/show?id=8001
method: GET
responseType: ResponseType.json
followRedirects: true
persistentConnection: true
connectTimeout: 0:01:00.000000
sendTimeout: 0:01:00.000000
receiveTimeout: 0:01:00.000000
transformTimeout: null
receiveDataWhenStatusError: true
extra: {}

*** Response ***
uri: http://127.0.0.1:9800/api/v1/user/show?id=8001

00:02 +37: /Users/leeyi/project/imboy.pub/imboyapp/test/unit_test/message_model_msg_type_test.dart: TDD: MessageModel.toTypeMessage() - S2C msg_type 验证 S2C 消息 - action 有效时 msg_type 可以为空 应该拒绝 S2C 消息当 action 为空且 msg_type 为空时
[ERROR] toTypeMessage: msg_type 为空或无效, id=123, type=S2C, action=
00:02 +38: /Users/leeyi/project/imboy.pub/imboyapp/test/unit_test/message_model_msg_type_test.dart: TDD: MessageModel.toTypeMessage() - S2C msg_type 验证 S2C 消息 - action 有效时 msg_type 可以为空 应该拒绝 S2C 消息当 action 为 null 且 msg_type 为空时
[ERROR] toTypeMessage: msg_type 为空或无效, id=123, type=S2C, action=null
00:02 +39: /Users/leeyi/project/imboy.pub/imboyapp/test/unit_test/message_model_msg_type_test.dart: TDD: MessageModel.toTypeMessage() - S2C msg_type 验证 S2C 消息 - action 有效时 msg_type 可以为空 应该接受 S2C 消息当 msg_type 和 action 都有效时
*** Request ***
uri: http://127.0.0.1:9800/api/v1/user/show?id=8001
method: GET
responseType: ResponseType.json
followRedirects: true
persistentConnection: true
connectTimeout: 0:01:00.000000
sendTimeout: 0:01:00.000000
receiveTimeout: 0:01:00.000000
transformTimeout: null
receiveDataWhenStatusError: true
extra: {}

*** Response ***
uri: http://127.0.0.1:9800/api/v1/user/show?id=8001

00:02 +40: /Users/leeyi/project/imboy.pub/imboyapp/test/unit_test/message_model_msg_type_test.dart: TDD: MessageModel.toTypeMessage() - S2C msg_type 验证 非 S2C 消息 - msg_type 必须非空 应该拒绝 C2C 消息的空 msg_type
[ERROR] toTypeMessage: msg_type 为空或无效, id=123, type=C2C, action=null
00:02 +41: /Users/leeyi/project/imboy.pub/imboyapp/test/unit_test/message_model_msg_type_test.dart: TDD: MessageModel.toTypeMessage() - S2C msg_type 验证 非 S2C 消息 - msg_type 必须非空 应该拒绝 C2C 消息的 null msg_type
[ERROR] toTypeMessage: msg_type 为空或无效, id=123, type=C2C, action=null
00:02 +42: /Users/leeyi/project/imboy.pub/imboyapp/test/unit_test/message_model_msg_type_test.dart: TDD: MessageModel.toTypeMessage() - S2C msg_type 验证 非 S2C 消息 - msg_type 必须非空 应该正确处理 C2C 消息的有效 msg_type (text)
✅ [MessageTypeNormalizer] 有效类型: text
*** Request ***
uri: http://127.0.0.1:9800/api/v1/user/show?id=8001
method: GET
responseType: ResponseType.json
followRedirects: true
persistentConnection: true
connectTimeout: 0:01:00.000000
sendTimeout: 0:01:00.000000
receiveTimeout: 0:01:00.000000
transformTimeout: null
receiveDataWhenStatusError: true
extra: {}

*** Response ***
uri: http://127.0.0.1:9800/api/v1/user/show?id=8001

00:02 +43: /Users/leeyi/project/imboy.pub/imboyapp/test/unit_test/message_model_msg_type_test.dart: TDD: MessageModel.toTypeMessage() - S2C msg_type 验证 非 S2C 消息 - msg_type 必须非空 应该正确处理 C2C 消息的有效 msg_type (image)
✅ [MessageTypeNormalizer] 有效类型: image
*** Request ***
uri: http://127.0.0.1:9800/api/v1/user/show?id=8001
method: GET
responseType: ResponseType.json
followRedirects: true
persistentConnection: true
connectTimeout: 0:01:00.000000
sendTimeout: 0:01:00.000000
receiveTimeout: 0:01:00.000000
transformTimeout: null
receiveDataWhenStatusError: true
extra: {}

*** Response ***
uri: http://127.0.0.1:9800/api/v1/user/show?id=8001

AssetsService.authData: uploadKey is null or empty
00:02 +44: /Users/leeyi/project/imboy.pub/imboyapp/test/unit_test/message_model_msg_type_test.dart: TDD: MessageModel.toTypeMessage() - S2C msg_type 验证 非 S2C 消息 - msg_type 必须非空 应该正确处理 C2C 消息的有效 msg_type (custom - location)
✅ [MessageTypeNormalizer] 有效类型: location
*** Request ***
uri: http://127.0.0.1:9800/api/v1/user/show?id=8001
method: GET
responseType: ResponseType.json
followRedirects: true
persistentConnection: true
connectTimeout: 0:01:00.000000
sendTimeout: 0:01:00.000000
receiveTimeout: 0:01:00.000000
transformTimeout: null
receiveDataWhenStatusError: true
extra: {}

*** Response ***
uri: http://127.0.0.1:9800/api/v1/user/show?id=8001

00:02 +45: /Users/leeyi/project/imboy.pub/imboyapp/test/unit_test/message_model_msg_type_test.dart: TDD: MessageModel.toTypeMessage() - S2C msg_type 验证 非 S2C 消息 - msg_type 必须非空 应该正确处理 C2C 消息的 visitCard 类型 (小驼峰)
✅ [MessageTypeNormalizer] 有效类型: visitCard
*** Request ***
uri: http://127.0.0.1:9800/api/v1/user/show?id=8001
method: GET
responseType: ResponseType.json
followRedirects: true
persistentConnection: true
connectTimeout: 0:01:00.000000
sendTimeout: 0:01:00.000000
receiveTimeout: 0:01:00.000000
transformTimeout: null
receiveDataWhenStatusError: true
extra: {}

*** Response ***
uri: http://127.0.0.1:9800/api/v1/user/show?id=8001

00:02 +46: /Users/leeyi/project/imboy.pub/imboyapp/test/unit_test/message_model_msg_type_test.dart: TDD: MessageModel.toTypeMessage() - S2C msg_type 验证 非 S2C 消息 - msg_type 必须非空 应该正确处理 C2C 消息的 channel_card 类型 (蛇形)
✅ [MessageTypeNormalizer] 有效类型: channel_card
*** Request ***
uri: http://127.0.0.1:9800/api/v1/user/show?id=8001
method: GET
responseType: ResponseType.json
followRedirects: true
persistentConnection: true
connectTimeout: 0:01:00.000000
sendTimeout: 0:01:00.000000
receiveTimeout: 0:01:00.000000
transformTimeout: null
receiveDataWhenStatusError: true
extra: {}

*** Response ***
uri: http://127.0.0.1:9800/api/v1/user/show?id=8001

00:02 +47: /Users/leeyi/project/imboy.pub/imboyapp/test/unit_test/message_model_msg_type_test.dart: TDD: MessageModel.toTypeMessage() - S2C msg_type 验证 非 S2C 消息 - msg_type 必须非空 应该拒绝 C2C 消息的下划线类型 (visit_card)
⚠️ [MessageTypeNormalizer] 无效类型: "visit_card"
   ┌─ 原始输入 ────────────────────────────────
   │  msgType: "visit_card"
   │  payload keys: [uid, title, avatar]
   │  payload: {uid: user123, title: 张三, avatar: https://example.com/avatar.jpg}
   └──────────────────────────────────────────
   - allTypes=[text, textStream, image, imageMulti, voice, audio, video, file, location, expression, quote, webrtcAudio, webrtcVideo, visitCard, channel_card, redPacket, transfer, groupSchedule]
   - 是否在列表中: false
*** Request ***
uri: http://127.0.0.1:9800/api/v1/user/show?id=8001
method: GET
responseType: ResponseType.json
followRedirects: true
persistentConnection: true
connectTimeout: 0:01:00.000000
sendTimeout: 0:01:00.000000
receiveTimeout: 0:01:00.000000
transformTimeout: null
receiveDataWhenStatusError: true
extra: {}

*** Response ***
uri: http://127.0.0.1:9800/api/v1/user/show?id=8001

00:02 +48: /Users/leeyi/project/imboy.pub/imboyapp/test/unit_test/message_model_msg_type_test.dart: TDD: MessageModel.toTypeMessage() - S2C msg_type 验证 C2G 消息 - msg_type 必须非空 应该拒绝 C2G 消息的空 msg_type
[ERROR] toTypeMessage: msg_type 为空或无效, id=123, type=C2G, action=null
00:02 +49: /Users/leeyi/project/imboy.pub/imboyapp/test/unit_test/message_model_msg_type_test.dart: TDD: MessageModel.toTypeMessage() - S2C msg_type 验证 C2G 消息 - msg_type 必须非空 应该正确处理 C2G 消息的有效 msg_type
✅ [MessageTypeNormalizer] 有效类型: text
*** Request ***
uri: http://127.0.0.1:9800/api/v1/user/show?id=8001
method: GET
responseType: ResponseType.json
followRedirects: true
persistentConnection: true
connectTimeout: 0:01:00.000000
sendTimeout: 0:01:00.000000
receiveTimeout: 0:01:00.000000
transformTimeout: null
receiveDataWhenStatusError: true
extra: {}

*** Response ***
uri: http://127.0.0.1:9800/api/v1/user/show?id=8001

00:02 +50: /Users/leeyi/project/imboy.pub/imboyapp/test/unit_test/message_model_msg_type_test.dart: (tearDownAll)
00:02 +50: All tests passed!
