00:00 +0: loading /Users/leeyi/project/imboy.pub/imboyapp/test/unit_test/service/e2ee/logging_privacy_guard_test.dart
00:00 +0: 消息链路日志不得记录原始帧、明文 payload 或完整会话对象
00:00 +0 -1: 消息链路日志不得记录原始帧、明文 payload 或完整会话对象 [E]
  Expected: not contains 'E2EE 解密成功，id=$id'
    Actual: 'import \'dart:convert\';\n'
              '\n'
              'import \'package:flutter_chat_core/flutter_chat_core.dart\';\n'
              'import \'package:imboy/component/helper/datetime.dart\';\n'
              'import \'package:imboy/component/helper/func.dart\';\n'
              'import \'package:imboy/i18n/strings.g.dart\';\n'
              'import \'package:imboy/service/assets.dart\' show AssetsService;\n'
              'import \'package:imboy/service/e2ee/attachment_open_registry.dart\';\n'
              'import \'package:imboy/service/e2ee_service.dart\';\n'
              'import \'package:imboy/service/message_type_constants.dart\';\n'
              'import \'package:imboy/store/model/contact_model.dart\';\n'
              'import \'package:imboy/store/model/message_model.dart\';\n'
              'import \'package:imboy/store/repository/contact_repo_sqlite.dart\';\n'
              'import \'package:imboy/store/repository/user_repo_local.dart\';\n'
              '\n'
              '/// MessageModel → flutter_chat_core.Message 富化映射 / enrichment mapper（T4.4b）。\n'
              '///\n'
              '/// **架构决策（2026-06-01，T4.4b）**：将原内联于 `MessageModel` 的运行时富化逻辑\n'
              '/// （E2EE 解密、payload 解析、**作者昵称/头像取数**、消息子类型构造）迁出数据模型，\n'
              '/// 落入 messaging 模块的 infrastructure 层——该层**允许**依赖仓储\n'
              '/// （`ContactRepo`/`UserRepoLocal`）。由此 `store/model/message_model.dart`（数据层）\n'
              '/// 不再反向 import 仓储层，消除分层违规（model → repository）。\n'
              '///\n'
              '/// **行为不变契约**：方法体逐字搬运自原 `MessageModel.toTypeMessage()`，零行为变更；\n'
              '/// 调用方语法 `msg.toTypeMessage()` 经本 extension 保持不变，仅需 import 本文件。\n'
              '///\n'
              '/// **Architecture decision (T4.4b)**: moves the runtime enrichment out of the\n'
              '/// data model into the messaging infrastructure layer (which may depend on\n'
              '/// repositories), removing the `model → repository` layering violation. Method\n'
              '/// body is a verbatim relocation — zero behavior change.\n'
              'extension MessageModelMapper on MessageModel {\n'
              '  int? get _archiveConvSeq {\n'
              '    final raw = e2ee?[\'_archive_conv_seq\'];\n'
              '    final parsed = raw is int ? raw : int.tryParse(raw?.toString() ?? \'\');\n'
              '    return parsed != null && parsed > 0 ? parsed : null;\n'
              '  }\n'
              '\n'
              '  /// 把持久化行还原成 `decryptInboundV3` 期望的**入站帧**形状。\n'
              '  ///\n'
              '  /// PFv3 的 context binding（ADR 15 §3.3）逐项比对帧顶层字段与受认证的\n'
              '  /// `protected_header`：`id` / `from` / `type` / `to` / `msg_type` /\n'
              '  /// `sender_did` / `session_id`。少任何一项都会判失配 —— 这是 fail-closed\n'
              '  /// 设计，不是缺陷：帧字段就是被绑定的那份「服务端声明」。\n'
              '  ///\n'
              '  /// `sender_did` 在迁移 v25 之前落库的旧行为 null，此处**不补空串**：\n'
              '  /// 让它如实失配，运维据 `context_mismatch_sender_did` 可区分「旧行」\n'
              '  /// 与「真篡改」。补空串会把两者混成同一种失败。\n'
              '  Map<String, dynamic> _toInboundFrame() {\n'
              '    return <String, dynamic>{\n'
              '      \'id\': id,\n'
              '      \'type\': type ?? \'C2C\',\n'
              '      \'from\': fromId,\n'
              '      \'to\': toId,\n'
              '      \'msg_type\': msgType ?? \'\',\n'
              '      \'e2ee\': e2ee,\n'
              '      \'payload\': payload,\n'
              '      if (senderDid != null) \'sender_did\': senderDid,\n'
              '    };\n'
              '  }\n'
              '\n'
              '  /// v1/v2 回落解密（旧消息仍需可读）。\n'
              '  ///\n'
              '  /// 返回解密后的明文 map；失败时返回 `{_e2ee_failed: true, _e2ee_reason: ...}`。\n'
              '  /// 失败对象里**不含密文、不含密钥**——只有稳定的失败分类（ADR 15 §5：\n'
              '  /// 不向上层暴露 oracle 细节）。\n'
              '  Future<Map<String, dynamic>> _decryptLegacyPayload() async {\n'
              '    try {\n'
              '      final metadata = Map<String, dynamic>.from(e2ee!);\n'
              '      final archiveConvSeq = metadata.remove(\'_archive_conv_seq\');\n'
              '      if (archiveConvSeq != null) {\n'
              '        metadata[\'history_conv_seq\'] = archiveConvSeq;\n'
              '      }\n'
              '      final decryptedJson = await E2EEService.decryptE2EEMessage(\n'
              '        ciphertext: payload as String,\n'
              '        e2ee: metadata,\n'
              '      );\n'
              '      final decoded = jsonDecode(decryptedJson);\n'
              '      if (decoded is! Map<String, dynamic>) {\n'
              '        throw FormatException(\n'
              '          \'Expected JSON object, got ${decoded.runtimeType}\',\n'
              '        );\n'
              '      }\n'
              '      iPrint(\'✅ toTypeMessage: E2EE 解密成功，id=$id\');\n'
              '      return decoded;\n'
              '    } on Object catch (e) {\n'
              '      iPrint(\n'
              '        \'⚠️ toTypeMessage: E2EE 解密失败，id=$id, \'\n'
              '        \'error=${e.runtimeType}\',\n'
              '      );\n'
              '      return <String, dynamic>{\n'
              '        \'_e2ee_failed\': true,\n'
              '        \'_e2ee_reason\': \'decrypt_failed\',\n'
              '      };\n'
              '    }\n'
              '  }\n'
              '\n'
              '  Future<Message> toTypeMessage() async {\n'
              '    // WebSocket API v2.0: payload 可能是 Map 或 String（E2EE 场景）\n'
              '    Map<String, dynamic> payloadData;\n'
              '\n'
              '    if (payload is String) {\n'
              '      // payload 是加密的 JSON 字符串（E2EE 消息）\n'
              '      if (e2ee != null && e2ee!.isNotEmpty) {\n'
              '        // A2-b：PFv3 分流必须在 v1/v2 之前。\n'
              '        //\n'
              '        // v3 的密文在 `e2ee.devices[<did>].ciphertext` 内，**外层 payload 恒为空串**；\n'
              '        // 直接把外层 payload 当 ciphertext 传给 decryptE2EEMessage 是传错了输入，\n'
              '        // 任何协议都解不出明文（实证见\n'
              '        // test/service/e2ee/decrypt_on_read_v3_gap_test.dart）。\n'
              '        //\n'
              '        // decryptInboundV3 返回 null 表示「不是 v3」，继续走下面的 v1/v2 路径；\n'
              '        // 与实时路径 message.dart::_handleE2EEMessage 同一分流范式与同一返回形状。\n'
              '        final v3Result = await E2EEService.decryptInboundV3(\n'
              '          data: _toInboundFrame(),\n'
              '          trustedArchiveConvSeq: _archiveConvSeq,\n'
              '        );\n'
              '        if (v3Result != null) {\n'
              '          if (v3Result[\'_e2ee_failed\'] == true) {\n'
              '            // 发生率度量：读时解密失败，密文行每次渲染都会重试，\n'
              '            // 同行同原因本次启动只计一次（E2EEDecryptFailureMetrics 口径）\n'
              '            E2EEDecryptFailureMetrics.count(\n'
              '              v3Result[\'_e2ee_reason\'],\n'
              '              dedupKey: \'r:$id\',\n'
              '            );\n'
              '            // fail-closed：不回落 v1/v2、不暴露密文，只给出稳定的失败分类\n'
              '            iPrint(\n'
              '              \'⚠️ toTypeMessage: v3 解密失败，id=$id, reason=${v3Result[\'_e2ee_reason\']}\',\n'
              '            );\n'
              '            return TextMessage(\n'
              '              authorId: fromId.toString(),\n'
              '              createdAt: DateTimeHelper.millisecondToDateTime(createdAt),\n'
              '              id: id.toString(),\n'
              '              text: E2EEService.e2eeFailedPlaceholderText(\n'
              '                v3Result[\'_e2ee_reason\'],\n'
              '              ),\n'
              '              status: MessageStatus.error,\n'
              '              metadata: {\n'
              '                \'conversation_uk3\': conversationUk3,\n'
              '                \'peer_id\': toId,\n'
              '                \'msg_type\': msgType ?? \'custom\',\n'
              '                \'_e2ee_failed\': true,\n'
              '                \'_e2ee_reason\': v3Result[\'_e2ee_reason\'],\n'
              '              },\n'
              '            );\n'
              '          }\n'
              '          payloadData = v3Result;\n'
              '          iPrint(\'✅ toTypeMessage: v3 解密成功，id=$id\');\n'
              '        } else {\n'
              '          payloadData = await _decryptLegacyPayload();\n'
              '          if (payloadData.containsKey(\'_e2ee_failed\')) {\n'
              '            // 发生率度量：与 v3 失败分支同口径（每次启动按行去重）\n'
              '            E2EEDecryptFailureMetrics.count(\n'
              '              payloadData[\'_e2ee_reason\'],\n'
              '              dedupKey: \'r:$id\',\n'
              '            );\n'
              '            return TextMessage(\n'
              '              authorId: fromId.toString(),\n'
              '              createdAt: DateTimeHelper.millisecondToDateTime(createdAt),\n'
              '              id: id.toString(),\n'
              '              text: E2EEService.e2eeFailedPlaceholderText(\n'
              '                payloadData[\'_e2ee_reason\'],\n'
              '              ),\n'
              '              status: MessageStatus.error,\n'
              '              metadata: {\n'
              '                \'conversation_uk3\': conversationUk3,\n'
              '                \'peer_id\': toId,\n'
              '                \'msg_type\': msgType ?? \'custom\',\n'
              '                ...payloadData,\n'
              '              },\n'
              '            );\n'
              '          }\n'
              '        }\n'
              '      } else {\n'
              '        // payload 是 String 但没有 e2ee 元数据，尝试 JSON 解析\n'
              '        try {\n'
              '          final decoded = jsonDecode(payload as String);\n'
              '          if (decoded is! Map<String, dynamic>) {\n'
              '            throw FormatException(\n'
              '              \'Expected JSON object, got ${decoded.runtimeType}\',\n'
              '            );\n'
              '          }\n'
              '          payloadData = decoded;\n'
              '        } catch (e) {\n'
              '          iPrint(\n'
              '            \'⚠️ toTypeMessage: payload 解析失败，id=$id, \'\n'
              '            \'error=${e.runtimeType}\',\n'
              '          );\n'
              '          return TextMessage(\n'
              '            authorId: fromId.toString(),\n'
              '            createdAt: DateTimeHelper.millisecondToDateTime(createdAt),\n'
              '            id: id.toString(),\n'
              '            text: t.chat.encryptedMessagePlaceholder,\n'
              '            status: MessageStatus.error,\n'
              '            metadata: {\n'
              '              \'conversation_uk3\': conversationUk3,\n'
              '              \'peer_id\': toId,\n'
              '              \'error\': \'encrypted_payload\',\n'
              '            },\n'
              '          );\n'
              '        }\n'
              '      }\n'
              '    } else if (payload is Map<String, dynamic>) {\n'
              '      payloadData = payload as Map<String, dynamic>;\n'
              '    } else {\n'
              '      iPrint(\n'
              '        \'⚠️ toTypeMessage: payload 无效或为空，id=$id, \'\n'
              '        \'type=${payload.runtimeType}\',\n'
              '      );\n'
              '      return TextMessage(\n'
              '        authorId: fromId.toString(),\n'
              '        createdAt: DateTimeHelper.millisecondToDateTime(createdAt),\n'
              '        id: id.toString(),\n'
              '        text: t.chat.invalidMessagePlaceholder,\n'
              '        status: MessageStatus.error,\n'
              '        metadata: {\n'
              '          \'conversation_uk3\': conversationUk3,\n'
              '          \'peer_id\': toId,\n'
              '          \'error\': \'invalid_payload\',\n'
              '        },\n'
              '      );\n'
              '    }\n'
              '\n'
              '    // E2EE-061 Slice 6：payload 此刻已是**明文**，若带 attachment_descriptor\n'
              '    // 就把「object_key → 开封材料」登记给下载漏斗。\n'
              '    // 放在这里而不是各 message builder：这是消息转换的**唯一**入口，\n'
              '    // 而下载侧有 9 个调用点（见 AttachmentOpenRegistry 文件头）。\n'
              '    AttachmentOpenRegistry.registerFromMessage(\n'
              '      payload: payloadData,\n'
              '      messageId: id.toString(),\n'
              '      chatType: type ?? \'C2C\',\n'
              '      fromUid: fromId.toString(),\n'
              '      toUid: toId.toString(),\n'
              '    );\n'
              '\n'
              '    // WebSocket API v2.0: msgType 必须在顶层（不再兼容从 payload 读取）\n'
              '    final currentMsgType = msgType;\n'
              '    final currentType = type;\n'
              '    final currentAction = action;\n'
              '\n'
              '    // C1 修复: 将 int 类型 ID 转为 flutter_chat_core 期望的 String 类型\n'
              '    final String safeFromId = fromId.toString();\n'
              '    final String safeId = id.toString();\n'
              '\n'
              '    // 验证 msg_type 有效性\n'
              '    // WebSocket API v2.0 规范：\n'
              '    // - S2C 消息：如果 action 有效，msg_type 可以为空（由 action 驱动消息处理）\n'
              '    // - 非 S2C 消息（C2C/C2G/C2S）：msg_type 必须非空（由 msg_type 驱动消息类型）\n'
              '    bool isValidMsgType = false;\n'
              '    if (currentType == \'S2C\') {\n'
              '      // S2C 消息：如果 action 有效，msg_type 可以为空\n'
              '      isValidMsgType = (currentAction != null && currentAction.isNotEmpty);\n'
              '    } else {\n'
              '      // 非 S2C 消息：msg_type 必须非空\n'
              '      isValidMsgType = (currentMsgType != null && currentMsgType.isNotEmpty);\n'
              '    }\n'
              '\n'
              '    if (!isValidMsgType) {\n'
              '      iPrint(\n'
              '        \'[ERROR] toTypeMessage: msg_type 为空或无效, id=$safeId, type=$currentType, action=$currentAction\',\n'
              '      );\n'
              '      return TextMessage(\n'
              '        authorId: safeFromId,\n'
              '        createdAt: DateTimeHelper.millisecondToDateTime(createdAt),\n'
              '        id: safeId,\n'
              '        text: t.chat.invalidMessageType,\n'
              '        status: MessageStatus.error,\n'
              '        metadata: {\n'
              '          \'conversation_uk3\': conversationUk3,\n'
              '          \'peer_id\': toId,\n'
              '          \'error\': \'invalid_msg_type\',\n'
              '          \'original_type\': currentType,\n'
              '        },\n'
              '      );\n'
              '    }\n'
              '\n'
              '    // C2 修复: 对于 S2C 消息，如果 msg_type 为空，将其视为 \'custom\' 类型\n'
              '    // 对于非 S2C 消息，msg_type 必须非空\n'
              '    //\n'
              '    // 【重构】使用 effectiveMsgType getter 获取归一化后的类型\n'
              '    // 该 getter 会自动处理：\n'
              '    // 1. custom -> 保持 custom\n'
              '    // 2. 去除首尾空白\n'
              '    // 3. 无效类型 -> \'unsupported\'\n'
              '    String effectiveMsgType;\n'
              '    if (currentType == \'S2C\') {\n'
              '      // S2C 消息：msg_type 可能为空，优先使用 custom\n'
              '      // 对于 S2C 消息，我们直接使用 currentMsgType（如果有），否则使用 \'custom\'\n'
              '      effectiveMsgType = currentMsgType ?? \'custom\';\n'
              '      if (effectiveMsgType.isEmpty) {\n'
              '        effectiveMsgType = \'custom\';\n'
              '      }\n'
              '    } else {\n'
              '      // C2C/C2G/C2S 消息：使用 effectiveMsgType getter 进行归一化\n'
              '      // 统一做消息类型归一化\n'
              '      effectiveMsgType = this.effectiveMsgType;\n'
              '      // 这里应该不会为空，因为已经通过了 isValidMsgType 检查\n'
              '    }\n'
              '\n'
              '    String sysPrompt = payloadData[\'sys_prompt\'] as String? ?? \'\';\n'
              '    Message? message;\n'
              '    // enum MessageType { custom, file, image, text, unsupported }\n'
              '    // WebSocket API v2.0: 将 msgType、status、action、effectiveMsgType 添加到 metadata，供 UI 层使用\n'
              '    Map<String, dynamic> metadata = {\n'
              '      \'conversation_uk3\': conversationUk3,\n'
              '      \'sys_prompt\': sysPrompt,\n'
              '      \'peer_id\': toId,\n'
              '      \'msg_type\': currentMsgType, // 添加 msg_type 到 metadata（原始值）\n'
              '      \'effective_msg_type\': effectiveMsgType, // 【重构】添加归一化后的类型，UI 层优先使用此字段\n'
              '      \'status\': status, // 添加 status 到 metadata\n'
              '      \'auto_id\': autoId, // 添加 auto_id 到 metadata，用于分页查询\n'
              '      if (currentAction != null && currentAction.isNotEmpty)\n'
              '        \'action\': currentAction, // 添加 action 到 metadata（S2C 消息需要）\n'
              '    };\n'
              '    String nickname = \'\';\n'
              '    String avatar = \'\';\n'
              '    if (safeFromId == UserRepoLocal.to.currentUid) {\n'
              '      nickname = UserRepoLocal.to.current.nickname;\n'
              '      avatar = UserRepoLocal.to.current.avatar;\n'
              '    } else {\n'
              '      ContactModel? cm = await ContactRepo().findByUid(safeFromId);\n'
              '      nickname = cm?.nickname ?? \'\';\n'
              '      avatar = cm?.avatar ?? \'\';\n'
              '    }\n'
              '    User author = User(\n'
              '      id: safeFromId,\n'
              '      imageSource: avatar,\n'
              '      // payload[\'peer_name\'] 目前只在收到撤回消息的时候才存在 peer_name\n'
              '      name: nickname.isEmpty\n'
              '          ? ((payloadData[\'peer_name\'] ??\n'
              '                    (payloadData[\'quote_msg_author_name\'] ?? \'\'))\n'
              '                as String?)\n'
              '          : nickname,\n'
              '    );\n'
              '    DateTime createdDt = DateTimeHelper.millisecondToDateTime(createdAt);\n'
              '\n'
              '    // WebSocket API v2.0: 优先检查 status 字段（撤回状态 30-39）\n'
              '    // 撤回状态应该在所有类型检查之前处理，因为 msg_type 保留的是原始内容类型\n'
              '    if (IMBoyMessageStatus.isRevokedStatus(status)) {\n'
              '      // status = 30 (peer_revoked) 或 31 (my_revoked)\n'
              '      // 使用 CustomMessage，UI 层会根据 status 渲染撤回样式\n'
              '      message = CustomMessage(\n'
              '        authorId: author.id,\n'
              '        id: safeId,\n'
              '        createdAt: createdDt,\n'
              '        metadata: {...metadata, ...payloadData},\n'
              '      );\n'
              '    } else if (effectiveMsgType == MessageType.text) {\n'
              '      message = TextMessage(\n'
              '        authorId: author.id,\n'
              '        createdAt: createdDt,\n'
              '        id: safeId,\n'
              '        // peerId: toId,\n'
              '        text: (payloadData[\'text\'] ?? \'\') as String,\n'
              '        status: typesStatus,\n'
              '        metadata: {...metadata, ...payloadData},\n'
              '      );\n'
              '    } else if (effectiveMsgType == MessageType.image) {\n'
              '      message = ImageMessage(\n'
              '        authorId: author.id,\n'
              '        createdAt: createdDt,\n'
              '        id: safeId,\n'
              '        // peerId: toId,\n'
              '        text: (payloadData[\'name\'] ?? \'\') as String,\n'
              '        size: (payloadData[\'size\'] ?? 0) as int?,\n'
              '        source: AssetsService.viewUrl((payloadData[\'uri\'] ?? \'\') as String)\n'
              '            .toString(),\n'
              '        width: ((payloadData[\'width\'] ?? 0) as num) / 1.0,\n'
              '        height: ((payloadData[\'height\'] ?? 0) as num) / 1.0,\n'
              '        status: typesStatus,\n'
              '        metadata: {...metadata, ...payloadData},\n'
              '      );\n'
              '    } else if (effectiveMsgType == MessageType.file) {\n'
              '      message = FileMessage(\n'
              '        authorId: author.id,\n'
              '        createdAt: createdDt,\n'
              '        id: safeId,\n'
              '        // peerId: toId,\n'
              '        name: (payloadData[\'name\'] ?? \'\') as String,\n'
              '        size: (payloadData[\'size\'] ?? 0) as int?,\n'
              '        source: AssetsService.viewUrl((payloadData[\'uri\'] ?? \'\') as String)\n'
              '            .toString(),\n'
              '        status: typesStatus,\n'
              '        metadata: {...metadata, ...payloadData},\n'
              '      );\n'
              '    } else if (effectiveMsgType == MessageType.video ||\n'
              '        effectiveMsgType == MessageType.voice) {\n'
              '      // 视频/语音消息：使用 VideoMessage 或 AudioMessage\n'
              '      // 语音消息统一使用 voice 命名\n'
              '      if (effectiveMsgType == MessageType.video) {\n'
              '        message = VideoMessage(\n'
              '          authorId: author.id,\n'
              '          createdAt: createdDt,\n'
              '          id: safeId,\n'
              '          // peerId: toId,\n'
              '          source: AssetsService.viewUrl((payloadData[\'uri\'] ?? \'\') as String)\n'
              '              .toString(),\n'
              '          text: (payloadData[\'name\'] ?? \'\') as String?,\n'
              '          name: (payloadData[\'name\'] ?? \'\') as String?,\n'
              '          size: (payloadData[\'size\'] ?? 0) as int?,\n'
              '          width: ((payloadData[\'width\'] ?? 0) as num) / 1.0,\n'
              '          height: ((payloadData[\'height\'] ?? 0) as num) / 1.0,\n'
              '          status: typesStatus,\n'
              '          metadata: {...metadata, ...payloadData},\n'
              '        );\n'
              '      } else {\n'
              '        // voice 消息使用 AudioMessage\n'
              '        message = AudioMessage(\n'
              '          authorId: author.id,\n'
              '          createdAt: createdDt,\n'
              '          id: safeId,\n'
              '          // peerId: toId,\n'
              '          source: AssetsService.viewUrl((payloadData[\'uri\'] ?? \'\') as String)\n'
              '              .toString(),\n'
              '          text: (payloadData[\'name\'] ?? \'\') as String?,\n'
              '          size: (payloadData[\'size\'] ?? 0) as int?,\n'
              '          duration: Duration(\n'
              '            milliseconds: (payloadData[\'duration_ms\'] ?? 0) as int,\n'
              '          ),\n'
              '          waveform: payloadData[\'waveform\'] != null\n'
              '              ? List<double>.from(payloadData[\'waveform\'] as Iterable<dynamic>)\n'
              '              : null,\n'
              '          status: typesStatus,\n'
              '          metadata: {...metadata, ...payloadData},\n'
              '        );\n'
              '      }\n'
              '    } else if (effectiveMsgType == MessageType.quote) {\n'
              '      message = CustomMessage(\n'
              '        authorId: author.id,\n'
              '        id: safeId,\n'
              '        createdAt: createdDt,\n'
              '        // peerId: toId,\n'
              '        metadata: {...metadata, ...payloadData},\n'
              '      );\n'
              '    } else if (effectiveMsgType == MessageType.textStream) {\n'
              '      // 文本流消息：使用 TextMessage，带额外的流式 metadata\n'
              '      message = TextMessage(\n'
              '        authorId: author.id,\n'
              '        createdAt: createdDt,\n'
              '        id: safeId,\n'
              '        text: (payloadData[\'text\'] ?? \'\') as String,\n'
              '        status: typesStatus,\n'
              '        metadata: {\n'
              '          ...metadata,\n'
              '          ...payloadData,\n'
              '          \'index\': payloadData[\'index\'] ?? 0,\n'
              '          \'is_end\': payloadData[\'is_end\'] ?? false,\n'
              '          \'stream_id\': payloadData[\'stream_id\'],\n'
              '        },\n'
              '      );\n'
              '    } else if (effectiveMsgType == MessageType.imageMulti) {\n'
              '      // 多图消息：使用 CustomMessage，带 images 数组\n'
              '      message = CustomMessage(\n'
              '        authorId: author.id,\n'
              '        id: safeId,\n'
              '        createdAt: createdDt,\n'
              '        metadata: {\n'
              '          ...metadata,\n'
              '          ...payloadData,\n'
              '          \'images\': payloadData[\'images\'] ?? <String>[],\n'
              '          \'total\': payloadData[\'total\'] ?? 0,\n'
              '        },\n'
              '      );\n'
              '    } else if (effectiveMsgType == \'system\') {\n'
              '      // 系统消息：使用 CustomMessage，系统消息通常不需要复杂处理\n'
              '      message = CustomMessage(\n'
              '        authorId: author.id,\n'
              '        id: safeId,\n'
              '        createdAt: createdDt,\n'
              '        metadata: {...metadata, ...payloadData, \'is_system\': true},\n'
              '      );\n'
              '    } else if (effectiveMsgType == MessageType.visitCard ||\n'
              '        effectiveMsgType == MessageType.channelCard ||\n'
              '        effectiveMsgType == MessageType.webrtcAudio ||\n'
              '        effectiveMsgType == MessageType.webrtcVideo ||\n'
              '        effectiveMsgType == MessageType.redPacket ||\n'
              '        effectiveMsgType == MessageType.transfer ||\n'
              '        effectiveMsgType == MessageType.groupSchedule) {\n'
              '      message = CustomMessage(\n'
              '        authorId: author.id,\n'
              '        id: safeId,\n'
              '        createdAt: createdDt,\n'
              '        metadata: {...metadata, ...payloadData},\n'
              '      );\n'
              '    } else if (effectiveMsgType == MessageType.custom) {\n'
              '      message = CustomMessage(\n'
              '        authorId: author.id,\n'
              '        id: safeId,\n'
              '        createdAt: createdDt,\n'
              '        // peerId: toId,\n'
              '        // status: typesStatus,\n'
              '        metadata: {...metadata, ...payloadData},\n'
              '      );\n'
              '    } else {\n'
              '      // Fallback case for unknown message types\n'
              '      // 使用 unsupported 标识\n'
              '      message = CustomMessage(\n'
              '        authorId: author.id,\n'
              '        id: safeId,\n'
              '        createdAt: createdDt,\n'
              '        metadata: {\n'
              '          ...metadata,\n'
              '          ...payloadData,\n'
              '          \'unsupported\': true,\n'
              '          \'error\': \'unknown_msg_type\',\n'
              '          \'original_type\': effectiveMsgType,\n'
              '        },\n'
              '      );\n'
              '    }\n'
              '\n'
              '    // debugPrint("> on toTypeMessage md ${toJson().toString()}");\n'
              '    return message;\n'
              '  }\n'
              '}\n'
              ''
  lib/modules/messaging/infrastructure/message_model_mapper.dart 重新引入了敏感日志: E2EE 解密成功，id=$id
  
  package:matcher                                                   expect
  package:flutter_test/src/widget_tester.dart 473:18                expect
  test/unit_test/service/e2ee/logging_privacy_guard_test.dart 85:9  main.<fn>
  
00:00 +0 -1: E2EE 服务异常日志保留稳定标识（异常 runtimeType）用于诊断
00:00 +1 -1: Some tests failed.

Failing tests:
  /Users/leeyi/project/imboy.pub/imboyapp/test/unit_test/service/e2ee/logging_privacy_guard_test.dart: 消息链路日志不得记录原始帧、明文 payload 或完整会话对象
