OFFLINE_[e2ee_claimant_scope_drift_tests,e2ee_failure_metric_exposition_tests,e2ee_handler_capability_tests,e2ee_handler_device_binding_tests,e2ee_handler_tests,e2ee_metrics_ip_gate_tests,e2ee_otk_count_tests,e2ee_otk_metric_exposition_tests,e2ee_otk_target_throttle_tests,e2ee_throttle_scope_config_tests,olm_handler_claim_throttle_tests,olm_handler_tests,device_revocation_tests,e2ee_c2g_passthrough_contract_tests,e2ee_offline_sender_did_tests,e2ee_sender_device_envelope_tests,e2ee_v3_passthrough_contract_tests,message_ds_tests,e2ee_safety_contract_tests,e2ee_error_code_tests,e2ee_kt_merkle_tests,e2ee_presign_mime_binding_tests,elib_cipher_e2ee_v2_tests,imboy_codec_tests,olm_otk_cleanup_worker_tests,e2ee_backup_logic_tests,e2ee_batch_claim_idempotency_tests,e2ee_error_privacy_tests,e2ee_fallback_signature_tests,e2ee_logic_tests,e2ee_otk_claim_idempotency_tests,e2ee_otk_exhaustion_metric_tests,e2ee_recovery_logic_tests,e2ee_trust_logic_tests,olm_identity_log_privacy_tests,olm_identity_logic_tests,olm_otk_lifecycle_tests,push_notification_logic_tests,e2ee_backup_repo_tests,msg_store_jsonb_roundtrip_tests,olm_identity_repo_tests] 41
======================== EUnit ========================
module 'e2ee_claimant_scope_drift_tests'
  e2ee_claimant_scope_drift_tests:111: -claim_key_missing_claimant_scope_is_visible_test_/0-fun-3-...[0.003 s] ok
  e2ee_claimant_scope_drift_tests:135: -batch_claim_missing_claimant_scope_is_visible_test_/0-fun-3-...[0.001 s] ok
  e2ee_claimant_scope_drift_tests:157: -claim_key_healthy_scope_is_silent_test_/0-fun-3-...ok
  e2ee_claimant_scope_drift_tests:183: -claim_key_limit_exceeded_still_429_test_/0-fun-2-...ok
  e2ee_claimant_scope_drift_tests:200: -batch_claim_limit_exceeded_still_429_test_/0-fun-2-...ok
  [done in 0.776 s]
module 'e2ee_failure_metric_exposition_tests'
  e2ee_failure_metric_exposition_tests:7: -failure_metrics_reach_exporter_test_/0-fun-4-...[0.001 s] ok
  e2ee_failure_metric_exposition_tests:7: -failure_metrics_reach_exporter_test_/0-fun-4-...[0.009 s] ok
  e2ee_failure_metric_exposition_tests:7: -failure_metrics_reach_exporter_test_/0-fun-4-...[0.001 s] ok
  e2ee_failure_metric_exposition_tests:7: -failure_metrics_reach_exporter_test_/0-fun-4-...ok
  e2ee_failure_metric_exposition_tests:7: -failure_metrics_reach_exporter_test_/0-fun-4-...[0.008 s] ok
  [done in 0.034 s]
module 'e2ee_handler_capability_tests'
  e2ee_handler_capability_tests:31: -user_keys_returns_error_when_e2ee_disabled_test_/0-fun-2-...[0.003 s] ok
  e2ee_handler_capability_tests:65: -user_keys_works_when_e2ee_enabled_test_/0-fun-2-...ok
  e2ee_handler_capability_tests:91: -group_member_keys_returns_error_when_e2ee_disabled_test_/0-fun-2-...ok
  e2ee_handler_capability_tests:114: -group_history_grant_returns_error_when_e2ee_disabled_test_/0-fun-2-...ok
  e2ee_handler_capability_tests:138: -report_device_key_returns_error_when_e2ee_disabled_test_/0-fun-2-...ok
  e2ee_handler_capability_tests:162: -key_status_returns_error_when_e2ee_disabled_test_/0-fun-2-...ok
  e2ee_handler_capability_tests:186: -pull_notifications_returns_error_when_e2ee_disabled_test_/0-fun-2-...ok
  e2ee_handler_capability_tests:210: -start_recovery_returns_error_when_e2ee_disabled_test_/0-fun-2-...ok
  [done in 0.624 s]
module 'e2ee_handler_device_binding_tests'
  e2ee_handler_device_binding_tests:54: -report_key_cross_device_must_403_test_/0-fun-2-...ok
  e2ee_handler_device_binding_tests:96: -report_key_legacy_unbound_must_403_test_/0-fun-2-...ok
  e2ee_handler_device_binding_tests:137: -report_key_matching_device_allowed_test_/0-fun-2-...ok
  [done in 0.250 s]
module 'e2ee_handler_tests'
  e2ee_handler_tests:54: -init_with_user_keys_action_test_/0-fun-2-...ok
  e2ee_handler_tests:88: -init_with_group_member_keys_action_test_/0-fun-2-...ok
  e2ee_handler_tests:100: -init_with_unknown_action_returns_404_test_/0-fun-2-...ok
  e2ee_handler_tests:137: -user_keys_with_valid_uid_returns_success_test_/0-fun-2-...ok
  e2ee_handler_tests:162: -user_keys_with_invalid_uid_returns_400_test_/0-fun-2-...ok
  e2ee_handler_tests:192: -user_keys_with_forbidden_returns_403_test_/0-fun-2-...ok
  e2ee_handler_tests:219: -user_keys_with_internal_error_returns_500_test_/0-fun-2-...ok
  e2ee_handler_tests:255: -group_member_keys_with_valid_gid_returns_success_test_/0-fun-2-...ok
  e2ee_handler_tests:277: -group_member_keys_with_invalid_gid_returns_400_test_/0-fun-2-...ok
  e2ee_handler_tests:304: -group_member_keys_with_non_member_returns_403_test_/0-fun-2-...ok
  e2ee_handler_tests:331: -group_member_keys_with_database_error_returns_500_test_/0-fun-2-...ok
  e2ee_handler_tests:358: -group_member_keys_with_fanout_limit_returns_409_test_/0-fun-2-...ok
  e2ee_handler_tests:389: -group_history_grant_returns_authoritative_range_test_/0-fun-7-...ok
  e2ee_handler_tests:414: -group_history_grant_with_invalid_gid_returns_400_test_/0-fun-2-...ok
  e2ee_handler_tests:433: -group_history_grant_without_session_id_returns_400_test_/0-fun-2-...ok
  e2ee_handler_tests:457: -group_history_grant_denied_returns_403_test_/0-fun-2-...ok
  e2ee_handler_tests:470: -group_history_grant_rejects_non_get_methods_test_/0-fun-2-...ok
  e2ee_handler_tests:497: -user_keys_with_same_user_test_/0-fun-2-...ok
  e2ee_handler_tests:524: -group_member_keys_with_empty_group_test_/0-fun-2-...ok
  e2ee_handler_tests:546: -user_keys_with_zero_uid_returns_400_test_/0-fun-2-...ok
  e2ee_handler_tests:568: -user_keys_with_negative_uid_returns_400_test_/0-fun-2-...ok
  e2ee_handler_tests:590: -group_member_keys_with_zero_gid_returns_400_test_/0-fun-2-...ok
  e2ee_handler_tests:627: -compliance_key_returns_meta_fields_test_/0-fun-4-...ok
  e2ee_handler_tests:653: -compliance_key_missing_meta_defaults_test_/0-fun-4-...ok
  e2ee_handler_tests:676: -compliance_key_not_found_test_/0-fun-2-...ok
  [done in 2.364 s]
module 'e2ee_metrics_ip_gate_tests'
  e2ee_metrics_ip_gate_tests: internal_ip_classification_test...ok
  e2ee_metrics_ip_gate_tests:66: -external_peer_gets_403_and_no_metrics_test_/0-fun-2-...ok
  e2ee_metrics_ip_gate_tests:97: -internal_peer_is_served_test_/0-fun-3-...=WARNING REPORT==== 4-Oct-2026::06:07:13.150488 ===
    error: [{gen_server,call,2,[{file,"gen_server.erl"},{line,1221}]},
            {metrics_handler,collect_system_metrics,0,
                [{file,"src/api/metrics_handler.erl"},{line,106}]},
            {metrics_handler,fetch_metrics,0,
                [{file,"src/api/metrics_handler.erl"},{line,87}]},
            {metrics_handler,serve_metrics,2,
                [{file,"src/api/metrics_handler.erl"},{line,56}]},
            {e2ee_metrics_ip_gate_tests,
                '-internal_peer_is_served_test_/0-fun-3-',0,
                [{file,"test/api/e2ee_metrics_ip_gate_tests.erl"},{line,99}]},
            {eunit_test,run_testfun,1,[{file,"eunit_test.erl"},{line,83}]},
            {eunit_proc,run_test,1,[{file,"eunit_proc.erl"},{line,558}]},
            {eunit_proc,with_timeout,3,[{file,"eunit_proc.erl"},{line,382}]}]
    event: metrics_pool_stats_failed
=WARNING REPORT==== 4-Oct-2026::06:07:13.152495 ===
    error: [{ets,lookup,
                [syn_table_names,{syn_registry_by_name,imboy}],
                [{error_info,#{cause => id,module => erl_stdlib_errors}}]},
            {syn_backbone,get_table_name,2,
                [{file,"src/syn_backbone.erl"},{line,76}]},
            {syn_registry,count,1,[{file,"src/syn_registry.erl"},{line,192}]},
            {metrics_handler,collect_system_metrics,0,
                [{file,"src/api/metrics_handler.erl"},{line,119}]},
            {metrics_handler,fetch_metrics,0,
                [{file,"src/api/metrics_handler.erl"},{line,87}]},
            {metrics_handler,serve_metrics,2,
                [{file,"src/api/metrics_handler.erl"},{line,56}]},
            {e2ee_metrics_ip_gate_tests,
                '-internal_peer_is_served_test_/0-fun-3-',0,
                [{file,"test/api/e2ee_metrics_ip_gate_tests.erl"},{line,99}]},
            {eunit_test,run_testfun,1,[{file,"eunit_test.erl"},{line,83}]}]
    event: metrics_syn_count_failed
=WARNING REPORT==== 4-Oct-2026::06:07:13.153977 ===
    error: [{ets,lookup_element,
                [ranch_server,{listener_sup,imboy_listener},2],
                [{error_info,#{cause => id,module => erl_stdlib_errors}}]},
            {ranch_server,get_listener_sup,1,
                [{file,"src/ranch_server.erl"},{line,122}]},
            {ranch,info,1,[{file,"src/ranch.erl"},{line,464}]},
            {metrics_handler,collect_system_metrics,0,
                [{file,"src/api/metrics_handler.erl"},{line,128}]},
            {metrics_handler,fetch_metrics,0,
                [{file,"src/api/metrics_handler.erl"},{line,87}]},
            {metrics_handler,serve_metrics,2,
                [{file,"src/api/metrics_handler.erl"},{line,56}]},
            {e2ee_metrics_ip_gate_tests,
                '-internal_peer_is_served_test_/0-fun-3-',0,
                [{file,"test/api/e2ee_metrics_ip_gate_tests.erl"},{line,99}]},
            {eunit_test,run_testfun,1,[{file,"eunit_test.erl"},{line,83}]}]
    event: metrics_ranch_info_failed
[0.010 s] ok
  [done in 0.195 s]
module 'e2ee_otk_count_tests'
  e2ee_otk_count_tests:42: -unknown_action_still_404_test_/0-fun-2-...ok
  e2ee_otk_count_tests:72: -prekey_count_returns_own_count_test_/0-fun-2-...ok
  e2ee_otk_count_tests:95: -prekey_count_zero_is_success_test_/0-fun-2-...ok
  e2ee_otk_count_tests:135: -prekey_count_ignores_request_params_test_/0-fun-2-...ok
  e2ee_otk_count_tests:164: -prekey_count_requires_device_binding_test_/0-fun-2-...ok
  e2ee_otk_count_tests:188: -prekey_count_respects_e2ee_gate_test_/0-fun-2-...ok
  e2ee_otk_count_tests:218: -prekey_count_error_is_not_zero_test_/0-fun-2-...ok
  [done in 0.708 s]
module 'e2ee_otk_metric_exposition_tests'
  e2ee_otk_metric_exposition_tests: formatter_emits_given_counter (对照组：导出器把拿到的计数原样导出)...ok
  e2ee_otk_metric_exposition_tests: unknown_counter_absent (对照组：未被计数的指标不得出现在导出里)...ok
  e2ee_otk_metric_exposition_tests: exhaustion_metric_exposed (生产耗尽路径的计数确实出现在 Prometheus 导出里)...ok
  [done in 0.009 s]
module 'e2ee_otk_target_throttle_tests'
  e2ee_otk_target_throttle_tests:81: -claim_key_checks_target_scope_test_/0-fun-4-...[0.001 s] ok
  e2ee_otk_target_throttle_tests:133: -claim_key_target_limited_returns_429_test_/0-fun-2-...ok
  e2ee_otk_target_throttle_tests:172: -batch_claim_checks_target_scope_test_/0-fun-4-...[0.001 s] ok
  e2ee_otk_target_throttle_tests:215: -batch_claim_target_limited_returns_429_test_/0-fun-2-...ok
  e2ee_otk_target_throttle_tests:252: -claim_key_claimant_limit_still_enforced_test_/0-fun-2-...ok
  e2ee_otk_target_throttle_tests:293: -claim_key_missing_scope_degrades_visibly_test_/0-fun-2-...[0.005 s] ok
  [done in 0.972 s]
module 'e2ee_throttle_scope_config_tests'
  e2ee_throttle_scope_config_tests: unregistered_scope_returns_rate_not_set_test...[0.002 s] ok
  e2ee_throttle_scope_config_tests: otk_scopes_present_in_shipped_config_test...[0.003 s] ok
  e2ee_throttle_scope_config_tests: otk_scopes_use_per_minute_test...[0.001 s] ok
  e2ee_throttle_scope_config_tests: declared_rate_is_actually_enforced_test...[0.001 s] ok
  e2ee_throttle_scope_config_tests: imboy_app_boot_registers_olm_scopes_test...[0.001 s] ok
  e2ee_throttle_scope_config_tests: throttled_request_counts_when_scope_registered_test...ok
  [done in 0.026 s]
module 'olm_handler_claim_throttle_tests'
  olm_handler_claim_throttle_tests:39: -claim_key_rate_limited_returns_429_test_/0-fun-2-...ok
  olm_handler_claim_throttle_tests:74: -batch_claim_rate_limited_returns_429_test_/0-fun-2-...ok
  olm_handler_claim_throttle_tests:113: -claim_key_within_limit_succeeds_test_/0-fun-2-...ok
  [done in 0.441 s]
module 'olm_handler_tests'
  olm_handler_tests: a_token_cannot_write_b_device_test...ok
  olm_handler_tests: matching_device_allowed_test...ok
  olm_handler_tests: legacy_unbound_token_fail_closed_test...ok
  olm_handler_tests: empty_body_device_rejected_test...ok
  olm_handler_tests: unicode_confusable_mismatch_test...ok
  olm_handler_tests:111: -rotation_with_double_signature_routes_to_arity7_test_/0-fun-4-...ok
  olm_handler_tests:138: -rotation_without_transition_signature_rejected_via_6_test_/0-fun-3-...ok
  olm_handler_tests:169: -same_root_first_registration_without_transition_unchanged_test_/0-fun-4-...ok
  olm_handler_tests:189: -empty_transition_signature_treated_as_absent_test_/0-fun-4-...[0.001 s] ok
  olm_handler_tests:212: -string_form_transition_signature_normalized_test_/0-fun-3-...ok
  [done in 0.695 s]
module 'device_revocation_tests'
  device_revocation_tests:49: -http_revoked_device_token_rejected_test_/0-fun-2-...ok
  device_revocation_tests:72: -http_active_device_token_accepted_test_/0-fun-2-...ok
  device_revocation_tests:88: -http_legacy_didless_token_unaffected_test_/0-fun-2-...ok
  device_revocation_tests:97: -http_refresh_token_still_rejected_test_/0-fun-2-...ok
  device_revocation_tests:148: -refresh_with_revoked_device_rejected_test_/0-fun-2-...[0.004 s] ok
  device_revocation_tests:159: -refresh_with_active_device_ok_test_/0-fun-3-...ok
  device_revocation_tests:176: -refresh_legacy_didless_unaffected_test_/0-fun-3-...ok
  device_revocation_tests:203: -ws_refresh_token_rejected_test_/0-fun-5-...[0.003 s] ok
  device_revocation_tests:224: -ws_access_token_accepted_test_/0-fun-4-...ok
  device_revocation_tests:242: -ws_revoked_device_rejected_test_/0-fun-4-...ok
  device_revocation_tests:262: -ws_legacy_didless_token_unaffected_test_/0-fun-3-...ok
  device_revocation_tests:278: -is_active_within_cache_ttl_skips_repo_test_/0-fun-2-...ok
  device_revocation_tests:303: -is_active_cache_miss_queries_repo_test_/0-fun-2-...ok
  device_revocation_tests:322: -is_active_cache_miss_active_row_test_/0-fun-2-...ok
  device_revocation_tests:337: -is_active_db_error_fails_closed_test_/0-fun-2-...ok
  device_revocation_tests:356: -delete_flushes_and_broadcasts_active_cache_test_/0-fun-5-...ok
  device_revocation_tests:385: -delete_purges_olm_material_test_/0-fun-4-...ok
  device_revocation_tests:405: -delete_removes_device_row_before_olm_material_test_/0-fun-6-...ok
  device_revocation_tests:434: -delete_survives_olm_cleanup_error_test_/0-fun-2-...ok
  device_revocation_tests:448: -delete_survives_olm_cleanup_crash_test_/0-fun-2-...ok
  device_revocation_tests:463: -delete_cleanup_failure_emits_metric_test_/0-fun-3-...[0.001 s] ok
  device_revocation_tests:482: -delete_cleanup_crash_emits_metric_test_/0-fun-3-...ok
  device_revocation_tests:503: -reconcile_calls_repo_sweep_test_/0-fun-3-...ok
  device_revocation_tests:519: -reconcile_swallows_repo_error_test_/0-fun-2-...ok
  device_revocation_tests:531: -reconcile_survives_repo_crash_test_/0-fun-2-...ok
  device_revocation_tests:543: -bump_identity_version_sql_contract_test_/0-fun-2-...[0.002 s] ok
  device_revocation_tests:564: -bump_identity_version_no_active_row_returns_zero_test_/0-fun-2-...ok
  device_revocation_tests:575: -bump_identity_version_maps_db_error_test_/0-fun-2-...ok
  device_revocation_tests:591: -bump_identity_version_ds_passes_through_test_/0-fun-2-...ok
  device_revocation_tests:612: -ds_claim_otk_rejects_revoked_device_test_/0-fun-2-...[0.001 s] ok
  device_revocation_tests:626: -ds_claim_otk_with_request_id_rejects_revoked_device_test_/0-fun-2-...ok
  device_revocation_tests:640: -ds_claim_fallback_rejects_revoked_device_test_/0-fun-2-...ok
  device_revocation_tests:659: -ds_claim_otk_active_device_passes_through_test_/0-fun-2-...ok
  [done in 1.761 s]
module 'e2ee_c2g_passthrough_contract_tests'
  e2ee_c2g_passthrough_contract_tests: c2g_decode_preserves_e2ee_test...[0.006 s] ok
  e2ee_c2g_passthrough_contract_tests: c2g_assemble_preserves_e2ee_test...ok
  e2ee_c2g_passthrough_contract_tests: c2g_encode_roundtrip_test...ok
  e2ee_c2g_passthrough_contract_tests: c2g_offline_pull_format_consistency_test...ok
  e2ee_c2g_passthrough_contract_tests: c2g_jsone_byte_stability_test...ok
  e2ee_c2g_passthrough_contract_tests: c2g_null_e2ee_passthrough_test...ok
  [done in 0.024 s]
module 'e2ee_offline_sender_did_tests'
  e2ee_offline_sender_did_tests: read_msg_for_device_selects_sender_did_test...[0.050 s] ok
  e2ee_offline_sender_did_tests: read_msg_selects_sender_did_test...[0.035 s] ok
  e2ee_offline_sender_did_tests: offline_envelope_carries_sender_did_test...[0.001 s] ok
  e2ee_offline_sender_did_tests: offline_envelope_null_sender_did_not_fabricated_test...ok
  e2ee_offline_sender_did_tests: offline_envelope_absent_sender_did_not_fabricated_test...ok
  e2ee_offline_sender_did_tests: offline_envelope_empty_sender_did_not_fabricated_test...ok
  e2ee_offline_sender_did_tests: offline_envelope_preserves_payload_and_e2ee_test...ok
  e2ee_offline_sender_did_tests: offline_envelope_prefers_business_msg_id_test...ok
  e2ee_offline_sender_did_tests: stage_persists_sender_did_test...[0.137 s] ok
  e2ee_offline_sender_did_tests: stage_legacy_arity_omits_sender_did_test...[0.137 s] ok
  e2ee_offline_sender_did_tests: stage_group_arity_omits_sender_did_test...[0.133 s] ok
  e2ee_offline_sender_did_tests: claim_pending_selects_sender_did_test...[0.040 s] ok
  e2ee_offline_sender_did_tests: ensure_table_ddl_has_sender_did_test...[0.046 s] ok
  e2ee_offline_sender_did_tests: migration_guards_absent_staging_comment_test...ok
  [done in 0.621 s]
module 'e2ee_sender_device_envelope_tests'
  e2ee_sender_device_envelope_tests: stamp_v3_empty_payload_test...ok
  e2ee_sender_device_envelope_tests: stamp_v2_ciphertext_payload_test...ok
  e2ee_sender_device_envelope_tests: inject_into_payload_is_ineffective_for_e2ee_test...ok
  e2ee_sender_device_envelope_tests: stamp_missing_state_fields_test...ok
  e2ee_sender_device_envelope_tests: stamp_non_map_test...ok
  e2ee_sender_device_envelope_tests: with_sender_device_carries_into_frame_test...ok
  e2ee_sender_device_envelope_tests: with_sender_device_absent_does_not_fabricate_test...ok
  [done in 0.021 s]
module 'e2ee_v3_passthrough_contract_tests'
  e2ee_v3_passthrough_contract_tests: decode_preserves_v3_e2ee_map_test...ok
  e2ee_v3_passthrough_contract_tests: assemble_preserves_v3_e2ee_map_test...ok
  e2ee_v3_passthrough_contract_tests: full_roundtrip_preserves_v3_e2ee_test...ok
  e2ee_v3_passthrough_contract_tests: unknown_fields_not_stripped_test...ok
  e2ee_v3_passthrough_contract_tests: inject_sender_device_does_not_touch_e2ee_test...ok
  e2ee_v3_passthrough_contract_tests: null_e2ee_passthrough_test...ok
  e2ee_v3_passthrough_contract_tests: json_encode_stability_test...ok
  e2ee_v3_passthrough_contract_tests: pb_encode_refuses_lossy_v3_fanout_envelope_test...[0.002 s] ok
  e2ee_v3_passthrough_contract_tests: pb_encode_refuses_lossy_v3_single_envelope_test...ok
  e2ee_v3_passthrough_contract_tests: pb_encode_refuses_unknown_e2ee_extension_test...ok
  e2ee_v3_passthrough_contract_tests: pb_encode_keeps_legacy_v2_envelope_lossless_test...[0.006 s] ok
  e2ee_v3_passthrough_contract_tests: pb_encode_plain_message_unaffected_test...ok
  e2ee_v3_passthrough_contract_tests: validate_rejects_v3_envelope_missing_protected_header_test...ok
  e2ee_v3_passthrough_contract_tests: validate_rejects_v3_envelope_missing_ciphertext_test...ok
  e2ee_v3_passthrough_contract_tests: validate_rejects_v3_fanout_device_missing_header_hash_test...ok
  e2ee_v3_passthrough_contract_tests: validate_rejects_v3_envelope_wrong_field_type_test...ok
  e2ee_v3_passthrough_contract_tests: validate_rejects_oversized_e2ee_envelope_test...[0.006 s] ok
  e2ee_v3_passthrough_contract_tests: validate_accepts_wellformed_v3_single_envelope_test...ok
  e2ee_v3_passthrough_contract_tests: validate_accepts_wellformed_v3_fanout_test...ok
  e2ee_v3_passthrough_contract_tests: validate_accepts_legacy_and_plain_messages_test...ok
  e2ee_v3_passthrough_contract_tests: validate_accepts_v3_envelope_with_unknown_extension_test...ok
  e2ee_v3_passthrough_contract_tests: validate_accepts_empty_string_e2ee_placeholder_test...ok
  e2ee_v3_passthrough_contract_tests: validate_accepts_revoke_frame_with_empty_e2ee_test...ok
  e2ee_v3_passthrough_contract_tests: v2_wire_preserves_v3_fanout_envelope_test...[0.001 s] ok
  e2ee_v3_passthrough_contract_tests: v2_wire_preserves_v3_single_envelope_test...ok
  e2ee_v3_passthrough_contract_tests: pb_none_framing_wire_preserves_v3_envelope_test...ok
  e2ee_v3_passthrough_contract_tests: v2_wire_keeps_protobuf_for_legacy_envelope_test...ok
  e2ee_v3_passthrough_contract_tests: json_wire_unaffected_test...ok
  e2ee_v3_passthrough_contract_tests: v2_wire_preserves_base64url_bytes_test...ok
  [done in 0.102 s]
module 'message_ds_tests'
  message_ds_tests:19: -module_loaded_test_/0-fun-2-...ok
  message_ds_tests:30: -assemble_msg_with_valid_params_test_/0-fun-4-...ok
  message_ds_tests:46: -assemble_msg_carries_current_ver_test_/0-fun-2-...ok
  message_ds_tests:62: -assemble_msg_5_carries_current_ver_test_/0-fun-2-...ok
  message_ds_tests:75: -assemble_s2c_carries_current_ver_test_/0-fun-2-...ok
  message_ds_tests:85: -decode_websocket_message_passes_ver_test_/0-fun-2-...ok
  message_ds_tests:101: -decode_websocket_message_defaults_ver_when_absent_test_/0-fun-2-...ok
  message_ds_tests:170: -offline_message_probe_limit_test/2-fun-8-...ok
  message_ds_tests:170: -offline_message_probe_limit_test/2-fun-8-...ok
  message_ds_tests:170: -offline_message_probe_limit_test/2-fun-8-...ok
  message_ds_tests:170: -offline_message_probe_limit_test/2-fun-8-...ok
  message_ds_tests:146: -offline_message_probe_max_valid_threshold_keeps_pull_sentinel_test_/0-fun-4-...ok
  message_ds_tests:208: -send_next_requires_valid_params_test_/0-fun-5-...ok
  message_ds_tests:226: -s2c_with_e2ee_rejected_test_/0-fun-2-...ok
  message_ds_tests:239: -s2c_without_e2ee_passes_test_/0-fun-2-...ok
  message_ds_tests:252: -c2g_msg_id_over_database_limit_is_rejected_test_/0-fun-2-...ok
  message_ds_tests:266: -c2g_msg_id_at_database_limit_passes_test_/0-fun-2-...ok
  [done in 0.435 s]
module 'e2ee_safety_contract_tests'
  e2ee_safety_contract_tests:160: -c2c_required_plaintext_never_reaches_logs_test_/0-fun-9-...[0.003 s] ok
  e2ee_safety_contract_tests:198: -c2g_required_plaintext_never_reaches_logs_test_/0-fun-6-...ok
  e2ee_safety_contract_tests:222: -c2c_required_olm_envelope_accepted_and_log_clean_test_/0-fun-4-...[0.004 s] ok
  e2ee_safety_contract_tests:263: -admin_audit_mode_contract_test_/0-fun-5-...[0.002 s] ok
  e2ee_safety_contract_tests:267: -admin_audit_mode_contract_test_/0-fun-3-...ok
  e2ee_safety_contract_tests:270: -admin_audit_mode_contract_test_/0-fun-1-...ok
  [done in 0.840 s]
module 'e2ee_error_code_tests'
  e2ee_error_code_tests:20: -e2ee_transfer_error_codes_test_/0-fun-9-...ok
  e2ee_error_code_tests:37: -e2ee_social_error_codes_test_/0-fun-11-...ok
  e2ee_error_code_tests:56: -e2ee_backup_error_codes_test_/0-fun-5-...ok
  e2ee_error_code_tests:69: -e2ee_general_error_codes_test_/0-fun-7-...ok
  e2ee_error_code_tests:84: -e2ee_error_messages_transfer_test_/0-fun-9-...ok
  e2ee_error_code_tests:121: -e2ee_error_messages_social_test_/0-fun-11-...ok
  e2ee_error_code_tests:166: -e2ee_error_messages_backup_test_/0-fun-5-...ok
  e2ee_error_code_tests:187: -e2ee_error_messages_general_test_/0-fun-7-...ok
  e2ee_error_code_tests:220: -e2ee_error_code_range_test_/0-fun-9-...ok
  e2ee_error_code_tests:240: -e2ee_error_code_uniqueness_test_/0-fun-2-...ok
  [done in 0.030 s]
module 'e2ee_kt_merkle_tests'
  e2ee_kt_merkle_tests: empty_tree_is_sha256_of_empty_test...[0.001 s] ok
  e2ee_kt_merkle_tests: single_leaf_root_equals_leaf_hash_test...ok
  e2ee_kt_merkle_tests: e1_canonical_length_test...ok
  e2ee_kt_merkle_tests: golden_leaf_hashes_test...ok
  e2ee_kt_merkle_tests: golden_tree_roots_test...ok
  e2ee_kt_merkle_tests: golden_tree_head_signing_input_test...ok
  e2ee_kt_merkle_tests: canonical_event_bytes_matches_golden_test...ok
  e2ee_kt_merkle_tests: canonical_event_bytes_no_trailing_newline_test...ok
  e2ee_kt_merkle_tests: canonical_rejects_newline_in_value_test...ok
  e2ee_kt_merkle_tests: canonical_rejects_newline_or_eq_in_key_test...ok
  e2ee_kt_merkle_tests: canonical_injectivity_test...ok
  e2ee_kt_merkle_tests: canonical_rejects_empty_and_non_map_test...ok
  e2ee_kt_merkle_tests: leaf_and_node_are_domain_separated_test...ok
  e2ee_kt_merkle_tests: head_prefix_differs_from_leaf_test...ok
  e2ee_kt_merkle_tests: inclusion_exhaustive_accepts_test...[0.001 s] ok
  e2ee_kt_merkle_tests: inclusion_exhaustive_rejects_test...[0.002 s] ok
  e2ee_kt_merkle_tests: inclusion_rejects_each_tampered_path_element_test...ok
  e2ee_kt_merkle_tests: inclusion_rejects_malformed_args_test...ok
  e2ee_kt_merkle_tests: consistency_exhaustive_accepts_test...[0.002 s] ok
  e2ee_kt_merkle_tests: consistency_rejects_forked_history_test...ok
  e2ee_kt_merkle_tests: consistency_rejects_each_tampered_path_element_test...ok
  e2ee_kt_merkle_tests: consistency_same_size_requires_empty_path_and_equal_roots_test...ok
  e2ee_kt_merkle_tests: consistency_rejects_empty_path_when_growing_test...ok
  e2ee_kt_merkle_tests: consistency_rejects_malformed_args_test...ok
  [done in 0.078 s]
module 'e2ee_presign_mime_binding_tests'
  e2ee_presign_mime_binding_tests: signature_varies_with_object_key_test...[0.003 s] ok
  e2ee_presign_mime_binding_tests: signed_headers_is_host_only_test...ok
  e2ee_presign_mime_binding_tests: mime_appears_as_query_param_test...ok
  e2ee_presign_mime_binding_tests: mime_is_bound_into_signature_test...ok
  e2ee_presign_mime_binding_tests: empty_mime_omits_content_type_param_test...ok
  [done in 0.018 s]
module 'elib_cipher_e2ee_v2_tests'
  elib_cipher_e2ee_v2_tests:18: -e2ee_message_structure_v2_test_/0-fun-7-...ok
  elib_cipher_e2ee_v2_tests:56: -e2ee_message_with_null_e2ee_field_test_/0-fun-2-...ok
  elib_cipher_e2ee_v2_tests:76: -encrypt_rsa_oaep_and_decrypt_rsa_oaep_roundtrip_test_/0-fun-3-...[0.057 s] ok
  elib_cipher_e2ee_v2_tests:98: -encrypt_rsa_oaep_with_large_data_test_/0-fun-1-...[0.026 s] ok
  elib_cipher_e2ee_v2_tests:115: -encrypt_rsa_oaep_with_empty_data_test_/0-fun-1-...[0.012 s] ok
  elib_cipher_e2ee_v2_tests:129: -encrypt_rsa_oaep_with_invalid_key_test_/0-fun-1-...ok
  elib_cipher_e2ee_v2_tests:140: -decrypt_rsa_oaep_with_invalid_data_test_/0-fun-1-...[0.055 s] ok
  elib_cipher_e2ee_v2_tests:156: -e2ee_full_flow_simulation_test_/0-fun-2-...[0.037 s] ok
  elib_cipher_e2ee_v2_tests:225: -e2ee_with_unicode_content_test_/0-fun-1-...[0.031 s] ok
  elib_cipher_e2ee_v2_tests:239: -e2ee_with_special_characters_test_/0-fun-1-...[0.046 s] ok
  elib_cipher_e2ee_v2_tests:253: -e2ee_with_binary_data_test_/0-fun-1-...[0.052 s] ok
  [done in 0.349 s]
module 'imboy_codec_tests'
  imboy_codec_tests: json_roundtrip (JSON encode/decode roundtrip)...ok
  imboy_codec_tests: protobuf_roundtrip (Protobuf encode/decode roundtrip)...ok
  imboy_codec_tests: cross_protocol_equivalence (JSON and Protobuf decode to equivalent maps)...ok
  imboy_codec_tests: protocol_atom_test (Protocol atom conversion)...ok
  imboy_codec_tests: ws_frame_types (WebSocket frame types)...ok
  imboy_codec_tests: e2ee_conversion (E2EE metadata conversion)...ok
  imboy_codec_tests: e2ee_olm_roundtrip (E2EE Olm metadata protobuf roundtrip)...ok
  imboy_codec_tests: e2ee_megolm_roundtrip (E2EE Megolm metadata protobuf roundtrip)...ok
  imboy_codec_tests: empty_field_handling (Empty/null field handling)...ok
  imboy_codec_tests: payload_encode_decode (Payload encode/decode)...ok
  imboy_codec_tests: large_uid_handling (Large UID handling (TSID))...ok
  imboy_codec_tests: framing_atom_test (Framing atom conversion)...ok
  imboy_codec_tests: v2_frame_roundtrip (v2 frame wrap/unwrap roundtrip)...ok
  imboy_codec_tests: v2_protocol_atom_test (v2 protocol atom maps to protobuf)...ok
  imboy_codec_tests: v2_frame_unwrap_error (v2 frame unwrap error on bad input)...ok
  imboy_codec_tests: a2a_task_update_json_channel (a2a_task_update accepted on JSON channel)...ok
  imboy_codec_tests: client_ack_error_v2_lossless (CLIENT_ACK_ERROR 在 v2 帧内保留 id/in_reply_to/reason)...ok
  imboy_codec_tests: c2s_server_ack_v2_lossless (C2S_SERVER_ACK 在 v2 帧内保留 id/in_reply_to)...ok
  imboy_codec_tests: c2g_error_v2_lossless (C2G_ERROR 在 v2 帧内保留 id/error/code)...ok
  imboy_codec_tests: c2c_still_protobuf (普通 C2C 消息仍走 protobuf 编码)...ok
  imboy_codec_tests: voice_content_type_roundtrip (语音 voice 映射 AUDIO 且 protobuf 往返不丢类型)...ok
  imboy_codec_tests: protocol_atom_test...ok
  imboy_codec_tests: framing_atom_test...ok
  imboy_codec_tests: v2_protocol_atom_test...ok
  [done in 0.072 s]
module 'olm_otk_cleanup_worker_tests'
  olm_otk_cleanup_worker_tests: disabled_does_not_call_logic_test...[0.042 s] ok
  olm_otk_cleanup_worker_tests: enabled_success_calls_logic_test...[0.039 s] ok
  olm_otk_cleanup_worker_tests: enabled_failure_warns_and_continues_test...[0.035 s] ok
  olm_otk_cleanup_worker_tests: ignores_unknown_info_test...ok
  [done in 0.128 s]
module 'e2ee_backup_logic_tests'
  e2ee_backup_logic_tests:52: -put_first_version_test_/0-fun-2-...[0.001 s] ok
  e2ee_backup_logic_tests:68: -put_next_version_test_/0-fun-2-...ok
  e2ee_backup_logic_tests:84: -put_version_conflict_test_/0-fun-3-...ok
  e2ee_backup_logic_tests:110: -put_unique_violation_maps_to_conflict_test_/0-fun-2-...ok
  e2ee_backup_logic_tests:124: -put_rejects_plaintext_pem_test_/0-fun-3-...ok
  e2ee_backup_logic_tests:141: -put_rejects_invalid_base64_test_/0-fun-2-...ok
  e2ee_backup_logic_tests:156: -put_accepts_unpadded_base64_test_/0-fun-2-...ok
  e2ee_backup_logic_tests:166: -put_rejects_bad_params_test_/0-fun-3-...ok
  e2ee_backup_logic_tests:194: -put_rejects_oversize_payload_test_/0-fun-2-...[0.001 s] ok
  e2ee_backup_logic_tests:215: -get_returns_ciphertext_verbatim_test_/0-fun-5-...ok
  e2ee_backup_logic_tests:234: -get_not_found_test_/0-fun-2-...ok
  e2ee_backup_logic_tests:250: -info_excludes_ciphertext_and_salt_test_/0-fun-6-...ok
  e2ee_backup_logic_tests:267: -info_no_backup_test_/0-fun-2-...ok
  e2ee_backup_logic_tests:279: -delete_returns_count_test_/0-fun-2-...ok
  e2ee_backup_logic_tests:308: -zerotrust_no_server_side_crypto_test_/0-fun-8-...ok
  e2ee_backup_logic_tests:335: -get_backup_db_error_increments_metric_test_/0-fun-3-...ok
  e2ee_backup_logic_tests:360: -put_save_error_increments_metric_test_/0-fun-3-...ok
  [done in 0.195 s]
module 'e2ee_batch_claim_idempotency_tests'
  e2ee_batch_claim_idempotency_tests: legacy_batch_consumes_each_time (对照组：无 request_id 的 batch 保持逐次消费语义)...[0.001 s] ok
  e2ee_batch_claim_idempotency_tests: batch_replay_consumes_once_per_device (同 request_id 重放 batch → 每设备只消费一条，返回同一批 key)...ok
  e2ee_batch_claim_idempotency_tests: distinct_batch_requests_consume_each (正向可用性：不同 request_id 的 batch 各自正常消费)...ok
  e2ee_batch_claim_idempotency_tests: devices_do_not_collide_under_one_request (正向可用性：同一 request_id 下不同设备互不串键)...ok
  e2ee_batch_claim_idempotency_tests:210: -handler_passes_request_id_test_/0-fun-2-...ok
  e2ee_batch_claim_idempotency_tests:244: -handler_without_request_id_keeps_arity3_test_/0-fun-2-...ok
  [done in 0.338 s]
module 'e2ee_error_privacy_tests'
  e2ee_error_privacy_tests: report_device_key_save_error_opaque_test...[0.036 s] ok
  e2ee_error_privacy_tests: report_device_key_update_error_opaque_test...[0.036 s] ok
  e2ee_error_privacy_tests: pull_key_changes_db_error_opaque_test...[0.096 s] ok
  e2ee_error_privacy_tests: recovery_backup_db_error_opaque_test...[0.005 s] ok
  e2ee_error_privacy_tests: error_msg_type_invariant_test...[0.042 s] ok
  [done in 0.230 s]
module 'e2ee_fallback_signature_tests'
  e2ee_fallback_signature_tests: internal_unsigned_upsert_ok (内部 /4：无签名底层 upsert（仅验签成功路径复用）)...ok
  e2ee_fallback_signature_tests: valid_signature_accepted (正向可用性：有效签名照常落库)...ok
  e2ee_fallback_signature_tests: unpadded_base64_accepted (兼容 vodozemac 无填充 base64 的身份键和签名)...ok
  e2ee_fallback_signature_tests: invalid_signature_rejected (无效签名 → 拒绝且不落库)...ok
  e2ee_fallback_signature_tests: signature_binds_key (签名覆盖 key_base64：换 key 复用签名必须失效)...ok
  e2ee_fallback_signature_tests: unregistered_device_rejected (设备未注册 identity → 无从验证即拒绝)...ok
  e2ee_fallback_signature_tests: unsigned_is_counted (未签名上传必须被计数（缺口可见）)...ok
  e2ee_fallback_signature_tests: signed_not_counted_as_unsigned (有效签名不得被误计成未签名)...ok
  e2ee_fallback_signature_tests: canonical_golden_vector (canonical golden vector（跨语言钉死）)...ok
  [done in 0.027 s]
module 'e2ee_logic_tests'
  e2ee_logic_tests:34: -device_key_log_case/4-fun-4-...ok
  e2ee_logic_tests:34: -device_key_log_case/4-fun-4-...ok
  e2ee_logic_tests:34: -device_key_log_case/4-fun-4-...ok
  e2ee_logic_tests:34: -device_key_log_case/4-fun-4-...ok
  e2ee_logic_tests:60: -key_query_error_logs_do_not_expose_raw_reason_test_/0-fun-6-...ok
  e2ee_logic_tests:93: -group_failure_log_case/3-fun-6-...ok
  e2ee_logic_tests:93: -group_failure_log_case/3-fun-6-...ok
  e2ee_logic_tests:93: -group_failure_log_case/3-fun-6-...ok
  e2ee_logic_tests:154: -user_keys_same_user_success_test_/0-fun-2-...ok
  e2ee_logic_tests:187: -user_keys_friend_success_test_/0-fun-2-...ok
  e2ee_logic_tests:216: -user_keys_non_friend_still_returns_public_keys_test_/0-fun-2-...ok
  e2ee_logic_tests:245: -user_keys_in_denylist_still_returns_public_keys_test_/0-fun-2-...ok
  e2ee_logic_tests:274: -user_keys_database_error_returns_500_test_/0-fun-2-...ok
  e2ee_logic_tests:292: -user_keys_with_multiple_devices_test_/0-fun-3-...ok
  e2ee_logic_tests:337: -group_member_keys_member_success_test_/0-fun-3-...ok
  e2ee_logic_tests:371: -group_member_keys_non_member_forbidden_test_/0-fun-2-...ok
  e2ee_logic_tests:389: -group_member_keys_database_error_returns_500_test_/0-fun-2-...[0.001 s] ok
  e2ee_logic_tests:403: -group_member_keys_authorized_without_keys_returns_empty_test_/0-fun-2-...ok
  e2ee_logic_tests:419: -group_member_keys_limit_boundary_test_/0-fun-2-...[0.001 s] ok
  e2ee_logic_tests:435: -group_member_keys_limit_plus_one_fails_closed_test_/0-fun-2-...ok
  e2ee_logic_tests:451: -group_member_keys_member_limit_fails_closed_test_/0-fun-2-...ok
  e2ee_logic_tests:467: -group_history_grant_returns_authoritative_range_test_/0-fun-2-...ok
  e2ee_logic_tests:490: -group_history_grant_denied_test_/0-fun-2-...ok
  e2ee_logic_tests:502: -group_history_grant_invalid_boundary_fails_closed_test_/0-fun-2-...ok
  e2ee_logic_tests:518: -group_history_grant_open_end_fails_closed_test_/0-fun-2-...ok
  e2ee_logic_tests:544: -group_by_uid_single_device_test_/0-fun-4-...ok
  e2ee_logic_tests:565: -group_by_uid_multiple_devices_same_user_test_/0-fun-3-...ok
  e2ee_logic_tests:593: -group_by_uid_multiple_users_test_/0-fun-3-...ok
  e2ee_logic_tests:607: -group_by_uid_removes_user_id_field_test_/0-fun-2-...ok
  e2ee_logic_tests:620: -user_keys_with_no_devices_test_/0-fun-2-...ok
  e2ee_logic_tests:643: -group_member_keys_sorts_by_uid_test_/0-fun-3-...ok
  e2ee_logic_tests:691: -pull_key_notifications_clamps_limit_test_/0-fun-4-...ok
  [done in 1.207 s]
module 'e2ee_otk_claim_idempotency_tests'
  e2ee_otk_claim_idempotency_tests: replay_consumes_once (同 request_id 重放 100 次只消费一条 OTK，且每次返回同一条 key)...[0.001 s] ok
  e2ee_otk_claim_idempotency_tests: distinct_requests_consume_each (正向可用性：不同 request_id 各自消费一条（不得过度去重）)...ok
  e2ee_otk_claim_idempotency_tests: legacy_no_request_id (旧客户端（无 request_id）保持逐次消费语义)...ok
  e2ee_otk_claim_idempotency_tests: lease_is_scoped_to_claimant (幂等租约按领取方隔离：换领取方不得命中别人的 claim)...ok
  e2ee_otk_claim_idempotency_tests: replay_after_exhaustion (OTK 耗尽后同 request_id 重放仍幂等（fallback 非破坏性）)...ok
  [done in 0.016 s]
module 'e2ee_otk_exhaustion_metric_tests'
  e2ee_otk_exhaustion_metric_tests: -healthy_claim_emits_no_exhaustion_metric_test_/0-fun-2- (OTK 可领时不得计耗尽指标)...ok
  e2ee_otk_exhaustion_metric_tests: -exhausted_claim_emits_metric_test_/0-fun-2- (OTK 耗尽回退 fallback 必须被计数)...ok
  e2ee_otk_exhaustion_metric_tests: -exhausted_claim_with_request_id_emits_metric_test_/0-fun-2- (幂等路径耗尽同样必须被计数)...ok
  e2ee_otk_exhaustion_metric_tests: -no_prekey_emits_unavailable_metric_test_/0-fun-3- (fallback 也缺失必须单独计数)...ok
  e2ee_otk_exhaustion_metric_tests: -metric_carries_no_uid_test_/0-fun-2- (耗尽指标不得携带 uid（基数 + 择时信号泄漏）)...[0.001 s] ok
  [done in 0.264 s]
module 'e2ee_recovery_logic_tests'
  e2ee_recovery_logic_tests: recommend_method_empty_test...ok
  e2ee_recovery_logic_tests: recommend_method_selects_best_test...ok
  e2ee_recovery_logic_tests: recommend_method_selects_social_test...ok
  e2ee_recovery_logic_tests: start_auto_recovery_local_backup_now_unsupported_test...ok
  e2ee_recovery_logic_tests: start_auto_recovery_unsupported_test...ok
  e2ee_recovery_logic_tests:74: -recovery_options_include_server_backup_test_/0-fun-7-...ok
  e2ee_recovery_logic_tests:95: -recovery_options_no_backup_test_/0-fun-3-...ok
  e2ee_recovery_logic_tests:108: -start_server_backup_recovery_test_/0-fun-3-...ok
  e2ee_recovery_logic_tests:123: -start_server_backup_recovery_no_backup_test_/0-fun-2-...ok
  e2ee_recovery_logic_tests:142: -start_server_backup_recovery_db_error_increments_metric_test_/0-fun-3-...ok
  e2ee_recovery_logic_tests:165: -recovery_database_errors_do_not_log_identity_or_raw_reason_test_/0-fun-6-...ok
  [done in 0.119 s]
module 'e2ee_trust_logic_tests'
  e2ee_trust_logic_tests:84: -trust_database_failure_logs_do_not_expose_identity_or_reason_test_/0-fun-1-...[0.071 s] ok
  e2ee_trust_logic_tests:84: -trust_database_failure_logs_do_not_expose_identity_or_reason_test_/0-fun-1-...[0.067 s] ok
  e2ee_trust_logic_tests: appendonly_repo_has_no_mutation_api_test...[0.001 s] ok
  e2ee_trust_logic_tests: valid_event_writes_and_broadcasts_test...[0.064 s] ok
  e2ee_trust_logic_tests: revoked_event_broadcasts_to_target_test...[0.056 s] ok
  e2ee_trust_logic_tests: bad_signature_rejects_test...[0.057 s] ok
  e2ee_trust_logic_tests: newline_in_field_rejected_test...ok
  e2ee_trust_logic_tests: actor_device_not_registered_test...[0.056 s] ok
  e2ee_trust_logic_tests: revoked_actor_rejected_test...[0.056 s] ok
  e2ee_trust_logic_tests: device_generation_mismatch_rejected_test...[0.057 s] ok
  e2ee_trust_logic_tests: fresh_past_boundary_accept_test...[0.056 s] ok
  e2ee_trust_logic_tests: fresh_past_boundary_reject_test...[0.056 s] ok
  e2ee_trust_logic_tests: fresh_future_boundary_reject_test...[0.055 s] ok
  e2ee_trust_logic_tests: expired_event_reject_test...[0.056 s] ok
  e2ee_trust_logic_tests: duplicate_event_id_idempotent_test...[0.056 s] ok
  e2ee_trust_logic_tests: identity_version_rollback_rejected_test...[0.056 s] ok
  e2ee_trust_logic_tests: event_id_conflict_rejected_test...[0.063 s] ok
  e2ee_trust_logic_tests: illegal_transition_rejected_before_verify_test...[0.058 s] ok
  e2ee_trust_logic_tests: same_state_transition_rejected_test...[0.056 s] ok
  e2ee_trust_logic_tests: invalid_method_rejected_test...ok
  e2ee_trust_logic_tests: empty_event_id_rejected_test...ok
  e2ee_trust_logic_tests: empty_device_field_rejected_test...ok
  e2ee_trust_logic_tests: non_integer_issued_at_rejected_test...ok
  e2ee_trust_logic_tests: canonical_payload_deterministic_test...ok
  [done in 1.069 s]
module 'olm_identity_log_privacy_tests'
  olm_identity_log_privacy_tests:72: -database_failure_logs_do_not_expose_identity_or_reason_test_/0-fun-11-...[0.022 s] ok
  olm_identity_log_privacy_tests:72: -database_failure_logs_do_not_expose_identity_or_reason_test_/0-fun-11-...[0.022 s] ok
  olm_identity_log_privacy_tests:72: -database_failure_logs_do_not_expose_identity_or_reason_test_/0-fun-11-...[0.021 s] ok
  olm_identity_log_privacy_tests:72: -database_failure_logs_do_not_expose_identity_or_reason_test_/0-fun-11-...[0.020 s] ok
  olm_identity_log_privacy_tests:72: -database_failure_logs_do_not_expose_identity_or_reason_test_/0-fun-11-...[0.021 s] ok
  olm_identity_log_privacy_tests:72: -database_failure_logs_do_not_expose_identity_or_reason_test_/0-fun-11-...[0.020 s] ok
  olm_identity_log_privacy_tests:72: -database_failure_logs_do_not_expose_identity_or_reason_test_/0-fun-11-...[0.019 s] ok
  olm_identity_log_privacy_tests:72: -database_failure_logs_do_not_expose_identity_or_reason_test_/0-fun-11-...[0.018 s] ok
  olm_identity_log_privacy_tests:72: -database_failure_logs_do_not_expose_identity_or_reason_test_/0-fun-11-...[0.020 s] ok
  olm_identity_log_privacy_tests:72: -database_failure_logs_do_not_expose_identity_or_reason_test_/0-fun-11-...[0.019 s] ok
  olm_identity_log_privacy_tests:99: -identity_write_failure_logs_do_not_expose_identity_or_reason_test_/0-fun-1-...[0.110 s] ok
  olm_identity_log_privacy_tests:99: -identity_write_failure_logs_do_not_expose_identity_or_reason_test_/0-fun-1-...[0.103 s] ok
  olm_identity_log_privacy_tests:99: -identity_write_failure_logs_do_not_expose_identity_or_reason_test_/0-fun-1-...[0.114 s] ok
  [done in 0.568 s]
module 'olm_identity_logic_tests'
  olm_identity_logic_tests: report_identity_rejects_empty_keys_test...[0.008 s] ok
  olm_identity_logic_tests: report_identity_rejects_bad_args_test...ok
  olm_identity_logic_tests: report_identity_ok_test...[0.268 s] ok
  olm_identity_logic_tests: report_one_time_keys_rejects_empty_test...ok
  olm_identity_logic_tests: report_one_time_keys_rejects_invalid_format_test...ok
  olm_identity_logic_tests: report_one_time_keys_ok_test...[0.009 s] ok
  olm_identity_logic_tests: claim_keys_prefers_one_time_test...[0.038 s] ok
  olm_identity_logic_tests: claim_keys_falls_back_when_otk_exhausted_test...[0.038 s] ok
  olm_identity_logic_tests: claim_keys_returns_no_prekey_available_test...[0.039 s] ok
  olm_identity_logic_tests: claim_keys_unknown_device_test...[0.038 s] ok
  olm_identity_logic_tests: get_identity_ok_test...[0.010 s] ok
  olm_identity_logic_tests: get_identity_not_found_test...[0.010 s] ok
  olm_identity_logic_tests: list_devices_ok_test...[0.010 s] ok
  olm_identity_logic_tests: list_devices_empty_ok_test...[0.010 s] ok
  olm_identity_logic_tests: list_devices_rejects_bad_uid_test...ok
  olm_identity_logic_tests: list_devices_maps_ds_error_test...[0.010 s] ok
  olm_identity_logic_tests: batch_claim_all_ok_test...[0.038 s] ok
  olm_identity_logic_tests: batch_claim_partial_failure_test...[0.038 s] ok
  olm_identity_logic_tests: batch_claim_dedups_device_ids_test...[0.037 s] ok
  olm_identity_logic_tests: batch_claim_rejects_empty_test...ok
  olm_identity_logic_tests: batch_claim_rejects_too_many_test...ok
  olm_identity_logic_tests: batch_claim_rejects_bad_args_test...ok
  olm_identity_logic_tests: contract_list_devices_shape_test...[0.010 s] ok
  olm_identity_logic_tests: contract_batch_claim_shape_test...[0.037 s] ok
  olm_identity_logic_tests: report_identity_rejects_root_key_swap_without_old_key_proof_test...[0.037 s] ok
  olm_identity_logic_tests: report_identity_root_key_rotation_with_old_key_signature_test...[0.090 s] ok
  olm_identity_logic_tests: report_identity_subkey_rotation_bumps_version_and_emits_event_test...[0.089 s] ok
  olm_identity_logic_tests: report_identity_idempotent_rereport_no_bump_no_event_test...[0.037 s] ok
  olm_identity_logic_tests: report_identity_revived_device_rejected_test...[0.042 s] ok
  olm_identity_logic_tests: report_identity_find_identity_error_fails_closed_test...[0.038 s] ok
  olm_identity_logic_tests: report_identity_rotation_event_failure_does_not_block_test...[0.114 s] ok
  olm_identity_logic_tests: rotation_signature_survives_peer_verification_test...[0.091 s] ok
  olm_identity_logic_tests: rotation_rejects_self_signature_without_transition_proof_test...[0.039 s] ok
  olm_identity_logic_tests: rotation_rejects_transition_signature_without_self_signature_test...[0.038 s] ok
  olm_identity_logic_tests: legacy_six_arity_rotation_requires_transition_proof_test...[0.038 s] ok
  olm_identity_logic_tests: rotation_transition_signature_binds_context_test...[0.035 s] ok
  olm_identity_logic_tests: claim_keys_rejects_revoked_target_device_test...[0.031 s] ok
  olm_identity_logic_tests: claim_keys_with_request_id_rejects_revoked_target_device_test...[0.032 s] ok
  olm_identity_logic_tests: claim_keys_self_claim_revoked_device_rejected_test...[0.008 s] ok
  olm_identity_logic_tests: cleanup_rejects_zero_retention_test...[0.009 s] ok
  olm_identity_logic_tests: cleanup_rejects_negative_retention_test...[0.008 s] ok
  olm_identity_logic_tests: cleanup_converts_days_to_seconds_and_passes_through_test...[0.008 s] ok
  olm_identity_logic_tests: cleanup_maps_ds_error_test...[0.008 s] ok
  [done in 1.570 s]
module 'olm_otk_lifecycle_tests'
  olm_otk_lifecycle_tests: sequential_claim_exhaust_then_fallback (Sequential claim consumes OTK in FIFO order then falls back)...ok
  olm_otk_lifecycle_tests: no_prekey_when_all_exhausted (No prekey available when both OTK and fallback exhausted)...ok
  olm_otk_lifecycle_tests: replenish_replaces_pool (Replenish replaces remaining pool (delete-available + insert))...ok
  olm_otk_lifecycle_tests: fallback_repeatable (Fallback key is repeatable (non-destructive claim))...ok
  olm_otk_lifecycle_tests: batch_claim_mixed_devices (Batch claim mixed: OTK / fallback / exhausted per device)...ok
  [done in 0.015 s]
module 'push_notification_logic_tests'
  push_notification_logic_tests: register_token_ok_test...[0.011 s] ok
  push_notification_logic_tests: register_token_error_test...[0.012 s] ok
  push_notification_logic_tests: unregister_token_test...[0.012 s] ok
  push_notification_logic_tests: notify_offline_user_online_test...[0.023 s] ok
  push_notification_logic_tests: notify_offline_user_offline_test...[0.055 s] ok
  push_notification_logic_tests: notify_offline_user_with_data_test...[0.052 s] ok
  push_notification_logic_tests: notify_offline_users_all_online_test...[0.019 s] ok
  push_notification_logic_tests: notify_offline_users_some_offline_test...[0.067 s] ok
  push_notification_logic_tests: maybe_push_for_c2c_online_test...[0.035 s] ok
  push_notification_logic_tests: maybe_push_for_c2c_offline_test...[0.082 s] ok
  push_notification_logic_tests: maybe_push_for_c2g_test...[0.118 s] ok
  push_notification_logic_tests: notify_offline_users_empty_test...ok
  push_notification_logic_tests: push_payload_is_constant_across_message_types_test...[0.085 s] ok
  push_notification_logic_tests: maybe_push_for_c2c_single_device_online_test...[0.064 s] ok
  push_notification_logic_tests: maybe_push_for_c2c_multi_device_online_test...[0.064 s] ok
  push_notification_logic_tests: notify_offline_user_single_device_offline_uses_constant_payload_test...[0.054 s] ok
  push_notification_logic_tests: maybe_push_for_c2g_never_pushes_sender_test...[0.065 s] ok
  push_notification_logic_tests: maybe_push_for_c2g_all_members_online_test...[0.064 s] ok
  push_notification_logic_tests: maybe_push_for_c2g_sender_only_member_test...[0.064 s] ok
  push_notification_logic_tests: maybe_push_for_c2g_empty_members_test...[0.066 s] ok
  push_notification_logic_tests: maybe_push_for_c2c_offline_without_any_token_test...[0.042 s] ok
  push_notification_logic_tests: push_notification_ds_list_failure_is_failsafe_test...[0.011 s] ok
  push_notification_logic_tests: enterprise_push_entries_have_no_payload_channel_test...ok
  push_notification_logic_tests: enterprise_entries_are_thin_delegations_test...[0.006 s] ok
  push_notification_logic_tests: enterprise_c2c_offline_pushes_constant_payload_test...[0.065 s] ok
  push_notification_logic_tests: enterprise_c2c_online_zero_push_test...[0.072 s] ok
  push_notification_logic_tests: enterprise_c2g_sender_never_notified_test...[0.065 s] ok
  push_notification_logic_tests: enterprise_c2g_all_online_zero_push_test...[0.062 s] ok
  push_notification_logic_tests: enterprise_push_chain_wired_in_src_test...ok
  push_notification_logic_tests: e2ee_push_body_never_leaks_ciphertext_test...[0.085 s] ok
  push_notification_logic_tests: e2ee_v2_push_body_generic_test...[0.085 s] ok
  push_notification_logic_tests: e2ee_c2g_push_body_never_leaks_test...[0.099 s] ok
  [done in 1.701 s]
module 'e2ee_backup_repo_tests'
  e2ee_backup_repo_tests:46: -save_inserts_with_tsid_and_ordered_params_test_/0-fun-2-...[0.002 s] ok
  e2ee_backup_repo_tests:63: -save_propagates_db_error_test_/0-fun-2-...[0.001 s] ok
  e2ee_backup_repo_tests:80: -latest_returns_top_version_row_test_/0-fun-2-...ok
  e2ee_backup_repo_tests:95: -latest_empty_is_not_found_test_/0-fun-2-...ok
  e2ee_backup_repo_tests:110: -delete_by_uid_returns_count_test_/0-fun-2-...ok
  [done in 0.282 s]
module 'msg_store_jsonb_roundtrip_tests'
  msg_store_jsonb_roundtrip_tests: digit_leading_ciphertext_survives_and_roundtrips_test...ok
  msg_store_jsonb_roundtrip_tests: pure_digit_ciphertext_gets_json_number_treatment_test...ok
  msg_store_jsonb_roundtrip_tests: json_literal_lookalike_ciphertext_pinned_test...ok
  msg_store_jsonb_roundtrip_tests: normal_json_object_payload_passes_through_unwrapped_test...ok
  msg_store_jsonb_roundtrip_tests: payload_map_encodes_as_json_object_test...ok
  msg_store_jsonb_roundtrip_tests: e2ee_null_stays_null_test...ok
  msg_store_jsonb_roundtrip_tests: e2ee_empty_binary_becomes_null_test...ok
  msg_store_jsonb_roundtrip_tests: e2ee_map_envelope_roundtrips_test...ok
  msg_store_jsonb_roundtrip_tests: e2ee_digit_leading_raw_binary_survives_and_roundtrips_test...ok
  [done in 0.027 s]
module 'olm_identity_repo_tests'
  olm_identity_repo_tests: tablename_identity_test...ok
  olm_identity_repo_tests: tablename_one_time_key_test...ok
  olm_identity_repo_tests: tablename_fallback_key_test...ok
  olm_identity_repo_tests: upsert_identity_builds_upsert_sql_test...[0.079 s] ok
  olm_identity_repo_tests: claim_one_time_key_exhausted_test...[0.034 s] ok
  olm_identity_repo_tests: claim_one_time_key_hit_test...[0.034 s] ok
  olm_identity_repo_tests: upsert_one_time_keys_returns_count_test...[0.075 s] ok
  olm_identity_repo_tests: count_one_time_keys_test...[0.034 s] ok
  olm_identity_repo_tests: upsert_fallback_key_uses_upsert_test...[0.074 s] ok
  olm_identity_repo_tests: claim_fallback_key_exhausted_test...[0.040 s] ok
  olm_identity_repo_tests: list_identity_by_uids_filters_revoked_devices_test...[0.038 s] ok
  olm_identity_repo_tests: sweep_orphan_olm_material_deletes_only_non_active_test...[0.034 s] ok
  olm_identity_repo_tests: sweep_orphan_olm_material_short_circuits_on_error_test...[0.033 s] ok
  [done in 0.514 s]
=======================================================
  All 508 tests passed.
BOUNDARY pg_calls=0 http_calls=0 imboy_started=false
