00:00 +0: loading /Users/leeyi/project/imboy.pub/imboyapp/test/unit_test/service/websocket_send_session_test.dart
00:00 +0: edit lookup session changed=false
🧹 [QUEUE] 启动定期清理 Timer
🔍 [RETRY_SCAN] 开始扫描失败消息...
🔄 发送编辑消息请求 (v2.0): msgId=db0ma1g99g1i5mqh627g, action=message_edit, original_msg_id=1001
ChatNetworkService.sendMessage: msgId=db0ma1g99g1i5mqh627g, type=C2C, action=message_edit
消息加入重试队列: db0ma1g99g1i5mqh627g, type=C2C
ChatNetworkService.sendMessage已提交: db0ma1g99g1i5mqh627g
> ws: 消息已发送 (db0ma1g99g1i5mqh627g) [C2C/text/PLAIN] [182 bytes]
📊 [RETRY_SCAN] 扫描完成: 发现 0 条失败消息，添加 0 条到重试队列
🛑 [QUEUE] 停止定期清理 Timer
🧹 [QUEUE] 清空队列
00:00 +1: edit lookup session changed=true
🔄 发送编辑消息请求 (v2.0): msgId=db0ma1g99g1i5mqh6280, action=message_edit, original_msg_id=1001
ChatNetworkService.sendMessage: msgId=db0ma1g99g1i5mqh6280, type=C2C, action=message_edit
🔍 [RETRY_SCAN] 开始扫描失败消息...
消息加入重试队列: db0ma1g99g1i5mqh6280, type=C2C
ChatNetworkService.sendMessage已提交: db0ma1g99g1i5mqh6280
📊 [RETRY_SCAN] 扫描完成: 发现 0 条失败消息，添加 0 条到重试队列
00:00 +1 -1: edit lookup session changed=true [E]
  Expected: <false>
    Actual: <true>
  
  package:matcher                                                expect
  package:flutter_test/src/widget_tester.dart 473:18             expect
  test/unit_test/service/websocket_send_session_test.dart 194:9  main.<fn>
  
🛑 [QUEUE] 停止定期清理 Timer
🧹 [QUEUE] 清空队列
00:00 +1 -1: Some tests failed.

Failing tests:
  /Users/leeyi/project/imboy.pub/imboyapp/test/unit_test/service/websocket_send_session_test.dart: edit lookup session changed=true
