00:00 +0: loading /Users/leeyi/project/imboy.pub/imboyapp/test/unit_test/page/error/init_error_page_test.dart
00:00 +0: /Users/leeyi/project/imboy.pub/imboyapp/test/unit_test/page/error/init_error_page_test.dart: 渲染标题、错误详情与重试按钮
00:00 +1: /Users/leeyi/project/imboy.pub/imboyapp/test/unit_test/page/settings/safety_number_page_widget_test.dart: SafetyNumberPage 布局回归（child:ListView 无界崩溃） 加载完成（或异常兜底）后 ListView 帧无布局异常
00:00 +2: /Users/leeyi/project/imboy.pub/imboyapp/test/unit_test/page/settings/safety_number_page_widget_test.dart: SafetyNumberPage 布局回归（child:ListView 无界崩溃） 加载完成（或异常兜底）后 ListView 帧无布局异常
00:00 +2: /Users/leeyi/project/imboy.pub/imboyapp/test/unit_test/page/error/init_error_page_test.dart: 重试失败后恢复可点击并允许第二次成功重试
[InitErrorPage] retry threw: Bad state: retry failure
00:00 +2: /Users/leeyi/project/imboy.pub/imboyapp/test/unit_test/page/settings/safety_number_page_widget_test.dart: SafetyNumberPage 布局回归（child:ListView 无界崩溃） 加载完成（或异常兜底）后 ListView 帧无布局异常
[SafetyNumber] 无法生成: Invalid argument(s): uid_and_device_id_required
00:00 +3: /Users/leeyi/project/imboy.pub/imboyapp/test/unit_test/page/settings/safety_number_page_widget_test.dart: SafetyNumberPage 布局回归（child:ListView 无界崩溃） 加载完成（或异常兜底）后 ListView 帧无布局异常
00:00 +4: /Users/leeyi/project/imboy.pub/imboyapp/test/unit_test/page/settings/safety_number_page_widget_test.dart: SafetyNumberPage 布局回归（child:ListView 无界崩溃） 加载完成（或异常兜底）后 ListView 帧无布局异常
00:00 +5: /Users/leeyi/project/imboy.pub/imboyapp/test/unit_test/page/settings/safety_number_page_widget_test.dart: SafetyNumberPage 布局回归（child:ListView 无界崩溃） 加载完成（或异常兜底）后 ListView 帧无布局异常
00:00 +6: /Users/leeyi/project/imboy.pub/imboyapp/test/unit_test/page/settings/e2ee_backup_setup_page_widget_test.dart: 初始未输入：提交按钮禁用，点击不触网
00:01 +7: /Users/leeyi/project/imboy.pub/imboyapp/test/unit_test/page/billing/plan_list_page_test.dart: PL-1 套餐列表为空 → 渲染空态文案
00:01 +8: /Users/leeyi/project/imboy.pub/imboyapp/test/unit_test/page/billing/plan_list_page_test.dart: PL-1 套餐列表为空 → 渲染空态文案
00:01 +9: /Users/leeyi/project/imboy.pub/imboyapp/test/unit_test/page/settings/e2ee_backup_setup_page_widget_test.dart: 成功全链：上传→缓存口令→完成标记→成功弹窗→放行离开
00:01 +10: /Users/leeyi/project/imboy.pub/imboyapp/test/unit_test/page/settings/e2ee_backup_setup_page_widget_test.dart: 成功全链：上传→缓存口令→完成标记→成功弹窗→放行离开
00:01 +11: /Users/leeyi/project/imboy.pub/imboyapp/test/unit_test/page/settings/e2ee_backup_setup_page_widget_test.dart: 成功全链：上传→缓存口令→完成标记→成功弹窗→放行离开
00:01 +12: /Users/leeyi/project/imboy.pub/imboyapp/test/unit_test/page/workspace/workspace_conversations_page_test.dart: authorized unread badges clear per target and disappear on workspace or account changes
00:01 +13: /Users/leeyi/project/imboy.pub/imboyapp/test/unit_test/page/workspace/workspace_conversations_page_test.dart: authorized unread badges clear per target and disappear on workspace or account changes
00:01 +14: /Users/leeyi/project/imboy.pub/imboyapp/test/unit_test/page/workspace/workspace_conversations_page_test.dart: authorized unread badges clear per target and disappear on workspace or account changes
00:02 +15: /Users/leeyi/project/imboy.pub/imboyapp/test/unit_test/page/workspace/workspace_conversations_page_test.dart: authorized unread badges clear per target and disappear on workspace or account changes
00:02 +16: /Users/leeyi/project/imboy.pub/imboyapp/test/unit_test/page/workspace/workspace_conversations_page_test.dart: authorized unread badges clear per target and disappear on workspace or account changes
00:02 +17: /Users/leeyi/project/imboy.pub/imboyapp/test/unit_test/page/workspace/workspace_conversations_page_test.dart: trusted rows render, search is scoped, chat route is reused without global cache
00:02 +18: /Users/leeyi/project/imboy.pub/imboyapp/test/unit_test/page/workspace/workspace_conversations_page_test.dart: workspace switch removes prior preview immediately and ignores late old response
00:02 +19: /Users/leeyi/project/imboy.pub/imboyapp/test/unit_test/page/workspace/workspace_conversations_page_test.dart: account switch invalidates same-workspace response and logout stops requests
00:02 +20: All tests passed!
