[AI_SCREENSHOT] first checkpoint
AI_SCREENSHOT_SAVED: /var/folders/8m/wbjj0qmn4ml0mgn56wm56j2m0000gn/T/tmp8hms8lcs/01_first_checkpoint.png
some log line
[AI_SCREENSHOT] second checkpoint
AI_SCREENSHOT_SAVED: /var/folders/8m/wbjj0qmn4ml0mgn56wm56j2m0000gn/T/tmp8hms8lcs/02_second_checkpoint.png
截图数: 2
test_duplicate_path_cannot_count_twice (test_acceptance.ArtifactIntegrityTests) ... ok
test_empty_manifest_never_passes (test_acceptance.ArtifactIntegrityTests) ... ok
test_fifo_does_not_block_reader_or_count_as_file (test_acceptance.ArtifactIntegrityTests) ... ok
test_hash_is_recomputed_not_trusted (test_acceptance.ArtifactIntegrityTests) ... ok
test_invalid_hash_and_malformed_item_fail_closed (test_acceptance.ArtifactIntegrityTests) ... ok
test_invalid_paths_are_rejected (test_acceptance.ArtifactIntegrityTests) ... ok
test_missing_file_is_not_a_pass (test_acceptance.ArtifactIntegrityTests) ... ok
test_symlink_file_even_within_root_is_rejected (test_acceptance.ArtifactIntegrityTests) ... ok
test_symlink_parent_is_rejected (test_acceptance.ArtifactIntegrityTests) ... ok
test_valid_file_has_no_integrity_errors (test_acceptance.ArtifactIntegrityTests) ... ok
test_claimed_count_must_match_raw_events (test_acceptance.RawEventAuditTests) ... ok
test_error_events_cannot_be_hidden_by_success (test_acceptance.RawEventAuditTests) ... ok
test_hidden_failure_and_contradictory_flags_cannot_pass (test_acceptance.RawEventAuditTests) ... ok
test_joined_runs_and_unclosed_tests_cannot_pass (test_acceptance.RawEventAuditTests) ... ok
test_malformed_schema_fields_return_fixed_errors (test_acceptance.RawEventAuditTests) ... ok
test_nonzero_or_boolean_exit_code_is_rejected (test_acceptance.RawEventAuditTests) ... ok
test_real_events_are_reparsed (test_acceptance.RawEventAuditTests) ... ok
test_required_skips_cannot_be_green (test_acceptance.RawEventAuditTests) ... ok
test_screenshot_only_or_missing_exit_code_never_passes (test_acceptance.RawEventAuditTests) ... ok
test_secrets_never_echo_their_value (test_acceptance.RawEventAuditTests) ... ok
test_truncated_unknown_duplicate_or_boolean_events_are_not_pass (test_acceptance.RawEventAuditTests) ... ok
test_zero_events_cannot_pass_with_exit_zero (test_acceptance.RawEventAuditTests) ... ok
test_duplicate_ids_and_malformed_records_fail (test_acceptance_attempts.AttemptJournalTests) ... ok
test_invalid_frozen_indexes_cannot_pass (test_acceptance_attempts.AttemptJournalTests) ... ok
test_invalid_serialization_returns_fixed_error (test_acceptance_attempts.AttemptJournalTests) ... ok
test_only_last_green_dropped_or_reordered_records_fail (test_acceptance_attempts.AttemptJournalTests) ... ok
test_retained_failure_and_success_are_integrity_valid (test_acceptance_attempts.AttemptJournalTests) ... ok
test_rewritten_failure_or_type_changed_field_is_rejected (test_acceptance_attempts.AttemptJournalTests) ... ok
test_actual_config_drift_is_rejected (test_acceptance_bindings.RuntimeBindingTests) ... ok
test_complete_synthetic_bindings_have_matching_bytes (test_acceptance_bindings.RuntimeBindingTests) ... ok
test_deep_metadata_returns_fixed_error_for_both_inputs (test_acceptance_bindings.RuntimeBindingTests) ... ok
test_incomplete_frozen_kinds_and_ids_are_rejected (test_acceptance_bindings.RuntimeBindingTests) ... ok
test_malformed_rows_return_codes (test_acceptance_bindings.RuntimeBindingTests) ... ok
test_metadata_and_hash_changes_are_rejected (test_acceptance_bindings.RuntimeBindingTests) ... ok
test_missing_unknown_and_duplicate_rows_are_rejected (test_acceptance_bindings.RuntimeBindingTests) ... ok
test_symlink_and_path_escape_rejected_without_echo (test_acceptance_bindings.RuntimeBindingTests) ... ok
test_actual_cli_matches_frozen_identity_without_writing_evidence (test_acceptance_case_events.CaseEventTests) ... ok
test_ambiguous_frozen_binding_is_rejected (test_acceptance_case_events.CaseEventTests) ... ok
test_artifact_hash_and_path_are_independently_checked (test_acceptance_case_events.CaseEventTests) ... ok
test_duplicate_unknown_missing_or_invalid_names_are_rejected (test_acceptance_case_events.CaseEventTests) ... ok
test_equal_count_wrong_identity_is_rejected (test_acceptance_case_events.CaseEventTests) ... ok
test_exact_identity_is_structurally_valid (test_acceptance_case_events.CaseEventTests) ... ok
test_frozen_binding_cannot_drop_or_change_key (test_acceptance_case_events.CaseEventTests) ... ok
test_hidden_or_skipped_required_case_cannot_pass (test_acceptance_case_events.CaseEventTests) ... ok
test_duplicate_parent_ids_rejected (test_acceptance_contract.RequiredCaseSetTests) ... ok
test_empty_and_duplicate_rows_rejected (test_acceptance_contract.RequiredCaseSetTests) ... ok
test_invalid_trusted_baseline_cannot_pass (test_acceptance_contract.RequiredCaseSetTests) ... ok
test_malformed_keys_return_codes_without_echo (test_acceptance_contract.RequiredCaseSetTests) ... ok
test_type_changes_in_frozen_extension_fields_are_rejected (test_acceptance_contract.RequiredCaseSetTests) ... ok
test_unchanged_synthetic_structure (test_acceptance_contract.RequiredCaseSetTests) ... ok
test_unknown_missing_or_modified_case_rejected (test_acceptance_contract.RequiredCaseSetTests) ... ok
test_all_inputs_mapped_is_structurally_valid (test_acceptance_coverage.CoverageTests) ... ok
test_disposal_cannot_remove_required_case_coverage (test_acceptance_coverage.CoverageTests) ... ok
test_dispositions_require_exact_frozen_approval (test_acceptance_coverage.CoverageTests) ... ok
test_dropped_input_or_case_mapping_is_rejected (test_acceptance_coverage.CoverageTests) ... ok
test_failed_hash_cannot_match_failed_approval_hash (test_acceptance_coverage.CoverageTests) ... ok
test_input_kind_missing_duplicate_unknown_are_rejected (test_acceptance_coverage.CoverageTests) ... ok
test_invalid_approval_rows_or_empty_merge_cannot_be_approved (test_acceptance_coverage.CoverageTests) ... ok
test_owner_oracle_placeholders_and_source_gaps_rejected (test_acceptance_coverage.CoverageTests) ... ok
test_unknown_duplicate_empty_or_malformed_case_keys_rejected (test_acceptance_coverage.CoverageTests) ... ok
test_closure_binding_mutations_rejected (test_acceptance_defects.DefectRecordsTests) ... ok
test_every_frozen_retest_case_required_and_no_duplicate_closure (test_acceptance_defects.DefectRecordsTests) ... ok
test_explicit_empty_inventory_and_linked_synthetic_closure (test_acceptance_defects.DefectRecordsTests) ... ok
test_matching_invalid_candidate_values_cannot_close_defect (test_acceptance_defects.DefectRecordsTests) ... ok
test_missing_duplicate_unknown_defects_rejected (test_acceptance_defects.DefectRecordsTests) ... ok
test_open_high_severity_and_severity_downgrade_rejected (test_acceptance_defects.DefectRecordsTests) ... ok
test_tampered_closure_rejected (test_acceptance_defects.DefectRecordsTests) ... ok
test_unknown_repository_cannot_close_defect (test_acceptance_defects.DefectRecordsTests) ... ok
test_unrelated_green_case_cannot_close_defect (test_acceptance_defects.DefectRecordsTests) ... ok
test_artifact_tampering_rejected (test_acceptance_journeys.JourneyRecordsTest) ... ok
test_attempt_link_nonobject_frozen_rejected (test_acceptance_journeys.JourneyRecordsTest) ... ok
test_boolean_is_not_launch_generation (test_acceptance_journeys.JourneyRecordsTest) ... ok
test_both_case_platforms_mandatory (test_acceptance_journeys.JourneyRecordsTest) ... ok
test_case_declaration_cannot_be_silently_omitted (test_acceptance_journeys.JourneyRecordsTest) ... ok
test_device_snapshot_tamper_and_wrong_kind_rejected (test_acceptance_journeys.JourneyRecordsTest) ... ok
test_driving_run_requires_unique_device_binding (test_acceptance_journeys.JourneyRecordsTest) ... ok
test_each_binding_mismatch_rejected (test_acceptance_journeys.JourneyRecordsTest) ... ok
test_exact_journey_set (test_acceptance_journeys.JourneyRecordsTest) ... ok
test_frozen_runtime_and_candidates_bind_journey (test_acceptance_journeys.JourneyRecordsTest) ... ok
test_malformed_candidate_container_is_rejected (test_acceptance_journeys.JourneyRecordsTest) ... ok
test_missing_or_duplicate_frozen_journey_rejected (test_acceptance_journeys.JourneyRecordsTest) ... ok
test_missing_persistence_rejected (test_acceptance_journeys.JourneyRecordsTest) ... ok
test_missing_stage_links_and_unknown_runs_rejected (test_acceptance_journeys.JourneyRecordsTest) ... ok
test_mock_capture_rejected (test_acceptance_journeys.JourneyRecordsTest) ... ok
test_observation_cannot_be_summary_pass (test_acceptance_journeys.JourneyRecordsTest) ... ok
test_path_escape_rejected (test_acceptance_journeys.JourneyRecordsTest) ... ok
test_pinned_snapshot_device_platform_and_runtime_must_match (test_acceptance_journeys.JourneyRecordsTest) ... ok
test_receiver_device_cannot_be_sender (test_acceptance_journeys.JourneyRecordsTest) ... ok
test_record_reuse_rejected (test_acceptance_journeys.JourneyRecordsTest) ... ok
test_reopen_requires_new_launch (test_acceptance_journeys.JourneyRecordsTest) ... ok
test_stage_records_link_to_driving_attempt (test_acceptance_journeys.JourneyRecordsTest) ... ok
test_symlink_rejected (test_acceptance_journeys.JourneyRecordsTest) ... ok
test_synthetic_structure_never_issues_product_pass (test_acceptance_journeys.JourneyRecordsTest) ... ok
test_zero_candidate_rejected (test_acceptance_journeys.JourneyRecordsTest) ... ok
test_actual_runtime_file_drift_fails_composition (test_acceptance_preflight.PreflightTests) ... ok
test_attempt_link_rejects_metadata_mismatch_even_with_pinned_record (test_acceptance_preflight.PreflightTests) ... ok
test_discarding_failed_attempt_is_rejected (test_acceptance_preflight.PreflightTests) ... ok
test_dropped_case_is_failure (test_acceptance_preflight.PreflightTests) ... ok
test_execution_cli_checks_journey_inputs_without_writing (test_acceptance_preflight.PreflightTests) ... ok
test_execution_composition_rejects_bad_exit_and_dropped_failure (test_acceptance_preflight.PreflightTests) ... ok
test_execution_composition_rejects_changed_case_obligation (test_acceptance_preflight.PreflightTests) ... ok
test_execution_composition_rejects_duplicate_case_run_or_log (test_acceptance_preflight.PreflightTests) ... ok
test_execution_composition_requires_raw_run_index (test_acceptance_preflight.PreflightTests) ... ok
test_execution_coverage_cannot_omit_inputs_or_report_mappings (test_acceptance_preflight.PreflightTests) ... ok
test_execution_coverage_cannot_self_approve_disposal (test_acceptance_preflight.PreflightTests) ... ok
test_execution_requires_explicit_defect_inventory (test_acceptance_preflight.PreflightTests) ... ok
test_execution_requires_explicit_journey_obligations_and_records (test_acceptance_preflight.PreflightTests) ... ok
test_execution_requires_version_input_components (test_acceptance_preflight.PreflightTests) ... ok
test_existing_runner_cli_returns_nonzero_fixed_code_json (test_acceptance_preflight.PreflightTests) ... ok
test_legacy_schema_cannot_bypass_runtime_bindings (test_acceptance_preflight.PreflightTests) ... ok
test_missing_attempt_index_or_report_cannot_bypass_gate (test_acceptance_preflight.PreflightTests) ... ok
test_missing_or_changed_runtime_binding_fails_composition (test_acceptance_preflight.PreflightTests) ... ok
test_missing_required_input_is_failure (test_acceptance_preflight.PreflightTests) ... ok
test_non_object_schema_rejected (test_acceptance_preflight.PreflightTests) ... ok
test_one_attempt_cannot_supply_multiple_raw_runs (test_acceptance_preflight.PreflightTests) ... ok
test_raw_log_cannot_attach_to_unknown_or_unrelated_attempt (test_acceptance_preflight.PreflightTests) ... ok
test_rewriting_failed_attempt_is_rejected (test_acceptance_preflight.PreflightTests) ... ok
test_success_never_becomes_product_pass (test_acceptance_preflight.PreflightTests) ... ok
test_wrong_hash_stops_before_candidate_checks (test_acceptance_preflight.PreflightTests) ... ok
test_case_dispatch_exact_valid_and_missing_assignments (test_acceptance_versions.VersionInputsTests) ... ok
test_case_parent_must_belong_to_assigned_card (test_acceptance_versions.VersionInputsTests) ... ok
test_complete_synthetic_component_bytes (test_acceptance_versions.VersionInputsTests) ... ok
test_dispatch_exact_coverage_and_missing_mapping (test_acceptance_versions.VersionInputsTests) ... ok
test_document_component_references_match_pinned_artifacts (test_acceptance_versions.VersionInputsTests) ... ok
test_duplicate_cards_and_empty_dispatch_rejected (test_acceptance_versions.VersionInputsTests) ... ok
test_each_card_requires_cases_for_all_its_parents (test_acceptance_versions.VersionInputsTests) ... ok
test_escape_symlink_and_malformed_descriptor_rejected (test_acceptance_versions.VersionInputsTests) ... ok
test_invalid_or_duplicate_document_ids_rejected (test_acceptance_versions.VersionInputsTests) ... ok
test_missing_and_unknown_components_rejected (test_acceptance_versions.VersionInputsTests) ... ok
test_report_cannot_replace_frozen_binding (test_acceptance_versions.VersionInputsTests) ... ok
test_reusing_one_file_for_two_roles_rejected (test_acceptance_versions.VersionInputsTests) ... ok
test_runtime_duplicates_and_missing_descriptor_rejected (test_acceptance_versions.VersionInputsTests) ... ok
test_tampered_bytes_rejected (test_acceptance_versions.VersionInputsTests) ... ok
test_unassigned_card_cannot_be_hidden_by_another_card (test_acceptance_versions.VersionInputsTests) ... ok
test_version_ids_exact_equal_runtime_ids (test_acceptance_versions.VersionInputsTests) ... ok
test_fingerprint_stable_and_input_sensitive (test_cache.TestCacheStore) ... ok
test_store_roundtrip_and_atomic_json (test_cache.TestCacheStore) ... ok
test_ancestor_required (test_cache.TestCompatibilityRebind) ... ok
test_bad_final_head_refused (test_cache.TestCompatibilityRebind) ... ok
test_bc_level_rebind_success (test_cache.TestCompatibilityRebind) ... ok
test_hash_mismatch_refused (test_cache.TestCompatibilityRebind) ... ok
test_level_a_always_refused (test_cache.TestCompatibilityRebind) ... ok
test_level_d_refused (test_cache.TestCompatibilityRebind) ... ok
test_local_write_always_refused (test_cache.TestCompatibilityRebind) ... ok
test_malformed_evidence_refused (test_cache.TestCompatibilityRebind) ... ok
test_predicate_failure_fails_closed (test_cache.TestCompatibilityRebind) ... ok
test_same_head_is_not_a_rebind (test_cache.TestCompatibilityRebind) ... ok
test_shared_gate_refuses_e2ee_style_real_client_via_level_a (test_cache.TestCompatibilityRebind) ... ok
test_any_field_change_misses (test_cache.TestExactHit) ... ok
test_empty_store_misses (test_cache.TestExactHit) ... ok
test_extra_binding_change_misses (test_cache.TestExactHit) ... ok
test_full_equality_hits (test_cache.TestExactHit) ... ok
test_default_git_helper (test_cache.TestGitAncestorHelper) ... ok
test_level_a_is_run_scoped_and_not_rebindable (test_cache.TestRunScopedKeys) ... ok
test_level_b_is_rebindable (test_cache.TestRunScopedKeys) ... ok
test_level_d_key_rejected (test_cache.TestRunScopedKeys) ... ok
test_local_write_is_run_scoped_even_at_level_c (test_cache.TestRunScopedKeys) ... ok
test_missing_run_bindings_fail_closed (test_cache.TestRunScopedKeys) ... ok
test_run_scoped_hit_only_within_same_run (test_cache.TestRunScopedKeys) ... ok
test_bad_schema_and_dropped_ancestry_rejected (test_candidate_binding.CandidateBindingTests) ... ok
test_claimed_head_changed (test_candidate_binding.CandidateBindingTests) ... ok
test_existing_nonancestor_rejected (test_candidate_binding.CandidateBindingTests) ... ok
test_incomplete_roots_and_nested_directory_rejected (test_candidate_binding.CandidateBindingTests) ... ok
test_index_flags_cannot_hide_changed_source (test_candidate_binding.CandidateBindingTests) ... ok
test_live_head_changed (test_candidate_binding.CandidateBindingTests) ... ok
test_missing_ancestor_commit_rejected (test_candidate_binding.CandidateBindingTests) ... ok
test_same_repository_cannot_satisfy_three_roots (test_candidate_binding.CandidateBindingTests) ... ok
test_three_real_candidates_and_ancestors (test_candidate_binding.CandidateBindingTests) ... ok
test_tracked_worktree_and_index_changes_cannot_reuse_head (test_candidate_binding.CandidateBindingTests) ... ok
test_atf401_drift_detected (test_catalog.TestCatalogDiff) ... ok
test_atf402_page_drift_detected (test_catalog.TestCatalogDiff) ... ok
test_invalid_exclusion_code_detected (test_catalog.TestCatalogDiff) ... ok
test_atf401_every_integration_test_catalogued (test_catalog.TestCatalogGeneration) ... ok
test_atf402_every_page_mapped_or_flagged (test_catalog.TestCatalogGeneration) ... ok
test_atf402_no_dangling_entry_sources (test_catalog.TestCatalogGeneration) ... ok
test_atf403_deterministic_two_runs (test_catalog.TestCatalogGeneration) ... ok
test_check_passes_at_current_tree (test_catalog.TestCliCatalogCheck) ... ok
test_direct_hit_and_smoke (test_catalog.TestImpact) ... ok
test_unmapped_lib_source_fails (test_catalog.TestImpact) ... ok
test_candidate_drift_during_execution_cannot_be_pass (test_device_shard_journal.ShardJournalTests) ... ok
test_fifo_manifest_is_rejected_without_waiting_or_launching (test_device_shard_journal.ShardJournalTests) ... shard blocked: TARGET_MANIFEST_INVALID
ok
test_invalid_target_lists_never_launch_or_write_results (test_device_shard_journal.ShardJournalTests) ... shard blocked: TARGET_MANIFEST_INVALID
shard blocked: TARGET_MANIFEST_INVALID
shard blocked: TARGET_MANIFEST_INVALID
shard blocked: TARGET_MANIFEST_INVALID
shard blocked: TARGET_MANIFEST_INVALID
shard blocked: TARGET_MANIFEST_INVALID
shard blocked: TARGET_MANIFEST_INVALID
ok
test_repeated_target_cannot_overwrite_existing_evidence (test_device_shard_journal.ShardJournalTests) ... ok
test_same_basename_targets_have_distinct_logs (test_device_shard_journal.ShardJournalTests) ... ok
test_target_manifest_paths_and_json_fail_before_device_access (test_device_shard_journal.ShardJournalTests) ... shard blocked: TARGET_MANIFEST_INVALID
shard blocked: TARGET_MANIFEST_INVALID
shard blocked: TARGET_MANIFEST_INVALID
shard blocked: TARGET_MANIFEST_INVALID
shard blocked: TARGET_MANIFEST_INVALID
shard blocked: TARGET_MANIFEST_INVALID
shard blocked: TARGET_MANIFEST_INVALID
shard blocked: TARGET_MANIFEST_INVALID
ok
test_timeout_cannot_retry_observed_business_failure_with_real_parser (test_device_shard_journal.ShardJournalTests) ... ok
test_timeout_retains_partial_output_and_both_attempts (test_device_shard_journal.ShardJournalTests) ... ok
test_all_capabilities_have_real_targets (test_domain.DomainGenerationTest) ... ok
test_capability_and_feature_counts (test_domain.DomainGenerationTest) ... ok
test_deterministic_bytes (test_domain.DomainGenerationTest) ... ok
test_disk_file_matches_check (test_domain.DomainGenerationTest) ... ok
test_level_distribution (test_domain.DomainGenerationTest) ... ok
test_make_target_special_form (test_domain.DomainGenerationTest) ... ok
test_blocked_marker_allows_missing_targets (test_domain.DomainValidationTest) ... ok
test_feature_mapping_dangling_capability (test_domain.DomainValidationTest) ... ok
test_feature_without_mapping (test_domain.DomainValidationTest) ... ok
test_level_d_rejected (test_domain.DomainValidationTest) ... ok
test_level_downgrade_rejected (test_domain.DomainValidationTest) ... ok
test_missing_app_target_without_blocked (test_domain.DomainValidationTest) ... ok
test_missing_backend_target_without_blocked (test_domain.DomainValidationTest) ... ok
test_missing_capability_from_matrix (test_domain.DomainValidationTest) ... ok
test_nonexistent_targets_rejected (test_domain.DomainValidationTest) ... ok
test_feature_key_values_are_manifest_or_core (test_domain.FeatureManifestMappingTest) ... ok
test_project_feature_maps_all_six_project_capabilities (test_domain.FeatureManifestMappingTest) ... ok
test_selected_features_all_mapped (test_domain.FeatureManifestMappingTest) ... ok
test_credential_field_rejected (test_domain.FixturesContractTest) ... ok
test_device_identities_distinct_pair (test_domain.FixturesContractTest) ... ok
test_device_identity_must_be_owner_and_member (test_domain.FixturesContractTest) ... ok
test_marker_and_namespace_rules_required (test_domain.FixturesContractTest) ... ok
test_missing_account_rejected (test_domain.FixturesContractTest) ... ok
test_real_contract_valid (test_domain.FixturesContractTest) ... ok
test_six_anonymous_accounts (test_domain.FixturesContractTest) ... ok
test_manifest_has_all_section_43_fields (test_evidence.TestBuildEvidence) ... ok
test_valid_not_applicable_without_backend_requirements (test_evidence.TestBuildEvidence) ... ok
test_credential_field_names_rejected (test_evidence.TestCredentialFields) ... ok
test_credential_hit_is_terminal (test_evidence.TestCredentialFields) ... ok
test_nested_credential_fields_rejected (test_evidence.TestCredentialFields) ... ok
test_downgrade_rejected (test_evidence.TestEvidenceLevelFloor) ... ok
test_invalid_level_value_rejected (test_evidence.TestEvidenceLevelFloor) ... ok
test_level_d_cannot_carry_pass (test_evidence.TestEvidenceLevelFloor) ... ok
test_minimum_levels (test_evidence.TestEvidenceLevelFloor) ... ok
test_upgrade_allowed (test_evidence.TestEvidenceLevelFloor) ... ok
test_bad_backend_head_rejected (test_evidence.TestHeadAndHashValidation) ... ok
test_missing_closure_rejected (test_evidence.TestHeadAndHashValidation) ... ok
test_missing_hashes_rejected (test_evidence.TestHeadAndHashValidation) ... ok
test_short_head_rejected (test_evidence.TestHeadAndHashValidation) ... ok
test_backend_requirement_forbids_not_applicable (test_evidence.TestNotApplicableRule) ... ok
test_not_applicable_without_requirements_fails_closed (test_evidence.TestNotApplicableRule) ... ok
test_pure_local_requirements_allow_not_applicable (test_evidence.TestNotApplicableRule) ... ok
test_all_section_41_statuses_accepted (test_evidence.TestResultStatus) ... ok
test_pass_with_zero_executed_rejected (test_evidence.TestResultStatus) ... ok
test_unknown_status_rejected (test_evidence.TestResultStatus) ... ok
test_schema_json_evidence_section_matches_module (test_evidence.TestSchemaFileSync) ... ok
test_duplicate_keys_and_nonfinite_numbers_rejected (test_frozen_inputs.FrozenInputTests) ... ok
test_invalid_artifact_schema_rejected (test_frozen_inputs.FrozenInputTests) ... ok
test_malformed_utf8_or_json_returns_codes (test_frozen_inputs.FrozenInputTests) ... ok
test_path_escape_and_symlink_rejected (test_frozen_inputs.FrozenInputTests) ... ok
test_tamper_cannot_load (test_frozen_inputs.FrozenInputTests) ... ok
test_valid_structure (test_frozen_inputs.FrozenInputTests) ... ok
test_quality_yml_calls_the_same_gate_entry (test_gate.TestGateCiParity) ... ok
test_retired_runner_delegates_without_defaults (test_gate.TestGateCiParity) ... ok
test_run_test_suite_reuses_gate_and_never_autoselects_ios (test_gate.TestGateCiParity) ... ok
test_five_negative_cases_each_fail_the_gate (test_gate.TestGateNegativeInjections) ... ok
test_gate_script_exists_and_executable (test_gate.TestGateNegativeInjections) ... ok
test_negative_hook_names_documented_in_gate (test_gate.TestGateNegativeInjections) ... ok
test_unknown_injection_case_is_usage_error_64 (test_gate.TestGateNegativeInjections) ... ok
test_counts_and_registration (test_inventory.InventoryGenerationTest) ... ok
test_deterministic_bytes (test_inventory.InventoryGenerationTest) ... ok
test_disk_file_matches_check (test_inventory.InventoryGenerationTest) ... ok
test_generated_module_ledgers_present (test_inventory.InventoryGenerationTest) ... ok
test_sorted_by_function_id (test_inventory.InventoryGenerationTest) ... ok
test_check_mode_detects_stale (test_inventory.InventoryValidationTest) ... ok
test_dangling_test_target (test_inventory.InventoryValidationTest) ... ok
test_function_without_oracle (test_inventory.InventoryValidationTest) ... ok
test_function_without_platforms (test_inventory.InventoryValidationTest) ... ok
test_illegal_disposition_and_exclusion (test_inventory.InventoryValidationTest) ... ok
test_missing_page_registration (test_inventory.InventoryValidationTest) ... ok
test_synthetic_baseline (test_inventory.InventoryValidationTest) ... ok
test_zero_function_page (test_inventory.InventoryValidationTest) ... ok
test_module_ledger_round_trip (test_inventory.LedgerRoundTripTest) ... ok
test_acceptance_check_refuses_write_before_generation (test_inventory_acceptance.InventoryAcceptanceTests) ... ERROR: ACCEPTANCE_CHECK_CANNOT_WRITE_LEDGERS
ok
test_concrete_structural_entry_has_no_readiness_error (test_inventory_acceptance.InventoryAcceptanceTests) ... ok
test_empty_or_malformed_inventory_rejected (test_inventory_acceptance.InventoryAcceptanceTests) ... ok
test_generated_placeholder_rejected_even_with_target (test_inventory_acceptance.InventoryAcceptanceTests) ... ok
test_missing_or_unknown_disposition_cannot_hide_required_function (test_inventory_acceptance.InventoryAcceptanceTests) ... ok
test_required_function_without_target_rejected (test_inventory_acceptance.InventoryAcceptanceTests) ... ok
test_derived_real_flutter_test_output_parses_with_executed (test_machine_events.DerivedRealFixtureTest) ... ok
test_all_malformed_without_done_is_runner_crash (test_machine_events.ParseMachineEventsTest) ... ok
test_atf201_all_skip_with_exit_zero_is_blocked (test_machine_events.ParseMachineEventsTest) ... ok
test_business_assertion_fail (test_machine_events.ParseMachineEventsTest) ... ok
test_current_reporter_mixed_skip_cannot_be_full_pass (test_machine_events.ParseMachineEventsTest) ... ok
test_current_reporter_skipped_success_is_not_pass (test_machine_events.ParseMachineEventsTest) ... ok
test_done_null_is_an_interrupted_runner_not_a_pass (test_machine_events.ParseMachineEventsTest) ... ok
test_done_reports_failure_even_when_visible_test_succeeded (test_machine_events.ParseMachineEventsTest) ... ok
test_first_failure_name_resolved_from_test_start (test_machine_events.ParseMachineEventsTest) ... ok
test_infra_fail_is_blocked_retryable (test_machine_events.ParseMachineEventsTest) ... ok
test_malformed_lines_counted_and_unknown_types_skipped (test_machine_events.ParseMachineEventsTest) ... ok
test_oracle_from_expect_in_error_stack (test_machine_events.ParseMachineEventsTest) ... ok
test_parsed_result_to_dict_is_json_serializable (test_machine_events.ParseMachineEventsTest) ... ok
test_pass_fixture_maps_pass (test_machine_events.ParseMachineEventsTest) ... ok
test_pass_with_skips_maps_pass_with_skips (test_machine_events.ParseMachineEventsTest) ... ok
test_runner_crash (test_machine_events.ParseMachineEventsTest) ... ok
test_skipped_flag_cannot_hide_a_failed_result (test_machine_events.ParseMachineEventsTest) ... ok
test_visible_success_without_done_is_still_runner_crash (test_machine_events.ParseMachineEventsTest) ... ok
test_zero_executed_with_done_is_blocked (test_machine_events.ParseMachineEventsTest) ... ok
test_every_requirement_has_satisfied_and_missing_direction (test_preflight.Atf301PerRequirementMatrix) ... ok
test_unknown_requirement_value_blocks_evaluate (test_preflight.Atf301PerRequirementMatrix) ... ok
test_unknown_risk_value_blocks_evaluate (test_preflight.Atf301PerRequirementMatrix) ... ok
test_external_impact_always_blocked_with_everything_satisfied (test_preflight.Atf302AllowEnvCannotRelax) ... ok
test_localhost_hostname_is_not_loopback_proof (test_preflight.Atf302AllowEnvCannotRelax) ... ok
test_private_lan_address_is_not_local_authorization (test_preflight.Atf302AllowEnvCannotRelax) ... ok
test_remote_api_target_still_blocked_with_allow_env (test_preflight.Atf302AllowEnvCannotRelax) ... ok
test_remote_ws_target_blocked_even_under_lower_risk (test_preflight.Atf302AllowEnvCannotRelax) ... ok
test_all_blocking_scenarios_forbid_spawn (test_preflight.BlockedAlwaysForbidsSpawn) ... ok
test_absent_urls_impose_no_host_constraint (test_preflight.EvaluateAllowedPaths) ... ok
test_fully_satisfied_local_write_target_is_allowed (test_preflight.EvaluateAllowedPaths) ... ok
test_provably_local_targets_are_allowed_under_local_write (test_preflight.EvaluateAllowedPaths) ... ok
test_deterministic_bytes (test_report.ReportHtmlTest) ... ok
test_dynamic_text_escaped (test_report.ReportHtmlTest) ... ok
test_nested_list_and_dict_render_deterministic (test_report.ReportHtmlTest) ... ok
test_output_path_parents_created (test_report.ReportHtmlTest) ... ok
test_plain_data_has_no_secret (test_report.ReportHtmlTest) ... ok
test_secret_key_rejected (test_report.ReportHtmlTest) ... ok
test_secret_value_rejected (test_report.ReportHtmlTest) ... ok
test_single_file_no_external_resources (test_report.ReportHtmlTest) ... ok
test_unsorted_input_rows_sorted_in_output (test_report.ReportHtmlTest) ... ok
test_all_specs_migrate_without_unmapped_or_widening (test_requirements.Atf303SpecMigration) ... ok
test_enums_match_wave1_contract (test_requirements.EnumSyncWithFrozenContract) ... ok
test_canonical_values_pass_through_unchanged (test_requirements.MigrateLegacyRequires) ... ok
test_duplicates_collapse_to_one_requirement_in_first_seen_order (test_requirements.MigrateLegacyRequires) ... ok
test_each_known_legacy_value_maps_to_its_canonical_requirement (test_requirements.MigrateLegacyRequires) ... ok
test_full_legacy_domain_never_produces_value_outside_enum (test_requirements.MigrateLegacyRequires) ... ok
test_local_or_authorized_remote_maps_local_only_with_note (test_requirements.MigrateLegacyRequires) ... ok
test_logged_out_state_is_precondition_not_unmapped (test_requirements.MigrateLegacyRequires) ... ok
test_non_string_entries_fail_closed_into_unmapped (test_requirements.MigrateLegacyRequires) ... ok
test_unknown_values_fail_closed_into_unmapped (test_requirements.MigrateLegacyRequires) ... ok
test_fully_valid_spec_has_no_errors (test_requirements.ValidateRequirements) ... ok
test_legacy_risk_levels_are_unknown_until_migrated (test_requirements.ValidateRequirements) ... ok
test_missing_keys_are_not_unknown_values (test_requirements.ValidateRequirements) ... ok
test_unknown_requirement_value_is_reported (test_requirements.ValidateRequirements) ... ok
test_unknown_risk_value_is_reported (test_requirements.ValidateRequirements) ... ok
test_atf202_business_fail_zero_retry_even_with_more_attempts (test_result.ClassifyAttemptsTest) ... ok
test_atf202_infra_then_pass_is_flaky_exit_2 (test_result.ClassifyAttemptsTest) ... ok
test_atf202_three_same_fingerprint_infra_fails_exhausted (test_result.ClassifyAttemptsTest) ... ok
test_empty_attempts_blocked (test_result.ClassifyAttemptsTest) ... ok
test_fingerprint_change_must_not_merge (test_result.ClassifyAttemptsTest) ... ok
test_fingerprint_change_on_device_field_rejected (test_result.ClassifyAttemptsTest) ... ok
test_retry_fixtures_are_identical_for_infra_1_2_3 (test_result.ClassifyAttemptsTest) ... ok
test_single_all_skip_blocked (test_result.ClassifyAttemptsTest) ... ok
test_single_pass (test_result.ClassifyAttemptsTest) ... ok
test_two_infra_fails_still_retryable (test_result.ClassifyAttemptsTest) ... ok
test_unbound_or_malformed_attempts_cannot_be_pass (test_result.ClassifyAttemptsTest) ... ok
test_all_pass_exit_0 (test_result.OverallExitCodeTest) ... ok
test_any_fail_exit_1 (test_result.OverallExitCodeTest) ... ok
test_atf201_all_skip_blocked_exit_2 (test_result.OverallExitCodeTest) ... ok
test_atf202_pass_with_skips_exit_2 (test_result.OverallExitCodeTest) ... ok
test_empty_results_exit_0 (test_result.OverallExitCodeTest) ... ok
test_fixture_fixture_end_to_end_exit_codes (test_result.OverallExitCodeTest) ... ok
test_flaky_blocked_planned_exit_2 (test_result.OverallExitCodeTest) ... ok
test_atf203_conflicting_risk_rejected_with_both_ids (test_result.PlanUniqueTargetsTest) ... ok
test_atf203_duplicate_target_same_attributes_planned_once (test_result.PlanUniqueTargetsTest) ... ok
test_conflicting_requires_rejected (test_result.PlanUniqueTargetsTest) ... ok
test_conflicting_runner_type_rejected (test_result.PlanUniqueTargetsTest) ... ok
test_requires_ordering_does_not_create_conflict (test_result.PlanUniqueTargetsTest) ... ok
test_cli_is_read_only_and_never_product_pass (test_shard_recovery.ShardRecoveryTests) ... ok
test_completed_matches_start_and_actual_log (test_shard_recovery.ShardRecoveryTests) ... ok
test_event_tamper_and_escape_are_invalid (test_shard_recovery.ShardRecoveryTests) ... ok
test_journal_symlink_is_rejected (test_shard_recovery.ShardRecoveryTests) ... ok
test_missing_tail_completion_is_incomplete (test_shard_recovery.ShardRecoveryTests) ... ok
test_started_without_completion_is_incomplete (test_shard_recovery.ShardRecoveryTests) ... ok
test_unknown_duplicate_and_changed_fingerprint_are_invalid (test_shard_recovery.ShardRecoveryTests) ... ok
test_atf501_real_catalog_covers_every_integration_test (test_state.TestFreshClonePlan) ... ok
test_fresh_plan_from_synthetic_catalog_is_all_unknown (test_state.TestFreshClonePlan) ... ok
test_acquire_read_release_cycle (test_state.TestLeases) ... ok
test_concurrent_acquire_has_single_winner (test_state.TestLeases) ... ok
test_double_release_raises (test_state.TestLeases) ... ok
test_empty_owner_fail_closed (test_state.TestLeases) ... ok
test_heartbeat_updates_and_stale_is_mark_only (test_state.TestLeases) ... ok
test_owner_schema_missing_fields_fail_closed (test_state.TestLeases) ... ok
test_release_by_non_owner_rejected (test_state.TestLeases) ... ok
test_truncated_json_fail_closed (test_state.TestLeases) ... ok
test_legacy_task_state_read_only_compat (test_state.TestLegacyTaskState) ... ok
test_missing_file_returns_empty_and_corrupt_raises (test_state.TestLegacyTaskState) ... ok
test_enums_in_sync_with_module (test_state.TestSchemaSync) ... ok
test_scope_verdicts_constant_matches_plan (test_state.TestScopeVerdictRollup) ... ok
test_credential_fields_rejected_at_any_layer (test_state.TestStateValidation) ... ok
test_missing_run_id_rejected (test_state.TestStateValidation) ... ok
test_unknown_scheduler_state_rejected (test_state.TestStateValidation) ... ok
test_unknown_scope_verdict_rejected (test_state.TestStateValidation) ... ok
test_unknown_step_scheduler_state_rejected (test_state.TestStateValidation) ... ok
test_unknown_test_status_rejected (test_state.TestStateValidation) ... ok
test_valid_document_passes (test_state.TestStateValidation) ... ok
test_atf101_two_checkpoints_two_files_no_name_error (test_target_config.TestCaptureScript) ... ok
test_atf103_missing_credentials_blocks_before_subprocess (test_target_config.TestCaptureScript) ... ok
test_atf103_remote_env_blocks_before_subprocess (test_target_config.TestCaptureScript) ... ok
test_atf102_api_ws_origin_mismatch (test_target_config.TestEffectiveTargetConfig) ... ok
test_atf102_env_override_chain_resolved (test_target_config.TestEffectiveTargetConfig) ... ok
test_atf102_parent_child_same_fingerprint (test_target_config.TestEffectiveTargetConfig) ... ok
test_atf102_pro_env_with_local_url_inconsistent (test_target_config.TestEffectiveTargetConfig) ... ok
test_atf103_missing_credentials_and_device (test_target_config.TestEffectiveTargetConfig) ... ok
test_atf103_remote_target_blocked_before_spawn (test_target_config.TestEffectiveTargetConfig) ... ok
test_command_contains_defines_and_target (test_target_config.TestEffectiveTargetConfig) ... ok
test_half_credentials_inconsistent (test_target_config.TestEffectiveTargetConfig) ... ok
test_public_dict_has_no_secrets (test_target_config.TestEffectiveTargetConfig) ... ok
test_loopback_variants (test_target_config.TestLoopbackHost) ... ok
test_non_loopback_fail_closed (test_target_config.TestLoopbackHost) ... ok

----------------------------------------------------------------------
Ran 386 tests in 13.469s

OK
