test_duplicate_path_cannot_count_twice (test_acceptance.ArtifactIntegrityTests) ... ok
test_empty_manifest_never_passes (test_acceptance.ArtifactIntegrityTests) ... ok
test_fifo_does_not_block_reader_or_count_as_file (test_acceptance.ArtifactIntegrityTests) ... ok
test_hash_is_recomputed_not_trusted (test_acceptance.ArtifactIntegrityTests) ... ok
test_invalid_hash_and_malformed_item_fail_closed (test_acceptance.ArtifactIntegrityTests) ... ok
test_invalid_paths_are_rejected (test_acceptance.ArtifactIntegrityTests) ... ok
test_missing_file_is_not_a_pass (test_acceptance.ArtifactIntegrityTests) ... ok
test_symlink_file_even_within_root_is_rejected (test_acceptance.ArtifactIntegrityTests) ... ok
test_symlink_parent_is_rejected (test_acceptance.ArtifactIntegrityTests) ... ok
test_valid_file_has_no_integrity_errors (test_acceptance.ArtifactIntegrityTests) ... ok
test_claimed_count_must_match_raw_events (test_acceptance.RawEventAuditTests) ... ok
test_error_events_cannot_be_hidden_by_success (test_acceptance.RawEventAuditTests) ... ok
test_hidden_failure_and_contradictory_flags_cannot_pass (test_acceptance.RawEventAuditTests) ... ok
test_joined_runs_and_unclosed_tests_cannot_pass (test_acceptance.RawEventAuditTests) ... ok
test_malformed_schema_fields_return_fixed_errors (test_acceptance.RawEventAuditTests) ... ok
test_nonzero_or_boolean_exit_code_is_rejected (test_acceptance.RawEventAuditTests) ... ok
test_real_events_are_reparsed (test_acceptance.RawEventAuditTests) ... ok
test_required_skips_cannot_be_green (test_acceptance.RawEventAuditTests) ... ok
test_screenshot_only_or_missing_exit_code_never_passes (test_acceptance.RawEventAuditTests) ... ok
test_secrets_never_echo_their_value (test_acceptance.RawEventAuditTests) ... ok
test_truncated_unknown_duplicate_or_boolean_events_are_not_pass (test_acceptance.RawEventAuditTests) ... ok
test_zero_events_cannot_pass_with_exit_zero (test_acceptance.RawEventAuditTests) ... ok
test_duplicate_ids_and_malformed_records_fail (test_acceptance_attempts.AttemptJournalTests) ... ok
test_invalid_frozen_indexes_cannot_pass (test_acceptance_attempts.AttemptJournalTests) ... ok
test_invalid_serialization_returns_fixed_error (test_acceptance_attempts.AttemptJournalTests) ... ok
test_only_last_green_dropped_or_reordered_records_fail (test_acceptance_attempts.AttemptJournalTests) ... ok
test_retained_failure_and_success_are_integrity_valid (test_acceptance_attempts.AttemptJournalTests) ... ok
test_rewritten_failure_or_type_changed_field_is_rejected (test_acceptance_attempts.AttemptJournalTests) ... ok
test_actual_config_drift_is_rejected (test_acceptance_bindings.RuntimeBindingTests) ... ok
test_complete_synthetic_bindings_have_matching_bytes (test_acceptance_bindings.RuntimeBindingTests) ... ok
test_deep_metadata_returns_fixed_error_for_both_inputs (test_acceptance_bindings.RuntimeBindingTests) ... ok
test_incomplete_frozen_kinds_and_ids_are_rejected (test_acceptance_bindings.RuntimeBindingTests) ... ok
test_malformed_rows_return_codes (test_acceptance_bindings.RuntimeBindingTests) ... ok
test_metadata_and_hash_changes_are_rejected (test_acceptance_bindings.RuntimeBindingTests) ... ok
test_missing_unknown_and_duplicate_rows_are_rejected (test_acceptance_bindings.RuntimeBindingTests) ... ok
test_symlink_and_path_escape_rejected_without_echo (test_acceptance_bindings.RuntimeBindingTests) ... ok
test_actual_cli_matches_frozen_identity_without_writing_evidence (test_acceptance_case_events.CaseEventTests) ... ok
test_ambiguous_frozen_binding_is_rejected (test_acceptance_case_events.CaseEventTests) ... ok
test_artifact_hash_and_path_are_independently_checked (test_acceptance_case_events.CaseEventTests) ... ok
test_duplicate_unknown_missing_or_invalid_names_are_rejected (test_acceptance_case_events.CaseEventTests) ... ok
test_equal_count_wrong_identity_is_rejected (test_acceptance_case_events.CaseEventTests) ... ok
test_exact_identity_is_structurally_valid (test_acceptance_case_events.CaseEventTests) ... ok
test_frozen_binding_cannot_drop_or_change_key (test_acceptance_case_events.CaseEventTests) ... ok
test_hidden_or_skipped_required_case_cannot_pass (test_acceptance_case_events.CaseEventTests) ... ok
test_duplicate_parent_ids_rejected (test_acceptance_contract.RequiredCaseSetTests) ... ok
test_empty_and_duplicate_rows_rejected (test_acceptance_contract.RequiredCaseSetTests) ... ok
test_invalid_trusted_baseline_cannot_pass (test_acceptance_contract.RequiredCaseSetTests) ... ok
test_malformed_keys_return_codes_without_echo (test_acceptance_contract.RequiredCaseSetTests) ... ok
test_type_changes_in_frozen_extension_fields_are_rejected (test_acceptance_contract.RequiredCaseSetTests) ... ok
test_unchanged_synthetic_structure (test_acceptance_contract.RequiredCaseSetTests) ... ok
test_unknown_missing_or_modified_case_rejected (test_acceptance_contract.RequiredCaseSetTests) ... ok
test_all_inputs_mapped_is_structurally_valid (test_acceptance_coverage.CoverageTests) ... ok
test_disposal_cannot_remove_required_case_coverage (test_acceptance_coverage.CoverageTests) ... ok
test_dispositions_require_exact_frozen_approval (test_acceptance_coverage.CoverageTests) ... ok
test_dropped_input_or_case_mapping_is_rejected (test_acceptance_coverage.CoverageTests) ... ok
test_failed_hash_cannot_match_failed_approval_hash (test_acceptance_coverage.CoverageTests) ... ok
test_input_kind_missing_duplicate_unknown_are_rejected (test_acceptance_coverage.CoverageTests) ... ok
test_invalid_approval_rows_or_empty_merge_cannot_be_approved (test_acceptance_coverage.CoverageTests) ... ok
test_owner_oracle_placeholders_and_source_gaps_rejected (test_acceptance_coverage.CoverageTests) ... ok
test_unknown_duplicate_empty_or_malformed_case_keys_rejected (test_acceptance_coverage.CoverageTests) ... ok
test_closure_binding_mutations_rejected (test_acceptance_defects.DefectRecordsTests) ... ok
test_every_frozen_retest_case_required_and_no_duplicate_closure (test_acceptance_defects.DefectRecordsTests) ... ok
test_explicit_empty_inventory_and_linked_synthetic_closure (test_acceptance_defects.DefectRecordsTests) ... ok
test_matching_invalid_candidate_values_cannot_close_defect (test_acceptance_defects.DefectRecordsTests) ... ok
test_missing_duplicate_unknown_defects_rejected (test_acceptance_defects.DefectRecordsTests) ... ok
test_open_high_severity_and_severity_downgrade_rejected (test_acceptance_defects.DefectRecordsTests) ... ok
test_tampered_closure_rejected (test_acceptance_defects.DefectRecordsTests) ... ok
test_unknown_repository_cannot_close_defect (test_acceptance_defects.DefectRecordsTests) ... ok
test_unrelated_green_case_cannot_close_defect (test_acceptance_defects.DefectRecordsTests) ... ok
test_artifact_tampering_rejected (test_acceptance_journeys.JourneyRecordsTest) ... ok
test_attempt_link_nonobject_frozen_rejected (test_acceptance_journeys.JourneyRecordsTest) ... ok
test_boolean_is_not_launch_generation (test_acceptance_journeys.JourneyRecordsTest) ... ok
test_both_case_platforms_mandatory (test_acceptance_journeys.JourneyRecordsTest) ... ok
test_case_declaration_cannot_be_silently_omitted (test_acceptance_journeys.JourneyRecordsTest) ... ok
test_device_snapshot_tamper_and_wrong_kind_rejected (test_acceptance_journeys.JourneyRecordsTest) ... ok
test_driving_run_requires_unique_device_binding (test_acceptance_journeys.JourneyRecordsTest) ... ok
test_each_binding_mismatch_rejected (test_acceptance_journeys.JourneyRecordsTest) ... ok
test_exact_journey_set (test_acceptance_journeys.JourneyRecordsTest) ... ok
test_frozen_runtime_and_candidates_bind_journey (test_acceptance_journeys.JourneyRecordsTest) ... ok
test_malformed_candidate_container_is_rejected (test_acceptance_journeys.JourneyRecordsTest) ... ok
test_missing_or_duplicate_frozen_journey_rejected (test_acceptance_journeys.JourneyRecordsTest) ... ok
test_missing_persistence_rejected (test_acceptance_journeys.JourneyRecordsTest) ... ok
test_missing_stage_links_and_unknown_runs_rejected (test_acceptance_journeys.JourneyRecordsTest) ... ok
test_mock_capture_rejected (test_acceptance_journeys.JourneyRecordsTest) ... ok
test_observation_cannot_be_summary_pass (test_acceptance_journeys.JourneyRecordsTest) ... ok
test_path_escape_rejected (test_acceptance_journeys.JourneyRecordsTest) ... ok
test_pinned_snapshot_device_platform_and_runtime_must_match (test_acceptance_journeys.JourneyRecordsTest) ... ok
test_receiver_device_cannot_be_sender (test_acceptance_journeys.JourneyRecordsTest) ... ok
test_record_reuse_rejected (test_acceptance_journeys.JourneyRecordsTest) ... ok
test_reopen_requires_new_launch (test_acceptance_journeys.JourneyRecordsTest) ... ok
test_stage_records_link_to_driving_attempt (test_acceptance_journeys.JourneyRecordsTest) ... ok
test_symlink_rejected (test_acceptance_journeys.JourneyRecordsTest) ... ok
test_synthetic_structure_never_issues_product_pass (test_acceptance_journeys.JourneyRecordsTest) ... ok
test_zero_candidate_rejected (test_acceptance_journeys.JourneyRecordsTest) ... ok
test_actual_runtime_file_drift_fails_composition (test_acceptance_preflight.PreflightTests) ... ok
test_attempt_link_rejects_metadata_mismatch_even_with_pinned_record (test_acceptance_preflight.PreflightTests) ... ok
test_discarding_failed_attempt_is_rejected (test_acceptance_preflight.PreflightTests) ... ok
test_dropped_case_is_failure (test_acceptance_preflight.PreflightTests) ... ok
test_execution_cli_checks_journey_inputs_without_writing (test_acceptance_preflight.PreflightTests) ... ok
test_execution_composition_rejects_bad_exit_and_dropped_failure (test_acceptance_preflight.PreflightTests) ... ok
test_execution_composition_rejects_changed_case_obligation (test_acceptance_preflight.PreflightTests) ... ok
test_execution_composition_rejects_duplicate_case_run_or_log (test_acceptance_preflight.PreflightTests) ... ok
test_execution_composition_requires_raw_run_index (test_acceptance_preflight.PreflightTests) ... ok
test_execution_coverage_cannot_omit_inputs_or_report_mappings (test_acceptance_preflight.PreflightTests) ... ok
test_execution_coverage_cannot_self_approve_disposal (test_acceptance_preflight.PreflightTests) ... ok
test_execution_requires_explicit_defect_inventory (test_acceptance_preflight.PreflightTests) ... ok
test_execution_requires_explicit_journey_obligations_and_records (test_acceptance_preflight.PreflightTests) ... ok
test_execution_requires_version_input_components (test_acceptance_preflight.PreflightTests) ... ok
test_existing_runner_cli_returns_nonzero_fixed_code_json (test_acceptance_preflight.PreflightTests) ... ok
test_legacy_schema_cannot_bypass_runtime_bindings (test_acceptance_preflight.PreflightTests) ... ok
test_missing_attempt_index_or_report_cannot_bypass_gate (test_acceptance_preflight.PreflightTests) ... ok
test_missing_or_changed_runtime_binding_fails_composition (test_acceptance_preflight.PreflightTests) ... ok
test_missing_required_input_is_failure (test_acceptance_preflight.PreflightTests) ... ok
test_non_object_schema_rejected (test_acceptance_preflight.PreflightTests) ... ok
test_one_attempt_cannot_supply_multiple_raw_runs (test_acceptance_preflight.PreflightTests) ... ok
test_raw_log_cannot_attach_to_unknown_or_unrelated_attempt (test_acceptance_preflight.PreflightTests) ... ok
test_rewriting_failed_attempt_is_rejected (test_acceptance_preflight.PreflightTests) ... ok
test_success_never_becomes_product_pass (test_acceptance_preflight.PreflightTests) ... ok
test_wrong_hash_stops_before_candidate_checks (test_acceptance_preflight.PreflightTests) ... ok
test_complete_synthetic_component_bytes (test_acceptance_versions.VersionInputsTests) ... ok
test_escape_symlink_and_malformed_descriptor_rejected (test_acceptance_versions.VersionInputsTests) ... ok
test_invalid_or_duplicate_document_ids_rejected (test_acceptance_versions.VersionInputsTests) ... ok
test_missing_and_unknown_components_rejected (test_acceptance_versions.VersionInputsTests) ... ok
test_report_cannot_replace_frozen_binding (test_acceptance_versions.VersionInputsTests) ... ok
test_reusing_one_file_for_two_roles_rejected (test_acceptance_versions.VersionInputsTests) ... ok
test_runtime_duplicates_and_missing_descriptor_rejected (test_acceptance_versions.VersionInputsTests) ... ok
test_tampered_bytes_rejected (test_acceptance_versions.VersionInputsTests) ... ok
test_version_ids_exact_equal_runtime_ids (test_acceptance_versions.VersionInputsTests) ... ok

----------------------------------------------------------------------
Ran 128 tests in 0.347s

OK
