00:00 +0: loading /Users/leeyi/project/imboy.pub/imboyapp/test/unit_test/page/settings/e2ee_backup_import_selection_race_test.dart
00:00 +0: 关闭恢复页后忽略选择器结果
══╡ EXCEPTION CAUGHT BY FLUTTER TEST FRAMEWORK ╞════════════════════════════════════════════════════
The following assertion was thrown running a test:
setState() called after dispose(): _E2EEBackupImportPageState#02fca(lifecycle state: defunct, not
mounted)
This error happens if you call setState() on a State object for a widget that no longer appears in
the widget tree (e.g., whose parent widget no longer includes the widget in its build). This error
can occur when code calls setState() from a timer, from an animation callback, or after an
asynchronous operation (such as an awaited network request or other Future) completes after the
widget has been removed from the tree.
The preferred solution is to cancel the timer or stop listening to the animation in the dispose()
callback. Another solution is to check the "mounted" property of this object before calling
setState() to ensure the object is still in the tree.
This error might indicate a memory leak if setState() is being called because another object is
retaining a reference to this State object after it has been removed from the tree. To avoid memory
leaks, consider breaking the reference to this object during dispose().

When the exception was thrown, this was the stack:
#0      State.setState.<anonymous closure> (package:flutter/src/widgets/framework.dart:1163:9)
#1      State.setState (package:flutter/src/widgets/framework.dart:1200:6)
#2      _E2EEBackupImportPageState._selectFile (package:imboy/page/settings/e2ee_backup_import_page.dart:452:9)
<asynchronous suspension>

The test description was:
  关闭恢复页后忽略选择器结果
════════════════════════════════════════════════════════════════════════════════════════════════════
00:00 +0 -1: 关闭恢复页后忽略选择器结果 [E]
  Test failed. See exception logs above.
  The test description was: 关闭恢复页后忽略选择器结果
  
00:00 +0 -1: 关闭恢复页后忽略选择器错误
[E2EEBackupImport] 选择备份文件失败: Exception: synthetic picker failure
══╡ EXCEPTION CAUGHT BY FLUTTER TEST FRAMEWORK ╞════════════════════════════════════════════════════
The following TestFailure was thrown running a test:
Expected: false
  Actual: <true>

When the exception was thrown, this was the stack:
#4      _assertPickerStopsAfterDisposal (file:///Users/leeyi/project/imboy.pub/imboyapp/test/unit_test/page/settings/e2ee_backup_import_selection_race_test.dart:110:3)
<asynchronous suspension>
#5      testWidgets.<anonymous closure>.<anonymous closure> (package:flutter_test/src/widget_tester.dart:192:15)
<asynchronous suspension>
#6      TestWidgetsFlutterBinding._runTestBody (package:flutter_test/src/binding.dart:1953:5)
<asynchronous suspension>
<asynchronous suspension>
(elided one frame from package:stack_trace)

This was caught by the test expectation on the following line:
  file:///Users/leeyi/project/imboy.pub/imboyapp/test/unit_test/page/settings/e2ee_backup_import_selection_race_test.dart line 110
The test description was:
  关闭恢复页后忽略选择器错误
════════════════════════════════════════════════════════════════════════════════════════════════════
00:00 +0 -2: 关闭恢复页后忽略选择器错误 [E]
  Test failed. See exception logs above.
  The test description was: 关闭恢复页后忽略选择器错误
  
00:00 +0 -2: 旧文件校验成功不能覆盖新选择
00:00 +1 -2: 旧文件校验失败不能覆盖新选择
00:00 +2 -2: Some tests failed.

Failing tests:
  /Users/leeyi/project/imboy.pub/imboyapp/test/unit_test/page/settings/e2ee_backup_import_selection_race_test.dart: 关闭恢复页后忽略选择器结果
  /Users/leeyi/project/imboy.pub/imboyapp/test/unit_test/page/settings/e2ee_backup_import_selection_race_test.dart: 关闭恢复页后忽略选择器错误
