00:00 +0: loading /Users/leeyi/project/imboy.pub/imboyapp/test/unit_test/page/settings/e2ee_backup_import_reentry_test.dart
00:00 +0: 本地恢复等待期间不能弹出云端恢复确认框
[E2EEBackupImport] 导入备份失败: errType=ArgumentError
══╡ EXCEPTION CAUGHT BY FLUTTER TEST FRAMEWORK ╞════════════════════════════════════════════════════
The following TestFailure was thrown running a test:
Expected: false
  Actual: <true>

When the exception was thrown, this was the stack:
#4      _assertLocalBlocksCloud (file:///Users/leeyi/project/imboy.pub/imboyapp/test/unit_test/page/settings/e2ee_backup_import_reentry_test.dart:140:3)
<asynchronous suspension>
#5      testWidgets.<anonymous closure>.<anonymous closure> (package:flutter_test/src/widget_tester.dart:192:15)
<asynchronous suspension>
#6      TestWidgetsFlutterBinding._runTestBody (package:flutter_test/src/binding.dart:1953:5)
<asynchronous suspension>
<asynchronous suspension>
(elided one frame from package:stack_trace)

This was caught by the test expectation on the following line:
  file:///Users/leeyi/project/imboy.pub/imboyapp/test/unit_test/page/settings/e2ee_backup_import_reentry_test.dart line 140
The test description was:
  本地恢复等待期间不能弹出云端恢复确认框
════════════════════════════════════════════════════════════════════════════════════════════════════
00:00 +0 -1: 本地恢复等待期间不能弹出云端恢复确认框 [E]
  Test failed. See exception logs above.
  The test description was: 本地恢复等待期间不能弹出云端恢复确认框
  
00:00 +0 -1: 云端恢复等待期间不能启动本地恢复
[E2EEBackupImport] 导入备份失败: errType=ArgumentError
══╡ EXCEPTION CAUGHT BY FLUTTER TEST FRAMEWORK ╞════════════════════════════════════════════════════
The following TestFailure was thrown running a test:
Expected: <0>
  Actual: <1>

When the exception was thrown, this was the stack:
#4      _assertCloudBlocksLocal (file:///Users/leeyi/project/imboy.pub/imboyapp/test/unit_test/page/settings/e2ee_backup_import_reentry_test.dart:169:3)
<asynchronous suspension>
#5      testWidgets.<anonymous closure>.<anonymous closure> (package:flutter_test/src/widget_tester.dart:192:15)
<asynchronous suspension>
#6      TestWidgetsFlutterBinding._runTestBody (package:flutter_test/src/binding.dart:1953:5)
<asynchronous suspension>
<asynchronous suspension>
(elided one frame from package:stack_trace)

This was caught by the test expectation on the following line:
  file:///Users/leeyi/project/imboy.pub/imboyapp/test/unit_test/page/settings/e2ee_backup_import_reentry_test.dart line 169
The test description was:
  云端恢复等待期间不能启动本地恢复
════════════════════════════════════════════════════════════════════════════════════════════════════
00:01 +0 -2: 云端恢复等待期间不能启动本地恢复 [E]
  Test failed. See exception logs above.
  The test description was: 云端恢复等待期间不能启动本地恢复
  
00:01 +0 -2: 解密等待期间关闭页面不开始写入恢复密钥
00:01 +1 -2: 同一帧重复导入只启动一次解密
[E2EEBackupImport] 导入备份失败: errType=ArgumentError
00:01 +2 -2: 导入失败后仍可再次发起导入
[E2EEBackupImport] 导入备份失败: errType=ArgumentError
[E2EEBackupImport] 导入备份失败: errType=ArgumentError
00:01 +3 -2: Some tests failed.

Failing tests:
  /Users/leeyi/project/imboy.pub/imboyapp/test/unit_test/page/settings/e2ee_backup_import_reentry_test.dart: 云端恢复等待期间不能启动本地恢复
  /Users/leeyi/project/imboy.pub/imboyapp/test/unit_test/page/settings/e2ee_backup_import_reentry_test.dart: 本地恢复等待期间不能弹出云端恢复确认框
