00:00 +0: loading /Users/leeyi/project/imboy.pub/imboyapp/test/unit_test/page/settings/e2ee_backup_import_selection_race_test.dart
00:00 +0: 旧文件校验成功不能覆盖新选择
══╡ EXCEPTION CAUGHT BY FLUTTER TEST FRAMEWORK ╞════════════════════════════════════════════════════
The following TestFailure was thrown running a test:
Expected: exactly one matching candidate
  Actual: _TextWidgetFinder:<Found 0 widgets with text "new-version": []>
   Which: means none were found but one was expected

When the exception was thrown, this was the stack:
#4      _assertLatestFileWins (file:///Users/leeyi/project/imboy.pub/imboyapp/test/unit_test/page/settings/e2ee_backup_import_selection_race_test.dart:99:3)
<asynchronous suspension>
#5      testWidgets.<anonymous closure>.<anonymous closure> (package:flutter_test/src/widget_tester.dart:192:15)
<asynchronous suspension>
#6      TestWidgetsFlutterBinding._runTestBody (package:flutter_test/src/binding.dart:1953:5)
<asynchronous suspension>
<asynchronous suspension>
(elided one frame from package:stack_trace)

This was caught by the test expectation on the following line:
  file:///Users/leeyi/project/imboy.pub/imboyapp/test/unit_test/page/settings/e2ee_backup_import_selection_race_test.dart line 99
The test description was:
  旧文件校验成功不能覆盖新选择
════════════════════════════════════════════════════════════════════════════════════════════════════
00:00 +0 -1: 旧文件校验成功不能覆盖新选择 [E]
  Test failed. See exception logs above.
  The test description was: 旧文件校验成功不能覆盖新选择
  
00:00 +0 -1: 旧文件校验失败不能覆盖新选择
[E2EEBackupImport] 校验备份文件失败: Invalid argument(s): old file invalid
══╡ EXCEPTION CAUGHT BY FLUTTER TEST FRAMEWORK ╞════════════════════════════════════════════════════
The following TestFailure was thrown running a test:
Expected: exactly one matching candidate
  Actual: _TextWidgetFinder:<Found 0 widgets with text "new-version": []>
   Which: means none were found but one was expected

When the exception was thrown, this was the stack:
#4      _assertLatestFileWins (file:///Users/leeyi/project/imboy.pub/imboyapp/test/unit_test/page/settings/e2ee_backup_import_selection_race_test.dart:99:3)
<asynchronous suspension>
#5      testWidgets.<anonymous closure>.<anonymous closure> (package:flutter_test/src/widget_tester.dart:192:15)
<asynchronous suspension>
#6      TestWidgetsFlutterBinding._runTestBody (package:flutter_test/src/binding.dart:1953:5)
<asynchronous suspension>
<asynchronous suspension>
(elided one frame from package:stack_trace)

This was caught by the test expectation on the following line:
  file:///Users/leeyi/project/imboy.pub/imboyapp/test/unit_test/page/settings/e2ee_backup_import_selection_race_test.dart line 99
The test description was:
  旧文件校验失败不能覆盖新选择
════════════════════════════════════════════════════════════════════════════════════════════════════
00:01 +0 -2: 旧文件校验失败不能覆盖新选择 [E]
  Test failed. See exception logs above.
  The test description was: 旧文件校验失败不能覆盖新选择
  
00:01 +0 -2: Some tests failed.

Failing tests:
  /Users/leeyi/project/imboy.pub/imboyapp/test/unit_test/page/settings/e2ee_backup_import_selection_race_test.dart: 旧文件校验失败不能覆盖新选择
  /Users/leeyi/project/imboy.pub/imboyapp/test/unit_test/page/settings/e2ee_backup_import_selection_race_test.dart: 旧文件校验成功不能覆盖新选择
