00:00 +0: loading /Users/leeyi/project/imboy.pub/imboyapp/test/unit_test/page/settings/e2ee_backup_export_page_widget_test.dart
00:00 +0: 密码强度随弱/强输入及清空更新
00:00 +1: 生成恢复密钥将弹窗密钥填入两个密码框
00:00 +2: 密码不一致时提示错误且不读取安全存储密钥
00:00 +3: 到期清理不覆盖用户后来复制的其他内容
00:00 +4: 旧密钥计时器不清除后来生成复制的新密钥
00:01 +5: 页面销毁后仍清理自己的旧密钥且无界面写入异常
00:01 +6: 迟到的旧剪贴板读取不能清空新复制的恢复密钥（同一页面）
00:01 +7: 迟到的旧剪贴板读取不能清空新复制的恢复密钥（重建页面）
00:01 +8: 同一帧备份操作互斥：导出→导出
00:01 +9: 同一帧备份操作互斥：上传→上传
00:01 +10: 同一帧备份操作互斥：上传→导出
00:01 +11: 同一帧备份操作互斥：导出→上传
00:01 +12: 导出等待密钥时关闭页面停止后续读取
══╡ EXCEPTION CAUGHT BY FLUTTER TEST FRAMEWORK ╞════════════════════════════════════════════════════
The following TestFailure was thrown running a test:
Expected: <1>
  Actual: <4>

When the exception was thrown, this was the stack:
#4      _assertBackupStopsAfterDisposal (file:///Users/leeyi/project/imboy.pub/imboyapp/test/unit_test/page/settings/e2ee_backup_export_page_widget_test.dart:506:3)
<asynchronous suspension>
#5      testWidgets.<anonymous closure>.<anonymous closure> (package:flutter_test/src/widget_tester.dart:192:15)
<asynchronous suspension>
#6      TestWidgetsFlutterBinding._runTestBody (package:flutter_test/src/binding.dart:1953:5)
<asynchronous suspension>
<asynchronous suspension>
(elided one frame from package:stack_trace)

This was caught by the test expectation on the following line:
  file:///Users/leeyi/project/imboy.pub/imboyapp/test/unit_test/page/settings/e2ee_backup_export_page_widget_test.dart line 506
The test description was:
  导出等待密钥时关闭页面停止后续读取
════════════════════════════════════════════════════════════════════════════════════════════════════
00:01 +12 -1: 导出等待密钥时关闭页面停止后续读取 [E]
  Test failed. See exception logs above.
  The test description was: 导出等待密钥时关闭页面停止后续读取
  
00:01 +12 -1: 上传等待密钥时关闭页面停止后续读取
══╡ EXCEPTION CAUGHT BY FLUTTER TEST FRAMEWORK ╞════════════════════════════════════════════════════
The following TestFailure was thrown running a test:
Expected: <1>
  Actual: <4>

When the exception was thrown, this was the stack:
#4      _assertBackupStopsAfterDisposal (file:///Users/leeyi/project/imboy.pub/imboyapp/test/unit_test/page/settings/e2ee_backup_export_page_widget_test.dart:506:3)
<asynchronous suspension>
#5      testWidgets.<anonymous closure>.<anonymous closure> (package:flutter_test/src/widget_tester.dart:192:15)
<asynchronous suspension>
#6      TestWidgetsFlutterBinding._runTestBody (package:flutter_test/src/binding.dart:1953:5)
<asynchronous suspension>
<asynchronous suspension>
(elided one frame from package:stack_trace)

This was caught by the test expectation on the following line:
  file:///Users/leeyi/project/imboy.pub/imboyapp/test/unit_test/page/settings/e2ee_backup_export_page_widget_test.dart line 506
The test description was:
  上传等待密钥时关闭页面停止后续读取
════════════════════════════════════════════════════════════════════════════════════════════════════
00:01 +12 -2: 上传等待密钥时关闭页面停止后续读取 [E]
  Test failed. See exception logs above.
  The test description was: 上传等待密钥时关闭页面停止后续读取
  
00:01 +12 -2: E2EEBackupExportPage 导出按钮启用条件（BUG#132 回归） 初始两框为空时导出按钮 disabled
00:01 +13 -2: E2EEBackupExportPage 导出按钮启用条件（BUG#132 回归） 仅填密码框时导出按钮仍 disabled
00:01 +14 -2: E2EEBackupExportPage 导出按钮启用条件（BUG#132 回归） 填入确认框后导出按钮 enabled（无 onChanged 时此步不解锁）
00:02 +15 -2: #102 恢复密钥剪贴板自动清除 复制后 60 秒剪贴板被覆写（内容仍是该密钥时）
00:02 +16 -2: Some tests failed.

Failing tests:
  /Users/leeyi/project/imboy.pub/imboyapp/test/unit_test/page/settings/e2ee_backup_export_page_widget_test.dart: 上传等待密钥时关闭页面停止后续读取
  /Users/leeyi/project/imboy.pub/imboyapp/test/unit_test/page/settings/e2ee_backup_export_page_widget_test.dart: 导出等待密钥时关闭页面停止后续读取
