00:00 +0: loading /Users/leeyi/project/imboy.pub/imboyapp/test/unit_test/page/settings/e2ee_backup_import_reentry_test.dart
00:00 +0: /Users/leeyi/project/imboy.pub/imboyapp/test/unit_test/page/settings/e2ee_backup_import_reentry_test.dart: 同一帧重复导入只启动一次解密
[E2EEBackupImport] 导入备份失败: errType=ArgumentError
00:00 +1: /Users/leeyi/project/imboy.pub/imboyapp/test/unit_test/page/settings/e2ee_backup_import_reentry_test.dart: 同一帧重复导入只启动一次解密
00:00 +2: /Users/leeyi/project/imboy.pub/imboyapp/test/unit_test/page/settings/e2ee_backup_import_reentry_test.dart: 同一帧重复导入只启动一次解密
00:00 +3: /Users/leeyi/project/imboy.pub/imboyapp/test/unit_test/page/settings/e2ee_backup_import_page_widget_test.dart: E2EEBackupImportPage 文件校验 L9 选中合法文件后展示备份元信息卡并启用密码框
00:00 +3: /Users/leeyi/project/imboy.pub/imboyapp/test/unit_test/page/settings/e2ee_backup_import_reentry_test.dart: 导入失败后仍可再次发起导入
[E2EEBackupImport] 导入备份失败: errType=ArgumentError
[E2EEBackupImport] 导入备份失败: errType=ArgumentError
00:01 +4: /Users/leeyi/project/imboy.pub/imboyapp/test/unit_test/page/settings/e2ee_backup_import_page_widget_test.dart: E2EEBackupImportPage 文件校验 L9 选中合法文件后展示备份元信息卡并启用密码框
00:01 +5: /Users/leeyi/project/imboy.pub/imboyapp/test/unit_test/page/settings/e2ee_backup_import_page_widget_test.dart: E2EEBackupImportPage 文件校验 L9 选中合法文件但密码为空时导入按钮保持禁用
00:02 +6: /Users/leeyi/project/imboy.pub/imboyapp/test/unit_test/page/settings/e2ee_backup_import_page_widget_test.dart: E2EEBackupImportPage 文件校验 L10 文件格式非法时提示校验失败且不展示元信息卡
[E2EEBackupImport] 校验备份文件失败: Invalid argument(s): 文件格式无效：文件过小
00:02 +7: /Users/leeyi/project/imboy.pub/imboyapp/test/unit_test/page/settings/e2ee_backup_import_page_widget_test.dart: E2EEBackupImportPage 文件校验 L11 未选文件时密码框禁用、导入按钮禁用
00:03 +8: /Users/leeyi/project/imboy.pub/imboyapp/test/unit_test/page/settings/e2ee_backup_import_page_widget_test.dart: E2EEBackupImportPage 文件校验 L14 云端备份探测失败时按无备份静默处理（无恢复卡）
[E2EEBackupImport] 云端备份探测失败: errType=_Exception
00:03 +9: /Users/leeyi/project/imboy.pub/imboyapp/test/unit_test/page/settings/e2ee_backup_import_page_widget_test.dart: E2EEBackupImportPage 文件校验 L14 云端存在备份时展示恢复入口
00:04 +10: /Users/leeyi/project/imboy.pub/imboyapp/test/unit_test/page/settings/e2ee_backup_import_page_widget_test.dart: E2EEBackupImportPage 文件校验 L13 警告卡片始终展示覆盖密钥风险提示
00:04 +11: /Users/leeyi/project/imboy.pub/imboyapp/test/unit_test/page/settings/e2ee_backup_import_page_widget_test.dart: E2EEBackupImportPage 文件校验 P0-1 导入成功后以恢复的公钥回写服务端设备登记
00:52 +12: All tests passed!
