00:00 +0: loading /Users/leeyi/project/imboy.pub/imboyapp/test/unit_test/page/settings/e2ee_backup_export_page_widget_test.dart
00:00 +0: 密码强度随弱/强输入及清空更新
00:00 +1: 生成恢复密钥将弹窗密钥填入两个密码框
00:00 +2: 密码不一致时提示错误且不读取安全存储密钥
00:00 +3: 到期清理不覆盖用户后来复制的其他内容
00:00 +4: 旧密钥计时器不清除后来生成复制的新密钥
00:01 +5: 页面销毁后仍清理自己的旧密钥且无界面写入异常
00:01 +6: 迟到的旧剪贴板读取不能清空新复制的恢复密钥
══╡ EXCEPTION CAUGHT BY FLUTTER TEST FRAMEWORK ╞════════════════════════════════════════════════════
The following TestFailure was thrown running a test:
Expected: 'EC45C-32FC9-CC23A-137D8-DEC71-511E9-A4331-4F0CB'
  Actual: ''
   Which: is different. Both strings start the same, but the actual value is missing the following
trailing characters: EC45C-32FC ...

When the exception was thrown, this was the stack:
#4      _registerClipboardDelayedReadTest.<anonymous closure> (file:///Users/leeyi/project/imboy.pub/imboyapp/test/unit_test/page/settings/e2ee_backup_export_page_widget_test.dart:376:5)
<asynchronous suspension>
#5      testWidgets.<anonymous closure>.<anonymous closure> (package:flutter_test/src/widget_tester.dart:192:15)
<asynchronous suspension>
#6      TestWidgetsFlutterBinding._runTestBody (package:flutter_test/src/binding.dart:1953:5)
<asynchronous suspension>
<asynchronous suspension>
(elided one frame from package:stack_trace)

This was caught by the test expectation on the following line:
  file:///Users/leeyi/project/imboy.pub/imboyapp/test/unit_test/page/settings/e2ee_backup_export_page_widget_test.dart line 376
The test description was:
  迟到的旧剪贴板读取不能清空新复制的恢复密钥
════════════════════════════════════════════════════════════════════════════════════════════════════
00:01 +6 -1: 迟到的旧剪贴板读取不能清空新复制的恢复密钥 [E]
  Test failed. See exception logs above.
  The test description was: 迟到的旧剪贴板读取不能清空新复制的恢复密钥
  
00:01 +6 -1: E2EEBackupExportPage 导出按钮启用条件（BUG#132 回归） 初始两框为空时导出按钮 disabled
00:01 +7 -1: E2EEBackupExportPage 导出按钮启用条件（BUG#132 回归） 仅填密码框时导出按钮仍 disabled
00:01 +8 -1: E2EEBackupExportPage 导出按钮启用条件（BUG#132 回归） 填入确认框后导出按钮 enabled（无 onChanged 时此步不解锁）
00:01 +9 -1: #102 恢复密钥剪贴板自动清除 复制后 60 秒剪贴板被覆写（内容仍是该密钥时）
00:01 +10 -1: Some tests failed.

Failing tests:
  /Users/leeyi/project/imboy.pub/imboyapp/test/unit_test/page/settings/e2ee_backup_export_page_widget_test.dart: 迟到的旧剪贴板读取不能清空新复制的恢复密钥
