00:00 +0: loading /Users/leeyi/project/imboy.pub/imboyapp/test/unit_test/page/settings/e2ee_backup_import_reentry_test.dart
00:00 +0: 同一帧重复云端恢复只打开一个确认框
══╡ EXCEPTION CAUGHT BY FLUTTER TEST FRAMEWORK ╞════════════════════════════════════════════════════
The following StateError was thrown running a test:
Bad state: No element

When the exception was thrown, this was the stack:
#0      Iterable.last (dart:core/iterable.dart:679:7)
#1      _LastFinderMixin.filter (package:flutter_test/src/finders.dart:1410:28)
#3      _AncestorFinderMixin.allCandidates (package:flutter_test/src/finders.dart:1857:49)
#4      FinderBase.evaluate (package:flutter_test/src/finders.dart:1030:76)
#5      WidgetController.widgetList (package:flutter_test/src/controller.dart:848:19)
#6      WidgetController._maybeViewOf (package:flutter_test/src/controller.dart:795:34)
#7      WidgetController.tap (package:flutter_test/src/controller.dart:1078:31)
#8      _cancelCloudPrompts (file:///Users/leeyi/project/imboy.pub/imboyapp/test/unit_test/page/settings/e2ee_backup_import_reentry_test.dart:260:18)
<asynchronous suspension>
#9      main.<anonymous closure> (file:///Users/leeyi/project/imboy.pub/imboyapp/test/unit_test/page/settings/e2ee_backup_import_reentry_test.dart:98:5)
<asynchronous suspension>
#10     testWidgets.<anonymous closure>.<anonymous closure> (package:flutter_test/src/widget_tester.dart:192:15)
<asynchronous suspension>
#11     TestWidgetsFlutterBinding._runTestBody (package:flutter_test/src/binding.dart:1953:5)
<asynchronous suspension>
<asynchronous suspension>
(elided 2 frames from dart:async-patch and package:stack_trace)

The test description was:
  同一帧重复云端恢复只打开一个确认框
════════════════════════════════════════════════════════════════════════════════════════════════════
00:00 +0 -1: 同一帧重复云端恢复只打开一个确认框 [E]
  Test failed. See exception logs above.
  The test description was: 同一帧重复云端恢复只打开一个确认框
  
00:00 +0 -1: 取消云端恢复确认后可以重新打开
══╡ EXCEPTION CAUGHT BY FLUTTER TEST FRAMEWORK ╞════════════════════════════════════════════════════
The following StateError was thrown running a test:
Bad state: No element

When the exception was thrown, this was the stack:
#0      Iterable.last (dart:core/iterable.dart:679:7)
#1      _LastFinderMixin.filter (package:flutter_test/src/finders.dart:1410:28)
#3      _AncestorFinderMixin.allCandidates (package:flutter_test/src/finders.dart:1857:49)
#4      FinderBase.evaluate (package:flutter_test/src/finders.dart:1030:76)
#5      WidgetController.widgetList (package:flutter_test/src/controller.dart:848:19)
#6      WidgetController._maybeViewOf (package:flutter_test/src/controller.dart:795:34)
#7      WidgetController.tap (package:flutter_test/src/controller.dart:1078:31)
#8      _cancelCloudPrompts (file:///Users/leeyi/project/imboy.pub/imboyapp/test/unit_test/page/settings/e2ee_backup_import_reentry_test.dart:260:18)
<asynchronous suspension>
#9      main.<anonymous closure> (file:///Users/leeyi/project/imboy.pub/imboyapp/test/unit_test/page/settings/e2ee_backup_import_reentry_test.dart:111:7)
<asynchronous suspension>
#10     testWidgets.<anonymous closure>.<anonymous closure> (package:flutter_test/src/widget_tester.dart:192:15)
<asynchronous suspension>
#11     TestWidgetsFlutterBinding._runTestBody (package:flutter_test/src/binding.dart:1953:5)
<asynchronous suspension>
<asynchronous suspension>
(elided 2 frames from dart:async-patch and package:stack_trace)

The test description was:
  取消云端恢复确认后可以重新打开
════════════════════════════════════════════════════════════════════════════════════════════════════
00:01 +0 -2: 取消云端恢复确认后可以重新打开 [E]
  Test failed. See exception logs above.
  The test description was: 取消云端恢复确认后可以重新打开
  
00:01 +0 -2: 云端解密等待期间关闭页面不开始写入恢复密钥
00:01 +1 -2: 本地恢复等待期间不能弹出云端恢复确认框
[E2EEBackupImport] 导入备份失败: errType=ArgumentError
00:01 +2 -2: 云端恢复等待期间不能启动本地恢复
00:01 +3 -2: 解密等待期间关闭页面不开始写入恢复密钥
00:01 +4 -2: 同一帧重复导入只启动一次解密
[E2EEBackupImport] 导入备份失败: errType=ArgumentError
00:01 +5 -2: 导入失败后仍可再次发起导入
[E2EEBackupImport] 导入备份失败: errType=ArgumentError
[E2EEBackupImport] 导入备份失败: errType=ArgumentError
00:01 +6 -2: Some tests failed.

Failing tests:
  /Users/leeyi/project/imboy.pub/imboyapp/test/unit_test/page/settings/e2ee_backup_import_reentry_test.dart: 取消云端恢复确认后可以重新打开
  /Users/leeyi/project/imboy.pub/imboyapp/test/unit_test/page/settings/e2ee_backup_import_reentry_test.dart: 同一帧重复云端恢复只打开一个确认框
