00:00 +0: loading /Users/leeyi/project/imboy.pub/imboyapp/test/unit_test/page/settings/e2ee_backup_import_page_widget_test.dart
00:00 +0: 文件校验失败前关闭页面不更新界面
[E2EEBackupImport] 校验备份文件失败: Invalid argument(s): 文件格式无效：文件过小
══╡ EXCEPTION CAUGHT BY FLUTTER TEST FRAMEWORK ╞════════════════════════════════════════════════════
The following assertion was thrown running a test:
setState() called after dispose(): _E2EEBackupImportPageState#94e56(lifecycle state: defunct, not
mounted)
This error happens if you call setState() on a State object for a widget that no longer appears in
the widget tree (e.g., whose parent widget no longer includes the widget in its build). This error
can occur when code calls setState() from a timer, from an animation callback, or after an
asynchronous operation (such as an awaited network request or other Future) completes after the
widget has been removed from the tree.
The preferred solution is to cancel the timer or stop listening to the animation in the dispose()
callback. Another solution is to check the "mounted" property of this object before calling
setState() to ensure the object is still in the tree.
This error might indicate a memory leak if setState() is being called because another object is
retaining a reference to this State object after it has been removed from the tree. To avoid memory
leaks, consider breaking the reference to this object during dispose().

When the exception was thrown, this was the stack:
#0      State.setState.<anonymous closure> (package:flutter/src/widgets/framework.dart:1163:9)
#1      State.setState (package:flutter/src/widgets/framework.dart:1200:6)
#2      _E2EEBackupImportPageState._verifyFile (package:imboy/page/settings/e2ee_backup_import_page.dart:634:7)
<asynchronous suspension>

The test description was:
  文件校验失败前关闭页面不更新界面
════════════════════════════════════════════════════════════════════════════════════════════════════
00:00 +0 -1: 文件校验失败前关闭页面不更新界面 [E]
  Test failed. See exception logs above.
  The test description was: 文件校验失败前关闭页面不更新界面
  
00:00 +0 -1: 文件校验成功前关闭页面不更新界面
[E2EEBackupImport] 校验备份文件失败: setState() called after dispose(): _E2EEBackupImportPageState#bfcb9(lifecycle state: defunct, not mounted)
This error happens if you call setState() on a State object for a widget that no longer appears in the widget tree (e.g., whose parent widget no longer includes the widget in its build). This error can occur when code calls setState() from a timer, from an animation callback, or after an asynchronous operation (such as an awaited network request or other Future) completes after the widget has been removed from the tree.
The preferred solution is to cancel the timer or stop listening to the animation in the dispose() callback. Another solution is to check the "mounted" property of this object before calling setState() to ensure the object is still in the tree.
This error might indicate a memory leak if setState() is being called because another object is retaining a reference to this State object after it has been removed from the tree. To avoid memory leaks, consider breaking the reference to this object during dispose().
══╡ EXCEPTION CAUGHT BY FLUTTER TEST FRAMEWORK ╞════════════════════════════════════════════════════
The following assertion was thrown running a test:
setState() called after dispose(): _E2EEBackupImportPageState#bfcb9(lifecycle state: defunct, not
mounted)
This error happens if you call setState() on a State object for a widget that no longer appears in
the widget tree (e.g., whose parent widget no longer includes the widget in its build). This error
can occur when code calls setState() from a timer, from an animation callback, or after an
asynchronous operation (such as an awaited network request or other Future) completes after the
widget has been removed from the tree.
The preferred solution is to cancel the timer or stop listening to the animation in the dispose()
callback. Another solution is to check the "mounted" property of this object before calling
setState() to ensure the object is still in the tree.
This error might indicate a memory leak if setState() is being called because another object is
retaining a reference to this State object after it has been removed from the tree. To avoid memory
leaks, consider breaking the reference to this object during dispose().

When the exception was thrown, this was the stack:
#0      State.setState.<anonymous closure> (package:flutter/src/widgets/framework.dart:1163:9)
#1      State.setState (package:flutter/src/widgets/framework.dart:1200:6)
#2      _E2EEBackupImportPageState._verifyFile (package:imboy/page/settings/e2ee_backup_import_page.dart:634:7)
<asynchronous suspension>

The test description was:
  文件校验成功前关闭页面不更新界面
════════════════════════════════════════════════════════════════════════════════════════════════════
00:00 +0 -2: 文件校验成功前关闭页面不更新界面 [E]
  Test failed. See exception logs above.
  The test description was: 文件校验成功前关闭页面不更新界面
  
00:00 +0 -2: Some tests failed.

Failing tests:
  /Users/leeyi/project/imboy.pub/imboyapp/test/unit_test/page/settings/e2ee_backup_import_page_widget_test.dart: 文件校验失败前关闭页面不更新界面
  /Users/leeyi/project/imboy.pub/imboyapp/test/unit_test/page/settings/e2ee_backup_import_page_widget_test.dart: 文件校验成功前关闭页面不更新界面
