........................................................................................................................................................................................................................................shard blocked: TARGET_MANIFEST_INVALID
.shard blocked: TARGET_MANIFEST_INVALID
shard blocked: TARGET_MANIFEST_INVALID
shard blocked: TARGET_MANIFEST_INVALID
shard blocked: TARGET_MANIFEST_INVALID
shard blocked: TARGET_MANIFEST_INVALID
shard blocked: TARGET_MANIFEST_INVALID
shard blocked: TARGET_MANIFEST_INVALID
...shard blocked: TARGET_MANIFEST_INVALID
shard blocked: TARGET_MANIFEST_INVALID
shard blocked: TARGET_MANIFEST_INVALID
shard blocked: TARGET_MANIFEST_INVALID
shard blocked: TARGET_MANIFEST_INVALID
shard blocked: TARGET_MANIFEST_INVALID
shard blocked: TARGET_MANIFEST_INVALID
shard blocked: TARGET_MANIFEST_INVALID
................................................................................ERROR: ACCEPTANCE_CHECK_CANNOT_WRITE_LEDGERS
..............................................................................................................................
----------------------------------------------------------------------
Ran 442 tests in 13.946s

OK
[AI_SCREENSHOT] first checkpoint
AI_SCREENSHOT_SAVED: /var/folders/8m/wbjj0qmn4ml0mgn56wm56j2m0000gn/T/tmp9u6bv3o4/01_first_checkpoint.png
some log line
[AI_SCREENSHOT] second checkpoint
AI_SCREENSHOT_SAVED: /var/folders/8m/wbjj0qmn4ml0mgn56wm56j2m0000gn/T/tmp9u6bv3o4/02_second_checkpoint.png
截图数: 2
