00:00 +0: loading /Users/leeyi/project/imboy.pub/imboyapp/test/unit_test/store/repository/message_fts_session_test.dart
00:00 +0: FTS lookup session changed=false
message_repo/update msg_c2c ;
清除缓存: msg_c2c, 移除了 0 个缓存条目
00:00 +1: FTS lookup session changed=true
message_repo/update msg_c2c ;
清除缓存: msg_c2c, 移除了 0 个缓存条目
00:00 +1 -1: FTS lookup session changed=true [E]
  Expected: <0>
    Actual: <2>
  
  package:matcher                                                       expect
  package:flutter_test/src/widget_tester.dart 473:18                    expect
  test/unit_test/store/repository/message_fts_session_test.dart 137:11  main.<fn>
  
00:00 +1 -1: FTS delete session changed=false
00:00 +2 -1: FTS delete session changed=true
00:00 +2 -2: FTS delete session changed=true [E]
  Expected: <1>
    Actual: <2>
  
  package:matcher                                                       expect
  package:flutter_test/src/widget_tester.dart 473:18                    expect
  test/unit_test/store/repository/message_fts_session_test.dart 137:11  main.<fn>
  
00:00 +2 -2: Some tests failed.

Failing tests:
  /Users/leeyi/project/imboy.pub/imboyapp/test/unit_test/store/repository/message_fts_session_test.dart: FTS delete session changed=true
  /Users/leeyi/project/imboy.pub/imboyapp/test/unit_test/store/repository/message_fts_session_test.dart: FTS lookup session changed=true
