00:00 +0: loading /Users/leeyi/project/imboy.pub/imboyapp/test/unit_test/store/repository/message_fts_update_order_test.dart
00:00 +0: FTS update order C2C success
message_repo/update msg_c2c ;
[38;5;208m┌───────────────────────────────────────────────────────────────────────────────────────────────────────────────────────[0m
[38;5;208m│ #0   AppLogger.warning (package:imboy/service/app_logger.dart:101:20)[0m
[38;5;208m│ #1   SqliteService.update.<anonymous closure>.<anonymous closure> (package:imboy/service/sqlite.dart:750:29)[0m
[38;5;208m├┄┄┄┄┄┄┄┄┄┄┄┄┄┄┄┄┄┄┄┄┄┄┄┄┄┄┄┄┄┄┄┄┄┄┄┄┄┄┄┄┄┄┄┄┄┄┄┄┄┄┄┄┄┄┄┄┄┄┄┄┄┄┄┄┄┄┄┄┄┄┄┄┄┄┄┄┄┄┄┄┄┄┄┄┄┄┄┄┄┄┄┄┄┄┄┄┄┄┄┄┄┄┄┄┄┄┄┄┄┄┄┄┄┄┄┄┄┄┄[0m
[38;5;208m│ ⚠️ Update timeout: table=msg_c2c, where=id = ?[0m
[38;5;208m└───────────────────────────────────────────────────────────────────────────────────────────────────────────────────────[0m
00:05 +0 -1: FTS update order C2C success [E]
  Expected: empty
    Actual: [
              {
                'id': 'synthetic-order',
                'conversation_uk3': 'synthetic',
                'text_content': 'oldword'
              }
            ]
  
  package:matcher                                                            expect
  package:flutter_test/src/widget_tester.dart 473:18                         expect
  test/unit_test/store/repository/message_fts_update_order_test.dart 127:11  main.<fn>
  
00:05 +0 -1: FTS update order C2C missing
message_repo/update msg_c2c ;
[38;5;208m┌───────────────────────────────────────────────────────────────────────────────────────────────────────────────────────[0m
[38;5;208m│ #0   AppLogger.warning (package:imboy/service/app_logger.dart:101:20)[0m
[38;5;208m│ #1   SqliteService.update.<anonymous closure>.<anonymous closure> (package:imboy/service/sqlite.dart:750:29)[0m
[38;5;208m├┄┄┄┄┄┄┄┄┄┄┄┄┄┄┄┄┄┄┄┄┄┄┄┄┄┄┄┄┄┄┄┄┄┄┄┄┄┄┄┄┄┄┄┄┄┄┄┄┄┄┄┄┄┄┄┄┄┄┄┄┄┄┄┄┄┄┄┄┄┄┄┄┄┄┄┄┄┄┄┄┄┄┄┄┄┄┄┄┄┄┄┄┄┄┄┄┄┄┄┄┄┄┄┄┄┄┄┄┄┄┄┄┄┄┄┄┄┄┄[0m
[38;5;208m│ ⚠️ Update timeout: table=msg_c2c, where=id = ?[0m
[38;5;208m└───────────────────────────────────────────────────────────────────────────────────────────────────────────────────────[0m
00:10 +0 -2: FTS update order C2C missing [E]
  Expected: empty
    Actual: [
              {
                'id': 'synthetic-order',
                'conversation_uk3': 'synthetic',
                'text_content': 'oldword'
              }
            ]
  
  package:matcher                                                            expect
  package:flutter_test/src/widget_tester.dart 473:18                         expect
  test/unit_test/store/repository/message_fts_update_order_test.dart 127:11  main.<fn>
  
00:10 +0 -2: FTS update order C2C failure
message_repo/update msg_c2c ;
[38;5;208m┌───────────────────────────────────────────────────────────────────────────────────────────────────────────────────────[0m
[38;5;208m│ #0   AppLogger.warning (package:imboy/service/app_logger.dart:101:20)[0m
[38;5;208m│ #1   SqliteService.update.<anonymous closure>.<anonymous closure> (package:imboy/service/sqlite.dart:750:29)[0m
[38;5;208m├┄┄┄┄┄┄┄┄┄┄┄┄┄┄┄┄┄┄┄┄┄┄┄┄┄┄┄┄┄┄┄┄┄┄┄┄┄┄┄┄┄┄┄┄┄┄┄┄┄┄┄┄┄┄┄┄┄┄┄┄┄┄┄┄┄┄┄┄┄┄┄┄┄┄┄┄┄┄┄┄┄┄┄┄┄┄┄┄┄┄┄┄┄┄┄┄┄┄┄┄┄┄┄┄┄┄┄┄┄┄┄┄┄┄┄┄┄┄┄[0m
[38;5;208m│ ⚠️ Update timeout: table=msg_c2c, where=id = ?[0m
[38;5;208m└───────────────────────────────────────────────────────────────────────────────────────────────────────────────────────[0m
00:15 +0 -3: FTS update order C2C failure [E]
  Expected: empty
    Actual: [
              {
                'id': 'synthetic-order',
                'conversation_uk3': 'synthetic',
                'text_content': 'oldword'
              }
            ]
  
  package:matcher                                                            expect
  package:flutter_test/src/widget_tester.dart 473:18                         expect
  test/unit_test/store/repository/message_fts_update_order_test.dart 127:11  main.<fn>
  
00:15 +0 -3: FTS update order C2C stale
message_repo/update msg_c2c ;
[38;5;208m┌───────────────────────────────────────────────────────────────────────────────────────────────────────────────────────[0m
[38;5;208m│ #0   AppLogger.warning (package:imboy/service/app_logger.dart:101:20)[0m
[38;5;208m│ #1   SqliteService.update.<anonymous closure>.<anonymous closure> (package:imboy/service/sqlite.dart:750:29)[0m
[38;5;208m├┄┄┄┄┄┄┄┄┄┄┄┄┄┄┄┄┄┄┄┄┄┄┄┄┄┄┄┄┄┄┄┄┄┄┄┄┄┄┄┄┄┄┄┄┄┄┄┄┄┄┄┄┄┄┄┄┄┄┄┄┄┄┄┄┄┄┄┄┄┄┄┄┄┄┄┄┄┄┄┄┄┄┄┄┄┄┄┄┄┄┄┄┄┄┄┄┄┄┄┄┄┄┄┄┄┄┄┄┄┄┄┄┄┄┄┄┄┄┄[0m
[38;5;208m│ ⚠️ Update timeout: table=msg_c2c, where=id = ?[0m
[38;5;208m└───────────────────────────────────────────────────────────────────────────────────────────────────────────────────────[0m
00:20 +0 -4: FTS update order C2C stale [E]
  Expected: empty
    Actual: [
              {
                'id': 'synthetic-order',
                'conversation_uk3': 'synthetic',
                'text_content': 'oldword'
              }
            ]
  
  package:matcher                                                            expect
  package:flutter_test/src/widget_tester.dart 473:18                         expect
  test/unit_test/store/repository/message_fts_update_order_test.dart 127:11  main.<fn>
  
00:20 +0 -4: FTS update order C2G success
message_repo/update msg_c2g ;
[38;5;208m┌───────────────────────────────────────────────────────────────────────────────────────────────────────────────────────[0m
[38;5;208m│ #0   AppLogger.warning (package:imboy/service/app_logger.dart:101:20)[0m
[38;5;208m│ #1   SqliteService.update.<anonymous closure>.<anonymous closure> (package:imboy/service/sqlite.dart:750:29)[0m
[38;5;208m├┄┄┄┄┄┄┄┄┄┄┄┄┄┄┄┄┄┄┄┄┄┄┄┄┄┄┄┄┄┄┄┄┄┄┄┄┄┄┄┄┄┄┄┄┄┄┄┄┄┄┄┄┄┄┄┄┄┄┄┄┄┄┄┄┄┄┄┄┄┄┄┄┄┄┄┄┄┄┄┄┄┄┄┄┄┄┄┄┄┄┄┄┄┄┄┄┄┄┄┄┄┄┄┄┄┄┄┄┄┄┄┄┄┄┄┄┄┄┄[0m
[38;5;208m│ ⚠️ Update timeout: table=msg_c2g, where=id = ?[0m
[38;5;208m└───────────────────────────────────────────────────────────────────────────────────────────────────────────────────────[0m
00:25 +0 -5: FTS update order C2G success [E]
  Expected: empty
    Actual: [
              {
                'id': 'synthetic-order',
                'conversation_uk3': 'synthetic',
                'text_content': 'oldword'
              }
            ]
  
  package:matcher                                                            expect
  package:flutter_test/src/widget_tester.dart 473:18                         expect
  test/unit_test/store/repository/message_fts_update_order_test.dart 127:11  main.<fn>
  
00:25 +0 -5: FTS update order C2G missing
message_repo/update msg_c2g ;
[38;5;208m┌───────────────────────────────────────────────────────────────────────────────────────────────────────────────────────[0m
[38;5;208m│ #0   AppLogger.warning (package:imboy/service/app_logger.dart:101:20)[0m
[38;5;208m│ #1   SqliteService.update.<anonymous closure>.<anonymous closure> (package:imboy/service/sqlite.dart:750:29)[0m
[38;5;208m├┄┄┄┄┄┄┄┄┄┄┄┄┄┄┄┄┄┄┄┄┄┄┄┄┄┄┄┄┄┄┄┄┄┄┄┄┄┄┄┄┄┄┄┄┄┄┄┄┄┄┄┄┄┄┄┄┄┄┄┄┄┄┄┄┄┄┄┄┄┄┄┄┄┄┄┄┄┄┄┄┄┄┄┄┄┄┄┄┄┄┄┄┄┄┄┄┄┄┄┄┄┄┄┄┄┄┄┄┄┄┄┄┄┄┄┄┄┄┄[0m
[38;5;208m│ ⚠️ Update timeout: table=msg_c2g, where=id = ?[0m
[38;5;208m└───────────────────────────────────────────────────────────────────────────────────────────────────────────────────────[0m
00:30 +0 -6: FTS update order C2G missing [E]
  Expected: empty
    Actual: [
              {
                'id': 'synthetic-order',
                'conversation_uk3': 'synthetic',
                'text_content': 'oldword'
              }
            ]
  
  package:matcher                                                            expect
  package:flutter_test/src/widget_tester.dart 473:18                         expect
  test/unit_test/store/repository/message_fts_update_order_test.dart 127:11  main.<fn>
  
00:30 +0 -6: FTS update order C2G failure
message_repo/update msg_c2g ;
[38;5;208m┌───────────────────────────────────────────────────────────────────────────────────────────────────────────────────────[0m
[38;5;208m│ #0   AppLogger.warning (package:imboy/service/app_logger.dart:101:20)[0m
[38;5;208m│ #1   SqliteService.update.<anonymous closure>.<anonymous closure> (package:imboy/service/sqlite.dart:750:29)[0m
[38;5;208m├┄┄┄┄┄┄┄┄┄┄┄┄┄┄┄┄┄┄┄┄┄┄┄┄┄┄┄┄┄┄┄┄┄┄┄┄┄┄┄┄┄┄┄┄┄┄┄┄┄┄┄┄┄┄┄┄┄┄┄┄┄┄┄┄┄┄┄┄┄┄┄┄┄┄┄┄┄┄┄┄┄┄┄┄┄┄┄┄┄┄┄┄┄┄┄┄┄┄┄┄┄┄┄┄┄┄┄┄┄┄┄┄┄┄┄┄┄┄┄[0m
[38;5;208m│ ⚠️ Update timeout: table=msg_c2g, where=id = ?[0m
[38;5;208m└───────────────────────────────────────────────────────────────────────────────────────────────────────────────────────[0m
00:35 +0 -7: FTS update order C2G failure [E]
  Expected: empty
    Actual: [
              {
                'id': 'synthetic-order',
                'conversation_uk3': 'synthetic',
                'text_content': 'oldword'
              }
            ]
  
  package:matcher                                                            expect
  package:flutter_test/src/widget_tester.dart 473:18                         expect
  test/unit_test/store/repository/message_fts_update_order_test.dart 127:11  main.<fn>
  
00:35 +0 -7: FTS update order C2G stale
message_repo/update msg_c2g ;
[38;5;208m┌───────────────────────────────────────────────────────────────────────────────────────────────────────────────────────[0m
[38;5;208m│ #0   AppLogger.warning (package:imboy/service/app_logger.dart:101:20)[0m
[38;5;208m│ #1   SqliteService.update.<anonymous closure>.<anonymous closure> (package:imboy/service/sqlite.dart:750:29)[0m
[38;5;208m├┄┄┄┄┄┄┄┄┄┄┄┄┄┄┄┄┄┄┄┄┄┄┄┄┄┄┄┄┄┄┄┄┄┄┄┄┄┄┄┄┄┄┄┄┄┄┄┄┄┄┄┄┄┄┄┄┄┄┄┄┄┄┄┄┄┄┄┄┄┄┄┄┄┄┄┄┄┄┄┄┄┄┄┄┄┄┄┄┄┄┄┄┄┄┄┄┄┄┄┄┄┄┄┄┄┄┄┄┄┄┄┄┄┄┄┄┄┄┄[0m
[38;5;208m│ ⚠️ Update timeout: table=msg_c2g, where=id = ?[0m
[38;5;208m└───────────────────────────────────────────────────────────────────────────────────────────────────────────────────────[0m
00:40 +0 -8: FTS update order C2G stale [E]
  Expected: empty
    Actual: [
              {
                'id': 'synthetic-order',
                'conversation_uk3': 'synthetic',
                'text_content': 'oldword'
              }
            ]
  
  package:matcher                                                            expect
  package:flutter_test/src/widget_tester.dart 473:18                         expect
  test/unit_test/store/repository/message_fts_update_order_test.dart 127:11  main.<fn>
  
00:40 +0 -8: Some tests failed.

Failing tests:
  /Users/leeyi/project/imboy.pub/imboyapp/test/unit_test/store/repository/message_fts_update_order_test.dart: FTS update order C2C failure
  /Users/leeyi/project/imboy.pub/imboyapp/test/unit_test/store/repository/message_fts_update_order_test.dart: FTS update order C2C missing
  /Users/leeyi/project/imboy.pub/imboyapp/test/unit_test/store/repository/message_fts_update_order_test.dart: FTS update order C2C stale
  /Users/leeyi/project/imboy.pub/imboyapp/test/unit_test/store/repository/message_fts_update_order_test.dart: FTS update order C2C success
  ... and 4 more
