=WARNING REPORT==== 4-Oct-2026::00:41:07.710478 ===
    error: [{gen_server,call,2,[{file,"gen_server.erl"},{line,1221}]},
            {metrics_handler,collect_system_metrics,0,
                             [{file,"src/api/metrics_handler.erl"},
                              {line,106}]},
            {metrics_handler,fetch_metrics,0,
                             [{file,"src/api/metrics_handler.erl"},{line,87}]},
            {metrics_handler,serve_metrics,2,
                             [{file,"src/api/metrics_handler.erl"},{line,56}]},
            {erl_eval,do_apply,7,[{file,"erl_eval.erl"},{line,1044}]},
            {erl_eval,expr,6,[{file,"erl_eval.erl"},{line,792}]},
            {erl_eval,exprs,6,[{file,"erl_eval.erl"},{line,276}]},
            {init,start_it,1,[]}]
    event: metrics_pool_stats_failed
=WARNING REPORT==== 4-Oct-2026::00:41:07.726536 ===
    error: [{ets,lookup,
                 [syn_table_names,{syn_registry_by_name,imboy}],
                 [{error_info,#{cause => id,module => erl_stdlib_errors}}]},
            {syn_backbone,get_table_name,2,
                          [{file,"src/syn_backbone.erl"},{line,76}]},
            {syn_registry,count,1,[{file,"src/syn_registry.erl"},{line,192}]},
            {metrics_handler,collect_system_metrics,0,
                             [{file,"src/api/metrics_handler.erl"},
                              {line,119}]},
            {metrics_handler,fetch_metrics,0,
                             [{file,"src/api/metrics_handler.erl"},{line,87}]},
            {metrics_handler,serve_metrics,2,
                             [{file,"src/api/metrics_handler.erl"},{line,56}]},
            {erl_eval,do_apply,7,[{file,"erl_eval.erl"},{line,1044}]},
            {erl_eval,expr,6,[{file,"erl_eval.erl"},{line,792}]}]
    event: metrics_syn_count_failed
=WARNING REPORT==== 4-Oct-2026::00:41:07.728048 ===
    error: [{ets,lookup_element,
                 [ranch_server,{listener_sup,imboy_listener},2],
                 [{error_info,#{cause => id,module => erl_stdlib_errors}}]},
            {ranch_server,get_listener_sup,1,
                          [{file,"src/ranch_server.erl"},{line,122}]},
            {ranch,info,1,[{file,"src/ranch.erl"},{line,464}]},
            {metrics_handler,collect_system_metrics,0,
                             [{file,"src/api/metrics_handler.erl"},
                              {line,128}]},
            {metrics_handler,fetch_metrics,0,
                             [{file,"src/api/metrics_handler.erl"},{line,87}]},
            {metrics_handler,serve_metrics,2,
                             [{file,"src/api/metrics_handler.erl"},{line,56}]},
            {erl_eval,do_apply,7,[{file,"erl_eval.erl"},{line,1044}]},
            {erl_eval,expr,6,[{file,"erl_eval.erl"},{line,792}]}]
    event: metrics_ranch_info_failed
