00:00 +0: loading /Users/leeyi/project/imboy.pub/imboyapp/test/unit_test/page/mention/mention_list_page_test.dart
00:00 +0: /Users/leeyi/project/imboy.pub/imboyapp/test/unit_test/page/mention/mention_list_page_test.dart: MentionListPage 失败态（d2749ea4 回归） 拉取失败渲染"加载失败 + 重试"，而不是"暂无提及"
00:00 +1: /Users/leeyi/project/imboy.pub/imboyapp/test/unit_test/page/mention/mention_refresh_order_test.dart: new mention refresh rejects late pagination result
00:00 +2: /Users/leeyi/project/imboy.pub/imboyapp/test/unit_test/page/mention/mention_refresh_order_test.dart: new mention refresh rejects late pagination result
00:00 +3: /Users/leeyi/project/imboy.pub/imboyapp/test/unit_test/page/mention/mention_time_units_test.dart: mention time seconds-int now
00:00 +4: /Users/leeyi/project/imboy.pub/imboyapp/test/unit_test/page/mention/mention_time_units_test.dart: mention time seconds-int now
00:00 +5: /Users/leeyi/project/imboy.pub/imboyapp/test/unit_test/page/mention/mention_time_units_test.dart: mention time seconds-int now
00:00 +6: /Users/leeyi/project/imboy.pub/imboyapp/test/unit_test/page/mention/mention_time_units_test.dart: mention time seconds-int now
00:00 +7: /Users/leeyi/project/imboy.pub/imboyapp/test/unit_test/page/mention/mention_time_units_test.dart: mention time seconds-int now
00:00 +8: /Users/leeyi/project/imboy.pub/imboyapp/test/unit_test/page/mention/mention_time_units_test.dart: mention time seconds-int now
00:00 +9: /Users/leeyi/project/imboy.pub/imboyapp/test/unit_test/page/mention/mention_time_units_test.dart: mention time seconds-int now
00:00 +10: /Users/leeyi/project/imboy.pub/imboyapp/test/unit_test/page/mention/mention_time_units_test.dart: mention time seconds-int now
00:00 +11: /Users/leeyi/project/imboy.pub/imboyapp/test/unit_test/page/mention/mention_pagination_retry_test.dart: failed mention page retries the same page without skipping
00:00 +12: /Users/leeyi/project/imboy.pub/imboyapp/test/unit_test/page/mention/mention_pagination_retry_test.dart: failed mention page retries the same page without skipping
00:00 +13: /Users/leeyi/project/imboy.pub/imboyapp/test/unit_test/page/mention/mention_pagination_retry_test.dart: failed mention page retries the same page without skipping
00:00 +14: /Users/leeyi/project/imboy.pub/imboyapp/test/unit_test/page/mention/mention_pagination_retry_test.dart: failed mention page retries the same page without skipping
00:00 +15: /Users/leeyi/project/imboy.pub/imboyapp/test/unit_test/page/mention/mention_pagination_retry_test.dart: failed mention page retries the same page without skipping
00:00 +16: /Users/leeyi/project/imboy.pub/imboyapp/test/unit_test/page/mention/mention_pagination_retry_test.dart: failed mention page retries the same page without skipping
00:00 +17: /Users/leeyi/project/imboy.pub/imboyapp/test/unit_test/page/mention/mention_pagination_retry_test.dart: failed mention page retries the same page without skipping
00:00 +18: /Users/leeyi/project/imboy.pub/imboyapp/test/unit_test/page/mention/mention_pagination_retry_test.dart: failed mention page retries the same page without skipping
00:00 +19: /Users/leeyi/project/imboy.pub/imboyapp/test/unit_test/page/mention/mention_pagination_retry_test.dart: failed mention page retries the same page without skipping
00:00 +20: /Users/leeyi/project/imboy.pub/imboyapp/test/unit_test/page/mention/mention_pagination_retry_test.dart: failed mention page retries the same page without skipping
00:01 +21: /Users/leeyi/project/imboy.pub/imboyapp/test/unit_test/page/mention/mention_pagination_retry_test.dart: failed mention page retries the same page without skipping
00:01 +22: /Users/leeyi/project/imboy.pub/imboyapp/test/unit_test/page/mention/mention_pagination_retry_test.dart: failed mention page retries the same page without skipping
00:01 +23: /Users/leeyi/project/imboy.pub/imboyapp/test/unit_test/page/mention/mention_pagination_retry_test.dart: failed mention page retries the same page without skipping
00:01 +24: /Users/leeyi/project/imboy.pub/imboyapp/test/unit_test/page/mention/mention_pagination_retry_test.dart: failed mention page retries the same page without skipping
00:01 +25: /Users/leeyi/project/imboy.pub/imboyapp/test/unit_test/page/mention/mention_pagination_retry_test.dart: failed mention page retries the same page without skipping
00:01 +26: /Users/leeyi/project/imboy.pub/imboyapp/test/unit_test/page/mention/mention_pagination_retry_test.dart: failed mention page retries the same page without skipping
00:01 +27: /Users/leeyi/project/imboy.pub/imboyapp/test/unit_test/page/mention/mention_pagination_retry_test.dart: failed mention page retries the same page without skipping
00:01 +28: /Users/leeyi/project/imboy.pub/imboyapp/test/unit_test/page/mention/mention_pagination_retry_test.dart: failed mention page retries the same page without skipping
00:01 +29: /Users/leeyi/project/imboy.pub/imboyapp/test/unit_test/page/mention/mention_pagination_retry_test.dart: failed mention page retries the same page without skipping
00:01 +30: /Users/leeyi/project/imboy.pub/imboyapp/test/unit_test/page/mention/mention_time_units_test.dart: mention time millis-string date
00:01 +31: /Users/leeyi/project/imboy.pub/imboyapp/test/unit_test/page/mention/mention_time_units_test.dart: invalid mention time null is blank and does not crash
00:01 +32: /Users/leeyi/project/imboy.pub/imboyapp/test/unit_test/page/mention/mention_time_units_test.dart: invalid mention time malformed is blank and does not crash
00:01 +33: /Users/leeyi/project/imboy.pub/imboyapp/test/unit_test/page/mention/mention_time_units_test.dart: invalid mention time -1 is blank and does not crash
00:01 +34: /Users/leeyi/project/imboy.pub/imboyapp/test/unit_test/page/mention/mention_time_units_test.dart: invalid mention time 0 is blank and does not crash
00:01 +35: /Users/leeyi/project/imboy.pub/imboyapp/test/unit_test/page/mention/mention_time_units_test.dart: invalid mention time 1.5 is blank and does not crash
00:01 +36: /Users/leeyi/project/imboy.pub/imboyapp/test/unit_test/page/mention/mention_time_units_test.dart: invalid mention time 999999999999999999 is blank and does not crash
00:01 +37: All tests passed!
