00:00 +0: loading /Users/leeyi/project/imboy.pub/imboyapp/test/unit_test/page/mention/mention_pagination_retry_test.dart
00:00 +0: failed mention page retries the same page without skipping
══╡ EXCEPTION CAUGHT BY FLUTTER TEST FRAMEWORK ╞════════════════════════════════════════════════════
The following TestFailure was thrown running a test:
Expected: [1, 2, 2]
  Actual: [1, 2, 3]
   Which: at location [2] is <3> instead of <2>

When the exception was thrown, this was the stack:
#4      main.<anonymous closure> (file:///Users/leeyi/project/imboy.pub/imboyapp/test/unit_test/page/mention/mention_pagination_retry_test.dart:74:5)
<asynchronous suspension>
#5      testWidgets.<anonymous closure>.<anonymous closure> (package:flutter_test/src/widget_tester.dart:192:15)
<asynchronous suspension>
#6      TestWidgetsFlutterBinding._runTestBody (package:flutter_test/src/binding.dart:1953:5)
<asynchronous suspension>
<asynchronous suspension>
(elided one frame from package:stack_trace)

This was caught by the test expectation on the following line:
  file:///Users/leeyi/project/imboy.pub/imboyapp/test/unit_test/page/mention/mention_pagination_retry_test.dart line 74
The test description was:
  failed mention page retries the same page without skipping
════════════════════════════════════════════════════════════════════════════════════════════════════
00:00 +0 -1: failed mention page retries the same page without skipping [E]
  Test failed. See exception logs above.
  The test description was: failed mention page retries the same page without skipping
  
00:00 +0 -1: Some tests failed.

Failing tests:
  /Users/leeyi/project/imboy.pub/imboyapp/test/unit_test/page/mention/mention_pagination_retry_test.dart: failed mention page retries the same page without skipping
