00:00 +0: loading /Users/leeyi/project/imboy.pub/imboyapp/test/unit_test/service/chat_network_session_test.dart
00:00 +0: group policy wait session changed=false
🧹 [QUEUE] 启动定期清理 Timer
ChatNetworkService.sendMessage: msgId=synthetic-policy-wait, type=C2G, action=
🔍 [RETRY_SCAN] 开始扫描失败消息...
消息加入重试队列: synthetic-policy-wait, type=C2G
ChatNetworkService.sendMessage已提交: synthetic-policy-wait
> ws: 消息已发送 (synthetic-policy-wait) [C2G/text/PLAIN] [136 bytes]
📊 [RETRY_SCAN] 扫描完成: 发现 0 条失败消息，添加 0 条到重试队列
🛑 [QUEUE] 停止定期清理 Timer
🧹 [QUEUE] 清空队列
00:00 +1: group policy wait session changed=true
ChatNetworkService.sendMessage: msgId=synthetic-policy-wait, type=C2G, action=
🔍 [RETRY_SCAN] 开始扫描失败消息...
消息加入重试队列: synthetic-policy-wait, type=C2G
ChatNetworkService.sendMessage已提交: synthetic-policy-wait
📊 [RETRY_SCAN] 扫描完成: 发现 0 条失败消息，添加 0 条到重试队列
🛑 [QUEUE] 停止定期清理 Timer
🧹 [QUEUE] 清空队列
00:00 +1 -1: group policy wait session changed=true [E]
  Expected: <false>
    Actual: <true>
  
  package:matcher                                              expect
  package:flutter_test/src/widget_tester.dart 473:18           expect
  test/unit_test/service/chat_network_session_test.dart 135:9  main.<fn>
  
00:00 +1 -1: Some tests failed.

Failing tests:
  /Users/leeyi/project/imboy.pub/imboyapp/test/unit_test/service/chat_network_session_test.dart: group policy wait session changed=true
