00:00 +0: loading /Users/leeyi/project/imboy.pub/imboyapp/test/organization/organization_home_page_widget_test.dart
00:00 +0: /Users/leeyi/project/imboy.pub/imboyapp/test/organization/organization_home_page_widget_test.dart: 迟到的旧刷新不得覆盖新组织列表及缓存
00:00 +1: /Users/leeyi/project/imboy.pub/imboyapp/test/organization/organization_home_page_widget_test.dart: 迟到的旧刷新不得覆盖新组织列表及缓存
00:00 +2: /Users/leeyi/project/imboy.pub/imboyapp/test/organization/organization_home_page_widget_test.dart: 迟到的旧刷新不得覆盖新组织列表及缓存
00:00 +3: /Users/leeyi/project/imboy.pub/imboyapp/test/organization/organization_home_page_widget_test.dart: 迟到的旧刷新不得覆盖新组织列表及缓存
00:00 +4: /Users/leeyi/project/imboy.pub/imboyapp/test/organization/organization_home_page_widget_test.dart: 迟到的旧刷新不得覆盖新组织列表及缓存
00:00 +5: /Users/leeyi/project/imboy.pub/imboyapp/test/organization/organization_home_page_widget_test.dart: 迟到的旧刷新不得覆盖新组织列表及缓存
00:00 +6: /Users/leeyi/project/imboy.pub/imboyapp/test/organization/organization_home_page_widget_test.dart: 迟到的旧刷新不得覆盖新组织列表及缓存
00:00 +7: /Users/leeyi/project/imboy.pub/imboyapp/test/organization/organization_home_page_widget_test.dart: 迟到的旧刷新不得覆盖新组织列表及缓存
*** Request ***
uri: http://127.0.0.1:9800/api/v1/organizations/mine?page=1&size=100
method: GET
responseType: ResponseType.json
followRedirects: true
persistentConnection: true
connectTimeout: 0:01:00.000000
sendTimeout: 0:01:00.000000
receiveTimeout: 0:01:00.000000
transformTimeout: null
receiveDataWhenStatusError: true
extra: {}

*** Request ***
uri: http://127.0.0.1:9800/api/v1/organizations/mine?page=1&size=100
method: GET
responseType: ResponseType.json
followRedirects: true
persistentConnection: true
connectTimeout: 0:01:00.000000
sendTimeout: 0:01:00.000000
receiveTimeout: 0:01:00.000000
transformTimeout: null
receiveDataWhenStatusError: true
extra: {}

*** Response ***
uri: http://127.0.0.1:9800/api/v1/organizations/mine?page=1&size=100

*** Request ***
uri: http://127.0.0.1:9800/api/v1/organizations/invitations/mine?limit=20&status=pending
method: GET
responseType: ResponseType.json
followRedirects: true
persistentConnection: true
connectTimeout: 0:01:00.000000
sendTimeout: 0:01:00.000000
receiveTimeout: 0:01:00.000000
transformTimeout: null
receiveDataWhenStatusError: true
extra: {}

*** Response ***
uri: http://127.0.0.1:9800/api/v1/organizations/invitations/mine?limit=20&status=pending

[HttpTransformer] payload type drift: expected Map, got List<dynamic> uri=/api/v1/organizations/invitations/mine
*** Response ***
uri: http://127.0.0.1:9800/api/v1/organizations/mine?page=1&size=100

00:00 +8: /Users/leeyi/project/imboy.pub/imboyapp/test/organization/organization_home_page_widget_test.dart: 旧邀请角标响应不得覆盖更新的计数
*** Request ***
uri: http://127.0.0.1:9800/api/v1/organizations/mine?page=1&size=100
method: GET
responseType: ResponseType.json
followRedirects: true
persistentConnection: true
connectTimeout: 0:01:00.000000
sendTimeout: 0:01:00.000000
receiveTimeout: 0:01:00.000000
transformTimeout: null
receiveDataWhenStatusError: true
extra: {}

*** Response ***
uri: http://127.0.0.1:9800/api/v1/organizations/mine?page=1&size=100

*** Request ***
uri: http://127.0.0.1:9800/api/v1/organizations/invitations/mine?limit=20&status=pending
method: GET
responseType: ResponseType.json
followRedirects: true
persistentConnection: true
connectTimeout: 0:01:00.000000
sendTimeout: 0:01:00.000000
receiveTimeout: 0:01:00.000000
transformTimeout: null
receiveDataWhenStatusError: true
extra: {}

*** Request ***
uri: http://127.0.0.1:9800/api/v1/organizations/mine?page=1&size=100
method: GET
responseType: ResponseType.json
followRedirects: true
persistentConnection: true
connectTimeout: 0:01:00.000000
sendTimeout: 0:01:00.000000
receiveTimeout: 0:01:00.000000
transformTimeout: null
receiveDataWhenStatusError: true
extra: {}

*** Response ***
uri: http://127.0.0.1:9800/api/v1/organizations/mine?page=1&size=100

*** Request ***
uri: http://127.0.0.1:9800/api/v1/organizations/invitations/mine?limit=20&status=pending
method: GET
responseType: ResponseType.json
followRedirects: true
persistentConnection: true
connectTimeout: 0:01:00.000000
sendTimeout: 0:01:00.000000
receiveTimeout: 0:01:00.000000
transformTimeout: null
receiveDataWhenStatusError: true
extra: {}

*** Response ***
uri: http://127.0.0.1:9800/api/v1/organizations/invitations/mine?limit=20&status=pending

*** Response ***
uri: http://127.0.0.1:9800/api/v1/organizations/invitations/mine?limit=20&status=pending

00:00 +9: /Users/leeyi/project/imboy.pub/imboyapp/test/organization/organization_home_page_widget_test.dart: 空态：未加入任何组织时展示引导文案
*** Request ***
uri: http://127.0.0.1:9800/api/v1/organizations/mine?page=1&size=100
method: GET
responseType: ResponseType.json
followRedirects: true
persistentConnection: true
connectTimeout: 0:01:00.000000
sendTimeout: 0:01:00.000000
receiveTimeout: 0:01:00.000000
transformTimeout: null
receiveDataWhenStatusError: true
extra: {}

*** Response ***
uri: http://127.0.0.1:9800/api/v1/organizations/mine?page=1&size=100

*** Request ***
uri: http://127.0.0.1:9800/api/v1/organizations/invitations/mine?limit=20&status=pending
method: GET
responseType: ResponseType.json
followRedirects: true
persistentConnection: true
connectTimeout: 0:01:00.000000
sendTimeout: 0:01:00.000000
receiveTimeout: 0:01:00.000000
transformTimeout: null
receiveDataWhenStatusError: true
extra: {}

*** Response ***
uri: http://127.0.0.1:9800/api/v1/organizations/invitations/mine?limit=20&status=pending

00:00 +10: /Users/leeyi/project/imboy.pub/imboyapp/test/organization/organization_home_page_widget_test.dart: 列表：archived 组织打标 + 成员角色展示
*** Request ***
uri: http://127.0.0.1:9800/api/v1/organizations/mine?page=1&size=100
method: GET
responseType: ResponseType.json
followRedirects: true
persistentConnection: true
connectTimeout: 0:01:00.000000
sendTimeout: 0:01:00.000000
receiveTimeout: 0:01:00.000000
transformTimeout: null
receiveDataWhenStatusError: true
extra: {}

*** Response ***
uri: http://127.0.0.1:9800/api/v1/organizations/mine?page=1&size=100

*** Request ***
uri: http://127.0.0.1:9800/api/v1/organizations/invitations/mine?limit=20&status=pending
method: GET
responseType: ResponseType.json
followRedirects: true
persistentConnection: true
connectTimeout: 0:01:00.000000
sendTimeout: 0:01:00.000000
receiveTimeout: 0:01:00.000000
transformTimeout: null
receiveDataWhenStatusError: true
extra: {}

*** Response ***
uri: http://127.0.0.1:9800/api/v1/organizations/invitations/mine?limit=20&status=pending

00:00 +11: /Users/leeyi/project/imboy.pub/imboyapp/test/organization/organization_home_page_widget_test.dart: error 态：服务端 500 展示失败与重试入口
*** Request ***
uri: http://127.0.0.1:9800/api/v1/organizations/mine?page=1&size=100
method: GET
responseType: ResponseType.json
followRedirects: true
persistentConnection: true
connectTimeout: 0:01:00.000000
sendTimeout: 0:01:00.000000
receiveTimeout: 0:01:00.000000
transformTimeout: null
receiveDataWhenStatusError: true
extra: {}

*** Response ***
uri: http://127.0.0.1:9800/api/v1/organizations/mine?page=1&size=100

handleResponse_response /api/v1/organizations/mine : false {"code":500,"msg":"boom"}; 
*** Request ***
uri: http://127.0.0.1:9800/api/v1/organizations/invitations/mine?limit=20&status=pending
method: GET
responseType: ResponseType.json
followRedirects: true
persistentConnection: true
connectTimeout: 0:01:00.000000
sendTimeout: 0:01:00.000000
receiveTimeout: 0:01:00.000000
transformTimeout: null
receiveDataWhenStatusError: true
extra: {}

*** Response ***
uri: http://127.0.0.1:9800/api/v1/organizations/invitations/mine?limit=20&status=pending

handleResponse_response /api/v1/organizations/invitations/mine : false {"code":500,"msg":"boom"}; 
00:00 +12: All tests passed!
