00:00 +0: loading /Users/leeyi/project/imboy.pub/imboyapp/test/organization/organization_picker_join_account_test.dart
00:00 +0: 账号往返后旧预览成功响应不得更新弹窗
*** Request ***
uri: http://127.0.0.1:9800/api/v1/organizations/mine?page=1&size=100
method: GET
responseType: ResponseType.json
followRedirects: true
persistentConnection: true
connectTimeout: 0:01:00.000000
sendTimeout: 0:01:00.000000
receiveTimeout: 0:01:00.000000
transformTimeout: null
receiveDataWhenStatusError: true
extra: {}

*** Response ***
uri: http://127.0.0.1:9800/api/v1/organizations/mine?page=1&size=100

*** Request ***
uri: http://127.0.0.1:9800/api/v1/organizations/invite_code/preview
method: POST
responseType: ResponseType.json
followRedirects: true
persistentConnection: true
connectTimeout: 0:01:00.000000
sendTimeout: 0:01:00.000000
receiveTimeout: 0:01:00.000000
transformTimeout: null
receiveDataWhenStatusError: true
extra: {}

*** Request ***
uri: http://127.0.0.1:9800/api/v1/organizations/mine?page=1&size=100
method: GET
responseType: ResponseType.json
followRedirects: true
persistentConnection: true
connectTimeout: 0:01:00.000000
sendTimeout: 0:01:00.000000
receiveTimeout: 0:01:00.000000
transformTimeout: null
receiveDataWhenStatusError: true
extra: {}

*** Response ***
uri: http://127.0.0.1:9800/api/v1/organizations/mine?page=1&size=100

*** Request ***
uri: http://127.0.0.1:9800/api/v1/organizations/mine?page=1&size=100
method: GET
responseType: ResponseType.json
followRedirects: true
persistentConnection: true
connectTimeout: 0:01:00.000000
sendTimeout: 0:01:00.000000
receiveTimeout: 0:01:00.000000
transformTimeout: null
receiveDataWhenStatusError: true
extra: {}

*** Response ***
uri: http://127.0.0.1:9800/api/v1/organizations/mine?page=1&size=100

*** Response ***
uri: http://127.0.0.1:9800/api/v1/organizations/invite_code/preview

══╡ EXCEPTION CAUGHT BY FLUTTER TEST FRAMEWORK ╞════════════════════════════════════════════════════
The following TestFailure was thrown running a test:
Expected: no matching candidates
  Actual: _KeyWidgetFinder:<Found 1 widget with key [<'org-join-org-name'>]: [
            Text-[<'org-join-org-name'>]("确认以 普通成员 身份加入「old fixture organization」？", debugLabel:
(englishLike titleMedium 2021).merge((blackMountainView titleMedium).apply), inherit: false, color:
Color(alpha: 1.0000, red: 0.1137, green: 0.1059, blue: 0.1255, colorSpace: ColorSpace.sRGB), family:
Roboto, size: 16.0, weight: 500, letterSpacing: 0.1, baseline: alphabetic, height: 1.5x,
leadingDistribution: even, decoration: Color(alpha: 1.0000, red: 0.1137, green: 0.1059, blue:
0.1255, colorSpace: ColorSpace.sRGB) TextDecoration.none, dependencies: [DefaultSelectionStyle,
DefaultTextStyle, MediaQuery]),
          ]>
   Which: means one was found but none were expected

When the exception was thrown, this was the stack:
#4      main.<anonymous closure> (file:///Users/leeyi/project/imboy.pub/imboyapp/test/organization/organization_picker_join_account_test.dart:330:13)
<asynchronous suspension>
#5      testWidgets.<anonymous closure>.<anonymous closure> (package:flutter_test/src/widget_tester.dart:192:15)
<asynchronous suspension>
#6      TestWidgetsFlutterBinding._runTestBody (package:flutter_test/src/binding.dart:1953:5)
<asynchronous suspension>
<asynchronous suspension>
(elided one frame from package:stack_trace)

This was caught by the test expectation on the following line:
  file:///Users/leeyi/project/imboy.pub/imboyapp/test/organization/organization_picker_join_account_test.dart line 330
The test description was:
  账号往返后旧预览成功响应不得更新弹窗
════════════════════════════════════════════════════════════════════════════════════════════════════
00:00 +0 -1: 账号往返后旧预览成功响应不得更新弹窗 [E]
  Test failed. See exception logs above.
  The test description was: 账号往返后旧预览成功响应不得更新弹窗
  
00:00 +0 -1: 账号往返后旧预览失败响应不得更新弹窗
*** Request ***
uri: http://127.0.0.1:9800/api/v1/organizations/mine?page=1&size=100
method: GET
responseType: ResponseType.json
followRedirects: true
persistentConnection: true
connectTimeout: 0:01:00.000000
sendTimeout: 0:01:00.000000
receiveTimeout: 0:01:00.000000
transformTimeout: null
receiveDataWhenStatusError: true
extra: {}

*** Response ***
uri: http://127.0.0.1:9800/api/v1/organizations/mine?page=1&size=100

*** Request ***
uri: http://127.0.0.1:9800/api/v1/organizations/invite_code/preview
method: POST
responseType: ResponseType.json
followRedirects: true
persistentConnection: true
connectTimeout: 0:01:00.000000
sendTimeout: 0:01:00.000000
receiveTimeout: 0:01:00.000000
transformTimeout: null
receiveDataWhenStatusError: true
extra: {}

*** Request ***
uri: http://127.0.0.1:9800/api/v1/organizations/mine?page=1&size=100
method: GET
responseType: ResponseType.json
followRedirects: true
persistentConnection: true
connectTimeout: 0:01:00.000000
sendTimeout: 0:01:00.000000
receiveTimeout: 0:01:00.000000
transformTimeout: null
receiveDataWhenStatusError: true
extra: {}

*** Response ***
uri: http://127.0.0.1:9800/api/v1/organizations/mine?page=1&size=100

*** Request ***
uri: http://127.0.0.1:9800/api/v1/organizations/mine?page=1&size=100
method: GET
responseType: ResponseType.json
followRedirects: true
persistentConnection: true
connectTimeout: 0:01:00.000000
sendTimeout: 0:01:00.000000
receiveTimeout: 0:01:00.000000
transformTimeout: null
receiveDataWhenStatusError: true
extra: {}

*** Response ***
uri: http://127.0.0.1:9800/api/v1/organizations/mine?page=1&size=100

*** DioException ***:
uri: http://127.0.0.1:9800/api/v1/organizations/invite_code/preview
DioException [unknown]: null
Error: Bad state: synthetic stale request failure

══╡ EXCEPTION CAUGHT BY FLUTTER TEST FRAMEWORK ╞════════════════════════════════════════════════════
The following TestFailure was thrown running a test:
Expected: no matching candidates
  Actual: _KeyWidgetFinder:<Found 1 widget with key [<'org-join-error'>]: [
            Text-[<'org-join-error'>]("加入失败：UnknownException (-1)", debugLabel: ((englishLike
bodySmall 2021).merge((blackMountainView bodySmall).apply)).copyWith, inherit: false, color:
Color(alpha: 1.0000, red: 0.7020, green: 0.1490, blue: 0.1176, colorSpace: ColorSpace.sRGB), family:
Roboto, size: 12.0, weight: 400, letterSpacing: 0.4, baseline: alphabetic, height: 1.3x,
leadingDistribution: even, decoration: Color(alpha: 1.0000, red: 0.1137, green: 0.1059, blue:
0.1255, colorSpace: ColorSpace.sRGB) TextDecoration.none, dependencies: [DefaultSelectionStyle,
DefaultTextStyle, MediaQuery]),
          ]>
   Which: means one was found but none were expected

When the exception was thrown, this was the stack:
#4      main.<anonymous closure> (file:///Users/leeyi/project/imboy.pub/imboyapp/test/organization/organization_picker_join_account_test.dart:328:11)
<asynchronous suspension>
#5      testWidgets.<anonymous closure>.<anonymous closure> (package:flutter_test/src/widget_tester.dart:192:15)
<asynchronous suspension>
#6      TestWidgetsFlutterBinding._runTestBody (package:flutter_test/src/binding.dart:1953:5)
<asynchronous suspension>
<asynchronous suspension>
(elided one frame from package:stack_trace)

This was caught by the test expectation on the following line:
  file:///Users/leeyi/project/imboy.pub/imboyapp/test/organization/organization_picker_join_account_test.dart line 328
The test description was:
  账号往返后旧预览失败响应不得更新弹窗
════════════════════════════════════════════════════════════════════════════════════════════════════
00:00 +0 -2: 账号往返后旧预览失败响应不得更新弹窗 [E]
  Test failed. See exception logs above.
  The test description was: 账号往返后旧预览失败响应不得更新弹窗
  
00:00 +0 -2: 账号往返后旧加入成功响应不得更新弹窗
*** Request ***
uri: http://127.0.0.1:9800/api/v1/organizations/mine?page=1&size=100
method: GET
responseType: ResponseType.json
followRedirects: true
persistentConnection: true
connectTimeout: 0:01:00.000000
sendTimeout: 0:01:00.000000
receiveTimeout: 0:01:00.000000
transformTimeout: null
receiveDataWhenStatusError: true
extra: {}

*** Response ***
uri: http://127.0.0.1:9800/api/v1/organizations/mine?page=1&size=100

*** Request ***
uri: http://127.0.0.1:9800/api/v1/organizations/invite_code/preview
method: POST
responseType: ResponseType.json
followRedirects: true
persistentConnection: true
connectTimeout: 0:01:00.000000
sendTimeout: 0:01:00.000000
receiveTimeout: 0:01:00.000000
transformTimeout: null
receiveDataWhenStatusError: true
extra: {}

*** Response ***
uri: http://127.0.0.1:9800/api/v1/organizations/invite_code/preview

*** Request ***
uri: http://127.0.0.1:9800/api/v1/organizations/invite_code/join
method: POST
responseType: ResponseType.json
followRedirects: true
persistentConnection: true
connectTimeout: 0:01:00.000000
sendTimeout: 0:01:00.000000
receiveTimeout: 0:01:00.000000
transformTimeout: null
receiveDataWhenStatusError: true
extra: {}

*** Request ***
uri: http://127.0.0.1:9800/api/v1/organizations/mine?page=1&size=100
method: GET
responseType: ResponseType.json
followRedirects: true
persistentConnection: true
connectTimeout: 0:01:00.000000
sendTimeout: 0:01:00.000000
receiveTimeout: 0:01:00.000000
transformTimeout: null
receiveDataWhenStatusError: true
extra: {}

*** Response ***
uri: http://127.0.0.1:9800/api/v1/organizations/mine?page=1&size=100

*** Request ***
uri: http://127.0.0.1:9800/api/v1/organizations/mine?page=1&size=100
method: GET
responseType: ResponseType.json
followRedirects: true
persistentConnection: true
connectTimeout: 0:01:00.000000
sendTimeout: 0:01:00.000000
receiveTimeout: 0:01:00.000000
transformTimeout: null
receiveDataWhenStatusError: true
extra: {}

*** Response ***
uri: http://127.0.0.1:9800/api/v1/organizations/mine?page=1&size=100

*** Response ***
uri: http://127.0.0.1:9800/api/v1/organizations/invite_code/join

══╡ EXCEPTION CAUGHT BY FLUTTER TEST FRAMEWORK ╞════════════════════════════════════════════════════
The following TestFailure was thrown running a test:
Expected: exactly one matching candidate
  Actual: _TypeWidgetFinder:<Found 0 widgets with type "AlertDialog": []>
   Which: means none were found but one was expected

When the exception was thrown, this was the stack:
#4      main.<anonymous closure> (file:///Users/leeyi/project/imboy.pub/imboyapp/test/organization/organization_picker_join_account_test.dart:323:11)
<asynchronous suspension>
#5      testWidgets.<anonymous closure>.<anonymous closure> (package:flutter_test/src/widget_tester.dart:192:15)
<asynchronous suspension>
#6      TestWidgetsFlutterBinding._runTestBody (package:flutter_test/src/binding.dart:1953:5)
<asynchronous suspension>
<asynchronous suspension>
(elided one frame from package:stack_trace)

This was caught by the test expectation on the following line:
  file:///Users/leeyi/project/imboy.pub/imboyapp/test/organization/organization_picker_join_account_test.dart line 323
The test description was:
  账号往返后旧加入成功响应不得更新弹窗
════════════════════════════════════════════════════════════════════════════════════════════════════
00:01 +0 -3: 账号往返后旧加入成功响应不得更新弹窗 [E]
  Test failed. See exception logs above.
  The test description was: 账号往返后旧加入成功响应不得更新弹窗
  
00:01 +0 -3: 账号往返后旧加入失败响应不得更新弹窗
*** Request ***
uri: http://127.0.0.1:9800/api/v1/organizations/mine?page=1&size=100
method: GET
responseType: ResponseType.json
followRedirects: true
persistentConnection: true
connectTimeout: 0:01:00.000000
sendTimeout: 0:01:00.000000
receiveTimeout: 0:01:00.000000
transformTimeout: null
receiveDataWhenStatusError: true
extra: {}

*** Response ***
uri: http://127.0.0.1:9800/api/v1/organizations/mine?page=1&size=100

*** Request ***
uri: http://127.0.0.1:9800/api/v1/organizations/invite_code/preview
method: POST
responseType: ResponseType.json
followRedirects: true
persistentConnection: true
connectTimeout: 0:01:00.000000
sendTimeout: 0:01:00.000000
receiveTimeout: 0:01:00.000000
transformTimeout: null
receiveDataWhenStatusError: true
extra: {}

*** Response ***
uri: http://127.0.0.1:9800/api/v1/organizations/invite_code/preview

*** Request ***
uri: http://127.0.0.1:9800/api/v1/organizations/invite_code/join
method: POST
responseType: ResponseType.json
followRedirects: true
persistentConnection: true
connectTimeout: 0:01:00.000000
sendTimeout: 0:01:00.000000
receiveTimeout: 0:01:00.000000
transformTimeout: null
receiveDataWhenStatusError: true
extra: {}

*** Request ***
uri: http://127.0.0.1:9800/api/v1/organizations/mine?page=1&size=100
method: GET
responseType: ResponseType.json
followRedirects: true
persistentConnection: true
connectTimeout: 0:01:00.000000
sendTimeout: 0:01:00.000000
receiveTimeout: 0:01:00.000000
transformTimeout: null
receiveDataWhenStatusError: true
extra: {}

*** Response ***
uri: http://127.0.0.1:9800/api/v1/organizations/mine?page=1&size=100

*** Request ***
uri: http://127.0.0.1:9800/api/v1/organizations/mine?page=1&size=100
method: GET
responseType: ResponseType.json
followRedirects: true
persistentConnection: true
connectTimeout: 0:01:00.000000
sendTimeout: 0:01:00.000000
receiveTimeout: 0:01:00.000000
transformTimeout: null
receiveDataWhenStatusError: true
extra: {}

*** Response ***
uri: http://127.0.0.1:9800/api/v1/organizations/mine?page=1&size=100

*** DioException ***:
uri: http://127.0.0.1:9800/api/v1/organizations/invite_code/join
DioException [unknown]: null
Error: Bad state: synthetic stale request failure

══╡ EXCEPTION CAUGHT BY FLUTTER TEST FRAMEWORK ╞════════════════════════════════════════════════════
The following TestFailure was thrown running a test:
Expected: no matching candidates
  Actual: _KeyWidgetFinder:<Found 1 widget with key [<'org-join-error'>]: [
            Text-[<'org-join-error'>]("加入失败：UnknownException (-1)", debugLabel: ((englishLike
bodySmall 2021).merge((blackMountainView bodySmall).apply)).copyWith, inherit: false, color:
Color(alpha: 1.0000, red: 0.7020, green: 0.1490, blue: 0.1176, colorSpace: ColorSpace.sRGB), family:
Roboto, size: 12.0, weight: 400, letterSpacing: 0.4, baseline: alphabetic, height: 1.3x,
leadingDistribution: even, decoration: Color(alpha: 1.0000, red: 0.1137, green: 0.1059, blue:
0.1255, colorSpace: ColorSpace.sRGB) TextDecoration.none, dependencies: [DefaultSelectionStyle,
DefaultTextStyle, MediaQuery]),
          ]>
   Which: means one was found but none were expected

When the exception was thrown, this was the stack:
#4      main.<anonymous closure> (file:///Users/leeyi/project/imboy.pub/imboyapp/test/organization/organization_picker_join_account_test.dart:328:11)
<asynchronous suspension>
#5      testWidgets.<anonymous closure>.<anonymous closure> (package:flutter_test/src/widget_tester.dart:192:15)
<asynchronous suspension>
#6      TestWidgetsFlutterBinding._runTestBody (package:flutter_test/src/binding.dart:1953:5)
<asynchronous suspension>
<asynchronous suspension>
(elided one frame from package:stack_trace)

This was caught by the test expectation on the following line:
  file:///Users/leeyi/project/imboy.pub/imboyapp/test/organization/organization_picker_join_account_test.dart line 328
The test description was:
  账号往返后旧加入失败响应不得更新弹窗
════════════════════════════════════════════════════════════════════════════════════════════════════
00:01 +0 -4: 账号往返后旧加入失败响应不得更新弹窗 [E]
  Test failed. See exception logs above.
  The test description was: 账号往返后旧加入失败响应不得更新弹窗
  
00:01 +0 -4: Some tests failed.

Failing tests:
  /Users/leeyi/project/imboy.pub/imboyapp/test/organization/organization_picker_join_account_test.dart: 账号往返后旧加入失败响应不得更新弹窗
  /Users/leeyi/project/imboy.pub/imboyapp/test/organization/organization_picker_join_account_test.dart: 账号往返后旧加入成功响应不得更新弹窗
  /Users/leeyi/project/imboy.pub/imboyapp/test/organization/organization_picker_join_account_test.dart: 账号往返后旧预览失败响应不得更新弹窗
  /Users/leeyi/project/imboy.pub/imboyapp/test/organization/organization_picker_join_account_test.dart: 账号往返后旧预览成功响应不得更新弹窗
