00:00 +0: loading /Users/leeyi/project/imboy.pub/imboyapp/test/organization/organization_picker_page_widget_test.dart
00:00 +0: 数据源=Organization membership：mine 供料渲染组织行 + 加入企业入口
*** Request ***
uri: http://127.0.0.1:9800/api/v1/organizations/mine?page=1&size=100
method: GET
responseType: ResponseType.json
followRedirects: true
persistentConnection: true
connectTimeout: 0:01:00.000000
sendTimeout: 0:01:00.000000
receiveTimeout: 0:01:00.000000
transformTimeout: null
receiveDataWhenStatusError: true
extra: {}

*** Response ***
uri: http://127.0.0.1:9800/api/v1/organizations/mine?page=1&size=100

00:00 +1: 企业列表为空时仍可从空间选择器返回个人
*** Request ***
uri: http://127.0.0.1:9800/api/v1/organizations/mine?page=1&size=100
method: GET
responseType: ResponseType.json
followRedirects: true
persistentConnection: true
connectTimeout: 0:01:00.000000
sendTimeout: 0:01:00.000000
receiveTimeout: 0:01:00.000000
transformTimeout: null
receiveDataWhenStatusError: true
extra: {}

*** Response ***
uri: http://127.0.0.1:9800/api/v1/organizations/mine?page=1&size=100

00:00 +2: 企业列表读取和个人偏好写入失败时保留当前空间并显示错误
*** Request ***
uri: http://127.0.0.1:9800/api/v1/organizations/mine?page=1&size=100
method: GET
responseType: ResponseType.json
followRedirects: true
persistentConnection: true
connectTimeout: 0:01:00.000000
sendTimeout: 0:01:00.000000
receiveTimeout: 0:01:00.000000
transformTimeout: null
receiveDataWhenStatusError: true
extra: {}

*** Response ***
uri: http://127.0.0.1:9800/api/v1/organizations/mine?page=1&size=100

00:00 +3: 切换企业（G11）：上一企业缓存失效 + 指针切换 + 壳重载 + 默认 WS 落位
*** Request ***
uri: http://127.0.0.1:9800/api/v1/organizations/mine?page=1&size=100
method: GET
responseType: ResponseType.json
followRedirects: true
persistentConnection: true
connectTimeout: 0:01:00.000000
sendTimeout: 0:01:00.000000
receiveTimeout: 0:01:00.000000
transformTimeout: null
receiveDataWhenStatusError: true
extra: {}

*** Response ***
uri: http://127.0.0.1:9800/api/v1/organizations/mine?page=1&size=100

*** Request ***
uri: http://127.0.0.1:9800/api/v1/organizations/7002
method: GET
responseType: ResponseType.json
followRedirects: true
persistentConnection: true
connectTimeout: 0:01:00.000000
sendTimeout: 0:01:00.000000
receiveTimeout: 0:01:00.000000
transformTimeout: null
receiveDataWhenStatusError: true
extra: {}

*** Response ***
uri: http://127.0.0.1:9800/api/v1/organizations/7002

*** Request ***
uri: http://127.0.0.1:9800/api/v1/organizations/7002/default-workspace
method: GET
responseType: ResponseType.json
followRedirects: true
persistentConnection: true
connectTimeout: 0:01:00.000000
sendTimeout: 0:01:00.000000
receiveTimeout: 0:01:00.000000
transformTimeout: null
receiveDataWhenStatusError: true
extra: {}

*** Response ***
uri: http://127.0.0.1:9800/api/v1/organizations/7002/default-workspace

00:00 +4: 个人选择企业 same：首页和企业工作区一致
*** Request ***
uri: http://127.0.0.1:9800/api/v1/organizations/mine?page=1&size=100
method: GET
responseType: ResponseType.json
followRedirects: true
persistentConnection: true
connectTimeout: 0:01:00.000000
sendTimeout: 0:01:00.000000
receiveTimeout: 0:01:00.000000
transformTimeout: null
receiveDataWhenStatusError: true
extra: {}

*** Response ***
uri: http://127.0.0.1:9800/api/v1/organizations/mine?page=1&size=100

*** Request ***
uri: http://127.0.0.1:9800/api/v1/organizations/7001
method: GET
responseType: ResponseType.json
followRedirects: true
persistentConnection: true
connectTimeout: 0:01:00.000000
sendTimeout: 0:01:00.000000
receiveTimeout: 0:01:00.000000
transformTimeout: null
receiveDataWhenStatusError: true
extra: {}

*** Response ***
uri: http://127.0.0.1:9800/api/v1/organizations/7001

*** Request ***
uri: http://127.0.0.1:9800/api/v1/organizations/7001/default-workspace
method: GET
responseType: ResponseType.json
followRedirects: true
persistentConnection: true
connectTimeout: 0:01:00.000000
sendTimeout: 0:01:00.000000
receiveTimeout: 0:01:00.000000
transformTimeout: null
receiveDataWhenStatusError: true
extra: {}

*** Response ***
uri: http://127.0.0.1:9800/api/v1/organizations/7001/default-workspace

00:00 +5: 个人选择企业 preference-failure：首页和企业工作区一致
*** Request ***
uri: http://127.0.0.1:9800/api/v1/organizations/mine?page=1&size=100
method: GET
responseType: ResponseType.json
followRedirects: true
persistentConnection: true
connectTimeout: 0:01:00.000000
sendTimeout: 0:01:00.000000
receiveTimeout: 0:01:00.000000
transformTimeout: null
receiveDataWhenStatusError: true
extra: {}

*** Response ***
uri: http://127.0.0.1:9800/api/v1/organizations/mine?page=1&size=100

*** Request ***
uri: http://127.0.0.1:9800/api/v1/organizations/7002
method: GET
responseType: ResponseType.json
followRedirects: true
persistentConnection: true
connectTimeout: 0:01:00.000000
sendTimeout: 0:01:00.000000
receiveTimeout: 0:01:00.000000
transformTimeout: null
receiveDataWhenStatusError: true
extra: {}

*** Response ***
uri: http://127.0.0.1:9800/api/v1/organizations/7002

*** Request ***
uri: http://127.0.0.1:9800/api/v1/organizations/7002/default-workspace
method: GET
responseType: ResponseType.json
followRedirects: true
persistentConnection: true
connectTimeout: 0:01:00.000000
sendTimeout: 0:01:00.000000
receiveTimeout: 0:01:00.000000
transformTimeout: null
receiveDataWhenStatusError: true
extra: {}

*** Response ***
uri: http://127.0.0.1:9800/api/v1/organizations/7002/default-workspace

00:00 +6: 个人选择企业 default-failure：首页和企业工作区一致
*** Request ***
uri: http://127.0.0.1:9800/api/v1/organizations/mine?page=1&size=100
method: GET
responseType: ResponseType.json
followRedirects: true
persistentConnection: true
connectTimeout: 0:01:00.000000
sendTimeout: 0:01:00.000000
receiveTimeout: 0:01:00.000000
transformTimeout: null
receiveDataWhenStatusError: true
extra: {}

*** Response ***
uri: http://127.0.0.1:9800/api/v1/organizations/mine?page=1&size=100

*** Request ***
uri: http://127.0.0.1:9800/api/v1/organizations/7002
method: GET
responseType: ResponseType.json
followRedirects: true
persistentConnection: true
connectTimeout: 0:01:00.000000
sendTimeout: 0:01:00.000000
receiveTimeout: 0:01:00.000000
transformTimeout: null
receiveDataWhenStatusError: true
extra: {}

*** Response ***
uri: http://127.0.0.1:9800/api/v1/organizations/7002

*** Request ***
uri: http://127.0.0.1:9800/api/v1/organizations/7002/default-workspace
method: GET
responseType: ResponseType.json
followRedirects: true
persistentConnection: true
connectTimeout: 0:01:00.000000
sendTimeout: 0:01:00.000000
receiveTimeout: 0:01:00.000000
transformTimeout: null
receiveDataWhenStatusError: true
extra: {}

*** Response ***
uri: http://127.0.0.1:9800/api/v1/organizations/7002/default-workspace

[WorkspaceShell] default workspace unavailable: OrganizationApiException(503): synthetic unavailable
00:00 +7: 个人选择企业 restore-false：首页和企业工作区一致
*** Request ***
uri: http://127.0.0.1:9800/api/v1/organizations/mine?page=1&size=100
method: GET
responseType: ResponseType.json
followRedirects: true
persistentConnection: true
connectTimeout: 0:01:00.000000
sendTimeout: 0:01:00.000000
receiveTimeout: 0:01:00.000000
transformTimeout: null
receiveDataWhenStatusError: true
extra: {}

*** Response ***
uri: http://127.0.0.1:9800/api/v1/organizations/mine?page=1&size=100

*** Request ***
uri: http://127.0.0.1:9800/api/v1/organizations/7002
method: GET
responseType: ResponseType.json
followRedirects: true
persistentConnection: true
connectTimeout: 0:01:00.000000
sendTimeout: 0:01:00.000000
receiveTimeout: 0:01:00.000000
transformTimeout: null
receiveDataWhenStatusError: true
extra: {}

*** Response ***
uri: http://127.0.0.1:9800/api/v1/organizations/7002

*** Request ***
uri: http://127.0.0.1:9800/api/v1/organizations/7002/default-workspace
method: GET
responseType: ResponseType.json
followRedirects: true
persistentConnection: true
connectTimeout: 0:01:00.000000
sendTimeout: 0:01:00.000000
receiveTimeout: 0:01:00.000000
transformTimeout: null
receiveDataWhenStatusError: true
extra: {}

*** Response ***
uri: http://127.0.0.1:9800/api/v1/organizations/7002/default-workspace

*** Request ***
uri: http://127.0.0.1:9800/api/v1/organizations/7002
method: GET
responseType: ResponseType.json
followRedirects: true
persistentConnection: true
connectTimeout: 0:01:00.000000
sendTimeout: 0:01:00.000000
receiveTimeout: 0:01:00.000000
transformTimeout: null
receiveDataWhenStatusError: true
extra: {}

*** Response ***
uri: http://127.0.0.1:9800/api/v1/organizations/7002

*** Request ***
uri: http://127.0.0.1:9800/api/v1/organizations/7002/default-workspace
method: GET
responseType: ResponseType.json
followRedirects: true
persistentConnection: true
connectTimeout: 0:01:00.000000
sendTimeout: 0:01:00.000000
receiveTimeout: 0:01:00.000000
transformTimeout: null
receiveDataWhenStatusError: true
extra: {}

*** Response ***
uri: http://127.0.0.1:9800/api/v1/organizations/7002/default-workspace

00:00 +8: 个人选择企业 restore-throw：首页和企业工作区一致
*** Request ***
uri: http://127.0.0.1:9800/api/v1/organizations/mine?page=1&size=100
method: GET
responseType: ResponseType.json
followRedirects: true
persistentConnection: true
connectTimeout: 0:01:00.000000
sendTimeout: 0:01:00.000000
receiveTimeout: 0:01:00.000000
transformTimeout: null
receiveDataWhenStatusError: true
extra: {}

*** Response ***
uri: http://127.0.0.1:9800/api/v1/organizations/mine?page=1&size=100

*** Request ***
uri: http://127.0.0.1:9800/api/v1/organizations/7002
method: GET
responseType: ResponseType.json
followRedirects: true
persistentConnection: true
connectTimeout: 0:01:00.000000
sendTimeout: 0:01:00.000000
receiveTimeout: 0:01:00.000000
transformTimeout: null
receiveDataWhenStatusError: true
extra: {}

*** Response ***
uri: http://127.0.0.1:9800/api/v1/organizations/7002

*** Request ***
uri: http://127.0.0.1:9800/api/v1/organizations/7002/default-workspace
method: GET
responseType: ResponseType.json
followRedirects: true
persistentConnection: true
connectTimeout: 0:01:00.000000
sendTimeout: 0:01:00.000000
receiveTimeout: 0:01:00.000000
transformTimeout: null
receiveDataWhenStatusError: true
extra: {}

*** Response ***
uri: http://127.0.0.1:9800/api/v1/organizations/7002/default-workspace

*** Request ***
uri: http://127.0.0.1:9800/api/v1/organizations/7002
method: GET
responseType: ResponseType.json
followRedirects: true
persistentConnection: true
connectTimeout: 0:01:00.000000
sendTimeout: 0:01:00.000000
receiveTimeout: 0:01:00.000000
transformTimeout: null
receiveDataWhenStatusError: true
extra: {}

*** Response ***
uri: http://127.0.0.1:9800/api/v1/organizations/7002

*** Request ***
uri: http://127.0.0.1:9800/api/v1/organizations/7002/default-workspace
method: GET
responseType: ResponseType.json
followRedirects: true
persistentConnection: true
connectTimeout: 0:01:00.000000
sendTimeout: 0:01:00.000000
receiveTimeout: 0:01:00.000000
transformTimeout: null
receiveDataWhenStatusError: true
extra: {}

*** Response ***
uri: http://127.0.0.1:9800/api/v1/organizations/7002/default-workspace

00:00 +9: 两阶段切换 Phase 1 预载失败（detail 403）：指针/缓存不动 + 页内错误态可重试
*** Request ***
uri: http://127.0.0.1:9800/api/v1/organizations/mine?page=1&size=100
method: GET
responseType: ResponseType.json
followRedirects: true
persistentConnection: true
connectTimeout: 0:01:00.000000
sendTimeout: 0:01:00.000000
receiveTimeout: 0:01:00.000000
transformTimeout: null
receiveDataWhenStatusError: true
extra: {}

*** Response ***
uri: http://127.0.0.1:9800/api/v1/organizations/mine?page=1&size=100

*** Request ***
uri: http://127.0.0.1:9800/api/v1/organizations/7002
method: GET
responseType: ResponseType.json
followRedirects: true
persistentConnection: true
connectTimeout: 0:01:00.000000
sendTimeout: 0:01:00.000000
receiveTimeout: 0:01:00.000000
transformTimeout: null
receiveDataWhenStatusError: true
extra: {}

*** Response ***
uri: http://127.0.0.1:9800/api/v1/organizations/7002

00:01 +10: 两阶段切换 Phase 1 失败后可重试：同一页面再次点击完成切换
*** Request ***
uri: http://127.0.0.1:9800/api/v1/organizations/mine?page=1&size=100
method: GET
responseType: ResponseType.json
followRedirects: true
persistentConnection: true
connectTimeout: 0:01:00.000000
sendTimeout: 0:01:00.000000
receiveTimeout: 0:01:00.000000
transformTimeout: null
receiveDataWhenStatusError: true
extra: {}

*** Response ***
uri: http://127.0.0.1:9800/api/v1/organizations/mine?page=1&size=100

*** Request ***
uri: http://127.0.0.1:9800/api/v1/organizations/7002
method: GET
responseType: ResponseType.json
followRedirects: true
persistentConnection: true
connectTimeout: 0:01:00.000000
sendTimeout: 0:01:00.000000
receiveTimeout: 0:01:00.000000
transformTimeout: null
receiveDataWhenStatusError: true
extra: {}

*** Response ***
uri: http://127.0.0.1:9800/api/v1/organizations/7002

*** Request ***
uri: http://127.0.0.1:9800/api/v1/organizations/7002
method: GET
responseType: ResponseType.json
followRedirects: true
persistentConnection: true
connectTimeout: 0:01:00.000000
sendTimeout: 0:01:00.000000
receiveTimeout: 0:01:00.000000
transformTimeout: null
receiveDataWhenStatusError: true
extra: {}

*** Response ***
uri: http://127.0.0.1:9800/api/v1/organizations/7002

*** Request ***
uri: http://127.0.0.1:9800/api/v1/organizations/7002/default-workspace
method: GET
responseType: ResponseType.json
followRedirects: true
persistentConnection: true
connectTimeout: 0:01:00.000000
sendTimeout: 0:01:00.000000
receiveTimeout: 0:01:00.000000
transformTimeout: null
receiveDataWhenStatusError: true
extra: {}

*** Response ***
uri: http://127.0.0.1:9800/api/v1/organizations/7002/default-workspace

00:01 +11: 加入企业 981：preview 阶段码无效文案页内展示，不关对话框
*** Request ***
uri: http://127.0.0.1:9800/api/v1/organizations/mine?page=1&size=100
method: GET
responseType: ResponseType.json
followRedirects: true
persistentConnection: true
connectTimeout: 0:01:00.000000
sendTimeout: 0:01:00.000000
receiveTimeout: 0:01:00.000000
transformTimeout: null
receiveDataWhenStatusError: true
extra: {}

*** Response ***
uri: http://127.0.0.1:9800/api/v1/organizations/mine?page=1&size=100

*** Request ***
uri: http://127.0.0.1:9800/api/v1/organizations/invite_code/preview
method: POST
responseType: ResponseType.json
followRedirects: true
persistentConnection: true
connectTimeout: 0:01:00.000000
sendTimeout: 0:01:00.000000
receiveTimeout: 0:01:00.000000
transformTimeout: null
receiveDataWhenStatusError: true
extra: {}

*** Response ***
uri: http://127.0.0.1:9800/api/v1/organizations/invite_code/preview

00:01 +12: 加入企业 982：preview 阶段码过期文案页内展示
*** Request ***
uri: http://127.0.0.1:9800/api/v1/organizations/mine?page=1&size=100
method: GET
responseType: ResponseType.json
followRedirects: true
persistentConnection: true
connectTimeout: 0:01:00.000000
sendTimeout: 0:01:00.000000
receiveTimeout: 0:01:00.000000
transformTimeout: null
receiveDataWhenStatusError: true
extra: {}

*** Response ***
uri: http://127.0.0.1:9800/api/v1/organizations/mine?page=1&size=100

*** Request ***
uri: http://127.0.0.1:9800/api/v1/organizations/invite_code/preview
method: POST
responseType: ResponseType.json
followRedirects: true
persistentConnection: true
connectTimeout: 0:01:00.000000
sendTimeout: 0:01:00.000000
receiveTimeout: 0:01:00.000000
transformTimeout: null
receiveDataWhenStatusError: true
extra: {}

*** Response ***
uri: http://127.0.0.1:9800/api/v1/organizations/invite_code/preview

00:01 +13: 加入企业成功（joined）：preview 确认 → code-only join → 切入新企业
*** Request ***
uri: http://127.0.0.1:9800/api/v1/organizations/mine?page=1&size=100
method: GET
responseType: ResponseType.json
followRedirects: true
persistentConnection: true
connectTimeout: 0:01:00.000000
sendTimeout: 0:01:00.000000
receiveTimeout: 0:01:00.000000
transformTimeout: null
receiveDataWhenStatusError: true
extra: {}

*** Response ***
uri: http://127.0.0.1:9800/api/v1/organizations/mine?page=1&size=100

*** Request ***
uri: http://127.0.0.1:9800/api/v1/organizations/invite_code/preview
method: POST
responseType: ResponseType.json
followRedirects: true
persistentConnection: true
connectTimeout: 0:01:00.000000
sendTimeout: 0:01:00.000000
receiveTimeout: 0:01:00.000000
transformTimeout: null
receiveDataWhenStatusError: true
extra: {}

*** Response ***
uri: http://127.0.0.1:9800/api/v1/organizations/invite_code/preview

*** Request ***
uri: http://127.0.0.1:9800/api/v1/organizations/invite_code/join
method: POST
responseType: ResponseType.json
followRedirects: true
persistentConnection: true
connectTimeout: 0:01:00.000000
sendTimeout: 0:01:00.000000
receiveTimeout: 0:01:00.000000
transformTimeout: null
receiveDataWhenStatusError: true
extra: {}

*** Response ***
uri: http://127.0.0.1:9800/api/v1/organizations/invite_code/join

*** Request ***
uri: http://127.0.0.1:9800/api/v1/organizations/mine?page=1&size=100
method: GET
responseType: ResponseType.json
followRedirects: true
persistentConnection: true
connectTimeout: 0:01:00.000000
sendTimeout: 0:01:00.000000
receiveTimeout: 0:01:00.000000
transformTimeout: null
receiveDataWhenStatusError: true
extra: {}

*** Response ***
uri: http://127.0.0.1:9800/api/v1/organizations/mine?page=1&size=100

*** Request ***
uri: http://127.0.0.1:9800/api/v1/organizations/7003
method: GET
responseType: ResponseType.json
followRedirects: true
persistentConnection: true
connectTimeout: 0:01:00.000000
sendTimeout: 0:01:00.000000
receiveTimeout: 0:01:00.000000
transformTimeout: null
receiveDataWhenStatusError: true
extra: {}

*** Response ***
uri: http://127.0.0.1:9800/api/v1/organizations/7003

*** Request ***
uri: http://127.0.0.1:9800/api/v1/organizations/7003/default-workspace
method: GET
responseType: ResponseType.json
followRedirects: true
persistentConnection: true
connectTimeout: 0:01:00.000000
sendTimeout: 0:01:00.000000
receiveTimeout: 0:01:00.000000
transformTimeout: null
receiveDataWhenStatusError: true
extra: {}

*** Response ***
uri: http://127.0.0.1:9800/api/v1/organizations/7003/default-workspace

00:01 +14: §5.1 加入企业入口：autoJoin=1 进入即打开邀请码对话框（一步到达）
*** Request ***
uri: http://127.0.0.1:9800/api/v1/organizations/mine?page=1&size=100
method: GET
responseType: ResponseType.json
followRedirects: true
persistentConnection: true
connectTimeout: 0:01:00.000000
sendTimeout: 0:01:00.000000
receiveTimeout: 0:01:00.000000
transformTimeout: null
receiveDataWhenStatusError: true
extra: {}

*** Response ***
uri: http://127.0.0.1:9800/api/v1/organizations/mine?page=1&size=100

00:01 +15: 缺省（autoJoin 关闭）不自动弹层：仍落在选择器列表
*** Request ***
uri: http://127.0.0.1:9800/api/v1/organizations/mine?page=1&size=100
method: GET
responseType: ResponseType.json
followRedirects: true
persistentConnection: true
connectTimeout: 0:01:00.000000
sendTimeout: 0:01:00.000000
receiveTimeout: 0:01:00.000000
transformTimeout: null
receiveDataWhenStatusError: true
extra: {}

*** Response ***
uri: http://127.0.0.1:9800/api/v1/organizations/mine?page=1&size=100

00:01 +16: All tests passed!
