00:00 +0: loading /Users/leeyi/project/imboy.pub/imboyapp/test/organization/organization_api_session_generation_test.dart
00:00 +0: 会话代次提前变化但UID未更新时丢弃旧1页组织结果
*** Request ***
uri: http://127.0.0.1:9800/api/v1/organizations/mine?page=1&size=100
method: GET
responseType: ResponseType.json
followRedirects: true
persistentConnection: true
connectTimeout: 0:01:00.000000
sendTimeout: 0:01:00.000000
receiveTimeout: 0:01:00.000000
transformTimeout: null
receiveDataWhenStatusError: true
extra: {}

*** Response ***
uri: http://127.0.0.1:9800/api/v1/organizations/mine?page=1&size=100

00:00 +0 -1: 会话代次提前变化但UID未更新时丢弃旧1页组织结果 [E]
  Expected: throws <Instance of 'StateError'>
    Actual: <Instance of 'Future<List<Organization>>'>
     Which: threw OrganizationApiException:<OrganizationApiException(409): 网络错误>
            stack package:imboy/modules/organization/infrastructure/organization_api.dart 704:7   OrganizationApi._ensureOk
                  package:imboy/modules/organization/infrastructure/organization_api.dart 728:17  OrganizationApi._page
                  package:imboy/modules/organization/infrastructure/organization_api.dart 69:12   OrganizationApi.mine
                  ===== asynchronous gap ===========================
                  package:matcher                                                                 expectLater
                  package:flutter_test/src/widget_tester.dart 507:8                               expectLater
                  test/organization/organization_api_session_generation_test.dart 114:24          main.<fn>
                  ===== asynchronous gap ===========================
                  dart:async                                                                      _CustomZone.registerUnaryCallback
                  test/organization/organization_api_session_generation_test.dart 96:7            main.<fn>
                  
            which is not an instance of 'StateError'
  
  package:matcher                                                         expectLater
  package:flutter_test/src/widget_tester.dart 507:8                       expectLater
  test/organization/organization_api_session_generation_test.dart 114:24  main.<fn>
  ===== asynchronous gap ===========================
  dart:async                                                              _CustomZone.registerUnaryCallback
  test/organization/organization_api_session_generation_test.dart 96:7    main.<fn>
  
00:00 +0 -1: 会话代次提前变化但UID未更新时丢弃旧2页组织结果
*** Request ***
uri: http://127.0.0.1:9800/api/v1/organizations/mine?page=1&size=100
method: GET
responseType: ResponseType.json
followRedirects: true
persistentConnection: true
connectTimeout: 0:01:00.000000
sendTimeout: 0:01:00.000000
receiveTimeout: 0:01:00.000000
transformTimeout: null
receiveDataWhenStatusError: true
extra: {}

*** Response ***
uri: http://127.0.0.1:9800/api/v1/organizations/mine?page=1&size=100

00:00 +0 -2: 会话代次提前变化但UID未更新时丢弃旧2页组织结果 [E]
  Expected: throws <Instance of 'StateError'>
    Actual: <Instance of 'Future<List<Organization>>'>
     Which: threw OrganizationApiException:<OrganizationApiException(409): 网络错误>
            stack package:imboy/modules/organization/infrastructure/organization_api.dart 704:7   OrganizationApi._ensureOk
                  package:imboy/modules/organization/infrastructure/organization_api.dart 728:17  OrganizationApi._page
                  package:imboy/modules/organization/infrastructure/organization_api.dart 69:12   OrganizationApi.mine
                  ===== asynchronous gap ===========================
                  package:matcher                                                                 expectLater
                  package:flutter_test/src/widget_tester.dart 507:8                               expectLater
                  test/organization/organization_api_session_generation_test.dart 114:24          main.<fn>
                  ===== asynchronous gap ===========================
                  dart:async                                                                      _CustomZone.registerUnaryCallback
                  test/organization/organization_api_session_generation_test.dart 96:7            main.<fn>
                  
            which is not an instance of 'StateError'
  
  package:matcher                                                         expectLater
  package:flutter_test/src/widget_tester.dart 507:8                       expectLater
  test/organization/organization_api_session_generation_test.dart 114:24  main.<fn>
  ===== asynchronous gap ===========================
  dart:async                                                              _CustomZone.registerUnaryCallback
  test/organization/organization_api_session_generation_test.dart 96:7    main.<fn>
  
00:00 +0 -2: Some tests failed.

Failing tests:
  /Users/leeyi/project/imboy.pub/imboyapp/test/organization/organization_api_session_generation_test.dart: 会话代次提前变化但UID未更新时丢弃旧1页组织结果
  /Users/leeyi/project/imboy.pub/imboyapp/test/organization/organization_api_session_generation_test.dart: 会话代次提前变化但UID未更新时丢弃旧2页组织结果
