00:00 +0: loading /Users/leeyi/project/imboy.pub/imboyapp/test/organization/organization_api_session_generation_test.dart
00:00 +0: 会话代次提前变化但UID未更新时丢弃旧1页组织结果
> quitLogin: Starting logout process
> quitLogin: User is logged in
> quitLogin: Removing storage data
> quitLogin: Purging E2EE secret inventory
E2EE: 缓存已清理
[olm] all state cleared
[38;5;196m┌───────────────────────────────────────────────────────────────────────────────────────────────────────────────────────[0m
[38;5;196m│ E2eeSecretPurgeException: E2eeSecretPurgeException: artifact: MissingPluginException(No implementation found for method getTemporaryDirectory on channel plugins.flutter.io/path_provider)[0m
[38;5;196m├┄┄┄┄┄┄┄┄┄┄┄┄┄┄┄┄┄┄┄┄┄┄┄┄┄┄┄┄┄┄┄┄┄┄┄┄┄┄┄┄┄┄┄┄┄┄┄┄┄┄┄┄┄┄┄┄┄┄┄┄┄┄┄┄┄┄┄┄┄┄┄┄┄┄┄┄┄┄┄┄┄┄┄┄┄┄┄┄┄┄┄┄┄┄┄┄┄┄┄┄┄┄┄┄┄┄┄┄┄┄┄┄┄┄┄┄┄┄┄[0m
[38;5;196m│ #0   E2eeSecretInventory.purgeAll (package:imboy/service/e2ee/e2ee_secret_inventory.dart:338:7)[0m
[38;5;196m│ #1   <asynchronous suspension>[0m
[38;5;196m│ #2   UserRepoLocal._clearLogin (package:imboy/store/repository/user_repo_local.dart:347:9)[0m
[38;5;196m│ #3   <asynchronous suspension>[0m
[38;5;196m│ #4   UserRepoLocal.quitLogin.<anonymous closure> (package:imboy/store/repository/user_repo_local.dart:292:16)[0m
[38;5;196m│ #5   <asynchronous suspension>[0m
[38;5;196m│ #6   HttpClient._handleTokenExpired (package:imboy/component/http/http_client.dart:317:7)[0m
[38;5;196m│ #7   <asynchronous suspension>[0m
[38;5;196m├┄┄┄┄┄┄┄┄┄┄┄┄┄┄┄┄┄┄┄┄┄┄┄┄┄┄┄┄┄┄┄┄┄┄┄┄┄┄┄┄┄┄┄┄┄┄┄┄┄┄┄┄┄┄┄┄┄┄┄┄┄┄┄┄┄┄┄┄┄┄┄┄┄┄┄┄┄┄┄┄┄┄┄┄┄┄┄┄┄┄┄┄┄┄┄┄┄┄┄┄┄┄┄┄┄┄┄┄┄┄┄┄┄┄┄┄┄┄┄[0m
[38;5;196m│ ⛔ [user_repo_local] e2ee secret purge failed[0m
[38;5;196m└───────────────────────────────────────────────────────────────────────────────────────────────────────────────────────[0m
> quitLogin: Clearing secure tokens
> quitLogin: Secure tokens cleared successfully
> quitLogin: Closing WebSocket
🧹 [QUEUE] 启动定期清理 Timer
> ws: 手动关闭连接
> quitLogin: Closing database
00:01 +0 -1: 会话代次提前变化但UID未更新时丢弃旧1页组织结果 [E]
  OrganizationApiException(409): 网络错误
  package:imboy/modules/organization/infrastructure/organization_api.dart 704:7   OrganizationApi._ensureOk
  package:imboy/modules/organization/infrastructure/organization_api.dart 728:17  OrganizationApi._page
  package:imboy/modules/organization/infrastructure/organization_api.dart 69:12   OrganizationApi.mine
  ===== asynchronous gap ===========================
  dart:async                                                                      _CustomZone.registerBinaryCallback
  package:imboy/modules/organization/infrastructure/organization_api.dart 83:22   OrganizationApi.allMine
  test/organization/organization_api_session_generation_test.dart 89:40           main.<fn>
  
  TimeoutException after 0:00:02.000000: Future not completed
  dart:async  _startMicrotaskLoop
  
00:02 +0 -1: 会话代次提前变化但UID未更新时丢弃旧2页组织结果
*** Request ***
uri: http://127.0.0.1:9800/api/v1/organizations/mine?page=1&size=100
method: GET
responseType: ResponseType.json
followRedirects: true
persistentConnection: true
connectTimeout: 0:01:00.000000
sendTimeout: 0:01:00.000000
receiveTimeout: 0:01:00.000000
transformTimeout: null
receiveDataWhenStatusError: true
extra: {}

*** Response ***
uri: http://127.0.0.1:9800/api/v1/organizations/mine?page=1&size=100

00:02 +0 -2: 会话代次提前变化但UID未更新时丢弃旧2页组织结果 [E]
  Expected: throws <Instance of 'StateError'>
    Actual: <Instance of 'Future<List<Organization>>'>
     Which: threw OrganizationApiException:<OrganizationApiException(409): 网络错误>
            stack package:imboy/modules/organization/infrastructure/organization_api.dart 704:7   OrganizationApi._ensureOk
                  package:imboy/modules/organization/infrastructure/organization_api.dart 728:17  OrganizationApi._page
                  package:imboy/modules/organization/infrastructure/organization_api.dart 69:12   OrganizationApi.mine
                  ===== asynchronous gap ===========================
                  package:matcher                                                                 expectLater
                  package:flutter_test/src/widget_tester.dart 507:8                               expectLater
                  test/organization/organization_api_session_generation_test.dart 108:24          main.<fn>
                  ===== asynchronous gap ===========================
                  dart:async                                                                      _CustomZone.registerUnaryCallback
                  test/organization/organization_api_session_generation_test.dart 90:7            main.<fn>
                  
            which is not an instance of 'StateError'
  
  package:matcher                                                         expectLater
  package:flutter_test/src/widget_tester.dart 507:8                       expectLater
  test/organization/organization_api_session_generation_test.dart 108:24  main.<fn>
  ===== asynchronous gap ===========================
  dart:async                                                              _CustomZone.registerUnaryCallback
  test/organization/organization_api_session_generation_test.dart 90:7    main.<fn>
  
00:02 +0 -2: Some tests failed.

Failing tests:
  /Users/leeyi/project/imboy.pub/imboyapp/test/organization/organization_api_session_generation_test.dart: 会话代次提前变化但UID未更新时丢弃旧1页组织结果
  /Users/leeyi/project/imboy.pub/imboyapp/test/organization/organization_api_session_generation_test.dart: 会话代次提前变化但UID未更新时丢弃旧2页组织结果
