00:00 +0: loading /Users/leeyi/project/imboy.pub/imboyapp/test/organization/organization_session_scope_test.dart
00:00 +0: 真实仓库通知改变UID后销毁旧组织子树
══╡ EXCEPTION CAUGHT BY FLUTTER TEST FRAMEWORK ╞════════════════════════════════════════════════════
The following TestFailure was thrown running a test:
Expected: ['91001']
  Actual: []
   Which: at location [0] is [] which shorter than expected

When the exception was thrown, this was the stack:
#4      main.<anonymous closure> (file:///Users/leeyi/project/imboy.pub/imboyapp/test/organization/organization_session_scope_test.dart:60:5)
<asynchronous suspension>
#5      testWidgets.<anonymous closure>.<anonymous closure> (package:flutter_test/src/widget_tester.dart:192:15)
<asynchronous suspension>
#6      TestWidgetsFlutterBinding._runTestBody (package:flutter_test/src/binding.dart:1953:5)
<asynchronous suspension>
<asynchronous suspension>
(elided one frame from package:stack_trace)

This was caught by the test expectation on the following line:
  file:///Users/leeyi/project/imboy.pub/imboyapp/test/organization/organization_session_scope_test.dart line 60
The test description was:
  真实仓库通知改变UID后销毁旧组织子树
════════════════════════════════════════════════════════════════════════════════════════════════════
00:00 +0 -1: 真实仓库通知改变UID后销毁旧组织子树 [E]
  Test failed. See exception logs above.
  The test description was: 真实仓库通知改变UID后销毁旧组织子树
  
00:00 +0 -1: 匿名状态不构造组织业务子树
══╡ EXCEPTION CAUGHT BY FLUTTER TEST FRAMEWORK ╞════════════════════════════════════════════════════
The following TestFailure was thrown running a test:
Expected: <0>
  Actual: <1>

When the exception was thrown, this was the stack:
#4      main.<anonymous closure> (file:///Users/leeyi/project/imboy.pub/imboyapp/test/organization/organization_session_scope_test.dart:79:5)
<asynchronous suspension>
#5      testWidgets.<anonymous closure>.<anonymous closure> (package:flutter_test/src/widget_tester.dart:192:15)
<asynchronous suspension>
#6      TestWidgetsFlutterBinding._runTestBody (package:flutter_test/src/binding.dart:1953:5)
<asynchronous suspension>
<asynchronous suspension>
(elided one frame from package:stack_trace)

This was caught by the test expectation on the following line:
  file:///Users/leeyi/project/imboy.pub/imboyapp/test/organization/organization_session_scope_test.dart line 79
The test description was:
  匿名状态不构造组织业务子树
════════════════════════════════════════════════════════════════════════════════════════════════════
00:00 +0 -2: 匿名状态不构造组织业务子树 [E]
  Test failed. See exception logs above.
  The test description was: 匿名状态不构造组织业务子树
  
00:00 +0 -2: 同UID新会话代次销毁旧状态
══╡ EXCEPTION CAUGHT BY FLUTTER TEST FRAMEWORK ╞════════════════════════════════════════════════════
The following TestFailure was thrown running a test:
Expected: ['91001']
  Actual: []
   Which: at location [0] is [] which shorter than expected

When the exception was thrown, this was the stack:
#4      main.<anonymous closure> (file:///Users/leeyi/project/imboy.pub/imboyapp/test/organization/organization_session_scope_test.dart:108:5)
<asynchronous suspension>
#5      testWidgets.<anonymous closure>.<anonymous closure> (package:flutter_test/src/widget_tester.dart:192:15)
<asynchronous suspension>
#6      TestWidgetsFlutterBinding._runTestBody (package:flutter_test/src/binding.dart:1953:5)
<asynchronous suspension>
<asynchronous suspension>
(elided one frame from package:stack_trace)

This was caught by the test expectation on the following line:
  file:///Users/leeyi/project/imboy.pub/imboyapp/test/organization/organization_session_scope_test.dart line 108
The test description was:
  同UID新会话代次销毁旧状态
════════════════════════════════════════════════════════════════════════════════════════════════════
00:00 +0 -3: 同UID新会话代次销毁旧状态 [E]
  Test failed. See exception logs above.
  The test description was: 同UID新会话代次销毁旧状态
  
00:00 +0 -3: Some tests failed.

Failing tests:
  /Users/leeyi/project/imboy.pub/imboyapp/test/organization/organization_session_scope_test.dart: 匿名状态不构造组织业务子树
  /Users/leeyi/project/imboy.pub/imboyapp/test/organization/organization_session_scope_test.dart: 同UID新会话代次销毁旧状态
  /Users/leeyi/project/imboy.pub/imboyapp/test/organization/organization_session_scope_test.dart: 真实仓库通知改变UID后销毁旧组织子树
