00:00 +0: loading /Users/leeyi/project/imboy.pub/imboyapp/test/organization/organization_picker_page_widget_test.dart
00:00 +0: 账号往返后旧企业切换失效并释放进行中门
*** Request ***
uri: http://127.0.0.1:9800/api/v1/organizations/mine?page=1&size=100
method: GET
responseType: ResponseType.json
followRedirects: true
persistentConnection: true
connectTimeout: 0:01:00.000000
sendTimeout: 0:01:00.000000
receiveTimeout: 0:01:00.000000
transformTimeout: null
receiveDataWhenStatusError: true
extra: {}

*** Response ***
uri: http://127.0.0.1:9800/api/v1/organizations/mine?page=1&size=100

*** Request ***
uri: http://127.0.0.1:9800/api/v1/organizations/7002
method: GET
responseType: ResponseType.json
followRedirects: true
persistentConnection: true
connectTimeout: 0:01:00.000000
sendTimeout: 0:01:00.000000
receiveTimeout: 0:01:00.000000
transformTimeout: null
receiveDataWhenStatusError: true
extra: {}

*** Request ***
uri: http://127.0.0.1:9800/api/v1/organizations/mine?page=1&size=100
method: GET
responseType: ResponseType.json
followRedirects: true
persistentConnection: true
connectTimeout: 0:01:00.000000
sendTimeout: 0:01:00.000000
receiveTimeout: 0:01:00.000000
transformTimeout: null
receiveDataWhenStatusError: true
extra: {}

*** Response ***
uri: http://127.0.0.1:9800/api/v1/organizations/mine?page=1&size=100

*** Request ***
uri: http://127.0.0.1:9800/api/v1/organizations/mine?page=1&size=100
method: GET
responseType: ResponseType.json
followRedirects: true
persistentConnection: true
connectTimeout: 0:01:00.000000
sendTimeout: 0:01:00.000000
receiveTimeout: 0:01:00.000000
transformTimeout: null
receiveDataWhenStatusError: true
extra: {}

*** Response ***
uri: http://127.0.0.1:9800/api/v1/organizations/mine?page=1&size=100

*** Response ***
uri: http://127.0.0.1:9800/api/v1/organizations/7002

*** Request ***
uri: http://127.0.0.1:9800/api/v1/organizations/7002/default-workspace
method: GET
responseType: ResponseType.json
followRedirects: true
persistentConnection: true
connectTimeout: 0:01:00.000000
sendTimeout: 0:01:00.000000
receiveTimeout: 0:01:00.000000
transformTimeout: null
receiveDataWhenStatusError: true
extra: {}

*** DioException ***:
uri: http://127.0.0.1:9800/api/v1/organizations/7002/default-workspace
DioException [unknown]: null
Error: Bad state: Stream has already been listened to.

[WorkspaceShell] default workspace unavailable: OrganizationApiException(-1): UnknownException
══╡ EXCEPTION CAUGHT BY FLUTTER TEST FRAMEWORK ╞════════════════════════════════════════════════════
The following assertion was thrown running a test:
No GoRouter found in context

When the exception was thrown, this was the stack:
#0      GoRouter.of (package:go_router/src/router.dart:596:7)
#1      GoRouterHelper.go (package:go_router/src/misc/extensions.dart:26:57)
#2      _OrganizationPickerPageState._leave (package:imboy/modules/organization/presentation/organization_picker_page.dart:269:15)
#3      _OrganizationPickerPageState._switchTo (package:imboy/modules/organization/presentation/organization_picker_page.dart:180:5)
<asynchronous suspension>

The test description was:
  账号往返后旧企业切换失效并释放进行中门
════════════════════════════════════════════════════════════════════════════════════════════════════
00:00 +0 -1: 账号往返后旧企业切换失效并释放进行中门 [E]
  Test failed. See exception logs above.
  The test description was: 账号往返后旧企业切换失效并释放进行中门
  
══╡ EXCEPTION CAUGHT BY FLUTTER TEST FRAMEWORK ╞════════════════════════════════════════════════════
The following TestFailure was thrown running a test (but after the test had completed):
Expected: <0>
  Actual: <1>

When the exception was thrown, this was the stack:
#0      fail (package:matcher/src/expect/expect.dart:187:31)
#1      _expect (package:matcher/src/expect/expect.dart:182:3)
#2      expect (package:matcher/src/expect/expect.dart:65:3)
#3      expect (package:flutter_test/src/widget_tester.dart:473:18)
#4      main.<anonymous closure> (file:///Users/leeyi/project/imboy.pub/imboyapp/test/organization/organization_picker_page_widget_test.dart:367:5)
<asynchronous suspension>
#5      testWidgets.<anonymous closure>.<anonymous closure> (package:flutter_test/src/widget_tester.dart:192:15)
<asynchronous suspension>
#6      TestWidgetsFlutterBinding._runTestBody (package:flutter_test/src/binding.dart:1953:5)
<asynchronous suspension>
<asynchronous suspension>
(elided one frame from package:stack_trace)
════════════════════════════════════════════════════════════════════════════════════════════════════
  Test failed. See exception logs above.
  The test description was: 账号往返后旧企业切换失效并释放进行中门
  
00:00 +0 -1: Some tests failed.

Failing tests:
  /Users/leeyi/project/imboy.pub/imboyapp/test/organization/organization_picker_page_widget_test.dart: 账号往返后旧企业切换失效并释放进行中门
