00:00 +0: loading /Users/leeyi/project/imboy.pub/imboyapp/test/organization/organization_home_page_widget_test.dart
00:00 +0: 迟到的旧刷新失败不得覆盖新组织列表及缓存
*** Request ***
uri: http://127.0.0.1:9800/api/v1/organizations/mine?page=1&size=100
method: GET
responseType: ResponseType.json
followRedirects: true
persistentConnection: true
connectTimeout: 0:01:00.000000
sendTimeout: 0:01:00.000000
receiveTimeout: 0:01:00.000000
transformTimeout: null
receiveDataWhenStatusError: true
extra: {}

*** Request ***
uri: http://127.0.0.1:9800/api/v1/organizations/mine?page=1&size=100
method: GET
responseType: ResponseType.json
followRedirects: true
persistentConnection: true
connectTimeout: 0:01:00.000000
sendTimeout: 0:01:00.000000
receiveTimeout: 0:01:00.000000
transformTimeout: null
receiveDataWhenStatusError: true
extra: {}

*** Response ***
uri: http://127.0.0.1:9800/api/v1/organizations/mine?page=1&size=100

*** Request ***
uri: http://127.0.0.1:9800/api/v1/organizations/invitations/mine?limit=20&status=pending
method: GET
responseType: ResponseType.json
followRedirects: true
persistentConnection: true
connectTimeout: 0:01:00.000000
sendTimeout: 0:01:00.000000
receiveTimeout: 0:01:00.000000
transformTimeout: null
receiveDataWhenStatusError: true
extra: {}

*** Response ***
uri: http://127.0.0.1:9800/api/v1/organizations/invitations/mine?limit=20&status=pending

[HttpTransformer] payload type drift: expected Map, got List<dynamic> uri=/api/v1/organizations/invitations/mine
*** DioException ***:
uri: http://127.0.0.1:9800/api/v1/organizations/mine?page=1&size=100
DioException [unknown]: null
Error: Bad state: synthetic stale failure

*** Request ***
uri: http://127.0.0.1:9800/api/v1/organizations/invitations/mine?limit=20&status=pending
method: GET
responseType: ResponseType.json
followRedirects: true
persistentConnection: true
connectTimeout: 0:01:00.000000
sendTimeout: 0:01:00.000000
receiveTimeout: 0:01:00.000000
transformTimeout: null
receiveDataWhenStatusError: true
extra: {}

*** Response ***
uri: http://127.0.0.1:9800/api/v1/organizations/invitations/mine?limit=20&status=pending

[HttpTransformer] payload type drift: expected Map, got List<dynamic> uri=/api/v1/organizations/invitations/mine
══╡ EXCEPTION CAUGHT BY FLUTTER TEST FRAMEWORK ╞════════════════════════════════════════════════════
The following TestFailure was thrown running a test:
Expected: exactly one matching candidate
  Actual: _TextWidgetFinder:<Found 0 widgets with text "新组织事实": []>
   Which: means none were found but one was expected

When the exception was thrown, this was the stack:
#4      main.<anonymous closure> (file:///Users/leeyi/project/imboy.pub/imboyapp/test/organization/organization_home_page_widget_test.dart:178:7)
<asynchronous suspension>
#5      testWidgets.<anonymous closure>.<anonymous closure> (package:flutter_test/src/widget_tester.dart:192:15)
<asynchronous suspension>
#6      TestWidgetsFlutterBinding._runTestBody (package:flutter_test/src/binding.dart:1953:5)
<asynchronous suspension>
<asynchronous suspension>
(elided one frame from package:stack_trace)

This was caught by the test expectation on the following line:
  file:///Users/leeyi/project/imboy.pub/imboyapp/test/organization/organization_home_page_widget_test.dart line 178
The test description was:
  迟到的旧刷新失败不得覆盖新组织列表及缓存
════════════════════════════════════════════════════════════════════════════════════════════════════
00:00 +0 -1: 迟到的旧刷新失败不得覆盖新组织列表及缓存 [E]
  Test failed. See exception logs above.
  The test description was: 迟到的旧刷新失败不得覆盖新组织列表及缓存
  
00:00 +0 -1: 旧邀请角标失败响应不得覆盖更新的计数
*** Request ***
uri: http://127.0.0.1:9800/api/v1/organizations/mine?page=1&size=100
method: GET
responseType: ResponseType.json
followRedirects: true
persistentConnection: true
connectTimeout: 0:01:00.000000
sendTimeout: 0:01:00.000000
receiveTimeout: 0:01:00.000000
transformTimeout: null
receiveDataWhenStatusError: true
extra: {}

*** Response ***
uri: http://127.0.0.1:9800/api/v1/organizations/mine?page=1&size=100

*** Request ***
uri: http://127.0.0.1:9800/api/v1/organizations/invitations/mine?limit=20&status=pending
method: GET
responseType: ResponseType.json
followRedirects: true
persistentConnection: true
connectTimeout: 0:01:00.000000
sendTimeout: 0:01:00.000000
receiveTimeout: 0:01:00.000000
transformTimeout: null
receiveDataWhenStatusError: true
extra: {}

*** Request ***
uri: http://127.0.0.1:9800/api/v1/organizations/mine?page=1&size=100
method: GET
responseType: ResponseType.json
followRedirects: true
persistentConnection: true
connectTimeout: 0:01:00.000000
sendTimeout: 0:01:00.000000
receiveTimeout: 0:01:00.000000
transformTimeout: null
receiveDataWhenStatusError: true
extra: {}

*** Response ***
uri: http://127.0.0.1:9800/api/v1/organizations/mine?page=1&size=100

*** Request ***
uri: http://127.0.0.1:9800/api/v1/organizations/invitations/mine?limit=20&status=pending
method: GET
responseType: ResponseType.json
followRedirects: true
persistentConnection: true
connectTimeout: 0:01:00.000000
sendTimeout: 0:01:00.000000
receiveTimeout: 0:01:00.000000
transformTimeout: null
receiveDataWhenStatusError: true
extra: {}

*** Response ***
uri: http://127.0.0.1:9800/api/v1/organizations/invitations/mine?limit=20&status=pending

*** DioException ***:
uri: http://127.0.0.1:9800/api/v1/organizations/invitations/mine?limit=20&status=pending
DioException [unknown]: null
Error: Bad state: synthetic stale badge failure

══╡ EXCEPTION CAUGHT BY FLUTTER TEST FRAMEWORK ╞════════════════════════════════════════════════════
The following TestFailure was thrown running a test:
Expected: true
  Actual: <false>

When the exception was thrown, this was the stack:
#4      main.<anonymous closure> (file:///Users/leeyi/project/imboy.pub/imboyapp/test/organization/organization_home_page_widget_test.dart:230:7)
<asynchronous suspension>
#5      testWidgets.<anonymous closure>.<anonymous closure> (package:flutter_test/src/widget_tester.dart:192:15)
<asynchronous suspension>
#6      TestWidgetsFlutterBinding._runTestBody (package:flutter_test/src/binding.dart:1953:5)
<asynchronous suspension>
<asynchronous suspension>
(elided one frame from package:stack_trace)

This was caught by the test expectation on the following line:
  file:///Users/leeyi/project/imboy.pub/imboyapp/test/organization/organization_home_page_widget_test.dart line 230
The test description was:
  旧邀请角标失败响应不得覆盖更新的计数
════════════════════════════════════════════════════════════════════════════════════════════════════
00:00 +0 -2: 旧邀请角标失败响应不得覆盖更新的计数 [E]
  Test failed. See exception logs above.
  The test description was: 旧邀请角标失败响应不得覆盖更新的计数
  
00:00 +0 -2: error 态：服务端 500 展示失败与重试入口
*** Request ***
uri: http://127.0.0.1:9800/api/v1/organizations/mine?page=1&size=100
method: GET
responseType: ResponseType.json
followRedirects: true
persistentConnection: true
connectTimeout: 0:01:00.000000
sendTimeout: 0:01:00.000000
receiveTimeout: 0:01:00.000000
transformTimeout: null
receiveDataWhenStatusError: true
extra: {}

*** Response ***
uri: http://127.0.0.1:9800/api/v1/organizations/mine?page=1&size=100

handleResponse_response /api/v1/organizations/mine : false {"code":500,"msg":"boom"}; 
*** Request ***
uri: http://127.0.0.1:9800/api/v1/organizations/invitations/mine?limit=20&status=pending
method: GET
responseType: ResponseType.json
followRedirects: true
persistentConnection: true
connectTimeout: 0:01:00.000000
sendTimeout: 0:01:00.000000
receiveTimeout: 0:01:00.000000
transformTimeout: null
receiveDataWhenStatusError: true
extra: {}

*** Response ***
uri: http://127.0.0.1:9800/api/v1/organizations/invitations/mine?limit=20&status=pending

handleResponse_response /api/v1/organizations/invitations/mine : false {"code":500,"msg":"boom"}; 
00:00 +1 -2: Some tests failed.

Failing tests:
  /Users/leeyi/project/imboy.pub/imboyapp/test/organization/organization_home_page_widget_test.dart: 旧邀请角标失败响应不得覆盖更新的计数
  /Users/leeyi/project/imboy.pub/imboyapp/test/organization/organization_home_page_widget_test.dart: 迟到的旧刷新失败不得覆盖新组织列表及缓存
