00:00 +0: loading /Users/leeyi/project/imboy.pub/imboyapp/test/organization/organization_home_page_widget_test.dart
00:00 +0: 切换账号后旧请求不得写入新账号列表或缓存
*** Request ***
uri: http://127.0.0.1:9800/api/v1/organizations/mine?page=1&size=100
method: GET
responseType: ResponseType.json
followRedirects: true
persistentConnection: true
connectTimeout: 0:01:00.000000
sendTimeout: 0:01:00.000000
receiveTimeout: 0:01:00.000000
transformTimeout: null
receiveDataWhenStatusError: true
extra: {}

══╡ EXCEPTION CAUGHT BY FLUTTER TEST FRAMEWORK ╞════════════════════════════════════════════════════
The following TestFailure was thrown running a test:
Expected: <2>
  Actual: <1>

When the exception was thrown, this was the stack:
#4      main.<anonymous closure> (file:///Users/leeyi/project/imboy.pub/imboyapp/test/organization/organization_home_page_widget_test.dart:165:5)
<asynchronous suspension>
#5      testWidgets.<anonymous closure>.<anonymous closure> (package:flutter_test/src/widget_tester.dart:192:15)
<asynchronous suspension>
#6      TestWidgetsFlutterBinding._runTestBody (package:flutter_test/src/binding.dart:1953:5)
<asynchronous suspension>
<asynchronous suspension>
(elided one frame from package:stack_trace)

This was caught by the test expectation on the following line:
  file:///Users/leeyi/project/imboy.pub/imboyapp/test/organization/organization_home_page_widget_test.dart line 165
The test description was:
  切换账号后旧请求不得写入新账号列表或缓存
════════════════════════════════════════════════════════════════════════════════════════════════════
00:00 +0 -1: 切换账号后旧请求不得写入新账号列表或缓存 [E]
  Test failed. See exception logs above.
  The test description was: 切换账号后旧请求不得写入新账号列表或缓存
  
00:00 +0 -1: Some tests failed.

Failing tests:
  /Users/leeyi/project/imboy.pub/imboyapp/test/organization/organization_home_page_widget_test.dart: 切换账号后旧请求不得写入新账号列表或缓存
