00:00 +0: loading /Users/leeyi/project/imboy.pub/imboyapp/test/unit_test/service/payment_launcher_test.dart
00:00 +0: 支付宝 SDK 异常日志不输出错误原文或签名参数
[38;5;196m┌───────────────────────────────────────────────────────────────────────────────────────────────────────────────────────[0m
[38;5;196m│ StateError: Bad state: synthetic-private-payment-signature[0m
[38;5;196m├┄┄┄┄┄┄┄┄┄┄┄┄┄┄┄┄┄┄┄┄┄┄┄┄┄┄┄┄┄┄┄┄┄┄┄┄┄┄┄┄┄┄┄┄┄┄┄┄┄┄┄┄┄┄┄┄┄┄┄┄┄┄┄┄┄┄┄┄┄┄┄┄┄┄┄┄┄┄┄┄┄┄┄┄┄┄┄┄┄┄┄┄┄┄┄┄┄┄┄┄┄┄┄┄┄┄┄┄┄┄┄┄┄┄┄┄┄┄┄[0m
[38;5;196m│ #0   AppLogger.error (package:imboy/service/app_logger.dart:115:18)[0m
[38;5;196m│ #1   PaymentLauncher.launchAlipay (package:imboy/service/payment_launcher.dart:84:17)[0m
[38;5;196m│ #2   <asynchronous suspension>[0m
[38;5;196m│ #3   main.<anonymous closure> (file:///Users/leeyi/project/imboy.pub/imboyapp/test/unit_test/service/payment_launcher_test.dart:69:9)[0m
[38;5;196m│ #4   <asynchronous suspension>[0m
[38;5;196m│ #5   Declarer.test.<anonymous closure>.<anonymous closure> (package:test_api/src/backend/declarer.dart:253:15)[0m
[38;5;196m│ #6   <asynchronous suspension>[0m
[38;5;196m│ #7   Declarer.test.<anonymous closure> (package:test_api/src/backend/declarer.dart:250:11)[0m
[38;5;196m├┄┄┄┄┄┄┄┄┄┄┄┄┄┄┄┄┄┄┄┄┄┄┄┄┄┄┄┄┄┄┄┄┄┄┄┄┄┄┄┄┄┄┄┄┄┄┄┄┄┄┄┄┄┄┄┄┄┄┄┄┄┄┄┄┄┄┄┄┄┄┄┄┄┄┄┄┄┄┄┄┄┄┄┄┄┄┄┄┄┄┄┄┄┄┄┄┄┄┄┄┄┄┄┄┄┄┄┄┄┄┄┄┄┄┄┄┄┄┄[0m
[38;5;196m│ ⛔ [PaymentLauncher] alipay launch failed: StateError[0m
[38;5;196m└───────────────────────────────────────────────────────────────────────────────────────────────────────────────────────[0m
00:00 +0 -1: 支付宝 SDK 异常日志不输出错误原文或签名参数 [E]
  Expected: not contains 'synthetic-private-payment-signature'
    Actual: '[PaymentLauncher] alipay error: StateError\n'
              '\x1B[38;5;196m┌───────────────────────────────────────────────────────────────────────────────────────────────────────────────────────\x1B[0m\n'
              '\x1B[38;5;196m│ StateError: Bad state: synthetic-private-payment-signature\x1B[0m\n'
              '\x1B[38;5;196m├┄┄┄┄┄┄┄┄┄┄┄┄┄┄┄┄┄┄┄┄┄┄┄┄┄┄┄┄┄┄┄┄┄┄┄┄┄┄┄┄┄┄┄┄┄┄┄┄┄┄┄┄┄┄┄┄┄┄┄┄┄┄┄┄┄┄┄┄┄┄┄┄┄┄┄┄┄┄┄┄┄┄┄┄┄┄┄┄┄┄┄┄┄┄┄┄┄┄┄┄┄┄┄┄┄┄┄┄┄┄┄┄┄┄┄┄┄┄┄\x1B[0m\n'
              '\x1B[38;5;196m│ #0   AppLogger.error (package:imboy/service/app_logger.dart:115:18)\x1B[0m\n'
              '\x1B[38;5;196m│ #1   PaymentLauncher.launchAlipay (package:imboy/service/payment_launcher.dart:84:17)\x1B[0m\n'
              '\x1B[38;5;196m│ #2   <asynchronous suspension>\x1B[0m\n'
              '\x1B[38;5;196m│ #3   main.<anonymous closure> (file:///Users/leeyi/project/imboy.pub/imboyapp/test/unit_test/service/payment_launcher_test.dart:69:9)\x1B[0m\n'
              '\x1B[38;5;196m│ #4   <asynchronous suspension>\x1B[0m\n'
              '\x1B[38;5;196m│ #5   Declarer.test.<anonymous closure>.<anonymous closure> (package:test_api/src/backend/declarer.dart:253:15)\x1B[0m\n'
              '\x1B[38;5;196m│ #6   <asynchronous suspension>\x1B[0m\n'
              '\x1B[38;5;196m│ #7   Declarer.test.<anonymous closure> (package:test_api/src/backend/declarer.dart:250:11)\x1B[0m\n'
              '\x1B[38;5;196m├┄┄┄┄┄┄┄┄┄┄┄┄┄┄┄┄┄┄┄┄┄┄┄┄┄┄┄┄┄┄┄┄┄┄┄┄┄┄┄┄┄┄┄┄┄┄┄┄┄┄┄┄┄┄┄┄┄┄┄┄┄┄┄┄┄┄┄┄┄┄┄┄┄┄┄┄┄┄┄┄┄┄┄┄┄┄┄┄┄┄┄┄┄┄┄┄┄┄┄┄┄┄┄┄┄┄┄┄┄┄┄┄┄┄┄┄┄┄┄\x1B[0m\n'
              '\x1B[38;5;196m│ ⛔ [PaymentLauncher] alipay launch failed: StateError\x1B[0m\n'
              '\x1B[38;5;196m└───────────────────────────────────────────────────────────────────────────────────────────────────────────────────────\x1B[0m'
  
  package:matcher                                         expect
  package:flutter_test/src/widget_tester.dart 473:18      expect
  test/unit_test/service/payment_launcher_test.dart 84:5  main.<fn>
  
00:00 +0 -1: Some tests failed.

Failing tests:
  /Users/leeyi/project/imboy.pub/imboyapp/test/unit_test/service/payment_launcher_test.dart: 支付宝 SDK 异常日志不输出错误原文或签名参数
