00:00 +0: loading /Users/leeyi/project/imboy.pub/imboyapp/test/unit_test/service/chat_network_session_test.dart
00:00 +0: read action=message_read database session changed=false
🔍 [RETRY_SCAN] 开始扫描失败消息...
消息加入重试队列: synthetic-status, type=C2C
✅ [RETRY_SCAN] 添加失败消息到重试队列: msgId=synthetic-status, status=41, table=c2c
message_repo/updateWithConditions msg_c2c ; where: id = ? AND status = ?
📊 [RETRY_SCAN] 扫描完成: 发现 3 条失败消息，添加 1 条到重试队列
🚀 [RETRY_SCAN] 网络已连接，立即重试失败消息...
🔄 处理action消息: action=message_read, msgId=synthetic-read-action, type=C2C
message_repo/update msg_c2c ;
清除缓存: msg_c2c, 移除了 0 个缓存条目
清除缓存: msg_c2c, 移除了 0 个缓存条目
> message_core: 更新消息状态 synthetic-status 为 21
✅ [MessageTypeNormalizer] 有效类型: text
00:00 +0 -1: read action=message_read database session changed=false [E]
  Expected: <1>
    Actual: <2>
  
  package:matcher                                               expect
  package:flutter_test/src/widget_tester.dart 473:18            expect
  test/unit_test/service/chat_network_session_test.dart 245:11  main.<fn>
  
00:00 +0 -1: read action=message_read database session changed=true
🔄 处理action消息: action=message_read, msgId=synthetic-read-action, type=C2C
message_repo/update msg_c2c ;
清除缓存: msg_c2c, 移除了 0 个缓存条目
> message_core: 更新消息状态 synthetic-status 为 21
✅ [MessageTypeNormalizer] 有效类型: text
00:00 +0 -2: read action=message_read database session changed=true [E]
  Expected: <false>
    Actual: <true>
  
  package:matcher                                               expect
  package:flutter_test/src/widget_tester.dart 473:18            expect
  test/unit_test/service/chat_network_session_test.dart 243:11  main.<fn>
  
00:00 +0 -2: read action=message_read_ack database session changed=false
🔄 处理action消息: action=message_read_ack, msgId=synthetic-read-action, type=C2C
📖 [_handleReadAckAction] 处理已读确认: msgId=synthetic-read-action, msgIds=[synthetic-status]
message_repo/update msg_c2c ;
清除缓存: msg_c2c, 移除了 0 个缓存条目
> message_core: 更新消息状态 synthetic-status 为 21
✅ [MessageTypeNormalizer] 有效类型: text
00:00 +1 -2: read action=message_read_ack database session changed=true
🔄 处理action消息: action=message_read_ack, msgId=synthetic-read-action, type=C2C
📖 [_handleReadAckAction] 处理已读确认: msgId=synthetic-read-action, msgIds=[synthetic-status]
message_repo/update msg_c2c ;
清除缓存: msg_c2c, 移除了 0 个缓存条目
> message_core: 更新消息状态 synthetic-status 为 21
✅ [MessageTypeNormalizer] 有效类型: text
00:00 +1 -3: read action=message_read_ack database session changed=true [E]
  Expected: <false>
    Actual: <true>
  
  package:matcher                                               expect
  package:flutter_test/src/widget_tester.dart 473:18            expect
  test/unit_test/service/chat_network_session_test.dart 243:11  main.<fn>
  
00:00 +1 -3: Some tests failed.

Failing tests:
  /Users/leeyi/project/imboy.pub/imboyapp/test/unit_test/service/chat_network_session_test.dart: read action=message_read database session changed=false
  /Users/leeyi/project/imboy.pub/imboyapp/test/unit_test/service/chat_network_session_test.dart: read action=message_read database session changed=true
  /Users/leeyi/project/imboy.pub/imboyapp/test/unit_test/service/chat_network_session_test.dart: read action=message_read_ack database session changed=true
