00:00 +0: loading /Users/leeyi/project/imboy.pub/imboyapp/test/unit_test/service/chat_network_session_test.dart
00:00 +0: read action=message_read database session changed=false
🔍 [RETRY_SCAN] 开始扫描失败消息...
📊 [RETRY_SCAN] 扫描完成: 发现 0 条失败消息，添加 0 条到重试队列
🔄 处理action消息: action=message_read, msgId=synthetic-read-action, type=C2C
message_repo/update msg_c2c ;
清除缓存: msg_c2c, 移除了 0 个缓存条目
> message_core: 更新消息状态 synthetic-status 为 21
✅ [MessageTypeNormalizer] 有效类型: text
00:00 +1: read action=message_read database session changed=true
🔄 处理action消息: action=message_read, msgId=synthetic-read-action, type=C2C
message_repo/update msg_c2c ;
清除缓存: msg_c2c, 移除了 0 个缓存条目
> message_core: 更新消息状态 synthetic-status 为 21
✅ [MessageTypeNormalizer] 有效类型: text
00:00 +1 -1: read action=message_read database session changed=true [E]
  Expected: <false>
    Actual: <true>
  
  package:matcher                                               expect
  package:flutter_test/src/widget_tester.dart 473:18            expect
  test/unit_test/service/chat_network_session_test.dart 244:11  main.<fn>
  
00:00 +1 -1: read action=message_read_ack database session changed=false
🔄 处理action消息: action=message_read_ack, msgId=synthetic-read-action, type=C2C
📖 [_handleReadAckAction] 处理已读确认: msgId=synthetic-read-action, msgIds=[synthetic-status]
message_repo/update msg_c2c ;
清除缓存: msg_c2c, 移除了 0 个缓存条目
> message_core: 更新消息状态 synthetic-status 为 21
✅ [MessageTypeNormalizer] 有效类型: text
00:00 +2 -1: read action=message_read_ack database session changed=true
🔄 处理action消息: action=message_read_ack, msgId=synthetic-read-action, type=C2C
📖 [_handleReadAckAction] 处理已读确认: msgId=synthetic-read-action, msgIds=[synthetic-status]
message_repo/update msg_c2c ;
清除缓存: msg_c2c, 移除了 0 个缓存条目
> message_core: 更新消息状态 synthetic-status 为 21
✅ [MessageTypeNormalizer] 有效类型: text
00:00 +2 -2: read action=message_read_ack database session changed=true [E]
  Expected: <false>
    Actual: <true>
  
  package:matcher                                               expect
  package:flutter_test/src/widget_tester.dart 473:18            expect
  test/unit_test/service/chat_network_session_test.dart 244:11  main.<fn>
  
00:00 +2 -2: Some tests failed.

Failing tests:
  /Users/leeyi/project/imboy.pub/imboyapp/test/unit_test/service/chat_network_session_test.dart: read action=message_read database session changed=true
  /Users/leeyi/project/imboy.pub/imboyapp/test/unit_test/service/chat_network_session_test.dart: read action=message_read_ack database session changed=true
