00:00 +0: loading /Users/leeyi/project/imboy.pub/imboyapp/test/unit_test/service/message_retry_remove_session_test.dart
00:00 +0: retry remove session phase=current
🔍 [RETRY_SCAN] 开始扫描失败消息...
📊 [RETRY_SCAN] 扫描完成: 发现 0 条失败消息，添加 0 条到重试队列
消息加入重试队列: synthetic-shared-id, type=C2C
消息从重试队列移除: synthetic-shared-id
🗑️ [RETRY_QUEUE] 从重试队列移除: messageId=synthetic-shared-id, reason=synthetic-ack
00:00 +1: retry remove session phase=before_delivery
🔍 [RETRY_SCAN] 开始扫描失败消息...
📊 [RETRY_SCAN] 扫描完成: 发现 0 条失败消息，添加 0 条到重试队列
消息加入重试队列: synthetic-shared-id, type=C2C
消息加入重试队列: synthetic-shared-id, type=C2C
消息从重试队列移除: synthetic-shared-id
🗑️ [RETRY_QUEUE] 从重试队列移除: messageId=synthetic-shared-id, reason=synthetic-ack
00:00 +1 -1: retry remove session phase=before_delivery [E]
  Expected: same instance as <Instance of 'MessageRetryInfo'>
    Actual: <null>
  
  package:matcher                                                      expect
  package:flutter_test/src/widget_tester.dart 473:18                   expect
  test/unit_test/service/message_retry_remove_session_test.dart 113:9  main.<fn>
  
00:00 +1 -1: retry remove session phase=outbox_getter
🔍 [RETRY_SCAN] 开始扫描失败消息...
📊 [RETRY_SCAN] 扫描完成: 发现 0 条失败消息，添加 0 条到重试队列
消息加入重试队列: synthetic-shared-id, type=C2C
消息从重试队列移除: synthetic-shared-id
🗑️ [RETRY_QUEUE] 从重试队列移除: messageId=synthetic-shared-id, reason=synthetic-ack
00:00 +1 -2: retry remove session phase=outbox_getter [E]
  Expected: <0>
    Actual: <1>
  
  package:matcher                                                      expect
  package:flutter_test/src/widget_tester.dart 473:18                   expect
  test/unit_test/service/message_retry_remove_session_test.dart 117:9  main.<fn>
  
00:00 +1 -2: Some tests failed.

Failing tests:
  /Users/leeyi/project/imboy.pub/imboyapp/test/unit_test/service/message_retry_remove_session_test.dart: retry remove session phase=before_delivery
  /Users/leeyi/project/imboy.pub/imboyapp/test/unit_test/service/message_retry_remove_session_test.dart: retry remove session phase=outbox_getter
