00:00 +0: loading /Users/leeyi/project/imboy.pub/imboyapp/test/unit_test/service/chat_network_session_test.dart
00:00 +0: status update completion session changed=false
清除缓存: msg_c2c, 移除了 0 个缓存条目
✅ [MessageTypeNormalizer] 有效类型: text
更新消息状态失败: synthetic-status, errType=StateError
00:00 +0 -1: status update completion session changed=false [E]
  Expected: <1>
    Actual: <0>
  
  package:matcher                                              expect
  package:flutter_test/src/widget_tester.dart 473:18           expect
  test/unit_test/service/chat_network_session_test.dart 183:9  main.<fn>
  
00:00 +0 -1: status update completion session changed=true
清除缓存: msg_c2c, 移除了 0 个缓存条目
✅ [MessageTypeNormalizer] 有效类型: text
更新消息状态失败: synthetic-status, errType=StateError
00:00 +0 -2: status update completion session changed=true [E]
  Expected: <0>
    Actual: <1>
  
  package:matcher                                              expect
  package:flutter_test/src/widget_tester.dart 473:18           expect
  test/unit_test/service/chat_network_session_test.dart 179:9  main.<fn>
  
00:00 +0 -2: Some tests failed.

Failing tests:
  /Users/leeyi/project/imboy.pub/imboyapp/test/unit_test/service/chat_network_session_test.dart: status update completion session changed=false
  /Users/leeyi/project/imboy.pub/imboyapp/test/unit_test/service/chat_network_session_test.dart: status update completion session changed=true
