00:00 +0: loading /Users/leeyi/project/imboy.pub/imboyapp/test/unit_test/service/chat_network_session_test.dart
00:00 +0: status update completion session changed=false
清除缓存: msg_c2c, 移除了 0 个缓存条目
✅ [MessageTypeNormalizer] 有效类型: text
> quitLogin: Starting logout process
> quitLogin: User is logged in
> quitLogin: Removing storage data
> quitLogin: Purging E2EE secret inventory
E2EE: 缓存已清理
[38;5;196m┌───────────────────────────────────────────────────────────────────────────────────────────────────────────────────────[0m
[38;5;196m│ E2eeSecretPurgeException: E2eeSecretPurgeException: artifact: NoSuchMethodError: Class '_StatusDatabase' has no instance method 'close' with matching arguments.[0m
[38;5;196m│ Receiver: Instance of '_StatusDatabase'[0m
[38;5;196m│ Tried calling: close()[0m
[38;5;196m│ Found: close() => Future<void>[0m
[38;5;196m├┄┄┄┄┄┄┄┄┄┄┄┄┄┄┄┄┄┄┄┄┄┄┄┄┄┄┄┄┄┄┄┄┄┄┄┄┄┄┄┄┄┄┄┄┄┄┄┄┄┄┄┄┄┄┄┄┄┄┄┄┄┄┄┄┄┄┄┄┄┄┄┄┄┄┄┄┄┄┄┄┄┄┄┄┄┄┄┄┄┄┄┄┄┄┄┄┄┄┄┄┄┄┄┄┄┄┄┄┄┄┄┄┄┄┄┄┄┄┄[0m
[38;5;196m│ #0   E2eeSecretInventory.purgeAll (package:imboy/service/e2ee/e2ee_secret_inventory.dart:338:7)[0m
[38;5;196m│ #1   <asynchronous suspension>[0m
[38;5;196m│ #2   UserRepoLocal._clearLogin (package:imboy/store/repository/user_repo_local.dart:347:9)[0m
[38;5;196m│ #3   <asynchronous suspension>[0m
[38;5;196m│ #4   UserRepoLocal.quitLogin.<anonymous closure> (package:imboy/store/repository/user_repo_local.dart:292:16)[0m
[38;5;196m│ #5   <asynchronous suspension>[0m
[38;5;196m│ #6   HttpClient._handleTokenExpired (package:imboy/component/http/http_client.dart:317:7)[0m
[38;5;196m│ #7   <asynchronous suspension>[0m
[38;5;196m├┄┄┄┄┄┄┄┄┄┄┄┄┄┄┄┄┄┄┄┄┄┄┄┄┄┄┄┄┄┄┄┄┄┄┄┄┄┄┄┄┄┄┄┄┄┄┄┄┄┄┄┄┄┄┄┄┄┄┄┄┄┄┄┄┄┄┄┄┄┄┄┄┄┄┄┄┄┄┄┄┄┄┄┄┄┄┄┄┄┄┄┄┄┄┄┄┄┄┄┄┄┄┄┄┄┄┄┄┄┄┄┄┄┄┄┄┄┄┄[0m
[38;5;196m│ ⛔ [user_repo_local] e2ee secret purge failed[0m
[38;5;196m└───────────────────────────────────────────────────────────────────────────────────────────────────────────────────────[0m
> quitLogin: Clearing secure tokens
> quitLogin: Secure tokens cleared successfully
> quitLogin: Closing WebSocket
🧹 [QUEUE] 启动定期清理 Timer
> ws: 手动关闭连接
> quitLogin: Closing database
00:01 +1: status update completion session changed=true
清除缓存: msg_c2c, 移除了 0 个缓存条目
✅ [MessageTypeNormalizer] 有效类型: text
*** Request ***
uri: http://127.0.0.1:9800/api/v1/user/show?id=200
method: GET
responseType: ResponseType.json
followRedirects: true
persistentConnection: true
connectTimeout: 0:01:00.000000
sendTimeout: 0:01:00.000000
receiveTimeout: 0:01:00.000000
transformTimeout: null
receiveDataWhenStatusError: true
extra: {}

*** Response ***
uri: http://127.0.0.1:9800/api/v1/user/show?id=200

00:01 +1 -1: status update completion session changed=true [E]
  Expected: <0>
    Actual: <2>
  
  package:matcher                                              expect
  package:flutter_test/src/widget_tester.dart 473:18           expect
  test/unit_test/service/chat_network_session_test.dart 180:9  main.<fn>
  
00:01 +1 -1: Some tests failed.

Failing tests:
  /Users/leeyi/project/imboy.pub/imboyapp/test/unit_test/service/chat_network_session_test.dart: status update completion session changed=true
