00:00 +0: loading /Users/leeyi/project/imboy.pub/imboyapp/test/unit_test/service/chat_network_session_test.dart
00:00 +0: group policy wait entry=direct session changed=false
🧹 [QUEUE] 启动定期清理 Timer
ChatNetworkService.sendMessage: msgId=synthetic-policy-wait, type=C2G, action=
🔍 [RETRY_SCAN] 开始扫描失败消息...
消息加入重试队列: synthetic-policy-wait, type=C2G
ChatNetworkService.sendMessage已提交: synthetic-policy-wait
> ws: 消息已发送 (synthetic-policy-wait) [C2G/text/PLAIN] [136 bytes]
📊 [RETRY_SCAN] 扫描完成: 发现 0 条失败消息，添加 0 条到重试队列
🛑 [QUEUE] 停止定期清理 Timer
🧹 [QUEUE] 清空队列
00:00 +1: group policy wait entry=direct session changed=true
ChatNetworkService.sendMessage: msgId=synthetic-policy-wait, type=C2G, action=
🔍 [RETRY_SCAN] 开始扫描失败消息...
📊 [RETRY_SCAN] 扫描完成: 发现 0 条失败消息，添加 0 条到重试队列
🛑 [QUEUE] 停止定期清理 Timer
🧹 [QUEUE] 清空队列
00:00 +2: group policy wait entry=stored session changed=false
📤 [sendWsMsg] 开始: msgId=synthetic-policy-wait, status=10
📤 [发送 v2.0] msgId: synthetic-policy-wait, msg_type: text, action: , e2ee: false
📤 [sendWithRetry] 开始发送: msgId=synthetic-policy-wait, type=C2G, msgType=text
🔍 [RETRY_SCAN] 开始扫描失败消息...
消息加入重试队列: synthetic-policy-wait, type=C2G
✅ [sendWithRetry] 消息已提交到重试队列: msgId=synthetic-policy-wait
> ws: 消息已发送 (synthetic-policy-wait) [C2G/text/PLAIN] [202 bytes]
📊 [RETRY_SCAN] 扫描完成: 发现 0 条失败消息，添加 0 条到重试队列
🛑 [QUEUE] 停止定期清理 Timer
🧹 [QUEUE] 清空队列
00:00 +3: group policy wait entry=stored session changed=true
📤 [sendWsMsg] 开始: msgId=synthetic-policy-wait, status=10
🔍 [RETRY_SCAN] 开始扫描失败消息...
📊 [RETRY_SCAN] 扫描完成: 发现 0 条失败消息，添加 0 条到重试队列
🛑 [QUEUE] 停止定期清理 Timer
🧹 [QUEUE] 清空队列
00:00 +4: All tests passed!
