00:00 +0: loading /Users/leeyi/project/imboy.pub/imboyapp/test/unit_test/service/websocket_send_session_test.dart
00:00 +0: send event consumption session changed=false
🧹 [QUEUE] 启动定期清理 Timer
> ws: 消息已发送 (synthetic-event) [C2C/unknown/PLAIN] [60 bytes]
🛑 [QUEUE] 停止定期清理 Timer
🧹 [QUEUE] 清空队列
00:00 +1: send event consumption session changed=true
🛑 [QUEUE] 停止定期清理 Timer
🧹 [QUEUE] 清空队列
00:00 +2: offline queue normal
📥 [QUEUE] 入队: offline-normal, priority=0, 总数=1
📤 [QUEUE] 出队: offline-normal, priority=0
🛑 [QUEUE] 停止定期清理 Timer
🧹 [QUEUE] 清空队列
00:00 +3: offline queue other-owner
📥 [QUEUE] 入队: offline-other-owner, priority=0, 总数=1
📤 [QUEUE] 出队: offline-other-owner, priority=0
00:00 +3 -1: offline queue other-owner [E]
  Expected: empty
    Actual: ['synthetic-offline']
  
  package:matcher                                                expect
  package:flutter_test/src/widget_tester.dart 473:18             expect
  test/unit_test/service/websocket_send_session_test.dart 145:7  main.<fn>
  
🛑 [QUEUE] 停止定期清理 Timer
🧹 [QUEUE] 清空队列
00:00 +3 -1: offline queue old-generation
📥 [QUEUE] 入队: offline-old-generation, priority=0, 总数=1
📤 [QUEUE] 出队: offline-old-generation, priority=0
00:00 +3 -2: offline queue old-generation [E]
  Expected: empty
    Actual: ['synthetic-offline']
  
  package:matcher                                                expect
  package:flutter_test/src/widget_tester.dart 473:18             expect
  test/unit_test/service/websocket_send_session_test.dart 145:7  main.<fn>
  
🛑 [QUEUE] 停止定期清理 Timer
🧹 [QUEUE] 清空队列
00:00 +3 -2: offline queue unowned
📥 [QUEUE] 入队: offline-unowned, priority=0, 总数=1
📤 [QUEUE] 出队: offline-unowned, priority=0
00:00 +3 -3: offline queue unowned [E]
  Expected: empty
    Actual: ['synthetic-offline']
  
  package:matcher                                                expect
  package:flutter_test/src/widget_tester.dart 473:18             expect
  test/unit_test/service/websocket_send_session_test.dart 145:7  main.<fn>
  
🛑 [QUEUE] 停止定期清理 Timer
🧹 [QUEUE] 清空队列
00:00 +3 -3: Some tests failed.

Failing tests:
  /Users/leeyi/project/imboy.pub/imboyapp/test/unit_test/service/websocket_send_session_test.dart: offline queue old-generation
  /Users/leeyi/project/imboy.pub/imboyapp/test/unit_test/service/websocket_send_session_test.dart: offline queue other-owner
  /Users/leeyi/project/imboy.pub/imboyapp/test/unit_test/service/websocket_send_session_test.dart: offline queue unowned
