00:00 +0: loading /Users/leeyi/project/imboy.pub/imboyapp/test/unit_test/service/websocket_send_session_test.dart
00:00 +0: send event consumption session changed=false
🧹 [QUEUE] 启动定期清理 Timer
> ws: 消息已发送 (synthetic-event) [C2C/unknown/PLAIN] [60 bytes]
🛑 [QUEUE] 停止定期清理 Timer
🧹 [QUEUE] 清空队列
00:00 +1: send event consumption session changed=true
🛑 [QUEUE] 停止定期清理 Timer
🧹 [QUEUE] 清空队列
00:00 +2: offline queue normal
📥 [QUEUE] 入队: offline-normal, priority=0, 总数=1
📤 [QUEUE] 出队: offline-normal, priority=0
🛑 [QUEUE] 停止定期清理 Timer
🧹 [QUEUE] 清空队列
00:00 +3: offline queue other-owner
📥 [QUEUE] 入队: offline-other-owner, priority=0, 总数=1
🛑 [QUEUE] 停止定期清理 Timer
🧹 [QUEUE] 清空队列
00:00 +4: offline queue old-generation
📥 [QUEUE] 入队: offline-old-generation, priority=0, 总数=1
🛑 [QUEUE] 停止定期清理 Timer
🧹 [QUEUE] 清空队列
00:00 +5: offline queue unowned
📥 [QUEUE] 入队: offline-unowned, priority=0, 总数=1
🛑 [QUEUE] 停止定期清理 Timer
🧹 [QUEUE] 清空队列
00:00 +6: offline persistence restore-normal
📤 [QUEUE] 出队: restore-normal, priority=0
🛑 [QUEUE] 停止定期清理 Timer
🧹 [QUEUE] 清空队列
00:00 +7: offline persistence restore-other
🛑 [QUEUE] 停止定期清理 Timer
🧹 [QUEUE] 清空队列
00:00 +8: offline persistence restore-legacy
🛑 [QUEUE] 停止定期清理 Timer
🧹 [QUEUE] 清空队列
00:00 +9: flush stops after first frame changes session generation
📥 [QUEUE] 入队: first, priority=0, 总数=1
📥 [QUEUE] 入队: second, priority=0, 总数=2
📤 [QUEUE] 出队: first, priority=0
🛑 [QUEUE] 停止定期清理 Timer
🧹 [QUEUE] 清空队列
00:00 +10: retained stale ID does not block fresh session enqueue
📥 [QUEUE] 入队: same-id, priority=0, 总数=1
📥 [QUEUE] 入队: same-id, priority=0, 总数=2
⚠️ [QUEUE] 消息已存在: same-id
📤 [QUEUE] 出队: same-id, priority=0
🛑 [QUEUE] 停止定期清理 Timer
🧹 [QUEUE] 清空队列
00:00 +11: priority updates require unambiguous account/session scope
📥 [QUEUE] 入队: priority-id, priority=0, 总数=1
📥 [QUEUE] 入队: priority-id, priority=0, 总数=2
🔄 [QUEUE] 更新优先级: priority-id, 0 -> 2
🛑 [QUEUE] 停止定期清理 Timer
🧹 [QUEUE] 清空队列
00:00 +12: restore same owner ID conflicting=false
📤 [QUEUE] 出队: restore-conflict, priority=0
🛑 [QUEUE] 停止定期清理 Timer
🧹 [QUEUE] 清空队列
00:00 +13: restore same owner ID conflicting=true
🛑 [QUEUE] 停止定期清理 Timer
🧹 [QUEUE] 清空队列
00:00 +14: conflict remains quarantined after expiry leaves one restored row
🗑️ [QUEUE] 清理优先级 0 的 1 条过期消息
🧹 [QUEUE] 总共清理 1 条过期消息
🧹 [QUEUE] 清空队列
🛑 [QUEUE] 停止定期清理 Timer
🧹 [QUEUE] 清空队列
00:00 +15: queue initialization repeat-normal
📤 [QUEUE] 出队: init-id, priority=0
🛑 [QUEUE] 停止定期清理 Timer
🧹 [QUEUE] 清空队列
00:00 +16: queue initialization repeat-conflict
🛑 [QUEUE] 停止定期清理 Timer
🧹 [QUEUE] 清空队列
00:00 +17: queue initialization merge-conflict
📥 [QUEUE] 入队: init-id, priority=0, 总数=1
🛑 [QUEUE] 停止定期清理 Timer
🧹 [QUEUE] 清空队列
00:00 +18: bounded queue same-priority
📥 [QUEUE] 入队: capacity-0, priority=0, 总数=1
📥 [QUEUE] 入队: capacity-1, priority=0, 总数=2
📥 [QUEUE] 入队: capacity-2, priority=0, 总数=3
📥 [QUEUE] 入队: capacity-3, priority=0, 总数=4
📥 [QUEUE] 入队: capacity-4, priority=0, 总数=5
📥 [QUEUE] 入队: capacity-5, priority=0, 总数=6
📥 [QUEUE] 入队: capacity-6, priority=0, 总数=7
📥 [QUEUE] 入队: capacity-7, priority=0, 总数=8
📥 [QUEUE] 入队: capacity-8, priority=0, 总数=9
📥 [QUEUE] 入队: capacity-9, priority=0, 总数=10
📥 [QUEUE] 入队: capacity-10, priority=0, 总数=11
📥 [QUEUE] 入队: capacity-11, priority=0, 总数=12
📥 [QUEUE] 入队: capacity-12, priority=0, 总数=13
📥 [QUEUE] 入队: capacity-13, priority=0, 总数=14
📥 [QUEUE] 入队: capacity-14, priority=0, 总数=15
📥 [QUEUE] 入队: capacity-15, priority=0, 总数=16
📥 [QUEUE] 入队: capacity-16, priority=0, 总数=17
📥 [QUEUE] 入队: capacity-17, priority=0, 总数=18
📥 [QUEUE] 入队: capacity-18, priority=0, 总数=19
📥 [QUEUE] 入队: capacity-19, priority=0, 总数=20
📥 [QUEUE] 入队: capacity-20, priority=0, 总数=21
📥 [QUEUE] 入队: capacity-21, priority=0, 总数=22
📥 [QUEUE] 入队: capacity-22, priority=0, 总数=23
📥 [QUEUE] 入队: capacity-23, priority=0, 总数=24
📥 [QUEUE] 入队: capacity-24, priority=0, 总数=25
📥 [QUEUE] 入队: capacity-25, priority=0, 总数=26
📥 [QUEUE] 入队: capacity-26, priority=0, 总数=27
📥 [QUEUE] 入队: capacity-27, priority=0, 总数=28
📥 [QUEUE] 入队: capacity-28, priority=0, 总数=29
📥 [QUEUE] 入队: capacity-29, priority=0, 总数=30
📥 [QUEUE] 入队: capacity-30, priority=0, 总数=31
📥 [QUEUE] 入队: capacity-31, priority=0, 总数=32
📥 [QUEUE] 入队: capacity-32, priority=0, 总数=33
📥 [QUEUE] 入队: capacity-33, priority=0, 总数=34
📥 [QUEUE] 入队: capacity-34, priority=0, 总数=35
📥 [QUEUE] 入队: capacity-35, priority=0, 总数=36
📥 [QUEUE] 入队: capacity-36, priority=0, 总数=37
📥 [QUEUE] 入队: capacity-37, priority=0, 总数=38
📥 [QUEUE] 入队: capacity-38, priority=0, 总数=39
📥 [QUEUE] 入队: capacity-39, priority=0, 总数=40
📥 [QUEUE] 入队: capacity-40, priority=0, 总数=41
📥 [QUEUE] 入队: capacity-41, priority=0, 总数=42
📥 [QUEUE] 入队: capacity-42, priority=0, 总数=43
📥 [QUEUE] 入队: capacity-43, priority=0, 总数=44
📥 [QUEUE] 入队: capacity-44, priority=0, 总数=45
📥 [QUEUE] 入队: capacity-45, priority=0, 总数=46
📥 [QUEUE] 入队: capacity-46, priority=0, 总数=47
📥 [QUEUE] 入队: capacity-47, priority=0, 总数=48
📥 [QUEUE] 入队: capacity-48, priority=0, 总数=49
📥 [QUEUE] 入队: capacity-49, priority=0, 总数=50
📥 [QUEUE] 入队: capacity-50, priority=0, 总数=51
📥 [QUEUE] 入队: capacity-51, priority=0, 总数=52
📥 [QUEUE] 入队: capacity-52, priority=0, 总数=53
📥 [QUEUE] 入队: capacity-53, priority=0, 总数=54
📥 [QUEUE] 入队: capacity-54, priority=0, 总数=55
📥 [QUEUE] 入队: capacity-55, priority=0, 总数=56
📥 [QUEUE] 入队: capacity-56, priority=0, 总数=57
📥 [QUEUE] 入队: capacity-57, priority=0, 总数=58
📥 [QUEUE] 入队: capacity-58, priority=0, 总数=59
📥 [QUEUE] 入队: capacity-59, priority=0, 总数=60
📥 [QUEUE] 入队: capacity-60, priority=0, 总数=61
📥 [QUEUE] 入队: capacity-61, priority=0, 总数=62
📥 [QUEUE] 入队: capacity-62, priority=0, 总数=63
📥 [QUEUE] 入队: capacity-63, priority=0, 总数=64
📥 [QUEUE] 入队: capacity-64, priority=0, 总数=65
📥 [QUEUE] 入队: capacity-65, priority=0, 总数=66
📥 [QUEUE] 入队: capacity-66, priority=0, 总数=67
📥 [QUEUE] 入队: capacity-67, priority=0, 总数=68
📥 [QUEUE] 入队: capacity-68, priority=0, 总数=69
📥 [QUEUE] 入队: capacity-69, priority=0, 总数=70
📥 [QUEUE] 入队: capacity-70, priority=0, 总数=71
📥 [QUEUE] 入队: capacity-71, priority=0, 总数=72
📥 [QUEUE] 入队: capacity-72, priority=0, 总数=73
📥 [QUEUE] 入队: capacity-73, priority=0, 总数=74
📥 [QUEUE] 入队: capacity-74, priority=0, 总数=75
📥 [QUEUE] 入队: capacity-75, priority=0, 总数=76
📥 [QUEUE] 入队: capacity-76, priority=0, 总数=77
📥 [QUEUE] 入队: capacity-77, priority=0, 总数=78
📥 [QUEUE] 入队: capacity-78, priority=0, 总数=79
📥 [QUEUE] 入队: capacity-79, priority=0, 总数=80
📥 [QUEUE] 入队: capacity-80, priority=0, 总数=81
📥 [QUEUE] 入队: capacity-81, priority=0, 总数=82
📥 [QUEUE] 入队: capacity-82, priority=0, 总数=83
📥 [QUEUE] 入队: capacity-83, priority=0, 总数=84
📥 [QUEUE] 入队: capacity-84, priority=0, 总数=85
📥 [QUEUE] 入队: capacity-85, priority=0, 总数=86
📥 [QUEUE] 入队: capacity-86, priority=0, 总数=87
📥 [QUEUE] 入队: capacity-87, priority=0, 总数=88
📥 [QUEUE] 入队: capacity-88, priority=0, 总数=89
📥 [QUEUE] 入队: capacity-89, priority=0, 总数=90
📥 [QUEUE] 入队: capacity-90, priority=0, 总数=91
📥 [QUEUE] 入队: capacity-91, priority=0, 总数=92
📥 [QUEUE] 入队: capacity-92, priority=0, 总数=93
📥 [QUEUE] 入队: capacity-93, priority=0, 总数=94
📥 [QUEUE] 入队: capacity-94, priority=0, 总数=95
📥 [QUEUE] 入队: capacity-95, priority=0, 总数=96
📥 [QUEUE] 入队: capacity-96, priority=0, 总数=97
📥 [QUEUE] 入队: capacity-97, priority=0, 总数=98
📥 [QUEUE] 入队: capacity-98, priority=0, 总数=99
📥 [QUEUE] 入队: capacity-99, priority=0, 总数=100
📥 [QUEUE] 入队: capacity-100, priority=0, 总数=101
📥 [QUEUE] 入队: capacity-101, priority=0, 总数=102
📥 [QUEUE] 入队: capacity-102, priority=0, 总数=103
📥 [QUEUE] 入队: capacity-103, priority=0, 总数=104
📥 [QUEUE] 入队: capacity-104, priority=0, 总数=105
📥 [QUEUE] 入队: capacity-105, priority=0, 总数=106
📥 [QUEUE] 入队: capacity-106, priority=0, 总数=107
📥 [QUEUE] 入队: capacity-107, priority=0, 总数=108
📥 [QUEUE] 入队: capacity-108, priority=0, 总数=109
📥 [QUEUE] 入队: capacity-109, priority=0, 总数=110
📥 [QUEUE] 入队: capacity-110, priority=0, 总数=111
📥 [QUEUE] 入队: capacity-111, priority=0, 总数=112
📥 [QUEUE] 入队: capacity-112, priority=0, 总数=113
📥 [QUEUE] 入队: capacity-113, priority=0, 总数=114
📥 [QUEUE] 入队: capacity-114, priority=0, 总数=115
📥 [QUEUE] 入队: capacity-115, priority=0, 总数=116
📥 [QUEUE] 入队: capacity-116, priority=0, 总数=117
📥 [QUEUE] 入队: capacity-117, priority=0, 总数=118
📥 [QUEUE] 入队: capacity-118, priority=0, 总数=119
📥 [QUEUE] 入队: capacity-119, priority=0, 总数=120
📥 [QUEUE] 入队: capacity-120, priority=0, 总数=121
📥 [QUEUE] 入队: capacity-121, priority=0, 总数=122
📥 [QUEUE] 入队: capacity-122, priority=0, 总数=123
📥 [QUEUE] 入队: capacity-123, priority=0, 总数=124
📥 [QUEUE] 入队: capacity-124, priority=0, 总数=125
📥 [QUEUE] 入队: capacity-125, priority=0, 总数=126
📥 [QUEUE] 入队: capacity-126, priority=0, 总数=127
📥 [QUEUE] 入队: capacity-127, priority=0, 总数=128
📥 [QUEUE] 入队: capacity-128, priority=0, 总数=129
📥 [QUEUE] 入队: capacity-129, priority=0, 总数=130
📥 [QUEUE] 入队: capacity-130, priority=0, 总数=131
📥 [QUEUE] 入队: capacity-131, priority=0, 总数=132
📥 [QUEUE] 入队: capacity-132, priority=0, 总数=133
📥 [QUEUE] 入队: capacity-133, priority=0, 总数=134
📥 [QUEUE] 入队: capacity-134, priority=0, 总数=135
📥 [QUEUE] 入队: capacity-135, priority=0, 总数=136
📥 [QUEUE] 入队: capacity-136, priority=0, 总数=137
📥 [QUEUE] 入队: capacity-137, priority=0, 总数=138
📥 [QUEUE] 入队: capacity-138, priority=0, 总数=139
📥 [QUEUE] 入队: capacity-139, priority=0, 总数=140
📥 [QUEUE] 入队: capacity-140, priority=0, 总数=141
📥 [QUEUE] 入队: capacity-141, priority=0, 总数=142
📥 [QUEUE] 入队: capacity-142, priority=0, 总数=143
📥 [QUEUE] 入队: capacity-143, priority=0, 总数=144
📥 [QUEUE] 入队: capacity-144, priority=0, 总数=145
📥 [QUEUE] 入队: capacity-145, priority=0, 总数=146
📥 [QUEUE] 入队: capacity-146, priority=0, 总数=147
📥 [QUEUE] 入队: capacity-147, priority=0, 总数=148
📥 [QUEUE] 入队: capacity-148, priority=0, 总数=149
📥 [QUEUE] 入队: capacity-149, priority=0, 总数=150
📥 [QUEUE] 入队: capacity-150, priority=0, 总数=151
📥 [QUEUE] 入队: capacity-151, priority=0, 总数=152
📥 [QUEUE] 入队: capacity-152, priority=0, 总数=153
📥 [QUEUE] 入队: capacity-153, priority=0, 总数=154
📥 [QUEUE] 入队: capacity-154, priority=0, 总数=155
📥 [QUEUE] 入队: capacity-155, priority=0, 总数=156
📥 [QUEUE] 入队: capacity-156, priority=0, 总数=157
📥 [QUEUE] 入队: capacity-157, priority=0, 总数=158
📥 [QUEUE] 入队: capacity-158, priority=0, 总数=159
📥 [QUEUE] 入队: capacity-159, priority=0, 总数=160
📥 [QUEUE] 入队: capacity-160, priority=0, 总数=161
📥 [QUEUE] 入队: capacity-161, priority=0, 总数=162
📥 [QUEUE] 入队: capacity-162, priority=0, 总数=163
📥 [QUEUE] 入队: capacity-163, priority=0, 总数=164
📥 [QUEUE] 入队: capacity-164, priority=0, 总数=165
📥 [QUEUE] 入队: capacity-165, priority=0, 总数=166
📥 [QUEUE] 入队: capacity-166, priority=0, 总数=167
📥 [QUEUE] 入队: capacity-167, priority=0, 总数=168
📥 [QUEUE] 入队: capacity-168, priority=0, 总数=169
📥 [QUEUE] 入队: capacity-169, priority=0, 总数=170
📥 [QUEUE] 入队: capacity-170, priority=0, 总数=171
📥 [QUEUE] 入队: capacity-171, priority=0, 总数=172
📥 [QUEUE] 入队: capacity-172, priority=0, 总数=173
📥 [QUEUE] 入队: capacity-173, priority=0, 总数=174
📥 [QUEUE] 入队: capacity-174, priority=0, 总数=175
📥 [QUEUE] 入队: capacity-175, priority=0, 总数=176
📥 [QUEUE] 入队: capacity-176, priority=0, 总数=177
📥 [QUEUE] 入队: capacity-177, priority=0, 总数=178
📥 [QUEUE] 入队: capacity-178, priority=0, 总数=179
📥 [QUEUE] 入队: capacity-179, priority=0, 总数=180
📥 [QUEUE] 入队: capacity-180, priority=0, 总数=181
📥 [QUEUE] 入队: capacity-181, priority=0, 总数=182
📥 [QUEUE] 入队: capacity-182, priority=0, 总数=183
📥 [QUEUE] 入队: capacity-183, priority=0, 总数=184
📥 [QUEUE] 入队: capacity-184, priority=0, 总数=185
📥 [QUEUE] 入队: capacity-185, priority=0, 总数=186
📥 [QUEUE] 入队: capacity-186, priority=0, 总数=187
📥 [QUEUE] 入队: capacity-187, priority=0, 总数=188
📥 [QUEUE] 入队: capacity-188, priority=0, 总数=189
📥 [QUEUE] 入队: capacity-189, priority=0, 总数=190
📥 [QUEUE] 入队: capacity-190, priority=0, 总数=191
📥 [QUEUE] 入队: capacity-191, priority=0, 总数=192
📥 [QUEUE] 入队: capacity-192, priority=0, 总数=193
📥 [QUEUE] 入队: capacity-193, priority=0, 总数=194
📥 [QUEUE] 入队: capacity-194, priority=0, 总数=195
📥 [QUEUE] 入队: capacity-195, priority=0, 总数=196
📥 [QUEUE] 入队: capacity-196, priority=0, 总数=197
📥 [QUEUE] 入队: capacity-197, priority=0, 总数=198
📥 [QUEUE] 入队: capacity-198, priority=0, 总数=199
📥 [QUEUE] 入队: capacity-199, priority=0, 总数=200
📥 [QUEUE] 入队: overflow, priority=0, 总数=201
00:00 +18 -1: bounded queue same-priority [E]
  Expected: false
    Actual: <true>
  
  package:matcher                                                expect
  package:flutter_test/src/widget_tester.dart 473:18             expect
  test/unit_test/service/websocket_send_session_test.dart 396:9  main.<fn>
  
🛑 [QUEUE] 停止定期清理 Timer
🧹 [QUEUE] 清空队列
00:00 +18 -1: bounded queue lower-priority
📥 [QUEUE] 入队: capacity-0, priority=2, 总数=1
📥 [QUEUE] 入队: capacity-1, priority=2, 总数=2
📥 [QUEUE] 入队: capacity-2, priority=2, 总数=3
📥 [QUEUE] 入队: capacity-3, priority=2, 总数=4
📥 [QUEUE] 入队: capacity-4, priority=2, 总数=5
📥 [QUEUE] 入队: capacity-5, priority=2, 总数=6
📥 [QUEUE] 入队: capacity-6, priority=2, 总数=7
📥 [QUEUE] 入队: capacity-7, priority=2, 总数=8
📥 [QUEUE] 入队: capacity-8, priority=2, 总数=9
📥 [QUEUE] 入队: capacity-9, priority=2, 总数=10
📥 [QUEUE] 入队: capacity-10, priority=2, 总数=11
📥 [QUEUE] 入队: capacity-11, priority=2, 总数=12
📥 [QUEUE] 入队: capacity-12, priority=2, 总数=13
📥 [QUEUE] 入队: capacity-13, priority=2, 总数=14
📥 [QUEUE] 入队: capacity-14, priority=2, 总数=15
📥 [QUEUE] 入队: capacity-15, priority=2, 总数=16
📥 [QUEUE] 入队: capacity-16, priority=2, 总数=17
📥 [QUEUE] 入队: capacity-17, priority=2, 总数=18
📥 [QUEUE] 入队: capacity-18, priority=2, 总数=19
📥 [QUEUE] 入队: capacity-19, priority=2, 总数=20
📥 [QUEUE] 入队: capacity-20, priority=2, 总数=21
📥 [QUEUE] 入队: capacity-21, priority=2, 总数=22
📥 [QUEUE] 入队: capacity-22, priority=2, 总数=23
📥 [QUEUE] 入队: capacity-23, priority=2, 总数=24
📥 [QUEUE] 入队: capacity-24, priority=2, 总数=25
📥 [QUEUE] 入队: capacity-25, priority=2, 总数=26
📥 [QUEUE] 入队: capacity-26, priority=2, 总数=27
📥 [QUEUE] 入队: capacity-27, priority=2, 总数=28
📥 [QUEUE] 入队: capacity-28, priority=2, 总数=29
📥 [QUEUE] 入队: capacity-29, priority=2, 总数=30
📥 [QUEUE] 入队: capacity-30, priority=2, 总数=31
📥 [QUEUE] 入队: capacity-31, priority=2, 总数=32
📥 [QUEUE] 入队: capacity-32, priority=2, 总数=33
📥 [QUEUE] 入队: capacity-33, priority=2, 总数=34
📥 [QUEUE] 入队: capacity-34, priority=2, 总数=35
📥 [QUEUE] 入队: capacity-35, priority=2, 总数=36
📥 [QUEUE] 入队: capacity-36, priority=2, 总数=37
📥 [QUEUE] 入队: capacity-37, priority=2, 总数=38
📥 [QUEUE] 入队: capacity-38, priority=2, 总数=39
📥 [QUEUE] 入队: capacity-39, priority=2, 总数=40
📥 [QUEUE] 入队: capacity-40, priority=2, 总数=41
📥 [QUEUE] 入队: capacity-41, priority=2, 总数=42
📥 [QUEUE] 入队: capacity-42, priority=2, 总数=43
📥 [QUEUE] 入队: capacity-43, priority=2, 总数=44
📥 [QUEUE] 入队: capacity-44, priority=2, 总数=45
📥 [QUEUE] 入队: capacity-45, priority=2, 总数=46
📥 [QUEUE] 入队: capacity-46, priority=2, 总数=47
📥 [QUEUE] 入队: capacity-47, priority=2, 总数=48
📥 [QUEUE] 入队: capacity-48, priority=2, 总数=49
📥 [QUEUE] 入队: capacity-49, priority=2, 总数=50
📥 [QUEUE] 入队: capacity-50, priority=2, 总数=51
📥 [QUEUE] 入队: capacity-51, priority=2, 总数=52
📥 [QUEUE] 入队: capacity-52, priority=2, 总数=53
📥 [QUEUE] 入队: capacity-53, priority=2, 总数=54
📥 [QUEUE] 入队: capacity-54, priority=2, 总数=55
📥 [QUEUE] 入队: capacity-55, priority=2, 总数=56
📥 [QUEUE] 入队: capacity-56, priority=2, 总数=57
📥 [QUEUE] 入队: capacity-57, priority=2, 总数=58
📥 [QUEUE] 入队: capacity-58, priority=2, 总数=59
📥 [QUEUE] 入队: capacity-59, priority=2, 总数=60
📥 [QUEUE] 入队: capacity-60, priority=2, 总数=61
📥 [QUEUE] 入队: capacity-61, priority=2, 总数=62
📥 [QUEUE] 入队: capacity-62, priority=2, 总数=63
📥 [QUEUE] 入队: capacity-63, priority=2, 总数=64
📥 [QUEUE] 入队: capacity-64, priority=2, 总数=65
📥 [QUEUE] 入队: capacity-65, priority=2, 总数=66
📥 [QUEUE] 入队: capacity-66, priority=2, 总数=67
📥 [QUEUE] 入队: capacity-67, priority=2, 总数=68
📥 [QUEUE] 入队: capacity-68, priority=2, 总数=69
📥 [QUEUE] 入队: capacity-69, priority=2, 总数=70
📥 [QUEUE] 入队: capacity-70, priority=2, 总数=71
📥 [QUEUE] 入队: capacity-71, priority=2, 总数=72
📥 [QUEUE] 入队: capacity-72, priority=2, 总数=73
📥 [QUEUE] 入队: capacity-73, priority=2, 总数=74
📥 [QUEUE] 入队: capacity-74, priority=2, 总数=75
📥 [QUEUE] 入队: capacity-75, priority=2, 总数=76
📥 [QUEUE] 入队: capacity-76, priority=2, 总数=77
📥 [QUEUE] 入队: capacity-77, priority=2, 总数=78
📥 [QUEUE] 入队: capacity-78, priority=2, 总数=79
📥 [QUEUE] 入队: capacity-79, priority=2, 总数=80
📥 [QUEUE] 入队: capacity-80, priority=2, 总数=81
📥 [QUEUE] 入队: capacity-81, priority=2, 总数=82
📥 [QUEUE] 入队: capacity-82, priority=2, 总数=83
📥 [QUEUE] 入队: capacity-83, priority=2, 总数=84
📥 [QUEUE] 入队: capacity-84, priority=2, 总数=85
📥 [QUEUE] 入队: capacity-85, priority=2, 总数=86
📥 [QUEUE] 入队: capacity-86, priority=2, 总数=87
📥 [QUEUE] 入队: capacity-87, priority=2, 总数=88
📥 [QUEUE] 入队: capacity-88, priority=2, 总数=89
📥 [QUEUE] 入队: capacity-89, priority=2, 总数=90
📥 [QUEUE] 入队: capacity-90, priority=2, 总数=91
📥 [QUEUE] 入队: capacity-91, priority=2, 总数=92
📥 [QUEUE] 入队: capacity-92, priority=2, 总数=93
📥 [QUEUE] 入队: capacity-93, priority=2, 总数=94
📥 [QUEUE] 入队: capacity-94, priority=2, 总数=95
📥 [QUEUE] 入队: capacity-95, priority=2, 总数=96
📥 [QUEUE] 入队: capacity-96, priority=2, 总数=97
📥 [QUEUE] 入队: capacity-97, priority=2, 总数=98
📥 [QUEUE] 入队: capacity-98, priority=2, 总数=99
📥 [QUEUE] 入队: capacity-99, priority=2, 总数=100
📥 [QUEUE] 入队: capacity-100, priority=2, 总数=101
📥 [QUEUE] 入队: capacity-101, priority=2, 总数=102
📥 [QUEUE] 入队: capacity-102, priority=2, 总数=103
📥 [QUEUE] 入队: capacity-103, priority=2, 总数=104
📥 [QUEUE] 入队: capacity-104, priority=2, 总数=105
📥 [QUEUE] 入队: capacity-105, priority=2, 总数=106
📥 [QUEUE] 入队: capacity-106, priority=2, 总数=107
📥 [QUEUE] 入队: capacity-107, priority=2, 总数=108
📥 [QUEUE] 入队: capacity-108, priority=2, 总数=109
📥 [QUEUE] 入队: capacity-109, priority=2, 总数=110
📥 [QUEUE] 入队: capacity-110, priority=2, 总数=111
📥 [QUEUE] 入队: capacity-111, priority=2, 总数=112
📥 [QUEUE] 入队: capacity-112, priority=2, 总数=113
📥 [QUEUE] 入队: capacity-113, priority=2, 总数=114
📥 [QUEUE] 入队: capacity-114, priority=2, 总数=115
📥 [QUEUE] 入队: capacity-115, priority=2, 总数=116
📥 [QUEUE] 入队: capacity-116, priority=2, 总数=117
📥 [QUEUE] 入队: capacity-117, priority=2, 总数=118
📥 [QUEUE] 入队: capacity-118, priority=2, 总数=119
📥 [QUEUE] 入队: capacity-119, priority=2, 总数=120
📥 [QUEUE] 入队: capacity-120, priority=2, 总数=121
📥 [QUEUE] 入队: capacity-121, priority=2, 总数=122
📥 [QUEUE] 入队: capacity-122, priority=2, 总数=123
📥 [QUEUE] 入队: capacity-123, priority=2, 总数=124
📥 [QUEUE] 入队: capacity-124, priority=2, 总数=125
📥 [QUEUE] 入队: capacity-125, priority=2, 总数=126
📥 [QUEUE] 入队: capacity-126, priority=2, 总数=127
📥 [QUEUE] 入队: capacity-127, priority=2, 总数=128
📥 [QUEUE] 入队: capacity-128, priority=2, 总数=129
📥 [QUEUE] 入队: capacity-129, priority=2, 总数=130
📥 [QUEUE] 入队: capacity-130, priority=2, 总数=131
📥 [QUEUE] 入队: capacity-131, priority=2, 总数=132
📥 [QUEUE] 入队: capacity-132, priority=2, 总数=133
📥 [QUEUE] 入队: capacity-133, priority=2, 总数=134
📥 [QUEUE] 入队: capacity-134, priority=2, 总数=135
📥 [QUEUE] 入队: capacity-135, priority=2, 总数=136
📥 [QUEUE] 入队: capacity-136, priority=2, 总数=137
📥 [QUEUE] 入队: capacity-137, priority=2, 总数=138
📥 [QUEUE] 入队: capacity-138, priority=2, 总数=139
📥 [QUEUE] 入队: capacity-139, priority=2, 总数=140
📥 [QUEUE] 入队: capacity-140, priority=2, 总数=141
📥 [QUEUE] 入队: capacity-141, priority=2, 总数=142
📥 [QUEUE] 入队: capacity-142, priority=2, 总数=143
📥 [QUEUE] 入队: capacity-143, priority=2, 总数=144
📥 [QUEUE] 入队: capacity-144, priority=2, 总数=145
📥 [QUEUE] 入队: capacity-145, priority=2, 总数=146
📥 [QUEUE] 入队: capacity-146, priority=2, 总数=147
📥 [QUEUE] 入队: capacity-147, priority=2, 总数=148
📥 [QUEUE] 入队: capacity-148, priority=2, 总数=149
📥 [QUEUE] 入队: capacity-149, priority=2, 总数=150
📥 [QUEUE] 入队: capacity-150, priority=2, 总数=151
📥 [QUEUE] 入队: capacity-151, priority=2, 总数=152
📥 [QUEUE] 入队: capacity-152, priority=2, 总数=153
📥 [QUEUE] 入队: capacity-153, priority=2, 总数=154
📥 [QUEUE] 入队: capacity-154, priority=2, 总数=155
📥 [QUEUE] 入队: capacity-155, priority=2, 总数=156
📥 [QUEUE] 入队: capacity-156, priority=2, 总数=157
📥 [QUEUE] 入队: capacity-157, priority=2, 总数=158
📥 [QUEUE] 入队: capacity-158, priority=2, 总数=159
📥 [QUEUE] 入队: capacity-159, priority=2, 总数=160
📥 [QUEUE] 入队: capacity-160, priority=2, 总数=161
📥 [QUEUE] 入队: capacity-161, priority=2, 总数=162
📥 [QUEUE] 入队: capacity-162, priority=2, 总数=163
📥 [QUEUE] 入队: capacity-163, priority=2, 总数=164
📥 [QUEUE] 入队: capacity-164, priority=2, 总数=165
📥 [QUEUE] 入队: capacity-165, priority=2, 总数=166
📥 [QUEUE] 入队: capacity-166, priority=2, 总数=167
📥 [QUEUE] 入队: capacity-167, priority=2, 总数=168
📥 [QUEUE] 入队: capacity-168, priority=2, 总数=169
📥 [QUEUE] 入队: capacity-169, priority=2, 总数=170
📥 [QUEUE] 入队: capacity-170, priority=2, 总数=171
📥 [QUEUE] 入队: capacity-171, priority=2, 总数=172
📥 [QUEUE] 入队: capacity-172, priority=2, 总数=173
📥 [QUEUE] 入队: capacity-173, priority=2, 总数=174
📥 [QUEUE] 入队: capacity-174, priority=2, 总数=175
📥 [QUEUE] 入队: capacity-175, priority=2, 总数=176
📥 [QUEUE] 入队: capacity-176, priority=2, 总数=177
📥 [QUEUE] 入队: capacity-177, priority=2, 总数=178
📥 [QUEUE] 入队: capacity-178, priority=2, 总数=179
📥 [QUEUE] 入队: capacity-179, priority=2, 总数=180
📥 [QUEUE] 入队: capacity-180, priority=2, 总数=181
📥 [QUEUE] 入队: capacity-181, priority=2, 总数=182
📥 [QUEUE] 入队: capacity-182, priority=2, 总数=183
📥 [QUEUE] 入队: capacity-183, priority=2, 总数=184
📥 [QUEUE] 入队: capacity-184, priority=2, 总数=185
📥 [QUEUE] 入队: capacity-185, priority=2, 总数=186
📥 [QUEUE] 入队: capacity-186, priority=2, 总数=187
📥 [QUEUE] 入队: capacity-187, priority=2, 总数=188
📥 [QUEUE] 入队: capacity-188, priority=2, 总数=189
📥 [QUEUE] 入队: capacity-189, priority=2, 总数=190
📥 [QUEUE] 入队: capacity-190, priority=2, 总数=191
📥 [QUEUE] 入队: capacity-191, priority=2, 总数=192
📥 [QUEUE] 入队: capacity-192, priority=2, 总数=193
📥 [QUEUE] 入队: capacity-193, priority=2, 总数=194
📥 [QUEUE] 入队: capacity-194, priority=2, 总数=195
📥 [QUEUE] 入队: capacity-195, priority=2, 总数=196
📥 [QUEUE] 入队: capacity-196, priority=2, 总数=197
📥 [QUEUE] 入队: capacity-197, priority=2, 总数=198
📥 [QUEUE] 入队: capacity-198, priority=2, 总数=199
📥 [QUEUE] 入队: capacity-199, priority=2, 总数=200
📥 [QUEUE] 入队: overflow, priority=0, 总数=201
00:00 +18 -2: bounded queue lower-priority [E]
  Expected: false
    Actual: <true>
  
  package:matcher                                                expect
  package:flutter_test/src/widget_tester.dart 473:18             expect
  test/unit_test/service/websocket_send_session_test.dart 396:9  main.<fn>
  
🛑 [QUEUE] 停止定期清理 Timer
🧹 [QUEUE] 清空队列
00:00 +18 -2: bounded queue evicted-reenqueue
📥 [QUEUE] 入队: capacity-0, priority=0, 总数=1
📥 [QUEUE] 入队: capacity-1, priority=0, 总数=2
📥 [QUEUE] 入队: capacity-2, priority=0, 总数=3
📥 [QUEUE] 入队: capacity-3, priority=0, 总数=4
📥 [QUEUE] 入队: capacity-4, priority=0, 总数=5
📥 [QUEUE] 入队: capacity-5, priority=0, 总数=6
📥 [QUEUE] 入队: capacity-6, priority=0, 总数=7
📥 [QUEUE] 入队: capacity-7, priority=0, 总数=8
📥 [QUEUE] 入队: capacity-8, priority=0, 总数=9
📥 [QUEUE] 入队: capacity-9, priority=0, 总数=10
📥 [QUEUE] 入队: capacity-10, priority=0, 总数=11
📥 [QUEUE] 入队: capacity-11, priority=0, 总数=12
📥 [QUEUE] 入队: capacity-12, priority=0, 总数=13
📥 [QUEUE] 入队: capacity-13, priority=0, 总数=14
📥 [QUEUE] 入队: capacity-14, priority=0, 总数=15
📥 [QUEUE] 入队: capacity-15, priority=0, 总数=16
📥 [QUEUE] 入队: capacity-16, priority=0, 总数=17
📥 [QUEUE] 入队: capacity-17, priority=0, 总数=18
📥 [QUEUE] 入队: capacity-18, priority=0, 总数=19
📥 [QUEUE] 入队: capacity-19, priority=0, 总数=20
📥 [QUEUE] 入队: capacity-20, priority=0, 总数=21
📥 [QUEUE] 入队: capacity-21, priority=0, 总数=22
📥 [QUEUE] 入队: capacity-22, priority=0, 总数=23
📥 [QUEUE] 入队: capacity-23, priority=0, 总数=24
📥 [QUEUE] 入队: capacity-24, priority=0, 总数=25
📥 [QUEUE] 入队: capacity-25, priority=0, 总数=26
📥 [QUEUE] 入队: capacity-26, priority=0, 总数=27
📥 [QUEUE] 入队: capacity-27, priority=0, 总数=28
📥 [QUEUE] 入队: capacity-28, priority=0, 总数=29
📥 [QUEUE] 入队: capacity-29, priority=0, 总数=30
📥 [QUEUE] 入队: capacity-30, priority=0, 总数=31
📥 [QUEUE] 入队: capacity-31, priority=0, 总数=32
📥 [QUEUE] 入队: capacity-32, priority=0, 总数=33
📥 [QUEUE] 入队: capacity-33, priority=0, 总数=34
📥 [QUEUE] 入队: capacity-34, priority=0, 总数=35
📥 [QUEUE] 入队: capacity-35, priority=0, 总数=36
📥 [QUEUE] 入队: capacity-36, priority=0, 总数=37
📥 [QUEUE] 入队: capacity-37, priority=0, 总数=38
📥 [QUEUE] 入队: capacity-38, priority=0, 总数=39
📥 [QUEUE] 入队: capacity-39, priority=0, 总数=40
📥 [QUEUE] 入队: capacity-40, priority=0, 总数=41
📥 [QUEUE] 入队: capacity-41, priority=0, 总数=42
📥 [QUEUE] 入队: capacity-42, priority=0, 总数=43
📥 [QUEUE] 入队: capacity-43, priority=0, 总数=44
📥 [QUEUE] 入队: capacity-44, priority=0, 总数=45
📥 [QUEUE] 入队: capacity-45, priority=0, 总数=46
📥 [QUEUE] 入队: capacity-46, priority=0, 总数=47
📥 [QUEUE] 入队: capacity-47, priority=0, 总数=48
📥 [QUEUE] 入队: capacity-48, priority=0, 总数=49
📥 [QUEUE] 入队: capacity-49, priority=0, 总数=50
📥 [QUEUE] 入队: capacity-50, priority=0, 总数=51
📥 [QUEUE] 入队: capacity-51, priority=0, 总数=52
📥 [QUEUE] 入队: capacity-52, priority=0, 总数=53
📥 [QUEUE] 入队: capacity-53, priority=0, 总数=54
📥 [QUEUE] 入队: capacity-54, priority=0, 总数=55
📥 [QUEUE] 入队: capacity-55, priority=0, 总数=56
📥 [QUEUE] 入队: capacity-56, priority=0, 总数=57
📥 [QUEUE] 入队: capacity-57, priority=0, 总数=58
📥 [QUEUE] 入队: capacity-58, priority=0, 总数=59
📥 [QUEUE] 入队: capacity-59, priority=0, 总数=60
📥 [QUEUE] 入队: capacity-60, priority=0, 总数=61
📥 [QUEUE] 入队: capacity-61, priority=0, 总数=62
📥 [QUEUE] 入队: capacity-62, priority=0, 总数=63
📥 [QUEUE] 入队: capacity-63, priority=0, 总数=64
📥 [QUEUE] 入队: capacity-64, priority=0, 总数=65
📥 [QUEUE] 入队: capacity-65, priority=0, 总数=66
📥 [QUEUE] 入队: capacity-66, priority=0, 总数=67
📥 [QUEUE] 入队: capacity-67, priority=0, 总数=68
📥 [QUEUE] 入队: capacity-68, priority=0, 总数=69
📥 [QUEUE] 入队: capacity-69, priority=0, 总数=70
📥 [QUEUE] 入队: capacity-70, priority=0, 总数=71
📥 [QUEUE] 入队: capacity-71, priority=0, 总数=72
📥 [QUEUE] 入队: capacity-72, priority=0, 总数=73
📥 [QUEUE] 入队: capacity-73, priority=0, 总数=74
📥 [QUEUE] 入队: capacity-74, priority=0, 总数=75
📥 [QUEUE] 入队: capacity-75, priority=0, 总数=76
📥 [QUEUE] 入队: capacity-76, priority=0, 总数=77
📥 [QUEUE] 入队: capacity-77, priority=0, 总数=78
📥 [QUEUE] 入队: capacity-78, priority=0, 总数=79
📥 [QUEUE] 入队: capacity-79, priority=0, 总数=80
📥 [QUEUE] 入队: capacity-80, priority=0, 总数=81
📥 [QUEUE] 入队: capacity-81, priority=0, 总数=82
📥 [QUEUE] 入队: capacity-82, priority=0, 总数=83
📥 [QUEUE] 入队: capacity-83, priority=0, 总数=84
📥 [QUEUE] 入队: capacity-84, priority=0, 总数=85
📥 [QUEUE] 入队: capacity-85, priority=0, 总数=86
📥 [QUEUE] 入队: capacity-86, priority=0, 总数=87
📥 [QUEUE] 入队: capacity-87, priority=0, 总数=88
📥 [QUEUE] 入队: capacity-88, priority=0, 总数=89
📥 [QUEUE] 入队: capacity-89, priority=0, 总数=90
📥 [QUEUE] 入队: capacity-90, priority=0, 总数=91
📥 [QUEUE] 入队: capacity-91, priority=0, 总数=92
📥 [QUEUE] 入队: capacity-92, priority=0, 总数=93
📥 [QUEUE] 入队: capacity-93, priority=0, 总数=94
📥 [QUEUE] 入队: capacity-94, priority=0, 总数=95
📥 [QUEUE] 入队: capacity-95, priority=0, 总数=96
📥 [QUEUE] 入队: capacity-96, priority=0, 总数=97
📥 [QUEUE] 入队: capacity-97, priority=0, 总数=98
📥 [QUEUE] 入队: capacity-98, priority=0, 总数=99
📥 [QUEUE] 入队: capacity-99, priority=0, 总数=100
📥 [QUEUE] 入队: capacity-100, priority=0, 总数=101
📥 [QUEUE] 入队: capacity-101, priority=0, 总数=102
📥 [QUEUE] 入队: capacity-102, priority=0, 总数=103
📥 [QUEUE] 入队: capacity-103, priority=0, 总数=104
📥 [QUEUE] 入队: capacity-104, priority=0, 总数=105
📥 [QUEUE] 入队: capacity-105, priority=0, 总数=106
📥 [QUEUE] 入队: capacity-106, priority=0, 总数=107
📥 [QUEUE] 入队: capacity-107, priority=0, 总数=108
📥 [QUEUE] 入队: capacity-108, priority=0, 总数=109
📥 [QUEUE] 入队: capacity-109, priority=0, 总数=110
📥 [QUEUE] 入队: capacity-110, priority=0, 总数=111
📥 [QUEUE] 入队: capacity-111, priority=0, 总数=112
📥 [QUEUE] 入队: capacity-112, priority=0, 总数=113
📥 [QUEUE] 入队: capacity-113, priority=0, 总数=114
📥 [QUEUE] 入队: capacity-114, priority=0, 总数=115
📥 [QUEUE] 入队: capacity-115, priority=0, 总数=116
📥 [QUEUE] 入队: capacity-116, priority=0, 总数=117
📥 [QUEUE] 入队: capacity-117, priority=0, 总数=118
📥 [QUEUE] 入队: capacity-118, priority=0, 总数=119
📥 [QUEUE] 入队: capacity-119, priority=0, 总数=120
📥 [QUEUE] 入队: capacity-120, priority=0, 总数=121
📥 [QUEUE] 入队: capacity-121, priority=0, 总数=122
📥 [QUEUE] 入队: capacity-122, priority=0, 总数=123
📥 [QUEUE] 入队: capacity-123, priority=0, 总数=124
📥 [QUEUE] 入队: capacity-124, priority=0, 总数=125
📥 [QUEUE] 入队: capacity-125, priority=0, 总数=126
📥 [QUEUE] 入队: capacity-126, priority=0, 总数=127
📥 [QUEUE] 入队: capacity-127, priority=0, 总数=128
📥 [QUEUE] 入队: capacity-128, priority=0, 总数=129
📥 [QUEUE] 入队: capacity-129, priority=0, 总数=130
📥 [QUEUE] 入队: capacity-130, priority=0, 总数=131
📥 [QUEUE] 入队: capacity-131, priority=0, 总数=132
📥 [QUEUE] 入队: capacity-132, priority=0, 总数=133
📥 [QUEUE] 入队: capacity-133, priority=0, 总数=134
📥 [QUEUE] 入队: capacity-134, priority=0, 总数=135
📥 [QUEUE] 入队: capacity-135, priority=0, 总数=136
📥 [QUEUE] 入队: capacity-136, priority=0, 总数=137
📥 [QUEUE] 入队: capacity-137, priority=0, 总数=138
📥 [QUEUE] 入队: capacity-138, priority=0, 总数=139
📥 [QUEUE] 入队: capacity-139, priority=0, 总数=140
📥 [QUEUE] 入队: capacity-140, priority=0, 总数=141
📥 [QUEUE] 入队: capacity-141, priority=0, 总数=142
📥 [QUEUE] 入队: capacity-142, priority=0, 总数=143
📥 [QUEUE] 入队: capacity-143, priority=0, 总数=144
📥 [QUEUE] 入队: capacity-144, priority=0, 总数=145
📥 [QUEUE] 入队: capacity-145, priority=0, 总数=146
📥 [QUEUE] 入队: capacity-146, priority=0, 总数=147
📥 [QUEUE] 入队: capacity-147, priority=0, 总数=148
📥 [QUEUE] 入队: capacity-148, priority=0, 总数=149
📥 [QUEUE] 入队: capacity-149, priority=0, 总数=150
📥 [QUEUE] 入队: capacity-150, priority=0, 总数=151
📥 [QUEUE] 入队: capacity-151, priority=0, 总数=152
📥 [QUEUE] 入队: capacity-152, priority=0, 总数=153
📥 [QUEUE] 入队: capacity-153, priority=0, 总数=154
📥 [QUEUE] 入队: capacity-154, priority=0, 总数=155
📥 [QUEUE] 入队: capacity-155, priority=0, 总数=156
📥 [QUEUE] 入队: capacity-156, priority=0, 总数=157
📥 [QUEUE] 入队: capacity-157, priority=0, 总数=158
📥 [QUEUE] 入队: capacity-158, priority=0, 总数=159
📥 [QUEUE] 入队: capacity-159, priority=0, 总数=160
📥 [QUEUE] 入队: capacity-160, priority=0, 总数=161
📥 [QUEUE] 入队: capacity-161, priority=0, 总数=162
📥 [QUEUE] 入队: capacity-162, priority=0, 总数=163
📥 [QUEUE] 入队: capacity-163, priority=0, 总数=164
📥 [QUEUE] 入队: capacity-164, priority=0, 总数=165
📥 [QUEUE] 入队: capacity-165, priority=0, 总数=166
📥 [QUEUE] 入队: capacity-166, priority=0, 总数=167
📥 [QUEUE] 入队: capacity-167, priority=0, 总数=168
📥 [QUEUE] 入队: capacity-168, priority=0, 总数=169
📥 [QUEUE] 入队: capacity-169, priority=0, 总数=170
📥 [QUEUE] 入队: capacity-170, priority=0, 总数=171
📥 [QUEUE] 入队: capacity-171, priority=0, 总数=172
📥 [QUEUE] 入队: capacity-172, priority=0, 总数=173
📥 [QUEUE] 入队: capacity-173, priority=0, 总数=174
📥 [QUEUE] 入队: capacity-174, priority=0, 总数=175
📥 [QUEUE] 入队: capacity-175, priority=0, 总数=176
📥 [QUEUE] 入队: capacity-176, priority=0, 总数=177
📥 [QUEUE] 入队: capacity-177, priority=0, 总数=178
📥 [QUEUE] 入队: capacity-178, priority=0, 总数=179
📥 [QUEUE] 入队: capacity-179, priority=0, 总数=180
📥 [QUEUE] 入队: capacity-180, priority=0, 总数=181
📥 [QUEUE] 入队: capacity-181, priority=0, 总数=182
📥 [QUEUE] 入队: capacity-182, priority=0, 总数=183
📥 [QUEUE] 入队: capacity-183, priority=0, 总数=184
📥 [QUEUE] 入队: capacity-184, priority=0, 总数=185
📥 [QUEUE] 入队: capacity-185, priority=0, 总数=186
📥 [QUEUE] 入队: capacity-186, priority=0, 总数=187
📥 [QUEUE] 入队: capacity-187, priority=0, 总数=188
📥 [QUEUE] 入队: capacity-188, priority=0, 总数=189
📥 [QUEUE] 入队: capacity-189, priority=0, 总数=190
📥 [QUEUE] 入队: capacity-190, priority=0, 总数=191
📥 [QUEUE] 入队: capacity-191, priority=0, 总数=192
📥 [QUEUE] 入队: capacity-192, priority=0, 总数=193
📥 [QUEUE] 入队: capacity-193, priority=0, 总数=194
📥 [QUEUE] 入队: capacity-194, priority=0, 总数=195
📥 [QUEUE] 入队: capacity-195, priority=0, 总数=196
📥 [QUEUE] 入队: capacity-196, priority=0, 总数=197
📥 [QUEUE] 入队: capacity-197, priority=0, 总数=198
📥 [QUEUE] 入队: capacity-198, priority=0, 总数=199
📥 [QUEUE] 入队: capacity-199, priority=0, 总数=200
🗑️ [QUEUE] 移除低优先级消息: priority=0
📥 [QUEUE] 入队: high, priority=1, 总数=200
📤 [QUEUE] 出队: high, priority=1
⚠️ [QUEUE] 消息已存在: capacity-0
00:00 +18 -3: bounded queue evicted-reenqueue [E]
  Expected: true
    Actual: <false>
  
  package:matcher                                                expect
  package:flutter_test/src/widget_tester.dart 473:18             expect
  test/unit_test/service/websocket_send_session_test.dart 393:9  main.<fn>
  
🛑 [QUEUE] 停止定期清理 Timer
🧹 [QUEUE] 清空队列
00:00 +18 -3: Some tests failed.

Failing tests:
  /Users/leeyi/project/imboy.pub/imboyapp/test/unit_test/service/websocket_send_session_test.dart: bounded queue evicted-reenqueue
  /Users/leeyi/project/imboy.pub/imboyapp/test/unit_test/service/websocket_send_session_test.dart: bounded queue lower-priority
  /Users/leeyi/project/imboy.pub/imboyapp/test/unit_test/service/websocket_send_session_test.dart: bounded queue same-priority
