00:00 +0: loading /Users/leeyi/project/imboy.pub/imboyapp/test/unit_test/service/websocket_send_session_test.dart
00:00 +0: failed flush preserves original when sink fills queue
🧹 [QUEUE] 启动定期清理 Timer
📥 [QUEUE] 入队: original, priority=0, 总数=1
📤 [QUEUE] 出队: original, priority=0
📥 [QUEUE] 入队: competing-0, priority=0, 总数=1
📥 [QUEUE] 入队: competing-1, priority=0, 总数=2
📥 [QUEUE] 入队: competing-2, priority=0, 总数=3
📥 [QUEUE] 入队: competing-3, priority=0, 总数=4
📥 [QUEUE] 入队: competing-4, priority=0, 总数=5
📥 [QUEUE] 入队: competing-5, priority=0, 总数=6
📥 [QUEUE] 入队: competing-6, priority=0, 总数=7
📥 [QUEUE] 入队: competing-7, priority=0, 总数=8
📥 [QUEUE] 入队: competing-8, priority=0, 总数=9
📥 [QUEUE] 入队: competing-9, priority=0, 总数=10
📥 [QUEUE] 入队: competing-10, priority=0, 总数=11
📥 [QUEUE] 入队: competing-11, priority=0, 总数=12
📥 [QUEUE] 入队: competing-12, priority=0, 总数=13
📥 [QUEUE] 入队: competing-13, priority=0, 总数=14
📥 [QUEUE] 入队: competing-14, priority=0, 总数=15
📥 [QUEUE] 入队: competing-15, priority=0, 总数=16
📥 [QUEUE] 入队: competing-16, priority=0, 总数=17
📥 [QUEUE] 入队: competing-17, priority=0, 总数=18
📥 [QUEUE] 入队: competing-18, priority=0, 总数=19
📥 [QUEUE] 入队: competing-19, priority=0, 总数=20
📥 [QUEUE] 入队: competing-20, priority=0, 总数=21
📥 [QUEUE] 入队: competing-21, priority=0, 总数=22
📥 [QUEUE] 入队: competing-22, priority=0, 总数=23
📥 [QUEUE] 入队: competing-23, priority=0, 总数=24
📥 [QUEUE] 入队: competing-24, priority=0, 总数=25
📥 [QUEUE] 入队: competing-25, priority=0, 总数=26
📥 [QUEUE] 入队: competing-26, priority=0, 总数=27
📥 [QUEUE] 入队: competing-27, priority=0, 总数=28
📥 [QUEUE] 入队: competing-28, priority=0, 总数=29
📥 [QUEUE] 入队: competing-29, priority=0, 总数=30
📥 [QUEUE] 入队: competing-30, priority=0, 总数=31
📥 [QUEUE] 入队: competing-31, priority=0, 总数=32
📥 [QUEUE] 入队: competing-32, priority=0, 总数=33
📥 [QUEUE] 入队: competing-33, priority=0, 总数=34
📥 [QUEUE] 入队: competing-34, priority=0, 总数=35
📥 [QUEUE] 入队: competing-35, priority=0, 总数=36
📥 [QUEUE] 入队: competing-36, priority=0, 总数=37
📥 [QUEUE] 入队: competing-37, priority=0, 总数=38
📥 [QUEUE] 入队: competing-38, priority=0, 总数=39
📥 [QUEUE] 入队: competing-39, priority=0, 总数=40
📥 [QUEUE] 入队: competing-40, priority=0, 总数=41
📥 [QUEUE] 入队: competing-41, priority=0, 总数=42
📥 [QUEUE] 入队: competing-42, priority=0, 总数=43
📥 [QUEUE] 入队: competing-43, priority=0, 总数=44
📥 [QUEUE] 入队: competing-44, priority=0, 总数=45
📥 [QUEUE] 入队: competing-45, priority=0, 总数=46
📥 [QUEUE] 入队: competing-46, priority=0, 总数=47
📥 [QUEUE] 入队: competing-47, priority=0, 总数=48
📥 [QUEUE] 入队: competing-48, priority=0, 总数=49
📥 [QUEUE] 入队: competing-49, priority=0, 总数=50
📥 [QUEUE] 入队: competing-50, priority=0, 总数=51
📥 [QUEUE] 入队: competing-51, priority=0, 总数=52
📥 [QUEUE] 入队: competing-52, priority=0, 总数=53
📥 [QUEUE] 入队: competing-53, priority=0, 总数=54
📥 [QUEUE] 入队: competing-54, priority=0, 总数=55
📥 [QUEUE] 入队: competing-55, priority=0, 总数=56
📥 [QUEUE] 入队: competing-56, priority=0, 总数=57
📥 [QUEUE] 入队: competing-57, priority=0, 总数=58
📥 [QUEUE] 入队: competing-58, priority=0, 总数=59
📥 [QUEUE] 入队: competing-59, priority=0, 总数=60
📥 [QUEUE] 入队: competing-60, priority=0, 总数=61
📥 [QUEUE] 入队: competing-61, priority=0, 总数=62
📥 [QUEUE] 入队: competing-62, priority=0, 总数=63
📥 [QUEUE] 入队: competing-63, priority=0, 总数=64
📥 [QUEUE] 入队: competing-64, priority=0, 总数=65
📥 [QUEUE] 入队: competing-65, priority=0, 总数=66
📥 [QUEUE] 入队: competing-66, priority=0, 总数=67
📥 [QUEUE] 入队: competing-67, priority=0, 总数=68
📥 [QUEUE] 入队: competing-68, priority=0, 总数=69
📥 [QUEUE] 入队: competing-69, priority=0, 总数=70
📥 [QUEUE] 入队: competing-70, priority=0, 总数=71
📥 [QUEUE] 入队: competing-71, priority=0, 总数=72
📥 [QUEUE] 入队: competing-72, priority=0, 总数=73
📥 [QUEUE] 入队: competing-73, priority=0, 总数=74
📥 [QUEUE] 入队: competing-74, priority=0, 总数=75
📥 [QUEUE] 入队: competing-75, priority=0, 总数=76
📥 [QUEUE] 入队: competing-76, priority=0, 总数=77
📥 [QUEUE] 入队: competing-77, priority=0, 总数=78
📥 [QUEUE] 入队: competing-78, priority=0, 总数=79
📥 [QUEUE] 入队: competing-79, priority=0, 总数=80
📥 [QUEUE] 入队: competing-80, priority=0, 总数=81
📥 [QUEUE] 入队: competing-81, priority=0, 总数=82
📥 [QUEUE] 入队: competing-82, priority=0, 总数=83
📥 [QUEUE] 入队: competing-83, priority=0, 总数=84
📥 [QUEUE] 入队: competing-84, priority=0, 总数=85
📥 [QUEUE] 入队: competing-85, priority=0, 总数=86
📥 [QUEUE] 入队: competing-86, priority=0, 总数=87
📥 [QUEUE] 入队: competing-87, priority=0, 总数=88
📥 [QUEUE] 入队: competing-88, priority=0, 总数=89
📥 [QUEUE] 入队: competing-89, priority=0, 总数=90
📥 [QUEUE] 入队: competing-90, priority=0, 总数=91
📥 [QUEUE] 入队: competing-91, priority=0, 总数=92
📥 [QUEUE] 入队: competing-92, priority=0, 总数=93
📥 [QUEUE] 入队: competing-93, priority=0, 总数=94
📥 [QUEUE] 入队: competing-94, priority=0, 总数=95
📥 [QUEUE] 入队: competing-95, priority=0, 总数=96
📥 [QUEUE] 入队: competing-96, priority=0, 总数=97
📥 [QUEUE] 入队: competing-97, priority=0, 总数=98
📥 [QUEUE] 入队: competing-98, priority=0, 总数=99
📥 [QUEUE] 入队: competing-99, priority=0, 总数=100
📥 [QUEUE] 入队: competing-100, priority=0, 总数=101
📥 [QUEUE] 入队: competing-101, priority=0, 总数=102
📥 [QUEUE] 入队: competing-102, priority=0, 总数=103
📥 [QUEUE] 入队: competing-103, priority=0, 总数=104
📥 [QUEUE] 入队: competing-104, priority=0, 总数=105
📥 [QUEUE] 入队: competing-105, priority=0, 总数=106
📥 [QUEUE] 入队: competing-106, priority=0, 总数=107
📥 [QUEUE] 入队: competing-107, priority=0, 总数=108
📥 [QUEUE] 入队: competing-108, priority=0, 总数=109
📥 [QUEUE] 入队: competing-109, priority=0, 总数=110
📥 [QUEUE] 入队: competing-110, priority=0, 总数=111
📥 [QUEUE] 入队: competing-111, priority=0, 总数=112
📥 [QUEUE] 入队: competing-112, priority=0, 总数=113
📥 [QUEUE] 入队: competing-113, priority=0, 总数=114
📥 [QUEUE] 入队: competing-114, priority=0, 总数=115
📥 [QUEUE] 入队: competing-115, priority=0, 总数=116
📥 [QUEUE] 入队: competing-116, priority=0, 总数=117
📥 [QUEUE] 入队: competing-117, priority=0, 总数=118
📥 [QUEUE] 入队: competing-118, priority=0, 总数=119
📥 [QUEUE] 入队: competing-119, priority=0, 总数=120
📥 [QUEUE] 入队: competing-120, priority=0, 总数=121
📥 [QUEUE] 入队: competing-121, priority=0, 总数=122
📥 [QUEUE] 入队: competing-122, priority=0, 总数=123
📥 [QUEUE] 入队: competing-123, priority=0, 总数=124
📥 [QUEUE] 入队: competing-124, priority=0, 总数=125
📥 [QUEUE] 入队: competing-125, priority=0, 总数=126
📥 [QUEUE] 入队: competing-126, priority=0, 总数=127
📥 [QUEUE] 入队: competing-127, priority=0, 总数=128
📥 [QUEUE] 入队: competing-128, priority=0, 总数=129
📥 [QUEUE] 入队: competing-129, priority=0, 总数=130
📥 [QUEUE] 入队: competing-130, priority=0, 总数=131
📥 [QUEUE] 入队: competing-131, priority=0, 总数=132
📥 [QUEUE] 入队: competing-132, priority=0, 总数=133
📥 [QUEUE] 入队: competing-133, priority=0, 总数=134
📥 [QUEUE] 入队: competing-134, priority=0, 总数=135
📥 [QUEUE] 入队: competing-135, priority=0, 总数=136
📥 [QUEUE] 入队: competing-136, priority=0, 总数=137
📥 [QUEUE] 入队: competing-137, priority=0, 总数=138
📥 [QUEUE] 入队: competing-138, priority=0, 总数=139
📥 [QUEUE] 入队: competing-139, priority=0, 总数=140
📥 [QUEUE] 入队: competing-140, priority=0, 总数=141
📥 [QUEUE] 入队: competing-141, priority=0, 总数=142
📥 [QUEUE] 入队: competing-142, priority=0, 总数=143
📥 [QUEUE] 入队: competing-143, priority=0, 总数=144
📥 [QUEUE] 入队: competing-144, priority=0, 总数=145
📥 [QUEUE] 入队: competing-145, priority=0, 总数=146
📥 [QUEUE] 入队: competing-146, priority=0, 总数=147
📥 [QUEUE] 入队: competing-147, priority=0, 总数=148
📥 [QUEUE] 入队: competing-148, priority=0, 总数=149
📥 [QUEUE] 入队: competing-149, priority=0, 总数=150
📥 [QUEUE] 入队: competing-150, priority=0, 总数=151
📥 [QUEUE] 入队: competing-151, priority=0, 总数=152
📥 [QUEUE] 入队: competing-152, priority=0, 总数=153
📥 [QUEUE] 入队: competing-153, priority=0, 总数=154
📥 [QUEUE] 入队: competing-154, priority=0, 总数=155
📥 [QUEUE] 入队: competing-155, priority=0, 总数=156
📥 [QUEUE] 入队: competing-156, priority=0, 总数=157
📥 [QUEUE] 入队: competing-157, priority=0, 总数=158
📥 [QUEUE] 入队: competing-158, priority=0, 总数=159
📥 [QUEUE] 入队: competing-159, priority=0, 总数=160
📥 [QUEUE] 入队: competing-160, priority=0, 总数=161
📥 [QUEUE] 入队: competing-161, priority=0, 总数=162
📥 [QUEUE] 入队: competing-162, priority=0, 总数=163
📥 [QUEUE] 入队: competing-163, priority=0, 总数=164
📥 [QUEUE] 入队: competing-164, priority=0, 总数=165
📥 [QUEUE] 入队: competing-165, priority=0, 总数=166
📥 [QUEUE] 入队: competing-166, priority=0, 总数=167
📥 [QUEUE] 入队: competing-167, priority=0, 总数=168
📥 [QUEUE] 入队: competing-168, priority=0, 总数=169
📥 [QUEUE] 入队: competing-169, priority=0, 总数=170
📥 [QUEUE] 入队: competing-170, priority=0, 总数=171
📥 [QUEUE] 入队: competing-171, priority=0, 总数=172
📥 [QUEUE] 入队: competing-172, priority=0, 总数=173
📥 [QUEUE] 入队: competing-173, priority=0, 总数=174
📥 [QUEUE] 入队: competing-174, priority=0, 总数=175
📥 [QUEUE] 入队: competing-175, priority=0, 总数=176
📥 [QUEUE] 入队: competing-176, priority=0, 总数=177
📥 [QUEUE] 入队: competing-177, priority=0, 总数=178
📥 [QUEUE] 入队: competing-178, priority=0, 总数=179
📥 [QUEUE] 入队: competing-179, priority=0, 总数=180
📥 [QUEUE] 入队: competing-180, priority=0, 总数=181
📥 [QUEUE] 入队: competing-181, priority=0, 总数=182
📥 [QUEUE] 入队: competing-182, priority=0, 总数=183
📥 [QUEUE] 入队: competing-183, priority=0, 总数=184
📥 [QUEUE] 入队: competing-184, priority=0, 总数=185
📥 [QUEUE] 入队: competing-185, priority=0, 总数=186
📥 [QUEUE] 入队: competing-186, priority=0, 总数=187
📥 [QUEUE] 入队: competing-187, priority=0, 总数=188
📥 [QUEUE] 入队: competing-188, priority=0, 总数=189
📥 [QUEUE] 入队: competing-189, priority=0, 总数=190
📥 [QUEUE] 入队: competing-190, priority=0, 总数=191
📥 [QUEUE] 入队: competing-191, priority=0, 总数=192
📥 [QUEUE] 入队: competing-192, priority=0, 总数=193
📥 [QUEUE] 入队: competing-193, priority=0, 总数=194
📥 [QUEUE] 入队: competing-194, priority=0, 总数=195
📥 [QUEUE] 入队: competing-195, priority=0, 总数=196
📥 [QUEUE] 入队: competing-196, priority=0, 总数=197
📥 [QUEUE] 入队: competing-197, priority=0, 总数=198
📥 [QUEUE] 入队: competing-198, priority=0, 总数=199
📥 [QUEUE] 入队: competing-199, priority=0, 总数=200
> ws: flushMessageQueue failed: StateError
> ws: 状态变化: connected -> disconnected
[38;5;12m┌───────────────────────────────────────────────────────────────────────────────────────────────────────────────────────[0m
[38;5;12m│ #0   AppLogger.info (package:imboy/service/app_logger.dart:94:20)[0m
[38;5;12m│ #1   WebSocketService._scheduleReconnection (package:imboy/service/websocket.dart:1088:15)[0m
[38;5;12m├┄┄┄┄┄┄┄┄┄┄┄┄┄┄┄┄┄┄┄┄┄┄┄┄┄┄┄┄┄┄┄┄┄┄┄┄┄┄┄┄┄┄┄┄┄┄┄┄┄┄┄┄┄┄┄┄┄┄┄┄┄┄┄┄┄┄┄┄┄┄┄┄┄┄┄┄┄┄┄┄┄┄┄┄┄┄┄┄┄┄┄┄┄┄┄┄┄┄┄┄┄┄┄┄┄┄┄┄┄┄┄┄┄┄┄┄┄┄┄[0m
[38;5;12m│ 💡 WebSocket 将在 0 秒后重连 (第 1/999999 次尝试)[0m
[38;5;12m└───────────────────────────────────────────────────────────────────────────────────────────────────────────────────────[0m
00:00 +0 -1: failed flush preserves original when sink fills queue [E]
  Bad state: No element
  dart:core                                                       Iterable.single
  test/unit_test/service/websocket_send_session_test.dart 214:10  main.<fn>
  
🛑 [QUEUE] 停止定期清理 Timer
🧹 [QUEUE] 清空队列
00:00 +0 -1: Some tests failed.

Failing tests:
  /Users/leeyi/project/imboy.pub/imboyapp/test/unit_test/service/websocket_send_session_test.dart: failed flush preserves original when sink fills queue
