======================== EUnit ========================
module 'qr_login_sse_handler_tests'
  qr_login_sse_handler_tests:52: -init_with_valid_session_token_returns_cowboy_loop_test_/0-fun-4-...ok
  qr_login_sse_handler_tests:74: -init_calls_stream_reply_with_sse_headers_test_/0-fun-5-...[0.001 s] ok
  qr_login_sse_handler_tests:101: -init_calls_subscribe_with_session_token_and_self_test_/0-fun-5-...ok
  qr_login_sse_handler_tests:128: -init_without_session_token_returns_400_test_/0-fun-3-...ok
  qr_login_sse_handler_tests:146: -init_with_empty_session_token_returns_400_test_/0-fun-3-...ok
  qr_login_sse_handler_tests:162: -info_scanned_event_streams_chunk_and_keeps_loop_test_/0-fun-7-...[0.001 s] ok
  qr_login_sse_handler_tests:181: -info_confirmed_event_streams_chunk_and_stops_test_/0-fun-4-...ok
  qr_login_sse_handler_tests:195: -info_expired_event_streams_chunk_and_stops_test_/0-fun-2-...ok
  qr_login_sse_handler_tests:205: -info_cancelled_event_streams_chunk_and_keeps_loop_test_/0-fun-2-...ok
  qr_login_sse_handler_tests:214: -info_waiting_event_streams_chunk_and_keeps_loop_test_/0-fun-2-...ok
  qr_login_sse_handler_tests:223: -info_non_map_message_keeps_loop_silently_test_/0-fun-4-...ok
  qr_login_sse_handler_tests:245: -terminate_unsubscribes_when_session_token_present_test_/0-fun-3-...ok
  qr_login_sse_handler_tests:269: -init_starts_heartbeat_timer_test_/0-fun-3-...[0.001 s] ok
  qr_login_sse_handler_tests:285: -info_heartbeat_emits_sse_comment_chunk_test_/0-fun-4-...[0.001 s] ok
  qr_login_sse_handler_tests:305: -info_heartbeat_keeps_loop_test_/0-fun-2-...ok
  qr_login_sse_handler_tests:320: -info_heartbeat_reschedules_timer_test_/0-fun-3-...ok
  qr_login_sse_handler_tests:338: -terminate_cancels_heartbeat_timer_test_/0-fun-3-...ok
  qr_login_sse_handler_tests:356: -terminate_does_not_call_unsubscribe_when_state_lacks_token_test_/0-fun-4-...ok
  [done in 1.264 s]
=======================================================
  All 18 tests passed.
