PASS: real Garage bytes survive server and client restart; anonymous denial, tenant prefix, invalid signature, delete and missing config
======================== EUnit ========================
eb_asset_store_tests: a11a_asset_port_is_assembled...[0.002 s] ok
eb_asset_store_tests: a11b_put_then_stream_round_trips_within_scope...[1.048 s] ok
eb_asset_store_tests: a11b_cross_org_stream_and_delete_fail...[0.023 s] ok
eb_asset_store_tests: a11c_bottom_failures_are_propagated...[0.023 s] ok
eb_asset_store_tests: delete_private_removes_the_object_only...[0.021 s] ok
eb_asset_store_tests: metadata_lifecycle_is_reachable_through_the_port...[0.021 s] ok
=======================================================
  All 6 tests passed.
PASS: real cleanup workspace lock observed; concurrent confirmation and new hold prevent object deletion; released hold permits cleanup
PASS: future retention and unmarked legacy tombstones keep their real objects; pending intent blocks rollback; empty-intent down/up succeeds
======================== EUnit ========================
eb_retention_pg_tests: a06_injected_clock_drives_candidate_selection...[0.058 s] ok
eb_retention_pg_tests: a06_missing_or_invalid_clock_fails_closed...[0.030 s] ok
eb_retention_pg_tests: a06_purge_deletes_children_then_message_and_audits...[0.041 s] ok
eb_retention_pg_tests: a06_batch_limit_bounds_each_run...[0.065 s] ok
eb_retention_pg_tests: a06_active_hold_blocks_purge_even_when_due...[0.031 s] ok
eb_retention_pg_tests: a06_db_guard_rejection_keeps_everything...[0.032 s] ok
eb_retention_pg_tests: a06_asset_retained_longer_than_message_blocks_purge...[0.031 s] ok
eb_retention_pg_tests: a06_purge_never_crosses_tenants...[0.064 s] ok
eb_retention_pg_tests: a06_skip_locked_does_not_block_on_other_sessions...[1.573 s] ok
eb_retention_pg_tests: a06_released_hold_no_longer_blocks_due_purge_after_m1...[0.067 s] ok
eb_retention_pg_tests: a06_purge_statements_are_tenant_scoped_and_use_skip_locked...ok
=======================================================
  All 11 tests passed.
======================== EUnit ========================
eb_purge_orphan_asset_pg_tests: f1_aged_orphan_purged_fresh_and_confirmed_kept...[0.039 s] ok
eb_purge_orphan_asset_pg_tests: f1_purge_switch_off_refuses_orphan_delete...[0.021 s] ok
eb_purge_orphan_asset_pg_tests: f1_orphan_retain_until_in_future_is_kept...[0.019 s] ok
eb_purge_orphan_asset_pg_tests: f1_active_hold_keeps_aged_orphan...[0.018 s] ok
eb_purge_orphan_asset_pg_tests: f1_bound_pending_asset_not_orphan_purged...[0.034 s] ok
eb_purge_orphan_asset_pg_tests: f1_invalid_age_fails_closed...[0.015 s] ok
eb_purge_orphan_asset_pg_tests: f1_env_age_config_is_honored...[0.023 s] ok
eb_purge_orphan_asset_pg_tests: f1_orphans_never_cross_tenants...[0.033 s] ok
eb_purge_orphan_asset_pg_tests: f1_mixed_batch_audit_keeps_message_purge_action...[0.035 s] ok
eb_purge_orphan_asset_pg_tests: f1_orphan_statements_are_tenant_scoped...ok
=======================================================
  All 10 tests passed.
PASS: purge confirmation interleavings; committed queue retries native Garage failure; audit failure leaves metadata and bytes intact
======================== EUnit ========================
eb_message_app_tests: a01_no_consent_writes_no_message_even_with_bypass_flag...[0.368 s] ok
eb_message_app_tests: a03_replay_adds_no_row_and_no_audit...[0.390 s] ok
eb_message_app_tests: a04_sender_xor_and_composite_fk_are_enforced...[0.078 s] ok
eb_message_app_tests: a04_history_actor_is_traceable...[0.045 s] ok
eb_message_app_tests: a05_realtime_failure_does_not_roll_back_committed_truth...[0.044 s] ok
eb_message_app_tests: a05_notification_carries_only_resource_ids_after_commit...[0.030 s] ok
eb_message_app_tests: a06_ack_is_idempotent_and_leaves_canonical_untouched...[0.049 s] ok
eb_message_app_tests: s01a_ack_seat_assignee_acl_and_recipient_contract...[0.035 s] ok
eb_message_app_tests: a06_hide_and_authorization_events_do_not_change_canonical...[0.030 s] ok
eb_message_app_tests: a06_no_personal_ack_or_archive_chain_is_used...[0.832 s] ok
eb_message_app_tests: a08_commit_failure_yields_no_acceptance_and_retry_is_exactly_one...[0.388 s] ok
eb_message_app_tests: csb02s_d5_list_decrypts_with_keyring...[0.068 s] ok
eb_message_app_tests: csb02s_d5_list_without_keyring_keeps_cipher_projection...[0.040 s] ok
=======================================================
  All 13 tests passed.
PASS: default Garage assembly; real PG presign/PUT/confirm/content, ACL, duplicate/concurrent PUT safety, metadata reservation, missing and invalid config

Evidence: /tmp/imboy-seat-http.IP2HNE
Evidence: /tmp/imboy-asset-garage.CIzYbC
